2a02:8070:2400:: - - [03/Jan/2025:00:24:47 +0100] "GET /wp-content/plugins/ml-slider/admin/assets/css/notices.css?ver=3.94.0 HTTP/1.1" 304 - solarsolutionsgmbh.com "https://solarsolutionsgmbh.com/wp-admin/admin.php?page=mlang" "Mozilla/5.0 (Windows NT 10.0; Win64; x64; rv:133.0) Gecko/20100101 Firefox/133.0" "-"
2a02:8070:2400:: - - [03/Jan/2025:00:24:47 +0100] "GET /wp-includes/js/jquery/ui/selectmenu.min.js?ver=1.13.3 HTTP/1.1" 200 9502 solarsolutionsgmbh.com "https://solarsolutionsgmbh.com/wp-admin/admin.php?page=mlang" "Mozilla/5.0 (Windows NT 10.0; Win64; x64; rv:133.0) Gecko/20100101 Firefox/133.0" "-"
2a02:8070:2400:: - - [03/Jan/2025:00:24:47 +0100] "GET /wp-content/plugins/polylang/js/build/admin.min.js?ver=3.6.5 HTTP/1.1" 200 4319 solarsolutionsgmbh.com "https://solarsolutionsgmbh.com/wp-admin/admin.php?page=mlang" "Mozilla/5.0 (Windows NT 10.0; Win64; x64; rv:133.0) Gecko/20100101 Firefox/133.0" "-"
2a02:8206:6b00:: - - [03/Jan/2025:00:24:49 +0100] "GET /wp-admin/admin.php?page=mlang&orderby=term_group&order=desc HTTP/1.1" 200 296282 solarsolutionsgmbh.com "https://solarsolutionsgmbh.com/wp-admin/admin.php?page=mlang&orderby=term_group&order=asc" "Mozilla/5.0 (Windows NT 10.0; Win64; x64; rv:133.0) Gecko/20100101 Firefox/133.0" "-"
82.165.90.0 - - [03/Jan/2025:00:24:50 +0100] "POST /wp-cron.php?doing_wp_cron=1735860290.0912160873413085937500 HTTP/1.1" 200 - solarsolutionsgmbh.com "-" "WordPress/6.7.1; https://solarsolutionsgmbh.com" "-"
2a02:8070:2400:: - - [03/Jan/2025:00:24:54 +0100] "GET /wp-admin/admin.php?page=metaslider HTTP/1.1" 200 169457 solarsolutionsgmbh.com "https://solarsolutionsgmbh.com/wp-admin/admin.php?page=mlang" "Mozilla/5.0 (Windows NT 10.0; Win64; x64; rv:133.0) Gecko/20100101 Firefox/133.0" "-"
2a02:8070:2400:: - - [03/Jan/2025:00:24:54 +0100] "GET /wp-content/uploads/2025/01/Photovoltaik-2-150x150.jpg HTTP/1.1" 200 6904 solarsolutionsgmbh.com "https://solarsolutionsgmbh.com/wp-admin/admin.php?page=metaslider" "Mozilla/5.0 (Windows NT 10.0; Win64; x64; rv:133.0) Gecko/20100101 Firefox/133.0" "-"
2a02:8206:6b00:: - - [03/Jan/2025:00:24:54 +0100] "GET /wp-admin/admin.php?page=mlang&orderby=term_group&order=asc HTTP/1.1" 200 296273 solarsolutionsgmbh.com "https://solarsolutionsgmbh.com/wp-admin/admin.php?page=mlang&orderby=term_group&order=desc" "Mozilla/5.0 (Windows NT 10.0; Win64; x64; rv:133.0) Gecko/20100101 Firefox/133.0" "-"
2a02:8206:6b00:: - - [03/Jan/2025:00:24:54 +0100] "GET /wp-content/plugins/polylang/css/build/selectmenu.min.css?ver=3.6.5 HTTP/1.1" 304 - solarsolutionsgmbh.com "https://solarsolutionsgmbh.com/wp-admin/admin.php?page=mlang&orderby=term_group&order=asc" "Mozilla/5.0 (Windows NT 10.0; Win64; x64; rv:133.0) Gecko/20100101 Firefox/133.0" "-"
2a02:8206:6b00:: - - [03/Jan/2025:00:24:54 +0100] "GET /wp-content/plugins/polylang/js/build/admin.min.js?ver=3.6.5 HTTP/1.1" 304 - solarsolutionsgmbh.com "https://solarsolutionsgmbh.com/wp-admin/admin.php?page=mlang&orderby=term_group&order=asc" "Mozilla/5.0 (Windows NT 10.0; Win64; x64; rv:133.0) Gecko/20100101 Firefox/133.0" "-"
2a02:8070:2400:: - - [03/Jan/2025:00:24:56 +0100] "GET /wp-admin/plugins.php HTTP/1.1" 200 111301 solarsolutionsgmbh.com "https://solarsolutionsgmbh.com/wp-admin/admin.php?page=metaslider" "Mozilla/5.0 (Windows NT 10.0; Win64; x64; rv:133.0) Gecko/20100101 Firefox/133.0" "-"
2a02:8070:2400:: - - [03/Jan/2025:00:24:58 +0100] "GET /wp-admin/plugin-install.php HTTP/1.1" 200 112639 solarsolutionsgmbh.com "https://solarsolutionsgmbh.com/wp-admin/plugins.php" "Mozilla/5.0 (Windows NT 10.0; Win64; x64; rv:133.0) Gecko/20100101 Firefox/133.0" "-"
2a02:8070:2400:: - - [03/Jan/2025:00:25:05 +0100] "POST /wp-admin/admin-ajax.php HTTP/1.1" 200 110175 solarsolutionsgmbh.com "https://solarsolutionsgmbh.com/wp-admin/plugin-install.php?s=slide&tab=search&type=term" "Mozilla/5.0 (Windows NT 10.0; Win64; x64; rv:133.0) Gecko/20100101 Firefox/133.0" "-"
2a02:8070:2400:: - - [03/Jan/2025:00:25:07 +0100] "POST /wp-admin/admin-ajax.php HTTP/1.1" 200 109657 solarsolutionsgmbh.com "https://solarsolutionsgmbh.com/wp-admin/plugin-install.php?s=slideshow&tab=search&type=term" "Mozilla/5.0 (Windows NT 10.0; Win64; x64; rv:133.0) Gecko/20100101 Firefox/133.0" "-"
2a02:8206:6b00:: - - [03/Jan/2025:00:25:22 +0100] "GET / HTTP/1.1" 200 86029 solarsolutionsgmbh.com "https://solarsolutionsgmbh.com/wp-admin/admin.php?page=mlang&orderby=term_group&order=asc" "Mozilla/5.0 (Windows NT 10.0; Win64; x64; rv:133.0) Gecko/20100101 Firefox/133.0" "-"
2a02:8206:6b00:: - - [03/Jan/2025:00:25:22 +0100] "GET /wp-content/plugins/newsletter/style.css?ver=8.6.4 HTTP/1.1" 304 - solarsolutionsgmbh.com "https://solarsolutionsgmbh.com/" "Mozilla/5.0 (Windows NT 10.0; Win64; x64; rv:133.0) Gecko/20100101 Firefox/133.0" "-"
2a02:8206:6b00:: - - [03/Jan/2025:00:25:22 +0100] "GET /wp-content/themes/twentytwentyfour/assets/css/slider.css?ver=6.7.1 HTTP/1.1" 304 - solarsolutionsgmbh.com "https://solarsolutionsgmbh.com/" "Mozilla/5.0 (Windows NT 10.0; Win64; x64; rv:133.0) Gecko/20100101 Firefox/133.0" "-"
2a02:8206:6b00:: - - [03/Jan/2025:00:25:22 +0100] "GET /wp-content/themes/twentytwentyfour/assets/js/slider.js HTTP/1.1" 304 - solarsolutionsgmbh.com "https://solarsolutionsgmbh.com/" "Mozilla/5.0 (Windows NT 10.0; Win64; x64; rv:133.0) Gecko/20100101 Firefox/133.0" "-"
2a02:8206:6b00:: - - [03/Jan/2025:00:25:23 +0100] "GET /wp-admin/site-editor.php?postType=wp_template&postId=twentytwentyfour//home&canvas=edit HTTP/1.1" 200 761744 solarsolutionsgmbh.com "https://solarsolutionsgmbh.com/" "Mozilla/5.0 (Windows NT 10.0; Win64; x64; rv:133.0) Gecko/20100101 Firefox/133.0" "-"
2a02:8070:2400:: - - [03/Jan/2025:00:25:23 +0100] "POST /wp-admin/admin-ajax.php HTTP/1.1" 200 110944 solarsolutionsgmbh.com "https://solarsolutionsgmbh.com/wp-admin/plugin-install.php?s=slider&tab=search&type=term" "Mozilla/5.0 (Windows NT 10.0; Win64; x64; rv:133.0) Gecko/20100101 Firefox/133.0" "-"
2a02:8206:6b00:: - - [03/Jan/2025:00:25:24 +0100] "GET /wp-includes/js/api-request.min.js?ver=6.7.1 HTTP/1.1" 200 1023 solarsolutionsgmbh.com "https://solarsolutionsgmbh.com/wp-admin/site-editor.php?postType=wp_template&postId=twentytwentyfour//home&canvas=edit" "Mozilla/5.0 (Windows NT 10.0; Win64; x64; rv:133.0) Gecko/20100101 Firefox/133.0" "-"
2a02:8206:6b00:: - - [03/Jan/2025:00:25:24 +0100] "GET /wp-content/plugins/newsletter/includes/tnp-blocks.js?ver=8.6.4 HTTP/1.1" 200 9638 solarsolutionsgmbh.com "https://solarsolutionsgmbh.com/wp-admin/site-editor.php?postType=wp_template&postId=twentytwentyfour//home&canvas=edit" "Mozilla/5.0 (Windows NT 10.0; Win64; x64; rv:133.0) Gecko/20100101 Firefox/133.0" "-"
2a02:8206:6b00:: - - [03/Jan/2025:00:25:24 +0100] "GET /wp-content/plugins/polylang/js/build/block-editor.min.js?ver=3.6.5 HTTP/1.1" 304 - solarsolutionsgmbh.com "https://solarsolutionsgmbh.com/wp-admin/site-editor.php?postType=wp_template&postId=twentytwentyfour//home&canvas=edit" "Mozilla/5.0 (Windows NT 10.0; Win64; x64; rv:133.0) Gecko/20100101 Firefox/133.0" "-"
2a02:8206:6b00:: - - [03/Jan/2025:00:25:24 +0100] "GET /wp-content/plugins/newsletter/admin/images/menu-icon.png HTTP/1.1" 200 349 solarsolutionsgmbh.com "https://solarsolutionsgmbh.com/wp-admin/site-editor.php?postType=wp_template&postId=twentytwentyfour%2F%2Fhome&canvas=edit" "Mozilla/5.0 (Windows NT 10.0; Win64; x64; rv:133.0) Gecko/20100101 Firefox/133.0" "-"
2a02:8206:6b00:: - - [03/Jan/2025:00:25:24 +0100] "GET /wp-content/uploads/2024/12/Firmenlogo-150x150.png HTTP/1.1" 200 13771 solarsolutionsgmbh.com "https://solarsolutionsgmbh.com/wp-admin/site-editor.php?postType=wp_template&postId=twentytwentyfour%2F%2Fhome&canvas=edit" "Mozilla/5.0 (Windows NT 10.0; Win64; x64; rv:133.0) Gecko/20100101 Firefox/133.0" "-"
2a02:8206:6b00:: - - [03/Jan/2025:00:25:24 +0100] "OPTIONS /wp-json/wp/v2/settings?_locale=user HTTP/1.1" 200 5202 solarsolutionsgmbh.com "https://solarsolutionsgmbh.com/wp-admin/site-editor.php?postType=wp_template&postId=twentytwentyfour%2F%2Fhome&canvas=edit" "Mozilla/5.0 (Windows NT 10.0; Win64; x64; rv:133.0) Gecko/20100101 Firefox/133.0" "-"
2a02:8206:6b00:: - - [03/Jan/2025:00:25:24 +0100] "GET /wp-json/?_fields=description%2Cgmt_offset%2Chome%2Cname%2Csite_icon%2Csite_icon_url%2Csite_logo%2Ctimezone_string%2Curl&_locale=user HTTP/1.1" 200 617 solarsolutionsgmbh.com "https://solarsolutionsgmbh.com/wp-admin/site-editor.php?postType=wp_template&postId=twentytwentyfour%2F%2Fhome&canvas=edit" "Mozilla/5.0 (Windows NT 10.0; Win64; x64; rv:133.0) Gecko/20100101 Firefox/133.0" "-"
2a02:8206:6b00:: - - [03/Jan/2025:00:25:24 +0100] "GET /wp-json/wp/v2/types?context=view&_locale=user HTTP/1.1" 200 5717 solarsolutionsgmbh.com "https://solarsolutionsgmbh.com/wp-admin/site-editor.php?postType=wp_template&postId=twentytwentyfour%2F%2Fhome&canvas=edit" "Mozilla/5.0 (Windows NT 10.0; Win64; x64; rv:133.0) Gecko/20100101 Firefox/133.0" "-"
2a02:8206:6b00:: - - [03/Jan/2025:00:25:25 +0100] "GET /wp-json/wp/v2/types?context=view&_locale=user HTTP/1.1" 200 5717 solarsolutionsgmbh.com "https://solarsolutionsgmbh.com/wp-admin/site-editor.php?postType=wp_template&postId=twentytwentyfour%2F%2Fhome&canvas=edit" "Mozilla/5.0 (Windows NT 10.0; Win64; x64; rv:133.0) Gecko/20100101 Firefox/133.0" "-"
2a02:8206:6b00:: - - [03/Jan/2025:00:25:25 +0100] "GET /wp-json/wp/v2/settings?_locale=user HTTP/1.1" 200 459 solarsolutionsgmbh.com "https://solarsolutionsgmbh.com/wp-admin/site-editor.php?postType=wp_template&postId=twentytwentyfour%2F%2Fhome&canvas=edit" "Mozilla/5.0 (Windows NT 10.0; Win64; x64; rv:133.0) Gecko/20100101 Firefox/133.0" "-"
2a02:8206:6b00:: - - [03/Jan/2025:00:25:25 +0100] "OPTIONS /wp-json/wp/v2/settings?_locale=user HTTP/1.1" 200 5202 solarsolutionsgmbh.com "https://solarsolutionsgmbh.com/wp-admin/site-editor.php?postType=wp_template&postId=twentytwentyfour%2F%2Fhome&canvas=edit" "Mozilla/5.0 (Windows NT 10.0; Win64; x64; rv:133.0) Gecko/20100101 Firefox/133.0" "-"
2a02:8206:6b00:: - - [03/Jan/2025:00:25:25 +0100] "OPTIONS /wp-json/wp/v2/media?lang=de&_locale=user HTTP/1.1" 200 11976 solarsolutionsgmbh.com "https://solarsolutionsgmbh.com/wp-admin/site-editor.php?postType=wp_template&postId=twentytwentyfour%2F%2Fhome&canvas=edit" "Mozilla/5.0 (Windows NT 10.0; Win64; x64; rv:133.0) Gecko/20100101 Firefox/133.0" "-"
2a02:8206:6b00:: - - [03/Jan/2025:00:25:25 +0100] "OPTIONS /wp-json/wp/v2/pages?lang=de&_locale=user HTTP/1.1" 200 12628 solarsolutionsgmbh.com "https://solarsolutionsgmbh.com/wp-admin/site-editor.php?postType=wp_template&postId=twentytwentyfour%2F%2Fhome&canvas=edit" "Mozilla/5.0 (Windows NT 10.0; Win64; x64; rv:133.0) Gecko/20100101 Firefox/133.0" "-"
2a02:8206:6b00:: - - [03/Jan/2025:00:25:25 +0100] "GET /wp-json/wp/v2/block-patterns/categories?_locale=user HTTP/1.1" 200 2041 solarsolutionsgmbh.com "https://solarsolutionsgmbh.com/wp-admin/site-editor.php?postType=wp_template&postId=twentytwentyfour%2F%2Fhome&canvas=edit" "Mozilla/5.0 (Windows NT 10.0; Win64; x64; rv:133.0) Gecko/20100101 Firefox/133.0" "-"
2a02:8206:6b00:: - - [03/Jan/2025:00:25:25 +0100] "GET /wp-json/wp/v2/users?context=view&who=authors&per_page=50&_fields=id%2Cname&_locale=user HTTP/1.1" 200 124 solarsolutionsgmbh.com "https://solarsolutionsgmbh.com/wp-admin/site-editor.php?postType=wp_template&postId=twentytwentyfour%2F%2Fhome&canvas=edit" "Mozilla/5.0 (Windows NT 10.0; Win64; x64; rv:133.0) Gecko/20100101 Firefox/133.0" "-"
2a02:8206:6b00:: - - [03/Jan/2025:00:25:25 +0100] "OPTIONS /wp-json/wp/v2/templates?_locale=user HTTP/1.1" 200 5192 solarsolutionsgmbh.com "https://solarsolutionsgmbh.com/wp-admin/site-editor.php?postType=wp_template&postId=twentytwentyfour%2F%2Fhome&canvas=edit" "Mozilla/5.0 (Windows NT 10.0; Win64; x64; rv:133.0) Gecko/20100101 Firefox/133.0" "-"
2a02:8206:6b00:: - - [03/Jan/2025:00:25:25 +0100] "GET /wp-json/wp/v2/taxonomies?context=edit&per_page=100&_locale=user HTTP/1.1" 200 9486 solarsolutionsgmbh.com "https://solarsolutionsgmbh.com/wp-admin/site-editor.php?postType=wp_template&postId=twentytwentyfour%2F%2Fhome&canvas=edit" "Mozilla/5.0 (Windows NT 10.0; Win64; x64; rv:133.0) Gecko/20100101 Firefox/133.0" "-"
2a02:8206:6b00:: - - [03/Jan/2025:00:25:25 +0100] "GET /wp-json/wp/v2/block-patterns/patterns?_locale=user HTTP/1.1" 200 576689 solarsolutionsgmbh.com "https://solarsolutionsgmbh.com/wp-admin/site-editor.php?postType=wp_template&postId=twentytwentyfour%2F%2Fhome&canvas=edit" "Mozilla/5.0 (Windows NT 10.0; Win64; x64; rv:133.0) Gecko/20100101 Firefox/133.0" "-"
2a02:8206:6b00:: - - [03/Jan/2025:00:25:26 +0100] "GET /wp-json/wp/v2/taxonomies?context=view&_locale=user HTTP/1.1" 200 1719 solarsolutionsgmbh.com "https://solarsolutionsgmbh.com/wp-admin/site-editor.php?postType=wp_template&postId=twentytwentyfour%2F%2Fhome&canvas=edit" "Mozilla/5.0 (Windows NT 10.0; Win64; x64; rv:133.0) Gecko/20100101 Firefox/133.0" "-"
2a02:8206:6b00:: - - [03/Jan/2025:00:25:26 +0100] "GET /wp-json/wp/v2/template-parts/twentytwentyfour//header?context=edit&_locale=user HTTP/1.1" 200 3213 solarsolutionsgmbh.com "https://solarsolutionsgmbh.com/wp-admin/site-editor.php?postType=wp_template&postId=twentytwentyfour%2F%2Fhome&canvas=edit" "Mozilla/5.0 (Windows NT 10.0; Win64; x64; rv:133.0) Gecko/20100101 Firefox/133.0" "-"
2a02:8206:6b00:: - - [03/Jan/2025:00:25:26 +0100] "GET /wp-json/wp/v2/template-parts/twentytwentyfour//footer?context=edit&_locale=user HTTP/1.1" 200 6125 solarsolutionsgmbh.com "https://solarsolutionsgmbh.com/wp-admin/site-editor.php?postType=wp_template&postId=twentytwentyfour%2F%2Fhome&canvas=edit" "Mozilla/5.0 (Windows NT 10.0; Win64; x64; rv:133.0) Gecko/20100101 Firefox/133.0" "-"
2a02:8206:6b00:: - - [03/Jan/2025:00:25:26 +0100] "GET /wp-json/wp/v2/blocks?context=edit&per_page=100&lang=de&_locale=user HTTP/1.1" 200 2 solarsolutionsgmbh.com "https://solarsolutionsgmbh.com/wp-admin/site-editor.php?postType=wp_template&postId=twentytwentyfour%2F%2Fhome&canvas=edit" "Mozilla/5.0 (Windows NT 10.0; Win64; x64; rv:133.0) Gecko/20100101 Firefox/133.0" "-"
2a02:8206:6b00:: - - [03/Jan/2025:00:25:26 +0100] "GET /wp-json/wp/v2/wp_pattern_category?context=view&per_page=100&_fields=id%2Cname%2Cdescription%2Cslug&_locale=user HTTP/1.1" 200 2 solarsolutionsgmbh.com "https://solarsolutionsgmbh.com/wp-admin/site-editor.php?postType=wp_template&postId=twentytwentyfour%2F%2Fhome&canvas=edit" "Mozilla/5.0 (Windows NT 10.0; Win64; x64; rv:133.0) Gecko/20100101 Firefox/133.0" "-"
2a02:8206:6b00:: - - [03/Jan/2025:00:25:26 +0100] "GET /wp-json/wp/v2/menus?context=view&per_page=100&_locale=user HTTP/1.1" 200 2 solarsolutionsgmbh.com "https://solarsolutionsgmbh.com/wp-admin/site-editor.php?postType=wp_template&postId=twentytwentyfour%2F%2Fhome&canvas=edit" "Mozilla/5.0 (Windows NT 10.0; Win64; x64; rv:133.0) Gecko/20100101 Firefox/133.0" "-"
2a02:8206:6b00:: - - [03/Jan/2025:00:25:26 +0100] "GET /wp-json/wp/v2/media/45?context=view&_locale=user HTTP/1.1" 200 3139 solarsolutionsgmbh.com "https://solarsolutionsgmbh.com/wp-admin/site-editor.php?postType=wp_template&postId=twentytwentyfour%2F%2Fhome&canvas=edit" "Mozilla/5.0 (Windows NT 10.0; Win64; x64; rv:133.0) Gecko/20100101 Firefox/133.0" "-"
2a02:8206:6b00:: - - [03/Jan/2025:00:25:26 +0100] "OPTIONS /wp-json/wp/v2/navigation/4?_locale=user HTTP/1.1" 200 6411 solarsolutionsgmbh.com "https://solarsolutionsgmbh.com/wp-admin/site-editor.php?postType=wp_template&postId=twentytwentyfour%2F%2Fhome&canvas=edit" "Mozilla/5.0 (Windows NT 10.0; Win64; x64; rv:133.0) Gecko/20100101 Firefox/133.0" "-"
2a02:8206:6b00:: - - [03/Jan/2025:00:25:26 +0100] "GET /wp-json/wp/v2/navigation/4?context=edit&_locale=user HTTP/1.1" 200 3196 solarsolutionsgmbh.com "https://solarsolutionsgmbh.com/wp-admin/site-editor.php?postType=wp_template&postId=twentytwentyfour%2F%2Fhome&canvas=edit" "Mozilla/5.0 (Windows NT 10.0; Win64; x64; rv:133.0) Gecko/20100101 Firefox/133.0" "-"
2a02:8206:6b00:: - - [03/Jan/2025:00:25:26 +0100] "GET /wp-json/wp/v2/pages?context=view&parent=0&order=asc&orderby=id&per_page=100&lang=de&_locale=user HTTP/1.1" 200 46448 solarsolutionsgmbh.com "https://solarsolutionsgmbh.com/wp-admin/site-editor.php?postType=wp_template&postId=twentytwentyfour%2F%2Fhome&canvas=edit" "Mozilla/5.0 (Windows NT 10.0; Win64; x64; rv:133.0) Gecko/20100101 Firefox/133.0" "-"
2a02:8206:6b00:: - - [03/Jan/2025:00:25:26 +0100] "GET /wp-json/wp/v2/pages/13?context=edit&_locale=user HTTP/1.1" 200 9086 solarsolutionsgmbh.com "https://solarsolutionsgmbh.com/wp-admin/site-editor.php?postType=wp_template&postId=twentytwentyfour%2F%2Fhome&canvas=edit" "Mozilla/5.0 (Windows NT 10.0; Win64; x64; rv:133.0) Gecko/20100101 Firefox/133.0" "-"
2a02:8206:6b00:: - - [03/Jan/2025:00:25:26 +0100] "GET /wp-json/wp/v2/pages/14?context=edit&_locale=user HTTP/1.1" 200 19780 solarsolutionsgmbh.com "https://solarsolutionsgmbh.com/wp-admin/site-editor.php?postType=wp_template&postId=twentytwentyfour%2F%2Fhome&canvas=edit" "Mozilla/5.0 (Windows NT 10.0; Win64; x64; rv:133.0) Gecko/20100101 Firefox/133.0" "-"
2a02:8206:6b00:: - - [03/Jan/2025:00:25:26 +0100] "GET /wp-json/wp/v2/pages/15?context=edit&_locale=user HTTP/1.1" 200 9566 solarsolutionsgmbh.com "https://solarsolutionsgmbh.com/wp-admin/site-editor.php?postType=wp_template&postId=twentytwentyfour%2F%2Fhome&canvas=edit" "Mozilla/5.0 (Windows NT 10.0; Win64; x64; rv:133.0) Gecko/20100101 Firefox/133.0" "-"
2a02:8206:6b00:: - - [03/Jan/2025:00:25:26 +0100] "GET /wp-json/wp/v2/pages/3?context=edit&_locale=user HTTP/1.1" 200 15124 solarsolutionsgmbh.com "https://solarsolutionsgmbh.com/wp-admin/site-editor.php?postType=wp_template&postId=twentytwentyfour%2F%2Fhome&canvas=edit" "Mozilla/5.0 (Windows NT 10.0; Win64; x64; rv:133.0) Gecko/20100101 Firefox/133.0" "-"
2a02:8206:6b00:: - - [03/Jan/2025:00:25:26 +0100] "GET /wp-json/wp/v2/pages/17?context=edit&_locale=user HTTP/1.1" 200 2300 solarsolutionsgmbh.com "https://solarsolutionsgmbh.com/wp-admin/site-editor.php?postType=wp_template&postId=twentytwentyfour%2F%2Fhome&canvas=edit" "Mozilla/5.0 (Windows NT 10.0; Win64; x64; rv:133.0) Gecko/20100101 Firefox/133.0" "-"
2a02:8206:6b00:: - - [03/Jan/2025:00:25:26 +0100] "GET /wp-json/wp/v2/pages/16?context=edit&_locale=user HTTP/1.1" 200 20395 solarsolutionsgmbh.com "https://solarsolutionsgmbh.com/wp-admin/site-editor.php?postType=wp_template&postId=twentytwentyfour%2F%2Fhome&canvas=edit" "Mozilla/5.0 (Windows NT 10.0; Win64; x64; rv:133.0) Gecko/20100101 Firefox/133.0" "-"
2a02:8070:2400:: - - [03/Jan/2025:00:25:26 +0100] "GET /wp-admin/plugin-install.php?tab=popular HTTP/1.1" 200 160389 solarsolutionsgmbh.com "https://solarsolutionsgmbh.com/wp-admin/plugin-install.php?s=slider&tab=search&type=term" "Mozilla/5.0 (Windows NT 10.0; Win64; x64; rv:133.0) Gecko/20100101 Firefox/133.0" "-"
2a02:8206:6b00:: - - [03/Jan/2025:00:25:27 +0100] "OPTIONS /wp-json/wp/v2/navigation?_locale=user HTTP/1.1" 200 8445 solarsolutionsgmbh.com "https://solarsolutionsgmbh.com/wp-admin/site-editor.php?postType=wp_template&postId=twentytwentyfour%2F%2Fhome&canvas=edit" "Mozilla/5.0 (Windows NT 10.0; Win64; x64; rv:133.0) Gecko/20100101 Firefox/133.0" "-"
2a02:8206:6b00:: - - [03/Jan/2025:00:25:27 +0100] "GET /wp-json/wp-block-editor/v1/navigation-fallback?_embed=true&_locale=user HTTP/1.1" 200 1555 solarsolutionsgmbh.com "https://solarsolutionsgmbh.com/wp-admin/site-editor.php?postType=wp_template&postId=twentytwentyfour%2F%2Fhome&canvas=edit" "Mozilla/5.0 (Windows NT 10.0; Win64; x64; rv:133.0) Gecko/20100101 Firefox/133.0" "-"
2a02:8206:6b00:: - - [03/Jan/2025:00:25:27 +0100] "GET /wp-json/wp/v2/navigation?context=edit&_locale=user HTTP/1.1" 200 7926 solarsolutionsgmbh.com "https://solarsolutionsgmbh.com/wp-admin/site-editor.php?postType=wp_template&postId=twentytwentyfour%2F%2Fhome&canvas=edit" "Mozilla/5.0 (Windows NT 10.0; Win64; x64; rv:133.0) Gecko/20100101 Firefox/133.0" "-"
2a02:8206:6b00:: - - [03/Jan/2025:00:25:29 +0100] "GET /wp-json/wp/v2/types?context=edit&_locale=user HTTP/1.1" 200 30347 solarsolutionsgmbh.com "https://solarsolutionsgmbh.com/wp-admin/site-editor.php?postType=wp_template&postId=twentytwentyfour%2F%2Fhome&canvas=edit" "Mozilla/5.0 (Windows NT 10.0; Win64; x64; rv:133.0) Gecko/20100101 Firefox/133.0" "-"
2a02:8206:6b00:: - - [03/Jan/2025:00:25:29 +0100] "OPTIONS /wp-json/wp/v2/undefined/?context=edit&_locale=user HTTP/1.1" 200 2 solarsolutionsgmbh.com "https://solarsolutionsgmbh.com/wp-admin/site-editor.php?postType=wp_template&postId=twentytwentyfour%2F%2Fhome&canvas=edit" "Mozilla/5.0 (Windows NT 10.0; Win64; x64; rv:133.0) Gecko/20100101 Firefox/133.0" "-"
2a02:8206:6b00:: - - [03/Jan/2025:00:25:35 +0100] "GET /wp-json/wp/v2/posts?context=edit&offset=0&order=desc&orderby=date&per_page=3&lang=de&_locale=user HTTP/1.1" 200 3230 solarsolutionsgmbh.com "https://solarsolutionsgmbh.com/wp-admin/site-editor.php?postType=wp_template&postId=twentytwentyfour%2F%2Fhome&canvas=edit" "Mozilla/5.0 (Windows NT 10.0; Win64; x64; rv:133.0) Gecko/20100101 Firefox/133.0" "-"
2a02:8206:6b00:: - - [03/Jan/2025:00:25:35 +0100] "GET /wp-admin/site-editor.php?_wp-find-template=true&_locale=user HTTP/1.1" 200 751049 solarsolutionsgmbh.com "https://solarsolutionsgmbh.com/wp-admin/site-editor.php?postType=wp_template&postId=twentytwentyfour%2F%2Fhome&canvas=edit" "Mozilla/5.0 (Windows NT 10.0; Win64; x64; rv:133.0) Gecko/20100101 Firefox/133.0" "-"
2a02:8070:2400:: - - [03/Jan/2025:00:25:39 +0100] "GET /wp-admin/plugin-install.php?tab=recommended HTTP/1.1" 200 88670 solarsolutionsgmbh.com "https://solarsolutionsgmbh.com/wp-admin/plugin-install.php?tab=popular" "Mozilla/5.0 (Windows NT 10.0; Win64; x64; rv:133.0) Gecko/20100101 Firefox/133.0" "-"
2a02:8070:2400:: - - [03/Jan/2025:00:25:45 +0100] "GET /wp-admin/plugin-install.php?tab=popular HTTP/1.1" 200 160389 solarsolutionsgmbh.com "https://solarsolutionsgmbh.com/wp-admin/plugin-install.php?tab=recommended" "Mozilla/5.0 (Windows NT 10.0; Win64; x64; rv:133.0) Gecko/20100101 Firefox/133.0" "-"
2a02:8070:2400:: - - [03/Jan/2025:00:25:50 +0100] "POST /wp-admin/admin-ajax.php HTTP/1.1" 200 110944 solarsolutionsgmbh.com "https://solarsolutionsgmbh.com/wp-admin/plugin-install.php?s=slider&tab=search&type=term" "Mozilla/5.0 (Windows NT 10.0; Win64; x64; rv:133.0) Gecko/20100101 Firefox/133.0" "-"
2a02:8206:6b00:: - - [03/Jan/2025:00:25:53 +0100] "POST /wp-json/wp/v2/template-parts/twentytwentyfour//header?_locale=user HTTP/1.1" 200 3284 solarsolutionsgmbh.com "https://solarsolutionsgmbh.com/wp-admin/site-editor.php?postType=wp_template&postId=twentytwentyfour%2F%2Fhome&canvas=edit" "Mozilla/5.0 (Windows NT 10.0; Win64; x64; rv:133.0) Gecko/20100101 Firefox/133.0" "-"
2a02:8206:6b00:: - - [03/Jan/2025:00:25:56 +0100] "GET / HTTP/1.1" 200 86058 solarsolutionsgmbh.com "https://solarsolutionsgmbh.com/wp-admin/admin.php?page=mlang&orderby=term_group&order=asc" "Mozilla/5.0 (Windows NT 10.0; Win64; x64; rv:133.0) Gecko/20100101 Firefox/133.0" "-"
2a02:8070:2400:: - - [03/Jan/2025:00:25:58 +0100] "POST /wp-admin/admin-ajax.php HTTP/1.1" 200 311 solarsolutionsgmbh.com "https://solarsolutionsgmbh.com/wp-admin/plugin-install.php?s=slider&tab=search&type=term" "Mozilla/5.0 (Windows NT 10.0; Win64; x64; rv:133.0) Gecko/20100101 Firefox/133.0" "-"
2a02:8070:2400:: - - [03/Jan/2025:00:26:13 +0100] "POST /wp-admin/admin-ajax.php HTTP/1.1" 200 362 solarsolutionsgmbh.com "https://solarsolutionsgmbh.com/wp-admin/plugin-install.php?s=slider&tab=search&type=term" "Mozilla/5.0 (Windows NT 10.0; Win64; x64; rv:133.0) Gecko/20100101 Firefox/133.0" "-"
2a02:8206:6b00:: - - [03/Jan/2025:00:26:32 +0100] "GET /wp-admin/about.php HTTP/1.1" 200 56778 solarsolutionsgmbh.com "https://solarsolutionsgmbh.com/" "Mozilla/5.0 (Windows NT 10.0; Win64; x64; rv:133.0) Gecko/20100101 Firefox/133.0" "-"
2a02:8206:6b00:: - - [03/Jan/2025:00:26:37 +0100] "GET /wp-admin/plugins.php HTTP/1.1" 200 113930 solarsolutionsgmbh.com "https://solarsolutionsgmbh.com/wp-admin/about.php" "Mozilla/5.0 (Windows NT 10.0; Win64; x64; rv:133.0) Gecko/20100101 Firefox/133.0" "-"
2a02:8070:2400:: - - [03/Jan/2025:00:26:40 +0100] "POST /wp-admin/admin-ajax.php HTTP/1.1" 200 98 solarsolutionsgmbh.com "https://solarsolutionsgmbh.com/wp-admin/post.php?post=15&action=edit" "Mozilla/5.0 (Windows NT 10.0; Win64; x64; rv:133.0) Gecko/20100101 Firefox/133.0" "-"
2a02:8206:6b00:: - - [03/Jan/2025:00:26:42 +0100] "GET /wp-admin/admin.php?page=mlang HTTP/1.1" 200 296086 solarsolutionsgmbh.com "https://solarsolutionsgmbh.com/wp-admin/plugins.php" "Mozilla/5.0 (Windows NT 10.0; Win64; x64; rv:133.0) Gecko/20100101 Firefox/133.0" "-"
2a02:8070:2400:: - - [03/Jan/2025:00:26:46 +0100] "POST /wp-admin/admin-ajax.php HTTP/1.1" 200 47 solarsolutionsgmbh.com "https://solarsolutionsgmbh.com/wp-admin/plugin-install.php?s=slider&tab=search&type=term" "Mozilla/5.0 (Windows NT 10.0; Win64; x64; rv:133.0) Gecko/20100101 Firefox/133.0" "-"
2a02:8206:6b00:: - - [03/Jan/2025:00:26:49 +0100] "GET /wp-admin/plugins.php HTTP/1.1" 200 113930 solarsolutionsgmbh.com "https://solarsolutionsgmbh.com/wp-admin/admin.php?page=mlang" "Mozilla/5.0 (Windows NT 10.0; Win64; x64; rv:133.0) Gecko/20100101 Firefox/133.0" "-"
2a02:8206:6b00:: - - [03/Jan/2025:00:26:54 +0100] "GET /wp-admin/plugins.php?action=deactivate&plugin=polylang%2Fpolylang.php&plugin_status=all&paged=1&s&_wpnonce=fc6587573e HTTP/1.1" 302 - solarsolutionsgmbh.com "https://solarsolutionsgmbh.com/wp-admin/plugins.php" "Mozilla/5.0 (Windows NT 10.0; Win64; x64; rv:133.0) Gecko/20100101 Firefox/133.0" "-"
2a02:8206:6b00:: - - [03/Jan/2025:00:26:54 +0100] "GET /wp-admin/plugins.php?deactivate=true&plugin_status=all&paged=1&s= HTTP/1.1" 200 108109 solarsolutionsgmbh.com "https://solarsolutionsgmbh.com/wp-admin/plugins.php" "Mozilla/5.0 (Windows NT 10.0; Win64; x64; rv:133.0) Gecko/20100101 Firefox/133.0" "-"
2a02:8206:6b00:: - - [03/Jan/2025:00:27:00 +0100] "GET /wp-admin/plugins.php?action=activate&plugin=polylang%2Fpolylang.php&plugin_status=all&paged=1&s&_wpnonce=2b3aa62c8a HTTP/1.1" 302 - solarsolutionsgmbh.com "https://solarsolutionsgmbh.com/wp-admin/plugins.php?plugin_status=all&paged=1&s" "Mozilla/5.0 (Windows NT 10.0; Win64; x64; rv:133.0) Gecko/20100101 Firefox/133.0" "-"
2a02:8206:6b00:: - - [03/Jan/2025:00:27:01 +0100] "GET /wp-admin/plugins.php?activate=true&plugin_status=all&paged=1&s= HTTP/1.1" 200 114212 solarsolutionsgmbh.com "https://solarsolutionsgmbh.com/wp-admin/plugins.php?plugin_status=all&paged=1&s" "Mozilla/5.0 (Windows NT 10.0; Win64; x64; rv:133.0) Gecko/20100101 Firefox/133.0" "-"
2a02:8206:6b00:: - - [03/Jan/2025:00:27:01 +0100] "GET /wp-content/plugins/polylang/css/build/admin.min.css?ver=3.6.5 HTTP/1.1" 304 - solarsolutionsgmbh.com "https://solarsolutionsgmbh.com/wp-admin/plugins.php?activate=true&plugin_status=all&paged=1&s=" "Mozilla/5.0 (Windows NT 10.0; Win64; x64; rv:133.0) Gecko/20100101 Firefox/133.0" "-"
2a02:8206:6b00:: - - [03/Jan/2025:00:27:01 +0100] "GET /wp-content/plugins/polylang/css/build/dialog.min.css?ver=3.6.5 HTTP/1.1" 304 - solarsolutionsgmbh.com "https://solarsolutionsgmbh.com/wp-admin/plugins.php?activate=true&plugin_status=all&paged=1&s=" "Mozilla/5.0 (Windows NT 10.0; Win64; x64; rv:133.0) Gecko/20100101 Firefox/133.0" "-"
2a02:8206:6b00:: - - [03/Jan/2025:00:27:05 +0100] "GET /wp-admin/admin.php?page=mlang HTTP/1.1" 200 296086 solarsolutionsgmbh.com "https://solarsolutionsgmbh.com/wp-admin/plugins.php?plugin_status=all&paged=1&s" "Mozilla/5.0 (Windows NT 10.0; Win64; x64; rv:133.0) Gecko/20100101 Firefox/133.0" "-"
2a02:8206:6b00:: - - [03/Jan/2025:00:27:06 +0100] "GET /wp-content/plugins/polylang/css/build/selectmenu.min.css?ver=3.6.5 HTTP/1.1" 304 - solarsolutionsgmbh.com "https://solarsolutionsgmbh.com/wp-admin/admin.php?page=mlang" "Mozilla/5.0 (Windows NT 10.0; Win64; x64; rv:133.0) Gecko/20100101 Firefox/133.0" "-"
2a02:8206:6b00:: - - [03/Jan/2025:00:27:06 +0100] "GET /wp-content/plugins/polylang/js/build/admin.min.js?ver=3.6.5 HTTP/1.1" 304 - solarsolutionsgmbh.com "https://solarsolutionsgmbh.com/wp-admin/admin.php?page=mlang" "Mozilla/5.0 (Windows NT 10.0; Win64; x64; rv:133.0) Gecko/20100101 Firefox/133.0" "-"
2a02:8206:6b00:: - - [03/Jan/2025:00:27:08 +0100] "GET / HTTP/1.1" 200 86068 solarsolutionsgmbh.com "https://solarsolutionsgmbh.com/wp-admin/admin.php?page=mlang" "Mozilla/5.0 (Windows NT 10.0; Win64; x64; rv:133.0) Gecko/20100101 Firefox/133.0" "-"
2a02:8206:6b00:: - - [03/Jan/2025:00:27:13 +0100] "GET /wp-admin/site-editor.php?postType=wp_template&postId=twentytwentyfour//home&canvas=edit HTTP/1.1" 200 761815 solarsolutionsgmbh.com "https://solarsolutionsgmbh.com/" "Mozilla/5.0 (Windows NT 10.0; Win64; x64; rv:133.0) Gecko/20100101 Firefox/133.0" "-"
2a02:8206:6b00:: - - [03/Jan/2025:00:27:13 +0100] "GET /wp-includes/js/api-request.min.js?ver=6.7.1 HTTP/1.1" 200 1023 solarsolutionsgmbh.com "https://solarsolutionsgmbh.com/wp-admin/site-editor.php?postType=wp_template&postId=twentytwentyfour//home&canvas=edit" "Mozilla/5.0 (Windows NT 10.0; Win64; x64; rv:133.0) Gecko/20100101 Firefox/133.0" "-"
2a02:8206:6b00:: - - [03/Jan/2025:00:27:14 +0100] "OPTIONS /wp-json/wp/v2/settings?_locale=user HTTP/1.1" 200 5202 solarsolutionsgmbh.com "https://solarsolutionsgmbh.com/wp-admin/site-editor.php?postType=wp_template&postId=twentytwentyfour%2F%2Fhome&canvas=edit" "Mozilla/5.0 (Windows NT 10.0; Win64; x64; rv:133.0) Gecko/20100101 Firefox/133.0" "-"
2a02:8206:6b00:: - - [03/Jan/2025:00:27:14 +0100] "GET /wp-json/?_fields=description%2Cgmt_offset%2Chome%2Cname%2Csite_icon%2Csite_icon_url%2Csite_logo%2Ctimezone_string%2Curl&_locale=user HTTP/1.1" 200 617 solarsolutionsgmbh.com "https://solarsolutionsgmbh.com/wp-admin/site-editor.php?postType=wp_template&postId=twentytwentyfour%2F%2Fhome&canvas=edit" "Mozilla/5.0 (Windows NT 10.0; Win64; x64; rv:133.0) Gecko/20100101 Firefox/133.0" "-"
2a02:8206:6b00:: - - [03/Jan/2025:00:27:14 +0100] "GET /wp-json/wp/v2/types?context=view&_locale=user HTTP/1.1" 200 5717 solarsolutionsgmbh.com "https://solarsolutionsgmbh.com/wp-admin/site-editor.php?postType=wp_template&postId=twentytwentyfour%2F%2Fhome&canvas=edit" "Mozilla/5.0 (Windows NT 10.0; Win64; x64; rv:133.0) Gecko/20100101 Firefox/133.0" "-"
2a02:8206:6b00:: - - [03/Jan/2025:00:27:14 +0100] "GET /wp-json/wp/v2/types?context=view&_locale=user HTTP/1.1" 200 5717 solarsolutionsgmbh.com "https://solarsolutionsgmbh.com/wp-admin/site-editor.php?postType=wp_template&postId=twentytwentyfour%2F%2Fhome&canvas=edit" "Mozilla/5.0 (Windows NT 10.0; Win64; x64; rv:133.0) Gecko/20100101 Firefox/133.0" "-"
2a02:8206:6b00:: - - [03/Jan/2025:00:27:14 +0100] "GET /wp-json/wp/v2/settings?_locale=user HTTP/1.1" 200 459 solarsolutionsgmbh.com "https://solarsolutionsgmbh.com/wp-admin/site-editor.php?postType=wp_template&postId=twentytwentyfour%2F%2Fhome&canvas=edit" "Mozilla/5.0 (Windows NT 10.0; Win64; x64; rv:133.0) Gecko/20100101 Firefox/133.0" "-"
2a02:8206:6b00:: - - [03/Jan/2025:00:27:15 +0100] "OPTIONS /wp-json/wp/v2/settings?_locale=user HTTP/1.1" 200 5202 solarsolutionsgmbh.com "https://solarsolutionsgmbh.com/wp-admin/site-editor.php?postType=wp_template&postId=twentytwentyfour%2F%2Fhome&canvas=edit" "Mozilla/5.0 (Windows NT 10.0; Win64; x64; rv:133.0) Gecko/20100101 Firefox/133.0" "-"
2a02:8206:6b00:: - - [03/Jan/2025:00:27:15 +0100] "OPTIONS /wp-json/wp/v2/media?lang=de&_locale=user HTTP/1.1" 200 11976 solarsolutionsgmbh.com "https://solarsolutionsgmbh.com/wp-admin/site-editor.php?postType=wp_template&postId=twentytwentyfour%2F%2Fhome&canvas=edit" "Mozilla/5.0 (Windows NT 10.0; Win64; x64; rv:133.0) Gecko/20100101 Firefox/133.0" "-"
2a02:8206:6b00:: - - [03/Jan/2025:00:27:15 +0100] "OPTIONS /wp-json/wp/v2/pages?lang=de&_locale=user HTTP/1.1" 200 12628 solarsolutionsgmbh.com "https://solarsolutionsgmbh.com/wp-admin/site-editor.php?postType=wp_template&postId=twentytwentyfour%2F%2Fhome&canvas=edit" "Mozilla/5.0 (Windows NT 10.0; Win64; x64; rv:133.0) Gecko/20100101 Firefox/133.0" "-"
2a02:8206:6b00:: - - [03/Jan/2025:00:27:15 +0100] "GET /wp-json/wp/v2/block-patterns/categories?_locale=user HTTP/1.1" 200 2041 solarsolutionsgmbh.com "https://solarsolutionsgmbh.com/wp-admin/site-editor.php?postType=wp_template&postId=twentytwentyfour%2F%2Fhome&canvas=edit" "Mozilla/5.0 (Windows NT 10.0; Win64; x64; rv:133.0) Gecko/20100101 Firefox/133.0" "-"
2a02:8206:6b00:: - - [03/Jan/2025:00:27:15 +0100] "OPTIONS /wp-json/wp/v2/templates?_locale=user HTTP/1.1" 200 5192 solarsolutionsgmbh.com "https://solarsolutionsgmbh.com/wp-admin/site-editor.php?postType=wp_template&postId=twentytwentyfour%2F%2Fhome&canvas=edit" "Mozilla/5.0 (Windows NT 10.0; Win64; x64; rv:133.0) Gecko/20100101 Firefox/133.0" "-"
2a02:8206:6b00:: - - [03/Jan/2025:00:27:15 +0100] "GET /wp-json/wp/v2/users?context=view&who=authors&per_page=50&_fields=id%2Cname&_locale=user HTTP/1.1" 200 124 solarsolutionsgmbh.com "https://solarsolutionsgmbh.com/wp-admin/site-editor.php?postType=wp_template&postId=twentytwentyfour%2F%2Fhome&canvas=edit" "Mozilla/5.0 (Windows NT 10.0; Win64; x64; rv:133.0) Gecko/20100101 Firefox/133.0" "-"
2a02:8206:6b00:: - - [03/Jan/2025:00:27:15 +0100] "GET /wp-json/wp/v2/taxonomies?context=edit&per_page=100&_locale=user HTTP/1.1" 200 9486 solarsolutionsgmbh.com "https://solarsolutionsgmbh.com/wp-admin/site-editor.php?postType=wp_template&postId=twentytwentyfour%2F%2Fhome&canvas=edit" "Mozilla/5.0 (Windows NT 10.0; Win64; x64; rv:133.0) Gecko/20100101 Firefox/133.0" "-"
2a02:8206:6b00:: - - [03/Jan/2025:00:27:15 +0100] "GET /wp-json/wp/v2/taxonomies?context=view&_locale=user HTTP/1.1" 200 1719 solarsolutionsgmbh.com "https://solarsolutionsgmbh.com/wp-admin/site-editor.php?postType=wp_template&postId=twentytwentyfour%2F%2Fhome&canvas=edit" "Mozilla/5.0 (Windows NT 10.0; Win64; x64; rv:133.0) Gecko/20100101 Firefox/133.0" "-"
2a02:8206:6b00:: - - [03/Jan/2025:00:27:15 +0100] "GET /wp-json/wp/v2/template-parts/twentytwentyfour//header?context=edit&_locale=user HTTP/1.1" 200 3284 solarsolutionsgmbh.com "https://solarsolutionsgmbh.com/wp-admin/site-editor.php?postType=wp_template&postId=twentytwentyfour%2F%2Fhome&canvas=edit" "Mozilla/5.0 (Windows NT 10.0; Win64; x64; rv:133.0) Gecko/20100101 Firefox/133.0" "-"
2a02:8206:6b00:: - - [03/Jan/2025:00:27:15 +0100] "GET /wp-json/wp/v2/blocks?context=edit&per_page=100&lang=de&_locale=user HTTP/1.1" 200 2 solarsolutionsgmbh.com "https://solarsolutionsgmbh.com/wp-admin/site-editor.php?postType=wp_template&postId=twentytwentyfour%2F%2Fhome&canvas=edit" "Mozilla/5.0 (Windows NT 10.0; Win64; x64; rv:133.0) Gecko/20100101 Firefox/133.0" "-"
2a02:8206:6b00:: - - [03/Jan/2025:00:27:15 +0100] "GET /wp-json/wp/v2/template-parts/twentytwentyfour//footer?context=edit&_locale=user HTTP/1.1" 200 6125 solarsolutionsgmbh.com "https://solarsolutionsgmbh.com/wp-admin/site-editor.php?postType=wp_template&postId=twentytwentyfour%2F%2Fhome&canvas=edit" "Mozilla/5.0 (Windows NT 10.0; Win64; x64; rv:133.0) Gecko/20100101 Firefox/133.0" "-"
2a02:8206:6b00:: - - [03/Jan/2025:00:27:15 +0100] "GET /wp-json/wp/v2/block-patterns/patterns?_locale=user HTTP/1.1" 200 576689 solarsolutionsgmbh.com "https://solarsolutionsgmbh.com/wp-admin/site-editor.php?postType=wp_template&postId=twentytwentyfour%2F%2Fhome&canvas=edit" "Mozilla/5.0 (Windows NT 10.0; Win64; x64; rv:133.0) Gecko/20100101 Firefox/133.0" "-"
2a02:8206:6b00:: - - [03/Jan/2025:00:27:15 +0100] "GET /wp-json/wp/v2/wp_pattern_category?context=view&per_page=100&_fields=id%2Cname%2Cdescription%2Cslug&_locale=user HTTP/1.1" 200 2 solarsolutionsgmbh.com "https://solarsolutionsgmbh.com/wp-admin/site-editor.php?postType=wp_template&postId=twentytwentyfour%2F%2Fhome&canvas=edit" "Mozilla/5.0 (Windows NT 10.0; Win64; x64; rv:133.0) Gecko/20100101 Firefox/133.0" "-"
2a02:8206:6b00:: - - [03/Jan/2025:00:27:16 +0100] "GET /wp-json/wp/v2/menus?context=view&per_page=100&_locale=user HTTP/1.1" 200 2 solarsolutionsgmbh.com "https://solarsolutionsgmbh.com/wp-admin/site-editor.php?postType=wp_template&postId=twentytwentyfour%2F%2Fhome&canvas=edit" "Mozilla/5.0 (Windows NT 10.0; Win64; x64; rv:133.0) Gecko/20100101 Firefox/133.0" "-"
2a02:8206:6b00:: - - [03/Jan/2025:00:27:16 +0100] "GET /wp-json/wp/v2/media/45?context=view&_locale=user HTTP/1.1" 200 3139 solarsolutionsgmbh.com "https://solarsolutionsgmbh.com/wp-admin/site-editor.php?postType=wp_template&postId=twentytwentyfour%2F%2Fhome&canvas=edit" "Mozilla/5.0 (Windows NT 10.0; Win64; x64; rv:133.0) Gecko/20100101 Firefox/133.0" "-"
2a02:8206:6b00:: - - [03/Jan/2025:00:27:16 +0100] "OPTIONS /wp-json/wp/v2/navigation/4?_locale=user HTTP/1.1" 200 6411 solarsolutionsgmbh.com "https://solarsolutionsgmbh.com/wp-admin/site-editor.php?postType=wp_template&postId=twentytwentyfour%2F%2Fhome&canvas=edit" "Mozilla/5.0 (Windows NT 10.0; Win64; x64; rv:133.0) Gecko/20100101 Firefox/133.0" "-"
2a02:8206:6b00:: - - [03/Jan/2025:00:27:16 +0100] "OPTIONS /wp-json/wp/v2/navigation/52?_locale=user HTTP/1.1" 200 6411 solarsolutionsgmbh.com "https://solarsolutionsgmbh.com/wp-admin/site-editor.php?postType=wp_template&postId=twentytwentyfour%2F%2Fhome&canvas=edit" "Mozilla/5.0 (Windows NT 10.0; Win64; x64; rv:133.0) Gecko/20100101 Firefox/133.0" "-"
2a02:8206:6b00:: - - [03/Jan/2025:00:27:16 +0100] "GET /wp-json/wp/v2/navigation/52?context=edit&_locale=user HTTP/1.1" 200 2934 solarsolutionsgmbh.com "https://solarsolutionsgmbh.com/wp-admin/site-editor.php?postType=wp_template&postId=twentytwentyfour%2F%2Fhome&canvas=edit" "Mozilla/5.0 (Windows NT 10.0; Win64; x64; rv:133.0) Gecko/20100101 Firefox/133.0" "-"
2a02:8206:6b00:: - - [03/Jan/2025:00:27:16 +0100] "GET /wp-json/wp/v2/navigation/4?context=edit&_locale=user HTTP/1.1" 200 3196 solarsolutionsgmbh.com "https://solarsolutionsgmbh.com/wp-admin/site-editor.php?postType=wp_template&postId=twentytwentyfour%2F%2Fhome&canvas=edit" "Mozilla/5.0 (Windows NT 10.0; Win64; x64; rv:133.0) Gecko/20100101 Firefox/133.0" "-"
2a02:8206:6b00:: - - [03/Jan/2025:00:27:16 +0100] "GET /wp-json/wp/v2/pages?context=view&parent=0&order=asc&orderby=id&per_page=100&lang=de&_locale=user HTTP/1.1" 200 46448 solarsolutionsgmbh.com "https://solarsolutionsgmbh.com/wp-admin/site-editor.php?postType=wp_template&postId=twentytwentyfour%2F%2Fhome&canvas=edit" "Mozilla/5.0 (Windows NT 10.0; Win64; x64; rv:133.0) Gecko/20100101 Firefox/133.0" "-"
2a02:8206:6b00:: - - [03/Jan/2025:00:27:16 +0100] "GET /wp-json/wp/v2/pages/13?context=edit&_locale=user HTTP/1.1" 200 9086 solarsolutionsgmbh.com "https://solarsolutionsgmbh.com/wp-admin/site-editor.php?postType=wp_template&postId=twentytwentyfour%2F%2Fhome&canvas=edit" "Mozilla/5.0 (Windows NT 10.0; Win64; x64; rv:133.0) Gecko/20100101 Firefox/133.0" "-"
2a02:8206:6b00:: - - [03/Jan/2025:00:27:16 +0100] "GET /wp-json/wp/v2/pages/14?context=edit&_locale=user HTTP/1.1" 200 19780 solarsolutionsgmbh.com "https://solarsolutionsgmbh.com/wp-admin/site-editor.php?postType=wp_template&postId=twentytwentyfour%2F%2Fhome&canvas=edit" "Mozilla/5.0 (Windows NT 10.0; Win64; x64; rv:133.0) Gecko/20100101 Firefox/133.0" "-"
2a02:8206:6b00:: - - [03/Jan/2025:00:27:16 +0100] "GET /wp-json/wp/v2/pages/16?context=edit&_locale=user HTTP/1.1" 200 20395 solarsolutionsgmbh.com "https://solarsolutionsgmbh.com/wp-admin/site-editor.php?postType=wp_template&postId=twentytwentyfour%2F%2Fhome&canvas=edit" "Mozilla/5.0 (Windows NT 10.0; Win64; x64; rv:133.0) Gecko/20100101 Firefox/133.0" "-"
2a02:8206:6b00:: - - [03/Jan/2025:00:27:16 +0100] "GET /wp-json/wp/v2/pages/15?context=edit&_locale=user HTTP/1.1" 200 9566 solarsolutionsgmbh.com "https://solarsolutionsgmbh.com/wp-admin/site-editor.php?postType=wp_template&postId=twentytwentyfour%2F%2Fhome&canvas=edit" "Mozilla/5.0 (Windows NT 10.0; Win64; x64; rv:133.0) Gecko/20100101 Firefox/133.0" "-"
2a02:8206:6b00:: - - [03/Jan/2025:00:27:16 +0100] "GET /wp-json/wp/v2/pages/3?context=edit&_locale=user HTTP/1.1" 200 15124 solarsolutionsgmbh.com "https://solarsolutionsgmbh.com/wp-admin/site-editor.php?postType=wp_template&postId=twentytwentyfour%2F%2Fhome&canvas=edit" "Mozilla/5.0 (Windows NT 10.0; Win64; x64; rv:133.0) Gecko/20100101 Firefox/133.0" "-"
2a02:8206:6b00:: - - [03/Jan/2025:00:27:16 +0100] "GET /wp-json/wp/v2/pages/17?context=edit&_locale=user HTTP/1.1" 200 2300 solarsolutionsgmbh.com "https://solarsolutionsgmbh.com/wp-admin/site-editor.php?postType=wp_template&postId=twentytwentyfour%2F%2Fhome&canvas=edit" "Mozilla/5.0 (Windows NT 10.0; Win64; x64; rv:133.0) Gecko/20100101 Firefox/133.0" "-"
2a02:8206:6b00:: - - [03/Jan/2025:00:27:19 +0100] "OPTIONS /wp-json/wp/v2/navigation?_locale=user HTTP/1.1" 200 8445 solarsolutionsgmbh.com "https://solarsolutionsgmbh.com/wp-admin/site-editor.php?postType=wp_template&postId=twentytwentyfour%2F%2Fhome&canvas=edit" "Mozilla/5.0 (Windows NT 10.0; Win64; x64; rv:133.0) Gecko/20100101 Firefox/133.0" "-"
2a02:8206:6b00:: - - [03/Jan/2025:00:27:19 +0100] "GET /wp-json/wp-block-editor/v1/navigation-fallback?_embed=true&_locale=user HTTP/1.1" 200 1555 solarsolutionsgmbh.com "https://solarsolutionsgmbh.com/wp-admin/site-editor.php?postType=wp_template&postId=twentytwentyfour%2F%2Fhome&canvas=edit" "Mozilla/5.0 (Windows NT 10.0; Win64; x64; rv:133.0) Gecko/20100101 Firefox/133.0" "-"
2a02:8206:6b00:: - - [03/Jan/2025:00:27:19 +0100] "GET /wp-json/wp/v2/navigation?context=edit&_locale=user HTTP/1.1" 200 7926 solarsolutionsgmbh.com "https://solarsolutionsgmbh.com/wp-admin/site-editor.php?postType=wp_template&postId=twentytwentyfour%2F%2Fhome&canvas=edit" "Mozilla/5.0 (Windows NT 10.0; Win64; x64; rv:133.0) Gecko/20100101 Firefox/133.0" "-"
2a02:8206:6b00:: - - [03/Jan/2025:00:27:36 +0100] "OPTIONS /wp-json/wp/v2/blocks?lang=de&_locale=user HTTP/1.1" 200 11790 solarsolutionsgmbh.com "https://solarsolutionsgmbh.com/wp-admin/site-editor.php?postType=wp_template&postId=twentytwentyfour%2F%2Fhome&canvas=edit" "Mozilla/5.0 (Windows NT 10.0; Win64; x64; rv:133.0) Gecko/20100101 Firefox/133.0" "-"
2a02:8206:6b00:: - - [03/Jan/2025:00:27:43 +0100] "GET /wp-json/wp/v2/posts?context=edit&offset=0&order=desc&orderby=date&per_page=3&lang=de&_locale=user HTTP/1.1" 200 3230 solarsolutionsgmbh.com "https://solarsolutionsgmbh.com/wp-admin/site-editor.php?postType=wp_template&postId=twentytwentyfour%2F%2Fhome&canvas=edit" "Mozilla/5.0 (Windows NT 10.0; Win64; x64; rv:133.0) Gecko/20100101 Firefox/133.0" "-"
2a02:8206:6b00:: - - [03/Jan/2025:00:27:43 +0100] "GET /wp-admin/site-editor.php?_wp-find-template=true&_locale=user HTTP/1.1" 200 751120 solarsolutionsgmbh.com "https://solarsolutionsgmbh.com/wp-admin/site-editor.php?postType=wp_template&postId=twentytwentyfour%2F%2Fhome&canvas=edit" "Mozilla/5.0 (Windows NT 10.0; Win64; x64; rv:133.0) Gecko/20100101 Firefox/133.0" "-"
2a02:8070:2400:: - - [03/Jan/2025:00:27:46 +0100] "POST /wp-admin/admin-ajax.php HTTP/1.1" 200 47 solarsolutionsgmbh.com "https://solarsolutionsgmbh.com/wp-admin/plugin-install.php?s=slider&tab=search&type=term" "Mozilla/5.0 (Windows NT 10.0; Win64; x64; rv:133.0) Gecko/20100101 Firefox/133.0" "-"
2a02:8206:6b00:: - - [03/Jan/2025:00:27:50 +0100] "GET /wp-json/wp/v2/types/post?context=edit&_locale=user HTTP/1.1" 200 2727 solarsolutionsgmbh.com "https://solarsolutionsgmbh.com/wp-admin/site-editor.php?postType=wp_template&postId=twentytwentyfour%2F%2Fhome&canvas=edit" "Mozilla/5.0 (Windows NT 10.0; Win64; x64; rv:133.0) Gecko/20100101 Firefox/133.0" "-"
2003:d2:2f00:: - - [03/Jan/2025:00:28:13 +0100] "GET /wp-admin/ HTTP/1.1" 200 94310 solarsolutionsgmbh.com "https://solarsolutionsgmbh.com/" "Mozilla/5.0 (Windows NT 10.0; Win64; x64) AppleWebKit/537.36 (KHTML, like Gecko) Chrome/131.0.0.0 Safari/537.36" "-"
2003:d2:2f00:: - - [03/Jan/2025:00:28:13 +0100] "GET /wp-content/plugins/polylang/css/build/admin.min.css?ver=3.6.5 HTTP/1.1" 304 - solarsolutionsgmbh.com "https://solarsolutionsgmbh.com/wp-admin/" "Mozilla/5.0 (Windows NT 10.0; Win64; x64) AppleWebKit/537.36 (KHTML, like Gecko) Chrome/131.0.0.0 Safari/537.36" "-"
2003:d2:2f00:: - - [03/Jan/2025:00:28:13 +0100] "GET /wp-content/plugins/polylang/css/build/dialog.min.css?ver=3.6.5 HTTP/1.1" 304 - solarsolutionsgmbh.com "https://solarsolutionsgmbh.com/wp-admin/" "Mozilla/5.0 (Windows NT 10.0; Win64; x64) AppleWebKit/537.36 (KHTML, like Gecko) Chrome/131.0.0.0 Safari/537.36" "-"
2003:d2:2f00:: - - [03/Jan/2025:00:28:13 +0100] "GET /wp-content/plugins/newsletter/admin/css/global.css?ver=8.6.4 HTTP/1.1" 304 - solarsolutionsgmbh.com "https://solarsolutionsgmbh.com/wp-admin/" "Mozilla/5.0 (Windows NT 10.0; Win64; x64) AppleWebKit/537.36 (KHTML, like Gecko) Chrome/131.0.0.0 Safari/537.36" "-"
2003:d2:2f00:: - - [03/Jan/2025:00:28:13 +0100] "GET /wp-admin/load-styles.php?c=1&dir=ltr&load%5Bchunk_0%5D=dashicons,admin-bar,site-health,common,forms,admin-menu,dashboard,list-tables,edit,revisions,media,themes,about,nav-menus,wp-poi&load%5Bchunk_1%5D=nter,widgets,site-icon,l10n,buttons,wp-auth-check,wp-jquery-ui-dialog&ver=6.7.1 HTTP/1.1" 200 409147 solarsolutionsgmbh.com "https://solarsolutionsgmbh.com/wp-admin/" "Mozilla/5.0 (Windows NT 10.0; Win64; x64) AppleWebKit/537.36 (KHTML, like Gecko) Chrome/131.0.0.0 Safari/537.36" "-"
2003:d2:2f00:: - - [03/Jan/2025:00:28:13 +0100] "GET /wp-content/plugins/newsletter/admin/images/menu-icon.png HTTP/1.1" 304 - solarsolutionsgmbh.com "https://solarsolutionsgmbh.com/wp-admin/" "Mozilla/5.0 (Windows NT 10.0; Win64; x64) AppleWebKit/537.36 (KHTML, like Gecko) Chrome/131.0.0.0 Safari/537.36" "-"
2a02:8206:6b00:: - - [03/Jan/2025:00:28:14 +0100] "POST /wp-admin/admin-ajax.php HTTP/1.1" 200 47 solarsolutionsgmbh.com "https://solarsolutionsgmbh.com/wp-admin/site-editor.php?postType=wp_template&postId=twentytwentyfour%2F%2Fhome&canvas=edit" "Mozilla/5.0 (Windows NT 10.0; Win64; x64; rv:133.0) Gecko/20100101 Firefox/133.0" "-"
2a02:8206:6b00:: - - [03/Jan/2025:00:28:33 +0100] "GET /wp-json/wp/v2/posts?context=edit&status=publish&per_page=1&lang=de&_locale=user HTTP/1.1" 200 3230 solarsolutionsgmbh.com "https://solarsolutionsgmbh.com/wp-admin/site-editor.php?postType=wp_template&postId=twentytwentyfour%2F%2Fhome&canvas=edit" "Mozilla/5.0 (Windows NT 10.0; Win64; x64; rv:133.0) Gecko/20100101 Firefox/133.0" "-"
2a02:8206:6b00:: - - [03/Jan/2025:00:28:34 +0100] "GET /wp-json/wp/v2/block-renderer/core/calendar?context=edit&_locale=user HTTP/1.1" 200 1473 solarsolutionsgmbh.com "https://solarsolutionsgmbh.com/wp-admin/site-editor.php?postType=wp_template&postId=twentytwentyfour%2F%2Fhome&canvas=edit" "Mozilla/5.0 (Windows NT 10.0; Win64; x64; rv:133.0) Gecko/20100101 Firefox/133.0" "-"
2a02:8206:6b00:: - - [03/Jan/2025:00:28:35 +0100] "GET /wp-json/wp/v2/block-renderer/core/latest-comments?context=edit&attributes%5BcommentsToShow%5D=5&attributes%5BdisplayAvatar%5D=true&attributes%5BdisplayDate%5D=true&attributes%5BdisplayExcerpt%5D=true&_locale=site HTTP/1.1" 200 1211 solarsolutionsgmbh.com "https://solarsolutionsgmbh.com/wp-admin/site-editor.php?postType=wp_template&postId=twentytwentyfour%2F%2Fhome&canvas=edit" "Mozilla/5.0 (Windows NT 10.0; Win64; x64; rv:133.0) Gecko/20100101 Firefox/133.0" "-"
2a02:8206:6b00:: - - [03/Jan/2025:00:28:35 +0100] "GET /wp-json/wp/v2/block-renderer/core/rss?context=edit&attributes%5Bcolumns%5D=2&attributes%5BblockLayout%5D=list&attributes%5BfeedURL%5D=https%3A%2F%2Fwordpress.org&attributes%5BitemsToShow%5D=5&attributes%5BdisplayExcerpt%5D=false&attributes%5BdisplayAuthor%5D=false&attributes%5BdisplayDate%5D=false&attributes%5BexcerptLength%5D=55&_locale=user HTTP/1.1" 200 1160 solarsolutionsgmbh.com "https://solarsolutionsgmbh.com/wp-admin/site-editor.php?postType=wp_template&postId=twentytwentyfour%2F%2Fhome&canvas=edit" "Mozilla/5.0 (Windows NT 10.0; Win64; x64; rv:133.0) Gecko/20100101 Firefox/133.0" "-"
2a02:8206:6b00:: - - [03/Jan/2025:00:28:36 +0100] "GET /wp-json/wp/v2/pages?context=edit&per_page=100&_fields=id%2Clink%2Cmenu_order%2Cparent%2Ctitle%2Ctype&orderby=menu_order&order=asc&lang=de&_locale=user HTTP/1.1" 200 1318 solarsolutionsgmbh.com "https://solarsolutionsgmbh.com/wp-admin/site-editor.php?postType=wp_template&postId=twentytwentyfour%2F%2Fhome&canvas=edit" "Mozilla/5.0 (Windows NT 10.0; Win64; x64; rv:133.0) Gecko/20100101 Firefox/133.0" "-"
2a02:8206:6b00:: - - [03/Jan/2025:00:28:39 +0100] "GET /wp-json/wp/v2/posts?context=edit&offset=0&order=desc&orderby=date&per_page=4&sticky=false&lang=de&_locale=user HTTP/1.1" 200 3230 solarsolutionsgmbh.com "https://solarsolutionsgmbh.com/wp-admin/site-editor.php?postType=wp_template&postId=twentytwentyfour%2F%2Fhome&canvas=edit" "Mozilla/5.0 (Windows NT 10.0; Win64; x64; rv:133.0) Gecko/20100101 Firefox/133.0" "-"
2a02:8070:2400:: - - [03/Jan/2025:00:28:40 +0100] "POST /wp-admin/admin-ajax.php HTTP/1.1" 200 98 solarsolutionsgmbh.com "https://solarsolutionsgmbh.com/wp-admin/post.php?post=15&action=edit" "Mozilla/5.0 (Windows NT 10.0; Win64; x64; rv:133.0) Gecko/20100101 Firefox/133.0" "-"
2a02:8206:6b00:: - - [03/Jan/2025:00:28:41 +0100] "GET /wp-json/wp/v2/template-parts/twentytwentyfour//post-meta?context=edit&_locale=user HTTP/1.1" 200 2019 solarsolutionsgmbh.com "https://solarsolutionsgmbh.com/wp-admin/site-editor.php?postType=wp_template&postId=twentytwentyfour%2F%2Fhome&canvas=edit" "Mozilla/5.0 (Windows NT 10.0; Win64; x64; rv:133.0) Gecko/20100101 Firefox/133.0" "-"
2a02:8206:6b00:: - - [03/Jan/2025:00:28:41 +0100] "GET /wp-json/wp/v2/taxonomies/post_tag?context=edit&_locale=user HTTP/1.1" 200 2264 solarsolutionsgmbh.com "https://solarsolutionsgmbh.com/wp-admin/site-editor.php?postType=wp_template&postId=twentytwentyfour%2F%2Fhome&canvas=edit" "Mozilla/5.0 (Windows NT 10.0; Win64; x64; rv:133.0) Gecko/20100101 Firefox/133.0" "-"
2a02:8206:6b00:: - - [03/Jan/2025:00:28:41 +0100] "GET /wp-json/wp/v2/tags?context=view&per_page=100&lang=de&_locale=user HTTP/1.1" 200 2 solarsolutionsgmbh.com "https://solarsolutionsgmbh.com/wp-admin/site-editor.php?postType=wp_template&postId=twentytwentyfour%2F%2Fhome&canvas=edit" "Mozilla/5.0 (Windows NT 10.0; Win64; x64; rv:133.0) Gecko/20100101 Firefox/133.0" "-"
