2001:7c0:1b00:: - - [20/Jan/2025:09:36:45 +0100] "GET /wp-content/plugins/wpforms-lite/assets/js/admin/education/core.min.js?ver=1.9.2.3 HTTP/1.1" 304 - solarsolutionsgmbh.com "https://solarsolutionsgmbh.com/wp-admin/post.php?post=15&action=edit" "Mozilla/5.0 (Windows NT 10.0; Win64; x64; rv:134.0) Gecko/20100101 Firefox/134.0" "-"
2001:7c0:1b00:: - - [20/Jan/2025:09:36:45 +0100] "GET /wp-content/plugins/wpforms-lite/assets/lite/js/integrations/gutenberg/formselector.es5.min.js?ver=1.9.2.3 HTTP/1.1" 304 - solarsolutionsgmbh.com "https://solarsolutionsgmbh.com/wp-admin/post.php?post=15&action=edit" "Mozilla/5.0 (Windows NT 10.0; Win64; x64; rv:134.0) Gecko/20100101 Firefox/134.0" "-"
2001:7c0:1b00:: - - [20/Jan/2025:09:36:45 +0100] "GET /wp-content/plugins/insert-headers-and-footers/build/admin-global-lite.js?ver=0b74b93a8b56d530f4cd5cdea9f40382 HTTP/1.1" 200 949 solarsolutionsgmbh.com "https://solarsolutionsgmbh.com/wp-admin/post.php?post=15&action=edit" "Mozilla/5.0 (Windows NT 10.0; Win64; x64; rv:134.0) Gecko/20100101 Firefox/134.0" "-"
2001:7c0:1b00:: - - [20/Jan/2025:09:36:45 +0100] "GET /wp-content/plugins/wpforms-lite/assets/js/frontend/wpforms-modern.min.js?ver=1.9.2.3 HTTP/1.1" 304 - solarsolutionsgmbh.com "https://solarsolutionsgmbh.com/wp-admin/post.php?post=15&action=edit" "Mozilla/5.0 (Windows NT 10.0; Win64; x64; rv:134.0) Gecko/20100101 Firefox/134.0" "-"
2001:7c0:1b00:: - - [20/Jan/2025:09:36:45 +0100] "GET /wp-content/plugins/elementor/assets/js/gutenberg.min.js?ver=3.26.3 HTTP/1.1" 304 - solarsolutionsgmbh.com "https://solarsolutionsgmbh.com/wp-admin/post.php?post=15&action=edit" "Mozilla/5.0 (Windows NT 10.0; Win64; x64; rv:134.0) Gecko/20100101 Firefox/134.0" "-"
2001:7c0:1b00:: - - [20/Jan/2025:09:36:45 +0100] "GET /wp-content/plugins/elementor/assets/js/ai-gutenberg.min.js?ver=3.26.3 HTTP/1.1" 304 - solarsolutionsgmbh.com "https://solarsolutionsgmbh.com/wp-admin/post.php?post=15&action=edit" "Mozilla/5.0 (Windows NT 10.0; Win64; x64; rv:134.0) Gecko/20100101 Firefox/134.0" "-"
2001:7c0:1b00:: - - [20/Jan/2025:09:36:45 +0100] "GET /wp-content/plugins/wpforms-lite/assets/lib/choices.min.js?ver=10.2.0 HTTP/1.1" 304 - solarsolutionsgmbh.com "https://solarsolutionsgmbh.com/wp-admin/post.php?post=15&action=edit" "Mozilla/5.0 (Windows NT 10.0; Win64; x64; rv:134.0) Gecko/20100101 Firefox/134.0" "-"
2001:7c0:1b00:: - - [20/Jan/2025:09:36:45 +0100] "GET /wp-content/plugins/wpforms-lite/assets/js/admin/education/edit-post.es5.min.js?ver=1.9.2.3 HTTP/1.1" 304 - solarsolutionsgmbh.com "https://solarsolutionsgmbh.com/wp-admin/post.php?post=15&action=edit" "Mozilla/5.0 (Windows NT 10.0; Win64; x64; rv:134.0) Gecko/20100101 Firefox/134.0" "-"
2001:7c0:1b00:: - - [20/Jan/2025:09:36:45 +0100] "GET /wp-content/plugins/scripts-n-styles/vendor/chosen/chosen.jquery.min.js?ver=1.0.0 HTTP/1.1" 304 - solarsolutionsgmbh.com "https://solarsolutionsgmbh.com/wp-admin/post.php?post=15&action=edit" "Mozilla/5.0 (Windows NT 10.0; Win64; x64; rv:134.0) Gecko/20100101 Firefox/134.0" "-"
2001:7c0:1b00:: - - [20/Jan/2025:09:36:45 +0100] "GET /wp-content/plugins/scripts-n-styles/js/meta-box.js?ver=3.5.8 HTTP/1.1" 304 - solarsolutionsgmbh.com "https://solarsolutionsgmbh.com/wp-admin/post.php?post=15&action=edit" "Mozilla/5.0 (Windows NT 10.0; Win64; x64; rv:134.0) Gecko/20100101 Firefox/134.0" "-"
2001:7c0:1b00:: - - [20/Jan/2025:09:36:45 +0100] "GET /wp-includes/js/jquery/ui/tabs.min.js?ver=1.13.3 HTTP/1.1" 304 - solarsolutionsgmbh.com "https://solarsolutionsgmbh.com/wp-admin/post.php?post=15&action=edit" "Mozilla/5.0 (Windows NT 10.0; Win64; x64; rv:134.0) Gecko/20100101 Firefox/134.0" "-"
2001:7c0:1b00:: - - [20/Jan/2025:09:36:45 +0100] "GET /wp-includes/js/tinymce/wp-tinymce.js?ver=49110-20201110 HTTP/1.1" 304 - solarsolutionsgmbh.com "https://solarsolutionsgmbh.com/wp-admin/post.php?post=15&action=edit" "Mozilla/5.0 (Windows NT 10.0; Win64; x64; rv:134.0) Gecko/20100101 Firefox/134.0" "-"
2001:7c0:1b00:: - - [20/Jan/2025:09:36:46 +0100] "GET /wp-admin/admin-ajax.php?action=updraft_ajax&subaction=activejobs_list&nonce=fc521ee2ad&downloaders= HTTP/1.1" 200 141 solarsolutionsgmbh.com "https://solarsolutionsgmbh.com/wp-admin/options-general.php?page=updraftplus" "Mozilla/5.0 (Windows NT 10.0; Win64; x64) AppleWebKit/537.36 (KHTML, like Gecko) Chrome/131.0.0.0 Safari/537.36" "-"
2001:7c0:1b00:: - - [20/Jan/2025:09:36:48 +0100] "GET /wp-content/plugins/updraftplus/images/icons/updraftvault.png HTTP/1.1" 304 - solarsolutionsgmbh.com "https://solarsolutionsgmbh.com/wp-content/plugins/updraftplus/includes/labelauty/jquery-labelauty-1-25-1.min.css?ver=1.25.1" "Mozilla/5.0 (Windows NT 10.0; Win64; x64) AppleWebKit/537.36 (KHTML, like Gecko) Chrome/131.0.0.0 Safari/537.36" "-"
2001:7c0:1b00:: - - [20/Jan/2025:09:36:48 +0100] "GET /wp-content/plugins/updraftplus/images/icons/dropbox.png HTTP/1.1" 304 - solarsolutionsgmbh.com "https://solarsolutionsgmbh.com/wp-content/plugins/updraftplus/includes/labelauty/jquery-labelauty-1-25-1.min.css?ver=1.25.1" "Mozilla/5.0 (Windows NT 10.0; Win64; x64) AppleWebKit/537.36 (KHTML, like Gecko) Chrome/131.0.0.0 Safari/537.36" "-"
2001:7c0:1b00:: - - [20/Jan/2025:09:36:48 +0100] "GET /wp-content/plugins/updraftplus/images/icons/s3.png HTTP/1.1" 304 - solarsolutionsgmbh.com "https://solarsolutionsgmbh.com/wp-content/plugins/updraftplus/includes/labelauty/jquery-labelauty-1-25-1.min.css?ver=1.25.1" "Mozilla/5.0 (Windows NT 10.0; Win64; x64) AppleWebKit/537.36 (KHTML, like Gecko) Chrome/131.0.0.0 Safari/537.36" "-"
2001:7c0:1b00:: - - [20/Jan/2025:09:36:48 +0100] "GET /wp-content/plugins/updraftplus/images/icons/cloudfiles.png HTTP/1.1" 304 - solarsolutionsgmbh.com "https://solarsolutionsgmbh.com/wp-content/plugins/updraftplus/includes/labelauty/jquery-labelauty-1-25-1.min.css?ver=1.25.1" "Mozilla/5.0 (Windows NT 10.0; Win64; x64) AppleWebKit/537.36 (KHTML, like Gecko) Chrome/131.0.0.0 Safari/537.36" "-"
2001:7c0:1b00:: - - [20/Jan/2025:09:36:48 +0100] "GET /wp-content/plugins/updraftplus/images/icons/onedrive.png HTTP/1.1" 304 - solarsolutionsgmbh.com "https://solarsolutionsgmbh.com/wp-content/plugins/updraftplus/includes/labelauty/jquery-labelauty-1-25-1.min.css?ver=1.25.1" "Mozilla/5.0 (Windows NT 10.0; Win64; x64) AppleWebKit/537.36 (KHTML, like Gecko) Chrome/131.0.0.0 Safari/537.36" "-"
2001:7c0:1b00:: - - [20/Jan/2025:09:36:48 +0100] "GET /wp-content/plugins/updraftplus/images/icons/azure.png HTTP/1.1" 304 - solarsolutionsgmbh.com "https://solarsolutionsgmbh.com/wp-content/plugins/updraftplus/includes/labelauty/jquery-labelauty-1-25-1.min.css?ver=1.25.1" "Mozilla/5.0 (Windows NT 10.0; Win64; x64) AppleWebKit/537.36 (KHTML, like Gecko) Chrome/131.0.0.0 Safari/537.36" "-"
2001:7c0:1b00:: - - [20/Jan/2025:09:36:48 +0100] "GET /wp-content/plugins/updraftplus/images/icons/folder.png HTTP/1.1" 304 - solarsolutionsgmbh.com "https://solarsolutionsgmbh.com/wp-content/plugins/updraftplus/includes/labelauty/jquery-labelauty-1-25-1.min.css?ver=1.25.1" "Mozilla/5.0 (Windows NT 10.0; Win64; x64) AppleWebKit/537.36 (KHTML, like Gecko) Chrome/131.0.0.0 Safari/537.36" "-"
2001:7c0:1b00:: - - [20/Jan/2025:09:36:48 +0100] "GET /wp-content/plugins/updraftplus/images/icons/googlecloud.png HTTP/1.1" 304 - solarsolutionsgmbh.com "https://solarsolutionsgmbh.com/wp-content/plugins/updraftplus/includes/labelauty/jquery-labelauty-1-25-1.min.css?ver=1.25.1" "Mozilla/5.0 (Windows NT 10.0; Win64; x64) AppleWebKit/537.36 (KHTML, like Gecko) Chrome/131.0.0.0 Safari/537.36" "-"
2001:7c0:1b00:: - - [20/Jan/2025:09:36:48 +0100] "GET /wp-content/plugins/updraftplus/images/icons/backblaze.png HTTP/1.1" 304 - solarsolutionsgmbh.com "https://solarsolutionsgmbh.com/wp-content/plugins/updraftplus/includes/labelauty/jquery-labelauty-1-25-1.min.css?ver=1.25.1" "Mozilla/5.0 (Windows NT 10.0; Win64; x64) AppleWebKit/537.36 (KHTML, like Gecko) Chrome/131.0.0.0 Safari/537.36" "-"
2001:7c0:1b00:: - - [20/Jan/2025:09:36:48 +0100] "GET /wp-content/plugins/updraftplus/images/icons/webdav.png HTTP/1.1" 304 - solarsolutionsgmbh.com "https://solarsolutionsgmbh.com/wp-content/plugins/updraftplus/includes/labelauty/jquery-labelauty-1-25-1.min.css?ver=1.25.1" "Mozilla/5.0 (Windows NT 10.0; Win64; x64) AppleWebKit/537.36 (KHTML, like Gecko) Chrome/131.0.0.0 Safari/537.36" "-"
2001:7c0:1b00:: - - [20/Jan/2025:09:36:48 +0100] "GET /wp-content/plugins/updraftplus/images/icons/pcloud.png HTTP/1.1" 304 - solarsolutionsgmbh.com "https://solarsolutionsgmbh.com/wp-content/plugins/updraftplus/includes/labelauty/jquery-labelauty-1-25-1.min.css?ver=1.25.1" "Mozilla/5.0 (Windows NT 10.0; Win64; x64) AppleWebKit/537.36 (KHTML, like Gecko) Chrome/131.0.0.0 Safari/537.36" "-"
2001:7c0:1b00:: - - [20/Jan/2025:09:36:48 +0100] "GET /wp-content/plugins/updraftplus/images/icons/openstack.png HTTP/1.1" 304 - solarsolutionsgmbh.com "https://solarsolutionsgmbh.com/wp-content/plugins/updraftplus/includes/labelauty/jquery-labelauty-1-25-1.min.css?ver=1.25.1" "Mozilla/5.0 (Windows NT 10.0; Win64; x64) AppleWebKit/537.36 (KHTML, like Gecko) Chrome/131.0.0.0 Safari/537.36" "-"
2001:7c0:1b00:: - - [20/Jan/2025:09:36:48 +0100] "GET /wp-content/plugins/updraftplus/images/icons/dreamobjects.png HTTP/1.1" 304 - solarsolutionsgmbh.com "https://solarsolutionsgmbh.com/wp-content/plugins/updraftplus/includes/labelauty/jquery-labelauty-1-25-1.min.css?ver=1.25.1" "Mozilla/5.0 (Windows NT 10.0; Win64; x64) AppleWebKit/537.36 (KHTML, like Gecko) Chrome/131.0.0.0 Safari/537.36" "-"
2001:7c0:1b00:: - - [20/Jan/2025:09:36:48 +0100] "GET /wp-content/plugins/updraftplus/images/icons/email.png HTTP/1.1" 304 - solarsolutionsgmbh.com "https://solarsolutionsgmbh.com/wp-content/plugins/updraftplus/includes/labelauty/jquery-labelauty-1-25-1.min.css?ver=1.25.1" "Mozilla/5.0 (Windows NT 10.0; Win64; x64) AppleWebKit/537.36 (KHTML, like Gecko) Chrome/131.0.0.0 Safari/537.36" "-"
2001:7c0:1b00:: - - [20/Jan/2025:09:36:48 +0100] "POST /wp-admin/admin-ajax.php HTTP/1.1" 200 244 solarsolutionsgmbh.com "https://solarsolutionsgmbh.com/wp-admin/options-general.php?page=updraftplus" "Mozilla/5.0 (Windows NT 10.0; Win64; x64) AppleWebKit/537.36 (KHTML, like Gecko) Chrome/131.0.0.0 Safari/537.36" "-"
2001:7c0:1b00:: - - [20/Jan/2025:09:36:48 +0100] "GET /wp-content/plugins/wordpress-seo/js/dist/analysis-worker.js?ver=aa04978fbd423b404462 HTTP/1.1" 200 617 solarsolutionsgmbh.com "https://solarsolutionsgmbh.com/wp-admin/post.php?post=15&action=edit" "Mozilla/5.0 (Windows NT 10.0; Win64; x64; rv:134.0) Gecko/20100101 Firefox/134.0" "-"
2001:7c0:1b00:: - - [20/Jan/2025:09:36:48 +0100] "GET /wp-json/wp/v2/ HTTP/1.1" 200 204921 solarsolutionsgmbh.com "https://solarsolutionsgmbh.com/wp-admin/post.php?post=15&action=edit" "Mozilla/5.0 (Windows NT 10.0; Win64; x64; rv:134.0) Gecko/20100101 Firefox/134.0" "-"
2001:7c0:1b00:: - - [20/Jan/2025:09:36:48 +0100] "GET /wp-json/wpforms/v1/themes/?_locale=user HTTP/1.1" 200 9111 solarsolutionsgmbh.com "https://solarsolutionsgmbh.com/wp-admin/post.php?post=15&action=edit" "Mozilla/5.0 (Windows NT 10.0; Win64; x64; rv:134.0) Gecko/20100101 Firefox/134.0" "-"
2001:7c0:1b00:: - - [20/Jan/2025:09:36:49 +0100] "GET /wp-json/wp/v2/types?context=view&_locale=user HTTP/1.1" 200 11494 solarsolutionsgmbh.com "https://solarsolutionsgmbh.com/wp-admin/post.php?post=15&action=edit" "Mozilla/5.0 (Windows NT 10.0; Win64; x64; rv:134.0) Gecko/20100101 Firefox/134.0" "-"
2001:7c0:1b00:: - - [20/Jan/2025:09:36:49 +0100] "POST /wp-admin/admin-ajax.php HTTP/1.1" 200 - solarsolutionsgmbh.com "https://solarsolutionsgmbh.com/wp-admin/post.php?post=15&action=edit" "Mozilla/5.0 (Windows NT 10.0; Win64; x64; rv:134.0) Gecko/20100101 Firefox/134.0" "-"
2001:7c0:1b00:: - - [20/Jan/2025:09:36:49 +0100] "POST /wp-admin/admin-ajax.php HTTP/1.1" 200 2188 solarsolutionsgmbh.com "https://solarsolutionsgmbh.com/wp-admin/post.php?post=15&action=edit" "Mozilla/5.0 (Windows NT 10.0; Win64; x64; rv:134.0) Gecko/20100101 Firefox/134.0" "-"
2001:7c0:1b00:: - - [20/Jan/2025:09:36:49 +0100] "GET /wp-content/uploads/2025/01/logo.png HTTP/1.1" 304 - solarsolutionsgmbh.com "https://solarsolutionsgmbh.com/wp-admin/post.php?post=15&action=edit" "Mozilla/5.0 (Windows NT 10.0; Win64; x64; rv:134.0) Gecko/20100101 Firefox/134.0" "-"
2001:7c0:1b00:: - - [20/Jan/2025:09:36:50 +0100] "OPTIONS /wp-json/wp/v2/settings?_locale=user HTTP/1.1" 200 5640 solarsolutionsgmbh.com "https://solarsolutionsgmbh.com/wp-admin/post.php?post=15&action=edit" "Mozilla/5.0 (Windows NT 10.0; Win64; x64; rv:134.0) Gecko/20100101 Firefox/134.0" "-"
2001:7c0:1b00:: - - [20/Jan/2025:09:36:50 +0100] "GET /wp-content/plugins/wordpress-seo/js/dist/used-keywords-assessment.js?ver=f2d934f4e70fdace40fc HTTP/1.1" 200 782 solarsolutionsgmbh.com "https://solarsolutionsgmbh.com/wp-content/plugins/wordpress-seo/js/dist/analysis-worker.js?ver=aa04978fbd423b404462" "Mozilla/5.0 (Windows NT 10.0; Win64; x64; rv:134.0) Gecko/20100101 Firefox/134.0" "-"
2001:7c0:1b00:: - - [20/Jan/2025:09:36:50 +0100] "GET /wp-json/wp/v2/block-patterns/categories?_locale=user HTTP/1.1" 200 2332 solarsolutionsgmbh.com "https://solarsolutionsgmbh.com/wp-admin/post.php?post=15&action=edit" "Mozilla/5.0 (Windows NT 10.0; Win64; x64; rv:134.0) Gecko/20100101 Firefox/134.0" "-"
2001:7c0:1b00:: - - [20/Jan/2025:09:36:50 +0100] "GET /wp-json/?_fields=description%2Cgmt_offset%2Chome%2Cname%2Csite_icon%2Csite_icon_url%2Csite_logo%2Ctimezone_string%2Curl&_locale=user HTTP/1.1" 200 659 solarsolutionsgmbh.com "https://solarsolutionsgmbh.com/wp-admin/post.php?post=15&action=edit" "Mozilla/5.0 (Windows NT 10.0; Win64; x64; rv:134.0) Gecko/20100101 Firefox/134.0" "-"
2001:7c0:1b00:: - - [20/Jan/2025:09:36:50 +0100] "GET /wp-json/wp/v2/templates/lookup?slug=page-projekte&_locale=user HTTP/1.1" 200 2229 solarsolutionsgmbh.com "https://solarsolutionsgmbh.com/wp-admin/post.php?post=15&action=edit" "Mozilla/5.0 (Windows NT 10.0; Win64; x64; rv:134.0) Gecko/20100101 Firefox/134.0" "-"
2001:7c0:1b00:: - - [20/Jan/2025:09:36:50 +0100] "GET /wp-json/wp/v2/blocks?context=edit&per_page=100&_locale=user HTTP/1.1" 200 2 solarsolutionsgmbh.com "https://solarsolutionsgmbh.com/wp-admin/post.php?post=15&action=edit" "Mozilla/5.0 (Windows NT 10.0; Win64; x64; rv:134.0) Gecko/20100101 Firefox/134.0" "-"
2001:7c0:1b00:: - - [20/Jan/2025:09:36:50 +0100] "GET /wp-json/wp/v2/users?context=view&who=authors&per_page=50&_fields=id%2Cname&_locale=user HTTP/1.1" 200 149 solarsolutionsgmbh.com "https://solarsolutionsgmbh.com/wp-admin/post.php?post=15&action=edit" "Mozilla/5.0 (Windows NT 10.0; Win64; x64; rv:134.0) Gecko/20100101 Firefox/134.0" "-"
2001:7c0:1b00:: - - [20/Jan/2025:09:36:50 +0100] "GET /wp-json/wp/v2/taxonomies?context=edit&per_page=100&_locale=user HTTP/1.1" 200 9495 solarsolutionsgmbh.com "https://solarsolutionsgmbh.com/wp-admin/post.php?post=15&action=edit" "Mozilla/5.0 (Windows NT 10.0; Win64; x64; rv:134.0) Gecko/20100101 Firefox/134.0" "-"
2001:7c0:1b00:: - - [20/Jan/2025:09:36:50 +0100] "GET /wp-json/wp/v2/wp_pattern_category?context=view&per_page=100&_fields=id%2Cname%2Cdescription%2Cslug&_locale=user HTTP/1.1" 200 2 solarsolutionsgmbh.com "https://solarsolutionsgmbh.com/wp-admin/post.php?post=15&action=edit" "Mozilla/5.0 (Windows NT 10.0; Win64; x64; rv:134.0) Gecko/20100101 Firefox/134.0" "-"
2001:7c0:1b00:: - - [20/Jan/2025:09:36:51 +0100] "GET /wp-json/wp/v2/templates/twentytwentyfour//page?context=edit&_locale=user HTTP/1.1" 200 2247 solarsolutionsgmbh.com "https://solarsolutionsgmbh.com/wp-admin/post.php?post=15&action=edit" "Mozilla/5.0 (Windows NT 10.0; Win64; x64; rv:134.0) Gecko/20100101 Firefox/134.0" "-"
2001:7c0:1b00:: - - [20/Jan/2025:09:36:51 +0100] "GET /wp-json/wp/v2/users/1?context=view&_fields=id%2Cname&_locale=user HTTP/1.1" 200 23 solarsolutionsgmbh.com "https://solarsolutionsgmbh.com/wp-admin/post.php?post=15&action=edit" "Mozilla/5.0 (Windows NT 10.0; Win64; x64; rv:134.0) Gecko/20100101 Firefox/134.0" "-"
2001:7c0:1b00:: - - [20/Jan/2025:09:36:53 +0100] "GET /wp-admin/post.php?post=15&action=edit HTTP/1.1" 200 1095845 solarsolutionsgmbh.com "https://solarsolutionsgmbh.com/wp-admin/post.php?post=15&action=edit" "Mozilla/5.0 (Windows NT 10.0; Win64; x64; rv:134.0) Gecko/20100101 Firefox/134.0" "-"
82.165.90.0 - - [20/Jan/2025:09:36:54 +0100] "GET /wp-admin/admin-ajax.php?_wpnonce=56b8c53af0&post_id=15&action=sns_tinymce_styles HTTP/1.1" 200 - solarsolutionsgmbh.com "-" "WordPress/6.7.1; https://solarsolutionsgmbh.com" "-"
2001:7c0:1b00:: - - [20/Jan/2025:09:36:59 +0100] "POST /wp-admin/admin-ajax.php HTTP/1.1" 200 98 solarsolutionsgmbh.com "https://solarsolutionsgmbh.com/wp-admin/post.php?post=15&action=edit" "Mozilla/5.0 (Windows NT 10.0; Win64; x64; rv:134.0) Gecko/20100101 Firefox/134.0" "-"
2001:7c0:1b00:: - - [20/Jan/2025:09:37:09 +0100] "POST /wp-admin/admin-ajax.php HTTP/1.1" 200 98 solarsolutionsgmbh.com "https://solarsolutionsgmbh.com/wp-admin/post.php?post=15&action=edit" "Mozilla/5.0 (Windows NT 10.0; Win64; x64; rv:134.0) Gecko/20100101 Firefox/134.0" "-"
82.165.90.0 - - [20/Jan/2025:09:37:51 +0100] "POST /wp-cron.php?doing_wp_cron=1737362271.8578000068664550781250 HTTP/1.1" 200 - solarsolutionsgmbh.com "-" "WordPress/6.7.1; https://solarsolutionsgmbh.com" "-"
2001:7c0:1b00:: - - [20/Jan/2025:09:37:51 +0100] "POST /wp-admin/admin-ajax.php HTTP/1.1" 200 47 solarsolutionsgmbh.com "https://solarsolutionsgmbh.com/wp-admin/admin.php?page=wp-phpmyadmin-extension" "Mozilla/5.0 (Windows NT 10.0; Win64; x64; rv:134.0) Gecko/20100101 Firefox/134.0" "-"
2001:4860:: - - [20/Jan/2025:09:38:10 +0100] "GET / HTTP/1.1" 200 110264 solarsolutionsgmbh.com "https://www.google.com/" "Mozilla/5.0 (Windows NT 10.0; Win64; x64) AppleWebKit/537.36 (KHTML, like Gecko) Chrome/131.0.0.0 Safari/537.36" "-"
74.125.208.0 - - [20/Jan/2025:09:38:10 +0100] "GET /.well-known/traffic-advice HTTP/1.1" 404 82951 solarsolutionsgmbh.com "-" "Chrome Privacy Preserving Prefetch Proxy" "-"
82.165.90.0 - - [20/Jan/2025:09:38:26 +0100] "POST /wp-cron.php?doing_wp_cron=1737362306.7776579856872558593750 HTTP/1.1" 200 - solarsolutionsgmbh.com "-" "WordPress/6.7.1; https://solarsolutionsgmbh.com" "-"
2001:4860:: - - [20/Jan/2025:09:38:26 +0100] "GET / HTTP/1.1" 200 110264 solarsolutionsgmbh.com "https://www.google.com/" "Mozilla/5.0 (Windows NT 10.0; Win64; x64) AppleWebKit/537.36 (KHTML, like Gecko) Chrome/131.0.0.0 Safari/537.36" "-"
2001:7c0:1b00:: - - [20/Jan/2025:09:39:09 +0100] "POST /wp-admin/admin-ajax.php HTTP/1.1" 200 98 solarsolutionsgmbh.com "https://solarsolutionsgmbh.com/wp-admin/post.php?post=15&action=edit" "Mozilla/5.0 (Windows NT 10.0; Win64; x64; rv:134.0) Gecko/20100101 Firefox/134.0" "-"
2001:7c0:1b00:: - - [20/Jan/2025:09:39:21 +0100] "POST /wp-admin/admin-ajax.php HTTP/1.1" 200 98 solarsolutionsgmbh.com "https://solarsolutionsgmbh.com/wp-admin/post.php?post=15&action=edit" "Mozilla/5.0 (Windows NT 10.0; Win64; x64; rv:134.0) Gecko/20100101 Firefox/134.0" "-"
82.165.90.0 - - [20/Jan/2025:09:39:22 +0100] "POST /wp-cron.php?doing_wp_cron=1737362362.0747990608215332031250 HTTP/1.1" 200 - solarsolutionsgmbh.com "-" "WordPress/6.7.1; https://solarsolutionsgmbh.com" "-"
2001:7c0:1b00:: - - [20/Jan/2025:09:39:24 +0100] "POST /wp-json/wpforms/v1/themes/custom/?_locale=user HTTP/1.1" 200 15 solarsolutionsgmbh.com "https://solarsolutionsgmbh.com/wp-admin/post.php?post=15&action=edit" "Mozilla/5.0 (Windows NT 10.0; Win64; x64; rv:134.0) Gecko/20100101 Firefox/134.0" "-"
2001:7c0:1b00:: - - [20/Jan/2025:09:39:24 +0100] "POST /wp-json/wp/v2/pages/15?_locale=user HTTP/1.1" 200 43594 solarsolutionsgmbh.com "https://solarsolutionsgmbh.com/wp-admin/post.php?post=15&action=edit" "Mozilla/5.0 (Windows NT 10.0; Win64; x64; rv:134.0) Gecko/20100101 Firefox/134.0" "-"
2001:7c0:1b00:: - - [20/Jan/2025:09:39:25 +0100] "POST /wp-json/wpforms/v1/themes/custom/?_locale=user HTTP/1.1" 200 15 solarsolutionsgmbh.com "https://solarsolutionsgmbh.com/wp-admin/post.php?post=15&action=edit" "Mozilla/5.0 (Windows NT 10.0; Win64; x64; rv:134.0) Gecko/20100101 Firefox/134.0" "-"
2001:7c0:1b00:: - - [20/Jan/2025:09:39:25 +0100] "POST /wp-admin/post.php?post=15&action=edit&meta-box-loader=1&meta-box-loader-nonce=64bb8f1aad&_locale=user HTTP/1.1" 302 - solarsolutionsgmbh.com "https://solarsolutionsgmbh.com/wp-admin/post.php?post=15&action=edit" "Mozilla/5.0 (Windows NT 10.0; Win64; x64; rv:134.0) Gecko/20100101 Firefox/134.0" "-"
2001:7c0:1b00:: - - [20/Jan/2025:09:39:26 +0100] "GET /wp-admin/post.php?post=15&action=edit&message=4 HTTP/1.1" 200 1079193 solarsolutionsgmbh.com "https://solarsolutionsgmbh.com/wp-admin/post.php?post=15&action=edit" "Mozilla/5.0 (Windows NT 10.0; Win64; x64; rv:134.0) Gecko/20100101 Firefox/134.0" "-"
82.165.90.0 - - [20/Jan/2025:09:39:27 +0100] "GET /wp-admin/admin-ajax.php?_wpnonce=56b8c53af0&post_id=15&action=sns_tinymce_styles HTTP/1.1" 200 - solarsolutionsgmbh.com "-" "WordPress/6.7.1; https://solarsolutionsgmbh.com" "-"
2001:7c0:1b00:: - - [20/Jan/2025:09:39:28 +0100] "POST /wp-json/wpforms/v1/themes/custom/?_locale=user HTTP/1.1" 200 15 solarsolutionsgmbh.com "https://solarsolutionsgmbh.com/wp-admin/post.php?post=15&action=edit" "Mozilla/5.0 (Windows NT 10.0; Win64; x64; rv:134.0) Gecko/20100101 Firefox/134.0" "-"
2001:7c0:1b00:: - - [20/Jan/2025:09:39:31 +0100] "GET /Projekte/ HTTP/1.1" 200 153487 solarsolutionsgmbh.com "-" "Mozilla/5.0 (Windows NT 10.0; Win64; x64; rv:134.0) Gecko/20100101 Firefox/134.0" "-"
2001:7c0:1b00:: - - [20/Jan/2025:09:39:31 +0100] "POST /wp-admin/admin-ajax.php HTTP/1.1" 200 98 solarsolutionsgmbh.com "https://solarsolutionsgmbh.com/wp-admin/post.php?post=15&action=edit" "Mozilla/5.0 (Windows NT 10.0; Win64; x64; rv:134.0) Gecko/20100101 Firefox/134.0" "-"
2001:7c0:1b00:: - - [20/Jan/2025:09:39:34 +0100] "GET /wp-content/plugins/insert-headers-and-footers/build/admin-bar.css?ver=8afeca4aaad1d56fefb41623b6b7b000 HTTP/1.1" 200 1946 solarsolutionsgmbh.com "https://solarsolutionsgmbh.com/Projekte/" "Mozilla/5.0 (Windows NT 10.0; Win64; x64; rv:134.0) Gecko/20100101 Firefox/134.0" "-"
2001:7c0:1b00:: - - [20/Jan/2025:09:39:34 +0100] "GET /wp-includes/blocks/social-links/style.min.css?ver=6.7.1 HTTP/1.1" 200 11600 solarsolutionsgmbh.com "https://solarsolutionsgmbh.com/Projekte/" "Mozilla/5.0 (Windows NT 10.0; Win64; x64; rv:134.0) Gecko/20100101 Firefox/134.0" "-"
2001:7c0:1b00:: - - [20/Jan/2025:09:39:35 +0100] "GET /wp-content/uploads/fonts/UcCO3FwrK3iLTeHuS_nVMrMxCp50SjIw2boKoduKmMEVuGKYMZ1rib2Bg-4.woff2 HTTP/1.1" 200 117608 solarsolutionsgmbh.com "https://solarsolutionsgmbh.com/Projekte/" "Mozilla/5.0 (Windows NT 10.0; Win64; x64; rv:134.0) Gecko/20100101 Firefox/134.0" "-"
2001:7c0:1b00:: - - [20/Jan/2025:09:39:51 +0100] "POST /wp-admin/admin-ajax.php HTTP/1.1" 200 47 solarsolutionsgmbh.com "https://solarsolutionsgmbh.com/wp-admin/admin.php?page=wp-phpmyadmin-extension" "Mozilla/5.0 (Windows NT 10.0; Win64; x64; rv:134.0) Gecko/20100101 Firefox/134.0" "-"
82.165.90.0 - - [20/Jan/2025:09:39:52 +0100] "POST /wp-cron.php?doing_wp_cron=1737362392.1563758850097656250000 HTTP/1.1" 200 - solarsolutionsgmbh.com "-" "WordPress/6.7.1; https://solarsolutionsgmbh.com" "-"
185.82.160.0 - - [20/Jan/2025:09:40:15 +0100] "GET /Projekte/ HTTP/1.1" 200 104773 solarsolutionsgmbh.com "https://solarsolutionsgmbh.com/solarkonfigurator/" "Mozilla/5.0 (Windows NT 10.0; Win64; x64) AppleWebKit/537.36 (KHTML, like Gecko) Chrome/131.0.0.0 Safari/537.36 Edg/131.0.0.0" "-"
82.165.90.0 - - [20/Jan/2025:09:40:16 +0100] "POST /wp-cron.php?doing_wp_cron=1737362416.3005180358886718750000 HTTP/1.1" 200 - solarsolutionsgmbh.com "-" "WordPress/6.7.1; https://solarsolutionsgmbh.com" "-"
2001:7c0:1b00:: - - [20/Jan/2025:09:41:31 +0100] "POST /wp-admin/admin-ajax.php HTTP/1.1" 200 98 solarsolutionsgmbh.com "https://solarsolutionsgmbh.com/wp-admin/post.php?post=15&action=edit" "Mozilla/5.0 (Windows NT 10.0; Win64; x64; rv:134.0) Gecko/20100101 Firefox/134.0" "-"
82.165.90.0 - - [20/Jan/2025:09:41:32 +0100] "POST /wp-cron.php?doing_wp_cron=1737362492.4821228981018066406250 HTTP/1.1" 200 - solarsolutionsgmbh.com "-" "WordPress/6.7.1; https://solarsolutionsgmbh.com" "-"
2001:7c0:1b00:: - - [20/Jan/2025:09:41:51 +0100] "POST /wp-admin/admin-ajax.php HTTP/1.1" 200 47 solarsolutionsgmbh.com "https://solarsolutionsgmbh.com/wp-admin/admin.php?page=wp-phpmyadmin-extension" "Mozilla/5.0 (Windows NT 10.0; Win64; x64; rv:134.0) Gecko/20100101 Firefox/134.0" "-"
82.165.90.0 - - [20/Jan/2025:09:43:32 +0100] "POST /wp-cron.php?doing_wp_cron=1737362612.8122220039367675781250 HTTP/1.1" 200 - solarsolutionsgmbh.com "-" "WordPress/6.7.1; https://solarsolutionsgmbh.com" "-"
2001:7c0:1b00:: - - [20/Jan/2025:09:43:32 +0100] "POST /wp-admin/admin-ajax.php HTTP/1.1" 200 98 solarsolutionsgmbh.com "https://solarsolutionsgmbh.com/wp-admin/post.php?post=15&action=edit" "Mozilla/5.0 (Windows NT 10.0; Win64; x64; rv:134.0) Gecko/20100101 Firefox/134.0" "-"
2001:7c0:1b00:: - - [20/Jan/2025:09:43:51 +0100] "POST /wp-admin/admin-ajax.php HTTP/1.1" 200 47 solarsolutionsgmbh.com "https://solarsolutionsgmbh.com/wp-admin/admin.php?page=wp-phpmyadmin-extension" "Mozilla/5.0 (Windows NT 10.0; Win64; x64; rv:134.0) Gecko/20100101 Firefox/134.0" "-"
82.165.90.0 - - [20/Jan/2025:09:44:14 +0100] "POST /wp-cron.php?doing_wp_cron=1737362654.6126461029052734375000 HTTP/1.1" 200 - solarsolutionsgmbh.com "-" "WordPress/6.7.1; https://solarsolutionsgmbh.com" "-"
185.82.160.0 - - [20/Jan/2025:09:44:14 +0100] "GET /Projekte/ HTTP/1.1" 200 104773 solarsolutionsgmbh.com "https://solarsolutionsgmbh.com/solarkonfigurator/" "Mozilla/5.0 (Windows NT 10.0; Win64; x64) AppleWebKit/537.36 (KHTML, like Gecko) Chrome/131.0.0.0 Safari/537.36 Edg/131.0.0.0" "-"
2001:7c0:1b00:: - - [20/Jan/2025:09:45:27 +0100] "POST /wp-admin/admin-ajax.php HTTP/1.1" 200 98 solarsolutionsgmbh.com "https://solarsolutionsgmbh.com/wp-admin/post.php?post=15&action=edit" "Mozilla/5.0 (Windows NT 10.0; Win64; x64; rv:134.0) Gecko/20100101 Firefox/134.0" "-"
82.165.90.0 - - [20/Jan/2025:09:45:28 +0100] "POST /wp-cron.php?doing_wp_cron=1737362728.5547060966491699218750 HTTP/1.1" 200 - solarsolutionsgmbh.com "-" "WordPress/6.7.1; https://solarsolutionsgmbh.com" "-"
2001:7c0:1b00:: - - [20/Jan/2025:09:45:37 +0100] "POST /wp-admin/admin-ajax.php HTTP/1.1" 200 98 solarsolutionsgmbh.com "https://solarsolutionsgmbh.com/wp-admin/post.php?post=15&action=edit" "Mozilla/5.0 (Windows NT 10.0; Win64; x64; rv:134.0) Gecko/20100101 Firefox/134.0" "-"
2001:7c0:1b00:: - - [20/Jan/2025:09:45:46 +0100] "GET /Solarkonfigurator HTTP/1.1" 301 - solarsolutionsgmbh.com "https://solarsolutionsgmbh.com/Solarkonfigurator/" "Mozilla/5.0 (Windows NT 10.0; Win64; x64) AppleWebKit/537.36 (KHTML, like Gecko) Chrome/131.0.0.0 Safari/537.36" "-"
2001:7c0:1b00:: - - [20/Jan/2025:09:45:46 +0100] "GET /Solarkonfigurator/ HTTP/1.1" 200 92897 solarsolutionsgmbh.com "https://solarsolutionsgmbh.com/Solarkonfigurator/" "Mozilla/5.0 (Windows NT 10.0; Win64; x64) AppleWebKit/537.36 (KHTML, like Gecko) Chrome/131.0.0.0 Safari/537.36" "-"
2001:7c0:1b00:: - - [20/Jan/2025:09:45:47 +0100] "POST /wp-admin/admin-ajax.php HTTP/1.1" 200 98 solarsolutionsgmbh.com "https://solarsolutionsgmbh.com/wp-admin/post.php?post=15&action=edit" "Mozilla/5.0 (Windows NT 10.0; Win64; x64; rv:134.0) Gecko/20100101 Firefox/134.0" "-"
2001:7c0:1b00:: - - [20/Jan/2025:09:45:51 +0100] "POST /wp-admin/admin-ajax.php HTTP/1.1" 200 47 solarsolutionsgmbh.com "https://solarsolutionsgmbh.com/wp-admin/admin.php?page=wp-phpmyadmin-extension" "Mozilla/5.0 (Windows NT 10.0; Win64; x64; rv:134.0) Gecko/20100101 Firefox/134.0" "-"
2001:7c0:1b00:: - - [20/Jan/2025:09:45:54 +0100] "POST /wp-json/wp/v2/pages/15/autosaves?_locale=user HTTP/1.1" 200 36280 solarsolutionsgmbh.com "https://solarsolutionsgmbh.com/wp-admin/post.php?post=15&action=edit" "Mozilla/5.0 (Windows NT 10.0; Win64; x64; rv:134.0) Gecko/20100101 Firefox/134.0" "-"
2001:7c0:1b00:: - - [20/Jan/2025:09:45:57 +0100] "POST /wp-admin/admin-ajax.php HTTP/1.1" 200 98 solarsolutionsgmbh.com "https://solarsolutionsgmbh.com/wp-admin/post.php?post=15&action=edit" "Mozilla/5.0 (Windows NT 10.0; Win64; x64; rv:134.0) Gecko/20100101 Firefox/134.0" "-"
2001:7c0:1b00:: - - [20/Jan/2025:09:46:07 +0100] "POST /wp-admin/admin-ajax.php HTTP/1.1" 200 98 solarsolutionsgmbh.com "https://solarsolutionsgmbh.com/wp-admin/post.php?post=15&action=edit" "Mozilla/5.0 (Windows NT 10.0; Win64; x64; rv:134.0) Gecko/20100101 Firefox/134.0" "-"
2001:7c0:1b00:: - - [20/Jan/2025:09:46:08 +0100] "POST /wp-json/wpforms/v1/themes/custom/?_locale=user HTTP/1.1" 200 15 solarsolutionsgmbh.com "https://solarsolutionsgmbh.com/wp-admin/post.php?post=15&action=edit" "Mozilla/5.0 (Windows NT 10.0; Win64; x64; rv:134.0) Gecko/20100101 Firefox/134.0" "-"
2001:7c0:1b00:: - - [20/Jan/2025:09:46:08 +0100] "POST /wp-json/wp/v2/pages/15?_locale=user HTTP/1.1" 200 42360 solarsolutionsgmbh.com "https://solarsolutionsgmbh.com/wp-admin/post.php?post=15&action=edit" "Mozilla/5.0 (Windows NT 10.0; Win64; x64; rv:134.0) Gecko/20100101 Firefox/134.0" "-"
2001:7c0:1b00:: - - [20/Jan/2025:09:46:09 +0100] "POST /wp-json/wpforms/v1/themes/custom/?_locale=user HTTP/1.1" 200 15 solarsolutionsgmbh.com "https://solarsolutionsgmbh.com/wp-admin/post.php?post=15&action=edit" "Mozilla/5.0 (Windows NT 10.0; Win64; x64; rv:134.0) Gecko/20100101 Firefox/134.0" "-"
2001:7c0:1b00:: - - [20/Jan/2025:09:46:09 +0100] "POST /wp-admin/post.php?post=15&action=edit&meta-box-loader=1&meta-box-loader-nonce=64bb8f1aad&_locale=user HTTP/1.1" 302 - solarsolutionsgmbh.com "https://solarsolutionsgmbh.com/wp-admin/post.php?post=15&action=edit" "Mozilla/5.0 (Windows NT 10.0; Win64; x64; rv:134.0) Gecko/20100101 Firefox/134.0" "-"
2001:7c0:1b00:: - - [20/Jan/2025:09:46:10 +0100] "GET /Projekte/ HTTP/1.1" 200 152903 solarsolutionsgmbh.com "-" "Mozilla/5.0 (Windows NT 10.0; Win64; x64; rv:134.0) Gecko/20100101 Firefox/134.0" "-"
2001:7c0:1b00:: - - [20/Jan/2025:09:46:10 +0100] "GET /wp-admin/post.php?post=15&action=edit&message=4 HTTP/1.1" 200 1113622 solarsolutionsgmbh.com "https://solarsolutionsgmbh.com/wp-admin/post.php?post=15&action=edit" "Mozilla/5.0 (Windows NT 10.0; Win64; x64; rv:134.0) Gecko/20100101 Firefox/134.0" "-"
82.165.90.0 - - [20/Jan/2025:09:46:11 +0100] "GET /wp-admin/admin-ajax.php?_wpnonce=56b8c53af0&post_id=15&action=sns_tinymce_styles HTTP/1.1" 200 - solarsolutionsgmbh.com "-" "WordPress/6.7.1; https://solarsolutionsgmbh.com" "-"
2001:7c0:1b00:: - - [20/Jan/2025:09:46:12 +0100] "POST /wp-json/wpforms/v1/themes/custom/?_locale=user HTTP/1.1" 200 15 solarsolutionsgmbh.com "https://solarsolutionsgmbh.com/wp-admin/post.php?post=15&action=edit" "Mozilla/5.0 (Windows NT 10.0; Win64; x64; rv:134.0) Gecko/20100101 Firefox/134.0" "-"
82.165.90.0 - - [20/Jan/2025:09:46:16 +0100] "POST /wp-cron.php?doing_wp_cron=1737362776.5328030586242675781250 HTTP/1.1" 200 - solarsolutionsgmbh.com "-" "WordPress/6.7.1; https://solarsolutionsgmbh.com" "-"
2001:7c0:1b00:: - - [20/Jan/2025:09:46:16 +0100] "GET /impressum/ HTTP/1.1" 200 91316 solarsolutionsgmbh.com "https://solarsolutionsgmbh.com/Solarkonfigurator/" "Mozilla/5.0 (Windows NT 10.0; Win64; x64) AppleWebKit/537.36 (KHTML, like Gecko) Chrome/131.0.0.0 Safari/537.36" "-"
2001:7c0:1b00:: - - [20/Jan/2025:09:46:18 +0100] "POST /wp-admin/admin-ajax.php HTTP/1.1" 200 98 solarsolutionsgmbh.com "https://solarsolutionsgmbh.com/wp-admin/post.php?post=15&action=edit" "Mozilla/5.0 (Windows NT 10.0; Win64; x64; rv:134.0) Gecko/20100101 Firefox/134.0" "-"
2001:7c0:1b00:: - - [20/Jan/2025:09:46:50 +0100] "GET /ueber-uns/ HTTP/1.1" 200 96036 solarsolutionsgmbh.com "https://solarsolutionsgmbh.com/impressum/" "Mozilla/5.0 (Windows NT 10.0; Win64; x64) AppleWebKit/537.36 (KHTML, like Gecko) Chrome/131.0.0.0 Safari/537.36" "-"
2001:7c0:1b00:: - - [20/Jan/2025:09:46:50 +0100] "GET /wp-content/uploads/2025/01/pexels-edmond-dantes-4342493-scaled-e1736797595440-1024x738.jpg HTTP/1.1" 200 79369 solarsolutionsgmbh.com "https://solarsolutionsgmbh.com/ueber-uns/" "Mozilla/5.0 (Windows NT 10.0; Win64; x64) AppleWebKit/537.36 (KHTML, like Gecko) Chrome/131.0.0.0 Safari/537.36" "-"
2001:7c0:1b00:: - - [20/Jan/2025:09:46:52 +0100] "POST /wp-admin/admin-ajax.php HTTP/1.1" 200 47 solarsolutionsgmbh.com "https://solarsolutionsgmbh.com/wp-admin/admin.php?page=wp-phpmyadmin-extension" "Mozilla/5.0 (Windows NT 10.0; Win64; x64; rv:134.0) Gecko/20100101 Firefox/134.0" "-"
2001:7c0:1b00:: - - [20/Jan/2025:09:47:20 +0100] "GET /kontakt/ HTTP/1.1" 200 98659 solarsolutionsgmbh.com "https://solarsolutionsgmbh.com/ueber-uns/" "Mozilla/5.0 (Windows NT 10.0; Win64; x64) AppleWebKit/537.36 (KHTML, like Gecko) Chrome/131.0.0.0 Safari/537.36" "-"
82.165.90.0 - - [20/Jan/2025:09:47:21 +0100] "POST /wp-cron.php?doing_wp_cron=1737362841.1123719215393066406250 HTTP/1.1" 200 - solarsolutionsgmbh.com "-" "WordPress/6.7.1; https://solarsolutionsgmbh.com" "-"
2001:7c0:1b00:: - - [20/Jan/2025:09:47:21 +0100] "GET /wp-json/contact-form-7/v1/contact-forms/368/feedback/schema HTTP/1.1" 200 1150 solarsolutionsgmbh.com "https://solarsolutionsgmbh.com/kontakt/" "Mozilla/5.0 (Windows NT 10.0; Win64; x64) AppleWebKit/537.36 (KHTML, like Gecko) Chrome/131.0.0.0 Safari/537.36" "-"
2001:7c0:1b00:: - - [20/Jan/2025:09:48:03 +0100] "GET /ueber-uns/ HTTP/1.1" 200 96034 solarsolutionsgmbh.com "https://solarsolutionsgmbh.com/kontakt/" "Mozilla/5.0 (Windows NT 10.0; Win64; x64) AppleWebKit/537.36 (KHTML, like Gecko) Chrome/131.0.0.0 Safari/537.36" "-"
2001:7c0:1b00:: - - [20/Jan/2025:09:48:09 +0100] "GET /kontakt/ HTTP/1.1" 200 98659 solarsolutionsgmbh.com "https://solarsolutionsgmbh.com/ueber-uns/" "Mozilla/5.0 (Windows NT 10.0; Win64; x64) AppleWebKit/537.36 (KHTML, like Gecko) Chrome/131.0.0.0 Safari/537.36" "-"
2001:7c0:1b00:: - - [20/Jan/2025:09:48:10 +0100] "GET /wp-json/contact-form-7/v1/contact-forms/368/feedback/schema HTTP/1.1" 200 1150 solarsolutionsgmbh.com "https://solarsolutionsgmbh.com/kontakt/" "Mozilla/5.0 (Windows NT 10.0; Win64; x64) AppleWebKit/537.36 (KHTML, like Gecko) Chrome/131.0.0.0 Safari/537.36" "-"
2001:7c0:1b00:: - - [20/Jan/2025:09:48:16 +0100] "GET /ueber-uns/ HTTP/1.1" 200 96034 solarsolutionsgmbh.com "https://solarsolutionsgmbh.com/kontakt/" "Mozilla/5.0 (Windows NT 10.0; Win64; x64) AppleWebKit/537.36 (KHTML, like Gecko) Chrome/131.0.0.0 Safari/537.36" "-"
82.165.90.0 - - [20/Jan/2025:09:48:17 +0100] "POST /wp-cron.php?doing_wp_cron=1737362897.2834100723266601562500 HTTP/1.1" 200 - solarsolutionsgmbh.com "-" "WordPress/6.7.1; https://solarsolutionsgmbh.com" "-"
2001:7c0:1b00:: - - [20/Jan/2025:09:48:18 +0100] "POST /wp-admin/admin-ajax.php HTTP/1.1" 200 98 solarsolutionsgmbh.com "https://solarsolutionsgmbh.com/wp-admin/post.php?post=15&action=edit" "Mozilla/5.0 (Windows NT 10.0; Win64; x64; rv:134.0) Gecko/20100101 Firefox/134.0" "-"
2001:7c0:1b00:: - - [20/Jan/2025:09:48:20 +0100] "GET /impressum/ HTTP/1.1" 200 91308 solarsolutionsgmbh.com "https://solarsolutionsgmbh.com/ueber-uns/" "Mozilla/5.0 (Windows NT 10.0; Win64; x64) AppleWebKit/537.36 (KHTML, like Gecko) Chrome/131.0.0.0 Safari/537.36" "-"
2001:7c0:1b00:: - - [20/Jan/2025:09:48:52 +0100] "POST /wp-admin/admin-ajax.php HTTP/1.1" 200 47 solarsolutionsgmbh.com "https://solarsolutionsgmbh.com/wp-admin/admin.php?page=wp-phpmyadmin-extension" "Mozilla/5.0 (Windows NT 10.0; Win64; x64; rv:134.0) Gecko/20100101 Firefox/134.0" "-"
141.31.93.0 - - [20/Jan/2025:09:49:02 +0100] "GET / HTTP/1.1" 200 110264 solarsolutionsgmbh.com "-" "Mozilla/5.0 (Windows NT 10.0; Win64; x64) AppleWebKit/537.36 (KHTML, like Gecko) Chrome/131.0.0.0 Safari/537.36" "-"
141.31.93.0 - - [20/Jan/2025:09:49:03 +0100] "GET /wp-content/plugins/google-analytics-for-wordpress/assets/js/frontend-gtag.min.js?ver=9.2.4 HTTP/1.1" 304 - solarsolutionsgmbh.com "https://solarsolutionsgmbh.com/" "Mozilla/5.0 (Windows NT 10.0; Win64; x64) AppleWebKit/537.36 (KHTML, like Gecko) Chrome/131.0.0.0 Safari/537.36" "-"
2001:7c0:1b00:: - - [20/Jan/2025:09:49:28 +0100] "GET /Projekte/ HTTP/1.1" 200 104181 solarsolutionsgmbh.com "https://solarsolutionsgmbh.com/impressum/" "Mozilla/5.0 (Windows NT 10.0; Win64; x64) AppleWebKit/537.36 (KHTML, like Gecko) Chrome/131.0.0.0 Safari/537.36" "-"
82.165.90.0 - - [20/Jan/2025:09:49:29 +0100] "POST /wp-cron.php?doing_wp_cron=1737362969.1040070056915283203125 HTTP/1.1" 200 - solarsolutionsgmbh.com "-" "WordPress/6.7.1; https://solarsolutionsgmbh.com" "-"
2001:7c0:1b00:: - - [20/Jan/2025:09:49:29 +0100] "GET /wp-content/uploads/2025/01/pexels-kindelmedia-9799994-scaled.jpg HTTP/1.1" 200 1145825 solarsolutionsgmbh.com "https://solarsolutionsgmbh.com/Projekte/" "Mozilla/5.0 (Windows NT 10.0; Win64; x64) AppleWebKit/537.36 (KHTML, like Gecko) Chrome/131.0.0.0 Safari/537.36" "-"
2001:7c0:1b00:: - - [20/Jan/2025:09:49:29 +0100] "GET /wp-content/uploads/2025/01/pexels-kindelmedia-9799727-scaled.jpg HTTP/1.1" 200 1280051 solarsolutionsgmbh.com "https://solarsolutionsgmbh.com/Projekte/" "Mozilla/5.0 (Windows NT 10.0; Win64; x64) AppleWebKit/537.36 (KHTML, like Gecko) Chrome/131.0.0.0 Safari/537.36" "-"
2001:7c0:1b00:: - - [20/Jan/2025:09:49:29 +0100] "GET /wp-content/uploads/2025/01/pexels-kindelmedia-9875683-scaled.jpg HTTP/1.1" 200 965290 solarsolutionsgmbh.com "https://solarsolutionsgmbh.com/Projekte/" "Mozilla/5.0 (Windows NT 10.0; Win64; x64) AppleWebKit/537.36 (KHTML, like Gecko) Chrome/131.0.0.0 Safari/537.36" "-"
2001:7c0:1b00:: - - [20/Jan/2025:09:49:34 +0100] "GET /wp-content/uploads/2025/01/pexels-kindelmedia-9875676-scaled.jpg HTTP/1.1" 200 922809 solarsolutionsgmbh.com "https://solarsolutionsgmbh.com/Projekte/" "Mozilla/5.0 (Windows NT 10.0; Win64; x64) AppleWebKit/537.36 (KHTML, like Gecko) Chrome/131.0.0.0 Safari/537.36" "-"
2001:7c0:1b00:: - - [20/Jan/2025:09:49:37 +0100] "GET /wp-content/uploads/2025/01/pexels-kindelmedia-9875680-scaled.jpg HTTP/1.1" 200 1150027 solarsolutionsgmbh.com "https://solarsolutionsgmbh.com/Projekte/" "Mozilla/5.0 (Windows NT 10.0; Win64; x64) AppleWebKit/537.36 (KHTML, like Gecko) Chrome/131.0.0.0 Safari/537.36" "-"
2001:7c0:1b00:: - - [20/Jan/2025:09:50:08 +0100] "GET / HTTP/1.1" 200 110327 solarsolutionsgmbh.com "https://solarsolutionsgmbh.com/Projekte/" "Mozilla/5.0 (Windows NT 10.0; Win64; x64) AppleWebKit/537.36 (KHTML, like Gecko) Chrome/131.0.0.0 Safari/537.36" "-"
82.165.90.0 - - [20/Jan/2025:09:50:09 +0100] "POST /wp-cron.php?doing_wp_cron=1737363009.3712210655212402343750 HTTP/1.1" 200 - solarsolutionsgmbh.com "-" "WordPress/6.7.1; https://solarsolutionsgmbh.com" "-"
2001:7c0:1b00:: - - [20/Jan/2025:09:50:10 +0100] "GET /wp-content/uploads/2025/01/Illustration.png HTTP/1.1" 200 19597 solarsolutionsgmbh.com "https://solarsolutionsgmbh.com/" "Mozilla/5.0 (Windows NT 10.0; Win64; x64) AppleWebKit/537.36 (KHTML, like Gecko) Chrome/131.0.0.0 Safari/537.36" "-"
2001:7c0:1b00:: - - [20/Jan/2025:09:50:10 +0100] "GET /wp-content/uploads/2025/01/pexels-cristian-rojas-8853501-scaled-e1736841770815.jpg HTTP/1.1" 200 26603 solarsolutionsgmbh.com "https://solarsolutionsgmbh.com/" "Mozilla/5.0 (Windows NT 10.0; Win64; x64) AppleWebKit/537.36 (KHTML, like Gecko) Chrome/131.0.0.0 Safari/537.36" "-"
2001:7c0:1b00:: - - [20/Jan/2025:09:50:10 +0100] "GET /wp-content/uploads/2025/01/pexels-rdne-8293653-scaled-e1736842089834.jpg HTTP/1.1" 200 14360 solarsolutionsgmbh.com "https://solarsolutionsgmbh.com/" "Mozilla/5.0 (Windows NT 10.0; Win64; x64) AppleWebKit/537.36 (KHTML, like Gecko) Chrome/131.0.0.0 Safari/537.36" "-"
2001:7c0:1b00:: - - [20/Jan/2025:09:50:10 +0100] "GET /wp-content/uploads/2025/01/0cea1b925a40798cff672554981f4731.png HTTP/1.1" 200 173689 solarsolutionsgmbh.com "https://solarsolutionsgmbh.com/" "Mozilla/5.0 (Windows NT 10.0; Win64; x64) AppleWebKit/537.36 (KHTML, like Gecko) Chrome/131.0.0.0 Safari/537.36" "-"
2001:7c0:1b00:: - - [20/Jan/2025:09:50:10 +0100] "GET /wp-content/uploads/2025/01/wartung.png HTTP/1.1" 200 36653 solarsolutionsgmbh.com "https://solarsolutionsgmbh.com/" "Mozilla/5.0 (Windows NT 10.0; Win64; x64) AppleWebKit/537.36 (KHTML, like Gecko) Chrome/131.0.0.0 Safari/537.36" "-"
2001:7c0:1b00:: - - [20/Jan/2025:09:50:10 +0100] "GET /wp-content/uploads/2025/01/beratung.png HTTP/1.1" 200 38360 solarsolutionsgmbh.com "https://solarsolutionsgmbh.com/" "Mozilla/5.0 (Windows NT 10.0; Win64; x64) AppleWebKit/537.36 (KHTML, like Gecko) Chrome/131.0.0.0 Safari/537.36" "-"
2001:7c0:1b00:: - - [20/Jan/2025:09:50:10 +0100] "GET /wp-content/uploads/2025/01/montage.png HTTP/1.1" 200 33498 solarsolutionsgmbh.com "https://solarsolutionsgmbh.com/" "Mozilla/5.0 (Windows NT 10.0; Win64; x64) AppleWebKit/537.36 (KHTML, like Gecko) Chrome/131.0.0.0 Safari/537.36" "-"
2001:7c0:1b00:: - - [20/Jan/2025:09:50:10 +0100] "GET /wp-content/uploads/2025/01/planung.png HTTP/1.1" 200 20333 solarsolutionsgmbh.com "https://solarsolutionsgmbh.com/" "Mozilla/5.0 (Windows NT 10.0; Win64; x64) AppleWebKit/537.36 (KHTML, like Gecko) Chrome/131.0.0.0 Safari/537.36" "-"
2001:7c0:1b00:: - - [20/Jan/2025:09:50:18 +0100] "POST /wp-admin/admin-ajax.php HTTP/1.1" 200 98 solarsolutionsgmbh.com "https://solarsolutionsgmbh.com/wp-admin/post.php?post=15&action=edit" "Mozilla/5.0 (Windows NT 10.0; Win64; x64; rv:134.0) Gecko/20100101 Firefox/134.0" "-"
82.165.90.0 - - [20/Jan/2025:09:50:19 +0100] "POST /wp-cron.php?doing_wp_cron=1737363019.5832700729370117187500 HTTP/1.1" 200 - solarsolutionsgmbh.com "-" "WordPress/6.7.1; https://solarsolutionsgmbh.com" "-"
2001:7c0:1b00:: - - [20/Jan/2025:09:50:19 +0100] "GET /solarkonfigurator HTTP/1.1" 301 - solarsolutionsgmbh.com "https://solarsolutionsgmbh.com/" "Mozilla/5.0 (Windows NT 10.0; Win64; x64) AppleWebKit/537.36 (KHTML, like Gecko) Chrome/131.0.0.0 Safari/537.36" "-"
2001:7c0:1b00:: - - [20/Jan/2025:09:50:20 +0100] "GET /solarkonfigurator/ HTTP/1.1" 200 92950 solarsolutionsgmbh.com "https://solarsolutionsgmbh.com/" "Mozilla/5.0 (Windows NT 10.0; Win64; x64) AppleWebKit/537.36 (KHTML, like Gecko) Chrome/131.0.0.0 Safari/537.36" "-"
2001:7c0:1b00:: - - [20/Jan/2025:09:50:23 +0100] "GET /Projekte/ HTTP/1.1" 200 104189 solarsolutionsgmbh.com "https://solarsolutionsgmbh.com/solarkonfigurator/" "Mozilla/5.0 (Windows NT 10.0; Win64; x64) AppleWebKit/537.36 (KHTML, like Gecko) Chrome/131.0.0.0 Safari/537.36" "-"
2001:7c0:1b00:: - - [20/Jan/2025:09:50:27 +0100] "GET /leistungen/ HTTP/1.1" 200 101590 solarsolutionsgmbh.com "https://solarsolutionsgmbh.com/Projekte/" "Mozilla/5.0 (Windows NT 10.0; Win64; x64) AppleWebKit/537.36 (KHTML, like Gecko) Chrome/131.0.0.0 Safari/537.36" "-"
2001:7c0:1b00:: - - [20/Jan/2025:09:50:27 +0100] "GET /wp-includes/blocks/image/style.min.css?ver=6.7.1 HTTP/1.1" 200 6708 solarsolutionsgmbh.com "https://solarsolutionsgmbh.com/leistungen/" "Mozilla/5.0 (Windows NT 10.0; Win64; x64) AppleWebKit/537.36 (KHTML, like Gecko) Chrome/131.0.0.0 Safari/537.36" "-"
2001:7c0:1b00:: - - [20/Jan/2025:09:50:27 +0100] "GET /wp-content/uploads/2025/01/pexels-cristian-rojas-8853502-2048x1368.jpg HTTP/1.1" 200 394917 solarsolutionsgmbh.com "https://solarsolutionsgmbh.com/leistungen/" "Mozilla/5.0 (Windows NT 10.0; Win64; x64) AppleWebKit/537.36 (KHTML, like Gecko) Chrome/131.0.0.0 Safari/537.36" "-"
2001:7c0:1b00:: - - [20/Jan/2025:09:50:45 +0100] "POST /wp-admin/admin-ajax.php HTTP/1.1" 200 98 solarsolutionsgmbh.com "https://solarsolutionsgmbh.com/wp-admin/post.php?post=15&action=edit" "Mozilla/5.0 (Windows NT 10.0; Win64; x64; rv:134.0) Gecko/20100101 Firefox/134.0" "-"
2001:7c0:1b00:: - - [20/Jan/2025:09:50:53 +0100] "POST /wp-admin/admin-ajax.php HTTP/1.1" 200 47 solarsolutionsgmbh.com "https://solarsolutionsgmbh.com/wp-admin/admin.php?page=wp-phpmyadmin-extension" "Mozilla/5.0 (Windows NT 10.0; Win64; x64; rv:134.0) Gecko/20100101 Firefox/134.0" "-"
2001:7c0:1b00:: - - [20/Jan/2025:09:50:55 +0100] "POST /wp-admin/admin-ajax.php HTTP/1.1" 200 98 solarsolutionsgmbh.com "https://solarsolutionsgmbh.com/wp-admin/post.php?post=15&action=edit" "Mozilla/5.0 (Windows NT 10.0; Win64; x64; rv:134.0) Gecko/20100101 Firefox/134.0" "-"
2001:7c0:1b00:: - - [20/Jan/2025:09:51:12 +0100] "POST /wp-admin/admin-ajax.php HTTP/1.1" 200 98 solarsolutionsgmbh.com "https://solarsolutionsgmbh.com/wp-admin/post.php?post=15&action=edit" "Mozilla/5.0 (Windows NT 10.0; Win64; x64; rv:134.0) Gecko/20100101 Firefox/134.0" "-"
82.165.90.0 - - [20/Jan/2025:09:51:13 +0100] "POST /wp-cron.php?doing_wp_cron=1737363073.5350329875946044921875 HTTP/1.1" 200 - solarsolutionsgmbh.com "-" "WordPress/6.7.1; https://solarsolutionsgmbh.com" "-"
2001:7c0:1b00:: - - [20/Jan/2025:09:51:22 +0100] "POST /wp-admin/admin-ajax.php HTTP/1.1" 200 98 solarsolutionsgmbh.com "https://solarsolutionsgmbh.com/wp-admin/post.php?post=15&action=edit" "Mozilla/5.0 (Windows NT 10.0; Win64; x64; rv:134.0) Gecko/20100101 Firefox/134.0" "-"
2001:7c0:1b00:: - - [20/Jan/2025:09:51:45 +0100] "GET /solarkonfigurator/ HTTP/1.1" 200 147087 solarsolutionsgmbh.com "-" "Mozilla/5.0 (Windows NT 10.0; Win64; x64; rv:134.0) Gecko/20100101 Firefox/134.0" "-"
2001:7c0:1b00:: - - [20/Jan/2025:09:51:55 +0100] "POST /solarkonfigurator/ HTTP/1.1" 200 147400 solarsolutionsgmbh.com "https://solarsolutionsgmbh.com/solarkonfigurator/" "Mozilla/5.0 (Windows NT 10.0; Win64; x64; rv:134.0) Gecko/20100101 Firefox/134.0" "-"
2001:7c0:1b00:: - - [20/Jan/2025:09:53:23 +0100] "POST /wp-admin/admin-ajax.php HTTP/1.1" 200 98 solarsolutionsgmbh.com "https://solarsolutionsgmbh.com/wp-admin/post.php?post=15&action=edit" "Mozilla/5.0 (Windows NT 10.0; Win64; x64; rv:134.0) Gecko/20100101 Firefox/134.0" "-"
82.165.90.0 - - [20/Jan/2025:09:53:24 +0100] "POST /wp-cron.php?doing_wp_cron=1737363204.2482469081878662109375 HTTP/1.1" 200 - solarsolutionsgmbh.com "-" "WordPress/6.7.1; https://solarsolutionsgmbh.com" "-"
2001:7c0:1b00:: - - [20/Jan/2025:09:53:39 +0100] "POST /wp-admin/admin-ajax.php HTTP/1.1" 200 98 solarsolutionsgmbh.com "https://solarsolutionsgmbh.com/wp-admin/post.php?post=15&action=edit" "Mozilla/5.0 (Windows NT 10.0; Win64; x64; rv:134.0) Gecko/20100101 Firefox/134.0" "-"
2001:7c0:1b00:: - - [20/Jan/2025:09:53:43 +0100] "POST /solarkonfigurator/ HTTP/1.1" 200 142054 solarsolutionsgmbh.com "https://solarsolutionsgmbh.com/solarkonfigurator/" "Mozilla/5.0 (Windows NT 10.0; Win64; x64; rv:134.0) Gecko/20100101 Firefox/134.0" "-"
2001:7c0:1b00:: - - [20/Jan/2025:09:53:50 +0100] "POST /wp-admin/admin-ajax.php HTTP/1.1" 200 98 solarsolutionsgmbh.com "https://solarsolutionsgmbh.com/wp-admin/post.php?post=15&action=edit" "Mozilla/5.0 (Windows NT 10.0; Win64; x64; rv:134.0) Gecko/20100101 Firefox/134.0" "-"
2001:7c0:1b00:: - - [20/Jan/2025:09:55:08 +0100] "POST /wp-admin/admin-ajax.php HTTP/1.1" 200 98 solarsolutionsgmbh.com "https://solarsolutionsgmbh.com/wp-admin/post.php?post=15&action=edit" "Mozilla/5.0 (Windows NT 10.0; Win64; x64; rv:134.0) Gecko/20100101 Firefox/134.0" "-"
82.165.90.0 - - [20/Jan/2025:09:55:09 +0100] "POST /wp-cron.php?doing_wp_cron=1737363309.3281168937683105468750 HTTP/1.1" 200 - solarsolutionsgmbh.com "-" "WordPress/6.7.1; https://solarsolutionsgmbh.com" "-"
43.153.119.0 - - [20/Jan/2025:09:56:22 +0100] "GET / HTTP/1.1" 301 - www.solarsolutionsgmbh.com "-" "Mozilla/5.0 (iPhone; CPU iPhone OS 13_2_3 like Mac OS X) AppleWebKit/605.1.15 (KHTML, like Gecko) Version/13.0.3 Mobile/15E148 Safari/604.1" "-"
2a02:3037:400:: - - [20/Jan/2025:09:56:23 +0100] "GET / HTTP/1.1" 200 110264 solarsolutionsgmbh.com "-" "Mozilla/5.0 (Linux; Android 10; K) AppleWebKit/537.36 (KHTML, like Gecko) SamsungBrowser/27.0 Chrome/125.0.0.0 Mobile Safari/537.36" "-"
82.165.90.0 - - [20/Jan/2025:09:56:23 +0100] "POST /wp-cron.php?doing_wp_cron=1737363383.5406339168548583984375 HTTP/1.1" 200 - solarsolutionsgmbh.com "-" "WordPress/6.7.1; https://solarsolutionsgmbh.com" "-"
2a02:3037:400:: - - [20/Jan/2025:09:56:24 +0100] "GET /wp-includes/blocks/social-links/style.min.css?ver=6.7.1 HTTP/1.1" 200 11600 solarsolutionsgmbh.com "https://solarsolutionsgmbh.com/" "Mozilla/5.0 (Linux; Android 10; K) AppleWebKit/537.36 (KHTML, like Gecko) SamsungBrowser/27.0 Chrome/125.0.0.0 Mobile Safari/537.36" "-"
2a02:3037:400:: - - [20/Jan/2025:09:56:24 +0100] "GET /wp-content/plugins/solarkonfigurator_v2/design_v2.css?ver=6.7.1 HTTP/1.1" 200 6404 solarsolutionsgmbh.com "https://solarsolutionsgmbh.com/" "Mozilla/5.0 (Linux; Android 10; K) AppleWebKit/537.36 (KHTML, like Gecko) SamsungBrowser/27.0 Chrome/125.0.0.0 Mobile Safari/537.36" "-"
2a02:3037:400:: - - [20/Jan/2025:09:56:24 +0100] "GET /wp-content/plugins/solarkonfigurator/design.css?ver=6.7.1 HTTP/1.1" 200 7775 solarsolutionsgmbh.com "https://solarsolutionsgmbh.com/" "Mozilla/5.0 (Linux; Android 10; K) AppleWebKit/537.36 (KHTML, like Gecko) SamsungBrowser/27.0 Chrome/125.0.0.0 Mobile Safari/537.36" "-"
2a02:3037:400:: - - [20/Jan/2025:09:56:24 +0100] "GET /wp-content/themes/twentytwentyfour/assets/css/slider.css?ver=6.7.1 HTTP/1.1" 200 591 solarsolutionsgmbh.com "https://solarsolutionsgmbh.com/" "Mozilla/5.0 (Linux; Android 10; K) AppleWebKit/537.36 (KHTML, like Gecko) SamsungBrowser/27.0 Chrome/125.0.0.0 Mobile Safari/537.36" "-"
2a02:3037:400:: - - [20/Jan/2025:09:56:24 +0100] "GET /wp-content/plugins/newsletter/style.css?ver=8.6.4 HTTP/1.1" 200 7190 solarsolutionsgmbh.com "https://solarsolutionsgmbh.com/" "Mozilla/5.0 (Linux; Android 10; K) AppleWebKit/537.36 (KHTML, like Gecko) SamsungBrowser/27.0 Chrome/125.0.0.0 Mobile Safari/537.36" "-"
2a02:3037:400:: - - [20/Jan/2025:09:56:24 +0100] "GET /wp-includes/js/jquery/jquery.min.js?ver=3.7.1 HTTP/1.1" 200 87553 solarsolutionsgmbh.com "https://solarsolutionsgmbh.com/" "Mozilla/5.0 (Linux; Android 10; K) AppleWebKit/537.36 (KHTML, like Gecko) SamsungBrowser/27.0 Chrome/125.0.0.0 Mobile Safari/537.36" "-"
2a02:3037:400:: - - [20/Jan/2025:09:56:24 +0100] "GET /wp-includes/blocks/navigation/style.min.css?ver=6.7.1 HTTP/1.1" 200 16384 solarsolutionsgmbh.com "https://solarsolutionsgmbh.com/" "Mozilla/5.0 (Linux; Android 10; K) AppleWebKit/537.36 (KHTML, like Gecko) SamsungBrowser/27.0 Chrome/125.0.0.0 Mobile Safari/537.36" "-"
