2001:7c0:1b00:: - - [17/Jan/2025:09:44:41 +0100] "GET /wp-content/plugins/userfeedback-lite/assets/css/uf-admin.css?ver=1.4.0 HTTP/1.1" 304 - solarsolutionsgmbh.com "https://solarsolutionsgmbh.com/wp-admin/" "Mozilla/5.0 (Windows NT 10.0; Win64; x64; rv:134.0) Gecko/20100101 Firefox/134.0" "-"
2001:7c0:1b00:: - - [17/Jan/2025:09:44:41 +0100] "GET /wp-content/plugins/wpforms-lite/assets/lite/css/dashboard-education.min.css?ver=1.9.2.3 HTTP/1.1" 200 28513 solarsolutionsgmbh.com "https://solarsolutionsgmbh.com/wp-admin/" "Mozilla/5.0 (Windows NT 10.0; Win64; x64; rv:134.0) Gecko/20100101 Firefox/134.0" "-"
2001:7c0:1b00:: - - [17/Jan/2025:09:44:41 +0100] "GET /wp-content/plugins/seo-by-rank-math/assets/admin/css/dashboard-widget.css?ver=1.0.234.1 HTTP/1.1" 200 7169 solarsolutionsgmbh.com "https://solarsolutionsgmbh.com/wp-admin/" "Mozilla/5.0 (Windows NT 10.0; Win64; x64; rv:134.0) Gecko/20100101 Firefox/134.0" "-"
2001:7c0:1b00:: - - [17/Jan/2025:09:44:41 +0100] "GET /wp-content/plugins/duplicator/assets/css/global_admin_style.css?ver=1.5.11.2 HTTP/1.1" 200 3167 solarsolutionsgmbh.com "https://solarsolutionsgmbh.com/wp-admin/" "Mozilla/5.0 (Windows NT 10.0; Win64; x64; rv:134.0) Gecko/20100101 Firefox/134.0" "-"
2001:7c0:1b00:: - - [17/Jan/2025:09:44:41 +0100] "GET /wp-content/plugins/elementor/assets/css/admin.min.css?ver=3.26.3 HTTP/1.1" 200 108573 solarsolutionsgmbh.com "https://solarsolutionsgmbh.com/wp-admin/" "Mozilla/5.0 (Windows NT 10.0; Win64; x64; rv:134.0) Gecko/20100101 Firefox/134.0" "-"
2001:7c0:1b00:: - - [17/Jan/2025:09:44:41 +0100] "GET /wp-content/plugins/wpforms-lite/assets/css/dashboard-widget.min.css?ver=1.9.2.3 HTTP/1.1" 304 - solarsolutionsgmbh.com "https://solarsolutionsgmbh.com/wp-admin/" "Mozilla/5.0 (Windows NT 10.0; Win64; x64; rv:134.0) Gecko/20100101 Firefox/134.0" "-"
2001:7c0:1b00:: - - [17/Jan/2025:09:44:41 +0100] "GET /wp-content/plugins/newsletter/admin/css/global.css?ver=8.6.4 HTTP/1.1" 304 - solarsolutionsgmbh.com "https://solarsolutionsgmbh.com/wp-admin/" "Mozilla/5.0 (Windows NT 10.0; Win64; x64; rv:134.0) Gecko/20100101 Firefox/134.0" "-"
2001:7c0:1b00:: - - [17/Jan/2025:09:44:41 +0100] "GET /wp-content/plugins/google-analytics-for-wordpress/assets/js/admin-metabox-sitenotes.js?ver=9.2.4 HTTP/1.1" 200 759 solarsolutionsgmbh.com "https://solarsolutionsgmbh.com/wp-admin/" "Mozilla/5.0 (Windows NT 10.0; Win64; x64; rv:134.0) Gecko/20100101 Firefox/134.0" "-"
2001:7c0:1b00:: - - [17/Jan/2025:09:44:42 +0100] "GET /wp-content/plugins/newsletter/admin/images/menu-icon.png HTTP/1.1" 304 - solarsolutionsgmbh.com "https://solarsolutionsgmbh.com/wp-admin/" "Mozilla/5.0 (Windows NT 10.0; Win64; x64; rv:134.0) Gecko/20100101 Firefox/134.0" "-"
2001:7c0:1b00:: - - [17/Jan/2025:09:44:42 +0100] "GET /wp-content/plugins/wp-phpmyadmin-extension/assets/media/menu_icon.png HTTP/1.1" 304 - solarsolutionsgmbh.com "https://solarsolutionsgmbh.com/wp-admin/" "Mozilla/5.0 (Windows NT 10.0; Win64; x64; rv:134.0) Gecko/20100101 Firefox/134.0" "-"
2001:7c0:1b00:: - - [17/Jan/2025:09:44:42 +0100] "GET /wp-content/plugins/userfeedback-lite/assets/img/logo-outline.svg HTTP/1.1" 304 - solarsolutionsgmbh.com "https://solarsolutionsgmbh.com/wp-admin/" "Mozilla/5.0 (Windows NT 10.0; Win64; x64; rv:134.0) Gecko/20100101 Firefox/134.0" "-"
2001:7c0:1b00:: - - [17/Jan/2025:09:44:42 +0100] "GET /wp-includes/css/editor.min.css?ver=6.7.1 HTTP/1.1" 304 - solarsolutionsgmbh.com "https://solarsolutionsgmbh.com/wp-admin/" "Mozilla/5.0 (Windows NT 10.0; Win64; x64; rv:134.0) Gecko/20100101 Firefox/134.0" "-"
2001:7c0:1b00:: - - [17/Jan/2025:09:44:42 +0100] "GET /wp-content/plugins/timeline-widget-addon-for-elementor/assets/images/timeline-widget-logo.png HTTP/1.1" 200 8698 solarsolutionsgmbh.com "https://solarsolutionsgmbh.com/wp-admin/" "Mozilla/5.0 (Windows NT 10.0; Win64; x64; rv:134.0) Gecko/20100101 Firefox/134.0" "-"
2001:7c0:1b00:: - - [17/Jan/2025:09:44:42 +0100] "GET /wp-content/plugins/optinmonster/assets/images/logo-om.png HTTP/1.1" 304 - solarsolutionsgmbh.com "https://solarsolutionsgmbh.com/wp-admin/" "Mozilla/5.0 (Windows NT 10.0; Win64; x64; rv:134.0) Gecko/20100101 Firefox/134.0" "-"
2001:7c0:1b00:: - - [17/Jan/2025:09:44:42 +0100] "GET /wp-content/plugins/wpforms-lite/assets/images/sullie.png HTTP/1.1" 304 - solarsolutionsgmbh.com "https://solarsolutionsgmbh.com/wp-admin/" "Mozilla/5.0 (Windows NT 10.0; Win64; x64; rv:134.0) Gecko/20100101 Firefox/134.0" "-"
2001:7c0:1b00:: - - [17/Jan/2025:09:44:42 +0100] "GET /wp-includes/js/dist/a11y.min.js?ver=3156534cc54473497e14 HTTP/1.1" 304 - solarsolutionsgmbh.com "https://solarsolutionsgmbh.com/wp-admin/" "Mozilla/5.0 (Windows NT 10.0; Win64; x64; rv:134.0) Gecko/20100101 Firefox/134.0" "-"
2001:7c0:1b00:: - - [17/Jan/2025:09:44:42 +0100] "GET /wp-admin/js/common.min.js?ver=6.7.1 HTTP/1.1" 304 - solarsolutionsgmbh.com "https://solarsolutionsgmbh.com/wp-admin/" "Mozilla/5.0 (Windows NT 10.0; Win64; x64; rv:134.0) Gecko/20100101 Firefox/134.0" "-"
2001:7c0:1b00:: - - [17/Jan/2025:09:44:42 +0100] "GET /wp-includes/js/clipboard.min.js?ver=2.0.11 HTTP/1.1" 304 - solarsolutionsgmbh.com "https://solarsolutionsgmbh.com/wp-admin/" "Mozilla/5.0 (Windows NT 10.0; Win64; x64; rv:134.0) Gecko/20100101 Firefox/134.0" "-"
2001:7c0:1b00:: - - [17/Jan/2025:09:44:42 +0100] "GET /wp-includes/js/wp-util.min.js?ver=6.7.1 HTTP/1.1" 304 - solarsolutionsgmbh.com "https://solarsolutionsgmbh.com/wp-admin/" "Mozilla/5.0 (Windows NT 10.0; Win64; x64; rv:134.0) Gecko/20100101 Firefox/134.0" "-"
2001:7c0:1b00:: - - [17/Jan/2025:09:44:42 +0100] "GET /wp-admin/js/site-health.min.js?ver=6.7.1 HTTP/1.1" 304 - solarsolutionsgmbh.com "https://solarsolutionsgmbh.com/wp-admin/" "Mozilla/5.0 (Windows NT 10.0; Win64; x64; rv:134.0) Gecko/20100101 Firefox/134.0" "-"
2001:7c0:1b00:: - - [17/Jan/2025:09:44:42 +0100] "GET /wp-includes/js/dist/url.min.js?ver=e87eb76272a3a08402d2 HTTP/1.1" 304 - solarsolutionsgmbh.com "https://solarsolutionsgmbh.com/wp-admin/" "Mozilla/5.0 (Windows NT 10.0; Win64; x64; rv:134.0) Gecko/20100101 Firefox/134.0" "-"
2001:7c0:1b00:: - - [17/Jan/2025:09:44:42 +0100] "GET /wp-includes/js/wp-ajax-response.min.js?ver=6.7.1 HTTP/1.1" 304 - solarsolutionsgmbh.com "https://solarsolutionsgmbh.com/wp-admin/" "Mozilla/5.0 (Windows NT 10.0; Win64; x64; rv:134.0) Gecko/20100101 Firefox/134.0" "-"
2001:7c0:1b00:: - - [17/Jan/2025:09:44:42 +0100] "GET /wp-includes/js/jquery/jquery.color.min.js?ver=3.0.0 HTTP/1.1" 304 - solarsolutionsgmbh.com "https://solarsolutionsgmbh.com/wp-admin/" "Mozilla/5.0 (Windows NT 10.0; Win64; x64; rv:134.0) Gecko/20100101 Firefox/134.0" "-"
2001:7c0:1b00:: - - [17/Jan/2025:09:44:42 +0100] "GET /wp-includes/js/wp-lists.min.js?ver=6.7.1 HTTP/1.1" 304 - solarsolutionsgmbh.com "https://solarsolutionsgmbh.com/wp-admin/" "Mozilla/5.0 (Windows NT 10.0; Win64; x64; rv:134.0) Gecko/20100101 Firefox/134.0" "-"
2001:7c0:1b00:: - - [17/Jan/2025:09:44:42 +0100] "GET /wp-includes/js/quicktags.min.js?ver=6.7.1 HTTP/1.1" 304 - solarsolutionsgmbh.com "https://solarsolutionsgmbh.com/wp-admin/" "Mozilla/5.0 (Windows NT 10.0; Win64; x64; rv:134.0) Gecko/20100101 Firefox/134.0" "-"
2001:7c0:1b00:: - - [17/Jan/2025:09:44:42 +0100] "GET /wp-includes/js/jquery/jquery.query.js?ver=2.2.3 HTTP/1.1" 304 - solarsolutionsgmbh.com "https://solarsolutionsgmbh.com/wp-admin/" "Mozilla/5.0 (Windows NT 10.0; Win64; x64; rv:134.0) Gecko/20100101 Firefox/134.0" "-"
2001:7c0:1b00:: - - [17/Jan/2025:09:44:42 +0100] "GET /wp-admin/js/edit-comments.min.js?ver=6.7.1 HTTP/1.1" 304 - solarsolutionsgmbh.com "https://solarsolutionsgmbh.com/wp-admin/" "Mozilla/5.0 (Windows NT 10.0; Win64; x64; rv:134.0) Gecko/20100101 Firefox/134.0" "-"
2001:7c0:1b00:: - - [17/Jan/2025:09:44:42 +0100] "GET /wp-includes/js/jquery/ui/sortable.min.js?ver=1.13.3 HTTP/1.1" 304 - solarsolutionsgmbh.com "https://solarsolutionsgmbh.com/wp-admin/" "Mozilla/5.0 (Windows NT 10.0; Win64; x64; rv:134.0) Gecko/20100101 Firefox/134.0" "-"
2001:7c0:1b00:: - - [17/Jan/2025:09:44:42 +0100] "GET /wp-admin/js/postbox.min.js?ver=6.7.1 HTTP/1.1" 304 - solarsolutionsgmbh.com "https://solarsolutionsgmbh.com/wp-admin/" "Mozilla/5.0 (Windows NT 10.0; Win64; x64; rv:134.0) Gecko/20100101 Firefox/134.0" "-"
2001:7c0:1b00:: - - [17/Jan/2025:09:44:42 +0100] "GET /wp-includes/js/dist/vendor/moment.min.js?ver=2.30.1 HTTP/1.1" 304 - solarsolutionsgmbh.com "https://solarsolutionsgmbh.com/wp-admin/" "Mozilla/5.0 (Windows NT 10.0; Win64; x64; rv:134.0) Gecko/20100101 Firefox/134.0" "-"
2001:7c0:1b00:: - - [17/Jan/2025:09:44:42 +0100] "GET /wp-includes/js/dist/deprecated.min.js?ver=e1f84915c5e8ae38964c HTTP/1.1" 304 - solarsolutionsgmbh.com "https://solarsolutionsgmbh.com/wp-admin/" "Mozilla/5.0 (Windows NT 10.0; Win64; x64; rv:134.0) Gecko/20100101 Firefox/134.0" "-"
2001:7c0:1b00:: - - [17/Jan/2025:09:44:42 +0100] "GET /wp-includes/js/dist/date.min.js?ver=aaca6387d1cf924acc51 HTTP/1.1" 304 - solarsolutionsgmbh.com "https://solarsolutionsgmbh.com/wp-admin/" "Mozilla/5.0 (Windows NT 10.0; Win64; x64; rv:134.0) Gecko/20100101 Firefox/134.0" "-"
2001:7c0:1b00:: - - [17/Jan/2025:09:44:42 +0100] "GET /wp-admin/js/dashboard.min.js?ver=6.7.1 HTTP/1.1" 304 - solarsolutionsgmbh.com "https://solarsolutionsgmbh.com/wp-admin/" "Mozilla/5.0 (Windows NT 10.0; Win64; x64; rv:134.0) Gecko/20100101 Firefox/134.0" "-"
2001:7c0:1b00:: - - [17/Jan/2025:09:44:42 +0100] "GET /wp-includes/js/dist/vendor/react-jsx-runtime.min.js?ver=18.3.1 HTTP/1.1" 200 900 solarsolutionsgmbh.com "https://solarsolutionsgmbh.com/wp-admin/" "Mozilla/5.0 (Windows NT 10.0; Win64; x64; rv:134.0) Gecko/20100101 Firefox/134.0" "-"
2001:7c0:1b00:: - - [17/Jan/2025:09:44:42 +0100] "GET /wp-content/plugins/google-analytics-for-wordpress/lite/assets/vue/js/widget.min.js?ver=9.2.4 HTTP/1.1" 200 58523 solarsolutionsgmbh.com "https://solarsolutionsgmbh.com/wp-admin/" "Mozilla/5.0 (Windows NT 10.0; Win64; x64; rv:134.0) Gecko/20100101 Firefox/134.0" "-"
2001:7c0:1b00:: - - [17/Jan/2025:09:44:42 +0100] "GET /wp-includes/js/dist/escape-html.min.js?ver=6561a406d2d232a6fbd2 HTTP/1.1" 200 1000 solarsolutionsgmbh.com "https://solarsolutionsgmbh.com/wp-admin/" "Mozilla/5.0 (Windows NT 10.0; Win64; x64; rv:134.0) Gecko/20100101 Firefox/134.0" "-"
2001:7c0:1b00:: - - [17/Jan/2025:09:44:42 +0100] "GET /wp-includes/js/dist/is-shallow-equal.min.js?ver=e0f9f1d78d83f5196979 HTTP/1.1" 200 1018 solarsolutionsgmbh.com "https://solarsolutionsgmbh.com/wp-admin/" "Mozilla/5.0 (Windows NT 10.0; Win64; x64; rv:134.0) Gecko/20100101 Firefox/134.0" "-"
2001:7c0:1b00:: - - [17/Jan/2025:09:44:42 +0100] "GET /wp-includes/js/thickbox/thickbox.js?ver=3.1-20121105 HTTP/1.1" 304 - solarsolutionsgmbh.com "https://solarsolutionsgmbh.com/wp-admin/" "Mozilla/5.0 (Windows NT 10.0; Win64; x64; rv:134.0) Gecko/20100101 Firefox/134.0" "-"
2001:7c0:1b00:: - - [17/Jan/2025:09:44:42 +0100] "GET /wp-admin/js/plugin-install.min.js?ver=6.7.1 HTTP/1.1" 304 - solarsolutionsgmbh.com "https://solarsolutionsgmbh.com/wp-admin/" "Mozilla/5.0 (Windows NT 10.0; Win64; x64; rv:134.0) Gecko/20100101 Firefox/134.0" "-"
2001:7c0:1b00:: - - [17/Jan/2025:09:44:42 +0100] "GET /wp-includes/js/wp-sanitize.min.js?ver=6.7.1 HTTP/1.1" 304 - solarsolutionsgmbh.com "https://solarsolutionsgmbh.com/wp-admin/" "Mozilla/5.0 (Windows NT 10.0; Win64; x64; rv:134.0) Gecko/20100101 Firefox/134.0" "-"
2001:7c0:1b00:: - - [17/Jan/2025:09:44:42 +0100] "GET /wp-admin/js/svg-painter.js?ver=6.7.1 HTTP/1.1" 304 - solarsolutionsgmbh.com "https://solarsolutionsgmbh.com/wp-admin/" "Mozilla/5.0 (Windows NT 10.0; Win64; x64; rv:134.0) Gecko/20100101 Firefox/134.0" "-"
2001:7c0:1b00:: - - [17/Jan/2025:09:44:42 +0100] "GET /wp-admin/js/updates.min.js?ver=6.7.1 HTTP/1.1" 304 - solarsolutionsgmbh.com "https://solarsolutionsgmbh.com/wp-admin/" "Mozilla/5.0 (Windows NT 10.0; Win64; x64; rv:134.0) Gecko/20100101 Firefox/134.0" "-"
2001:7c0:1b00:: - - [17/Jan/2025:09:44:42 +0100] "GET /wp-includes/js/dist/html-entities.min.js?ver=2cd3358363e0675638fb HTTP/1.1" 200 788 solarsolutionsgmbh.com "https://solarsolutionsgmbh.com/wp-admin/" "Mozilla/5.0 (Windows NT 10.0; Win64; x64; rv:134.0) Gecko/20100101 Firefox/134.0" "-"
2001:7c0:1b00:: - - [17/Jan/2025:09:44:42 +0100] "GET /wp-includes/js/shortcode.min.js?ver=6.7.1 HTTP/1.1" 304 - solarsolutionsgmbh.com "https://solarsolutionsgmbh.com/wp-admin/" "Mozilla/5.0 (Windows NT 10.0; Win64; x64; rv:134.0) Gecko/20100101 Firefox/134.0" "-"
2001:7c0:1b00:: - - [17/Jan/2025:09:44:42 +0100] "GET /wp-admin/js/media-upload.min.js?ver=6.7.1 HTTP/1.1" 304 - solarsolutionsgmbh.com "https://solarsolutionsgmbh.com/wp-admin/" "Mozilla/5.0 (Windows NT 10.0; Win64; x64; rv:134.0) Gecko/20100101 Firefox/134.0" "-"
2001:7c0:1b00:: - - [17/Jan/2025:09:44:42 +0100] "GET /wp-includes/js/dist/rich-text.min.js?ver=4021b9e4e9ef4d3cd868 HTTP/1.1" 200 29805 solarsolutionsgmbh.com "https://solarsolutionsgmbh.com/wp-admin/" "Mozilla/5.0 (Windows NT 10.0; Win64; x64; rv:134.0) Gecko/20100101 Firefox/134.0" "-"
2001:7c0:1b00:: - - [17/Jan/2025:09:44:42 +0100] "GET /wp-includes/js/dist/data.min.js?ver=7c62e39de0308c73d50c HTTP/1.1" 200 27095 solarsolutionsgmbh.com "https://solarsolutionsgmbh.com/wp-admin/" "Mozilla/5.0 (Windows NT 10.0; Win64; x64; rv:134.0) Gecko/20100101 Firefox/134.0" "-"
2001:7c0:1b00:: - - [17/Jan/2025:09:44:42 +0100] "GET /wp-includes/js/heartbeat.min.js?ver=6.7.1 HTTP/1.1" 304 - solarsolutionsgmbh.com "https://solarsolutionsgmbh.com/wp-admin/" "Mozilla/5.0 (Windows NT 10.0; Win64; x64; rv:134.0) Gecko/20100101 Firefox/134.0" "-"
2001:7c0:1b00:: - - [17/Jan/2025:09:44:42 +0100] "GET /wp-includes/js/dist/warning.min.js?ver=ed7c8b0940914f4fe44b HTTP/1.1" 200 311 solarsolutionsgmbh.com "https://solarsolutionsgmbh.com/wp-admin/" "Mozilla/5.0 (Windows NT 10.0; Win64; x64; rv:134.0) Gecko/20100101 Firefox/134.0" "-"
2001:7c0:1b00:: - - [17/Jan/2025:09:44:42 +0100] "GET /wp-includes/js/dist/redux-routine.min.js?ver=a0a172871afaeb261566 HTTP/1.1" 200 8900 solarsolutionsgmbh.com "https://solarsolutionsgmbh.com/wp-admin/" "Mozilla/5.0 (Windows NT 10.0; Win64; x64; rv:134.0) Gecko/20100101 Firefox/134.0" "-"
2001:7c0:1b00:: - - [17/Jan/2025:09:44:42 +0100] "GET /wp-includes/js/wp-auth-check.min.js?ver=6.7.1 HTTP/1.1" 304 - solarsolutionsgmbh.com "https://solarsolutionsgmbh.com/wp-admin/" "Mozilla/5.0 (Windows NT 10.0; Win64; x64; rv:134.0) Gecko/20100101 Firefox/134.0" "-"
2001:7c0:1b00:: - - [17/Jan/2025:09:44:42 +0100] "GET /wp-content/plugins/google-analytics-for-wordpress/assets/js/admin-common.min.js?ver=9.2.4 HTTP/1.1" 304 - solarsolutionsgmbh.com "https://solarsolutionsgmbh.com/wp-admin/" "Mozilla/5.0 (Windows NT 10.0; Win64; x64; rv:134.0) Gecko/20100101 Firefox/134.0" "-"
2001:7c0:1b00:: - - [17/Jan/2025:09:44:42 +0100] "GET /wp-content/plugins/wpforms-lite/assets/lib/jquery.confirm/jquery-confirm.min.js?ver=1.0.0 HTTP/1.1" 304 - solarsolutionsgmbh.com "https://solarsolutionsgmbh.com/wp-admin/" "Mozilla/5.0 (Windows NT 10.0; Win64; x64; rv:134.0) Gecko/20100101 Firefox/134.0" "-"
2001:7c0:1b00:: - - [17/Jan/2025:09:44:42 +0100] "GET /wp-includes/js/dist/vendor/lodash.min.js?ver=4.17.21 HTTP/1.1" 304 - solarsolutionsgmbh.com "https://solarsolutionsgmbh.com/wp-admin/" "Mozilla/5.0 (Windows NT 10.0; Win64; x64; rv:134.0) Gecko/20100101 Firefox/134.0" "-"
2001:7c0:1b00:: - - [17/Jan/2025:09:44:42 +0100] "GET /wp-includes/js/dist/vendor/react.min.js?ver=18.3.1 HTTP/1.1" 304 - solarsolutionsgmbh.com "https://solarsolutionsgmbh.com/wp-admin/" "Mozilla/5.0 (Windows NT 10.0; Win64; x64; rv:134.0) Gecko/20100101 Firefox/134.0" "-"
2001:7c0:1b00:: - - [17/Jan/2025:09:44:42 +0100] "GET /wp-content/plugins/wpforms-lite/assets/lite/js/admin/education/lite-connect.min.js?ver=1.9.2.3 HTTP/1.1" 304 - solarsolutionsgmbh.com "https://solarsolutionsgmbh.com/wp-admin/" "Mozilla/5.0 (Windows NT 10.0; Win64; x64; rv:134.0) Gecko/20100101 Firefox/134.0" "-"
2001:7c0:1b00:: - - [17/Jan/2025:09:44:42 +0100] "GET /wp-includes/js/dist/dom.min.js?ver=93117dfee2692b04b770 HTTP/1.1" 304 - solarsolutionsgmbh.com "https://solarsolutionsgmbh.com/wp-admin/" "Mozilla/5.0 (Windows NT 10.0; Win64; x64; rv:134.0) Gecko/20100101 Firefox/134.0" "-"
2001:7c0:1b00:: - - [17/Jan/2025:09:44:42 +0100] "GET /wp-includes/js/dist/vendor/react-dom.min.js?ver=18.3.1 HTTP/1.1" 304 - solarsolutionsgmbh.com "https://solarsolutionsgmbh.com/wp-admin/" "Mozilla/5.0 (Windows NT 10.0; Win64; x64; rv:134.0) Gecko/20100101 Firefox/134.0" "-"
2001:7c0:1b00:: - - [17/Jan/2025:09:44:42 +0100] "GET /wp-includes/js/dist/element.min.js?ver=cb762d190aebbec25b27 HTTP/1.1" 304 - solarsolutionsgmbh.com "https://solarsolutionsgmbh.com/wp-admin/" "Mozilla/5.0 (Windows NT 10.0; Win64; x64; rv:134.0) Gecko/20100101 Firefox/134.0" "-"
2001:7c0:1b00:: - - [17/Jan/2025:09:44:42 +0100] "GET /wp-includes/js/dist/keycodes.min.js?ver=034ff647a54b018581d3 HTTP/1.1" 304 - solarsolutionsgmbh.com "https://solarsolutionsgmbh.com/wp-admin/" "Mozilla/5.0 (Windows NT 10.0; Win64; x64; rv:134.0) Gecko/20100101 Firefox/134.0" "-"
2001:7c0:1b00:: - - [17/Jan/2025:09:44:42 +0100] "GET /wp-content/plugins/wpforms-lite/assets/lite/js/admin/dashboard-widget.min.js?ver=1.9.2.3 HTTP/1.1" 200 3727 solarsolutionsgmbh.com "https://solarsolutionsgmbh.com/wp-admin/" "Mozilla/5.0 (Windows NT 10.0; Win64; x64; rv:134.0) Gecko/20100101 Firefox/134.0" "-"
2001:7c0:1b00:: - - [17/Jan/2025:09:44:42 +0100] "GET /wp-includes/js/dist/priority-queue.min.js?ver=9c21c957c7e50ffdbf48 HTTP/1.1" 304 - solarsolutionsgmbh.com "https://solarsolutionsgmbh.com/wp-admin/" "Mozilla/5.0 (Windows NT 10.0; Win64; x64; rv:134.0) Gecko/20100101 Firefox/134.0" "-"
2001:7c0:1b00:: - - [17/Jan/2025:09:44:42 +0100] "GET /wp-includes/js/dist/compose.min.js?ver=85f0708cd2e6b26addeb HTTP/1.1" 304 - solarsolutionsgmbh.com "https://solarsolutionsgmbh.com/wp-admin/" "Mozilla/5.0 (Windows NT 10.0; Win64; x64; rv:134.0) Gecko/20100101 Firefox/134.0" "-"
2001:7c0:1b00:: - - [17/Jan/2025:09:44:42 +0100] "GET /wp-includes/js/dist/primitives.min.js?ver=aef2543ab60c8c9bb609 HTTP/1.1" 304 - solarsolutionsgmbh.com "https://solarsolutionsgmbh.com/wp-admin/" "Mozilla/5.0 (Windows NT 10.0; Win64; x64; rv:134.0) Gecko/20100101 Firefox/134.0" "-"
2001:7c0:1b00:: - - [17/Jan/2025:09:44:42 +0100] "GET /wp-includes/js/dist/components.min.js?ver=130172abbae720694b1f HTTP/1.1" 304 - solarsolutionsgmbh.com "https://solarsolutionsgmbh.com/wp-admin/" "Mozilla/5.0 (Windows NT 10.0; Win64; x64; rv:134.0) Gecko/20100101 Firefox/134.0" "-"
2001:7c0:1b00:: - - [17/Jan/2025:09:44:42 +0100] "GET /wp-content/plugins/optinmonster/assets/dist/js/global.min.js?ver=2.16.13 HTTP/1.1" 200 996 solarsolutionsgmbh.com "https://solarsolutionsgmbh.com/wp-admin/" "Mozilla/5.0 (Windows NT 10.0; Win64; x64; rv:134.0) Gecko/20100101 Firefox/134.0" "-"
2001:7c0:1b00:: - - [17/Jan/2025:09:44:42 +0100] "GET /wp-includes/js/dist/private-apis.min.js?ver=4b858962c15c2c7a135f HTTP/1.1" 304 - solarsolutionsgmbh.com "https://solarsolutionsgmbh.com/wp-admin/" "Mozilla/5.0 (Windows NT 10.0; Win64; x64; rv:134.0) Gecko/20100101 Firefox/134.0" "-"
2001:7c0:1b00:: - - [17/Jan/2025:09:44:42 +0100] "GET /wp-content/plugins/wpforms-lite/assets/lib/chart.min.js?ver=4.4.4 HTTP/1.1" 200 205499 solarsolutionsgmbh.com "https://solarsolutionsgmbh.com/wp-admin/" "Mozilla/5.0 (Windows NT 10.0; Win64; x64; rv:134.0) Gecko/20100101 Firefox/134.0" "-"
2001:7c0:1b00:: - - [17/Jan/2025:09:44:42 +0100] "GET /wp-content/plugins/wpforms-lite/assets/lib/chartjs-adapter-moment.min.js?ver=1.0.1 HTTP/1.1" 200 1376 solarsolutionsgmbh.com "https://solarsolutionsgmbh.com/wp-admin/" "Mozilla/5.0 (Windows NT 10.0; Win64; x64; rv:134.0) Gecko/20100101 Firefox/134.0" "-"
2001:7c0:1b00:: - - [17/Jan/2025:09:44:42 +0100] "GET /wp-content/plugins/elementor/assets/js/admin-modules.min.js?ver=3.26.3 HTTP/1.1" 304 - solarsolutionsgmbh.com "https://solarsolutionsgmbh.com/wp-admin/" "Mozilla/5.0 (Windows NT 10.0; Win64; x64; rv:134.0) Gecko/20100101 Firefox/134.0" "-"
2001:7c0:1b00:: - - [17/Jan/2025:09:44:42 +0100] "GET /wp-content/plugins/userfeedback-lite/assets/js/uf-admin.js?ver=1.4.0 HTTP/1.1" 200 992 solarsolutionsgmbh.com "https://solarsolutionsgmbh.com/wp-admin/" "Mozilla/5.0 (Windows NT 10.0; Win64; x64; rv:134.0) Gecko/20100101 Firefox/134.0" "-"
2001:7c0:1b00:: - - [17/Jan/2025:09:44:42 +0100] "GET /wp-content/plugins/userfeedback-lite/assets/vue/js/dashboard-widget.js?ver=1.4.0 HTTP/1.1" 200 7432 solarsolutionsgmbh.com "https://solarsolutionsgmbh.com/wp-admin/" "Mozilla/5.0 (Windows NT 10.0; Win64; x64; rv:134.0) Gecko/20100101 Firefox/134.0" "-"
2001:7c0:1b00:: - - [17/Jan/2025:09:44:42 +0100] "GET /wp-content/plugins/seo-by-rank-math/assets/admin/js/dashboard.js?ver=1.0.234.1 HTTP/1.1" 304 - solarsolutionsgmbh.com "https://solarsolutionsgmbh.com/wp-admin/" "Mozilla/5.0 (Windows NT 10.0; Win64; x64; rv:134.0) Gecko/20100101 Firefox/134.0" "-"
2001:7c0:1b00:: - - [17/Jan/2025:09:44:42 +0100] "GET /wp-content/plugins/elementor/assets/lib/dialog/dialog.min.js?ver=4.9.0 HTTP/1.1" 304 - solarsolutionsgmbh.com "https://solarsolutionsgmbh.com/wp-admin/" "Mozilla/5.0 (Windows NT 10.0; Win64; x64; rv:134.0) Gecko/20100101 Firefox/134.0" "-"
2001:7c0:1b00:: - - [17/Jan/2025:09:44:42 +0100] "GET /wp-content/plugins/seo-by-rank-math/vendor/cmb2/cmb2/js/cmb2.min.js?ver=2.11.0 HTTP/1.1" 200 31886 solarsolutionsgmbh.com "https://solarsolutionsgmbh.com/wp-admin/" "Mozilla/5.0 (Windows NT 10.0; Win64; x64; rv:134.0) Gecko/20100101 Firefox/134.0" "-"
2001:7c0:1b00:: - - [17/Jan/2025:09:44:42 +0100] "GET /wp-content/plugins/elementor/assets/js/import-export-admin.min.js?ver=3.26.3 HTTP/1.1" 304 - solarsolutionsgmbh.com "https://solarsolutionsgmbh.com/wp-admin/" "Mozilla/5.0 (Windows NT 10.0; Win64; x64; rv:134.0) Gecko/20100101 Firefox/134.0" "-"
2001:7c0:1b00:: - - [17/Jan/2025:09:44:42 +0100] "GET /wp-content/plugins/duplicator/assets/js/dynamic-help.js?ver=1.5.11.2 HTTP/1.1" 304 - solarsolutionsgmbh.com "https://solarsolutionsgmbh.com/wp-admin/" "Mozilla/5.0 (Windows NT 10.0; Win64; x64; rv:134.0) Gecko/20100101 Firefox/134.0" "-"
2001:7c0:1b00:: - - [17/Jan/2025:09:44:42 +0100] "GET /wp-content/plugins/elementor/assets/js/admin.min.js?ver=3.26.3 HTTP/1.1" 304 - solarsolutionsgmbh.com "https://solarsolutionsgmbh.com/wp-admin/" "Mozilla/5.0 (Windows NT 10.0; Win64; x64; rv:134.0) Gecko/20100101 Firefox/134.0" "-"
2001:7c0:1b00:: - - [17/Jan/2025:09:44:42 +0100] "GET /wp-content/plugins/duplicator/assets/js/duplicator-tooltip.js?ver=1.5.11.2 HTTP/1.1" 304 - solarsolutionsgmbh.com "https://solarsolutionsgmbh.com/wp-admin/" "Mozilla/5.0 (Windows NT 10.0; Win64; x64; rv:134.0) Gecko/20100101 Firefox/134.0" "-"
2001:7c0:1b00:: - - [17/Jan/2025:09:44:42 +0100] "GET /wp-content/plugins/duplicator/assets/js/global-admin-script.js?ver=1.5.11.2 HTTP/1.1" 304 - solarsolutionsgmbh.com "https://solarsolutionsgmbh.com/wp-admin/" "Mozilla/5.0 (Windows NT 10.0; Win64; x64; rv:134.0) Gecko/20100101 Firefox/134.0" "-"
2001:7c0:1b00:: - - [17/Jan/2025:09:44:42 +0100] "GET /wp-content/plugins/duplicator/assets/js/one-click-upgrade.js?ver=1.5.11.2 HTTP/1.1" 304 - solarsolutionsgmbh.com "https://solarsolutionsgmbh.com/wp-admin/" "Mozilla/5.0 (Windows NT 10.0; Win64; x64; rv:134.0) Gecko/20100101 Firefox/134.0" "-"
2001:7c0:1b00:: - - [17/Jan/2025:09:44:42 +0100] "GET /wp-content/plugins/userfeedback-lite/assets/vue/js/chunk-vendors.js?ver=1.4.0 HTTP/1.1" 304 - solarsolutionsgmbh.com "https://solarsolutionsgmbh.com/wp-admin/" "Mozilla/5.0 (Windows NT 10.0; Win64; x64; rv:134.0) Gecko/20100101 Firefox/134.0" "-"
2001:7c0:1b00:: - - [17/Jan/2025:09:44:42 +0100] "GET /wp-content/plugins/userfeedback-lite/assets/vue/js/chunk-common.js?ver=1.4.0 HTTP/1.1" 304 - solarsolutionsgmbh.com "https://solarsolutionsgmbh.com/wp-admin/" "Mozilla/5.0 (Windows NT 10.0; Win64; x64; rv:134.0) Gecko/20100101 Firefox/134.0" "-"
2001:7c0:1b00:: - - [17/Jan/2025:09:44:42 +0100] "GET /wp-content/plugins/seo-by-rank-math/assets/admin/js/wplink.js?ver=1.0.234.1 HTTP/1.1" 304 - solarsolutionsgmbh.com "https://solarsolutionsgmbh.com/wp-admin/" "Mozilla/5.0 (Windows NT 10.0; Win64; x64; rv:134.0) Gecko/20100101 Firefox/134.0" "-"
2001:7c0:1b00:: - - [17/Jan/2025:09:44:42 +0100] "GET /wp-includes/js/jquery/ui/menu.min.js?ver=1.13.3 HTTP/1.1" 304 - solarsolutionsgmbh.com "https://solarsolutionsgmbh.com/wp-admin/" "Mozilla/5.0 (Windows NT 10.0; Win64; x64; rv:134.0) Gecko/20100101 Firefox/134.0" "-"
2001:7c0:1b00:: - - [17/Jan/2025:09:44:42 +0100] "GET /wp-includes/js/jquery/ui/autocomplete.min.js?ver=1.13.3 HTTP/1.1" 304 - solarsolutionsgmbh.com "https://solarsolutionsgmbh.com/wp-admin/" "Mozilla/5.0 (Windows NT 10.0; Win64; x64; rv:134.0) Gecko/20100101 Firefox/134.0" "-"
141.31.93.0 - - [17/Jan/2025:09:44:42 +0100] "POST /wp-admin/admin-ajax.php HTTP/1.1" 200 142 solarsolutionsgmbh.com "https://solarsolutionsgmbh.com/wp-admin/" "Mozilla/5.0 (Windows NT 10.0; Win64; x64; rv:133.0) Gecko/20100101 Firefox/133.0" "-"
2001:7c0:1b00:: - - [17/Jan/2025:09:44:43 +0100] "GET /wp-content/plugins/google-analytics-for-wordpress/lite/assets/vue/js/chunks/report-table-helper-39dc7ff9.min.js HTTP/1.1" 200 8936 solarsolutionsgmbh.com "https://solarsolutionsgmbh.com/wp-content/plugins/google-analytics-for-wordpress/lite/assets/vue/js/widget.min.js?ver=9.2.4" "Mozilla/5.0 (Windows NT 10.0; Win64; x64; rv:134.0) Gecko/20100101 Firefox/134.0" "-"
2001:7c0:1b00:: - - [17/Jan/2025:09:44:43 +0100] "GET /wp-content/plugins/google-analytics-for-wordpress/lite/assets/vue/js/chunks/SettingsInfoTooltip-4f19e286.min.js HTTP/1.1" 304 - solarsolutionsgmbh.com "https://solarsolutionsgmbh.com/wp-content/plugins/google-analytics-for-wordpress/lite/assets/vue/js/widget.min.js?ver=9.2.4" "Mozilla/5.0 (Windows NT 10.0; Win64; x64; rv:134.0) Gecko/20100101 Firefox/134.0" "-"
2001:7c0:1b00:: - - [17/Jan/2025:09:44:43 +0100] "GET /wp-content/plugins/elementor/assets/lib/eicons/fonts/eicons.woff2?5.34.0 HTTP/1.1" 304 - solarsolutionsgmbh.com "https://solarsolutionsgmbh.com/wp-content/plugins/elementor/assets/lib/eicons/css/elementor-icons.min.css?ver=5.34.0" "Mozilla/5.0 (Windows NT 10.0; Win64; x64; rv:134.0) Gecko/20100101 Firefox/134.0" "-"
2001:7c0:1b00:: - - [17/Jan/2025:09:44:43 +0100] "GET /wp-content/plugins/google-analytics-for-wordpress/lite/assets/vue/fonts/icons.woff2?v=7.5.0 HTTP/1.1" 304 - solarsolutionsgmbh.com "https://solarsolutionsgmbh.com/wp-content/plugins/google-analytics-for-wordpress/lite/assets/vue/css/widget.css?ver=9.2.4" "Mozilla/5.0 (Windows NT 10.0; Win64; x64; rv:134.0) Gecko/20100101 Firefox/134.0" "-"
2001:7c0:1b00:: - - [17/Jan/2025:09:44:43 +0100] "GET /wp-includes/js/thickbox/loadingAnimation.gif HTTP/1.1" 304 - solarsolutionsgmbh.com "https://solarsolutionsgmbh.com/wp-admin/" "Mozilla/5.0 (Windows NT 10.0; Win64; x64; rv:134.0) Gecko/20100101 Firefox/134.0" "-"
2001:7c0:1b00:: - - [17/Jan/2025:09:44:43 +0100] "GET /wp-json/userfeedback/v1/results-summary?start_date=2025-01-10&end_date=2025-01-17 HTTP/1.1" 200 306 solarsolutionsgmbh.com "https://solarsolutionsgmbh.com/wp-admin/" "Mozilla/5.0 (Windows NT 10.0; Win64; x64; rv:134.0) Gecko/20100101 Firefox/134.0" "-"
2001:7c0:1b00:: - - [17/Jan/2025:09:44:43 +0100] "POST /wp-admin/admin-ajax.php HTTP/1.1" 200 4724 solarsolutionsgmbh.com "https://solarsolutionsgmbh.com/wp-admin/" "Mozilla/5.0 (Windows NT 10.0; Win64; x64; rv:134.0) Gecko/20100101 Firefox/134.0" "-"
2001:7c0:1b00:: - - [17/Jan/2025:09:44:43 +0100] "POST /wp-admin/admin-ajax.php HTTP/1.1" 200 1 solarsolutionsgmbh.com "https://solarsolutionsgmbh.com/wp-admin/" "Mozilla/5.0 (Windows NT 10.0; Win64; x64; rv:134.0) Gecko/20100101 Firefox/134.0" "-"
2001:7c0:1b00:: - - [17/Jan/2025:09:44:43 +0100] "GET /wp-json/rankmath/v1/dashboardWidget HTTP/1.1" 200 5227 solarsolutionsgmbh.com "https://solarsolutionsgmbh.com/wp-admin/" "Mozilla/5.0 (Windows NT 10.0; Win64; x64; rv:134.0) Gecko/20100101 Firefox/134.0" "-"
2001:7c0:1b00:: - - [17/Jan/2025:09:44:43 +0100] "POST /wp-admin/admin-ajax.php HTTP/1.1" 200 142 solarsolutionsgmbh.com "https://solarsolutionsgmbh.com/wp-admin/" "Mozilla/5.0 (Windows NT 10.0; Win64; x64; rv:134.0) Gecko/20100101 Firefox/134.0" "-"
2001:7c0:1b00:: - - [17/Jan/2025:09:44:44 +0100] "GET /wp-content/plugins/google-analytics-for-wordpress/lite/assets/vue/img/report-arrow-up-green.png HTTP/1.1" 304 - solarsolutionsgmbh.com "https://solarsolutionsgmbh.com/wp-content/plugins/google-analytics-for-wordpress/lite/assets/vue/css/widget.css?ver=9.2.4" "Mozilla/5.0 (Windows NT 10.0; Win64; x64; rv:134.0) Gecko/20100101 Firefox/134.0" "-"
2001:7c0:1b00:: - - [17/Jan/2025:09:44:44 +0100] "GET /wp-content/plugins/google-analytics-for-wordpress/lite/assets/vue/img/report-arrow-up-red.png HTTP/1.1" 304 - solarsolutionsgmbh.com "https://solarsolutionsgmbh.com/wp-content/plugins/google-analytics-for-wordpress/lite/assets/vue/css/widget.css?ver=9.2.4" "Mozilla/5.0 (Windows NT 10.0; Win64; x64; rv:134.0) Gecko/20100101 Firefox/134.0" "-"
2001:7c0:1b00:: - - [17/Jan/2025:09:44:44 +0100] "POST /wp-admin/admin-ajax.php HTTP/1.1" 200 2188 solarsolutionsgmbh.com "https://solarsolutionsgmbh.com/wp-admin/" "Mozilla/5.0 (Windows NT 10.0; Win64; x64; rv:134.0) Gecko/20100101 Firefox/134.0" "-"
141.31.93.0 - - [17/Jan/2025:09:44:46 +0100] "POST /wp-admin/admin-ajax.php HTTP/1.1" 200 98 solarsolutionsgmbh.com "https://solarsolutionsgmbh.com/wp-admin/post.php?post=13&action=edit" "Mozilla/5.0 (Windows NT 10.0; Win64; x64; rv:133.0) Gecko/20100101 Firefox/133.0" "-"
141.31.93.0 - - [17/Jan/2025:09:44:48 +0100] "POST /wp-admin/admin-ajax.php HTTP/1.1" 200 142 solarsolutionsgmbh.com "https://solarsolutionsgmbh.com/wp-admin/" "Mozilla/5.0 (Windows NT 10.0; Win64; x64; rv:133.0) Gecko/20100101 Firefox/133.0" "-"
2001:7c0:1b00:: - - [17/Jan/2025:09:44:49 +0100] "POST /wp-admin/admin-ajax.php HTTP/1.1" 200 142 solarsolutionsgmbh.com "https://solarsolutionsgmbh.com/wp-admin/" "Mozilla/5.0 (Windows NT 10.0; Win64; x64; rv:134.0) Gecko/20100101 Firefox/134.0" "-"
82.165.90.0 - - [17/Jan/2025:09:44:50 +0100] "POST /wp-cron.php?doing_wp_cron=1737103490.2032880783081054687500 HTTP/1.1" 200 - solarsolutionsgmbh.com "-" "WordPress/6.7.1; https://solarsolutionsgmbh.com" "-"
141.31.93.0 - - [17/Jan/2025:09:44:54 +0100] "POST /wp-admin/admin-ajax.php HTTP/1.1" 200 142 solarsolutionsgmbh.com "https://solarsolutionsgmbh.com/wp-admin/" "Mozilla/5.0 (Windows NT 10.0; Win64; x64; rv:133.0) Gecko/20100101 Firefox/133.0" "-"
2001:7c0:1b00:: - - [17/Jan/2025:09:44:55 +0100] "POST /wp-admin/admin-ajax.php HTTP/1.1" 200 142 solarsolutionsgmbh.com "https://solarsolutionsgmbh.com/wp-admin/" "Mozilla/5.0 (Windows NT 10.0; Win64; x64; rv:134.0) Gecko/20100101 Firefox/134.0" "-"
141.31.93.0 - - [17/Jan/2025:09:44:56 +0100] "POST /wp-admin/admin-ajax.php HTTP/1.1" 200 98 solarsolutionsgmbh.com "https://solarsolutionsgmbh.com/wp-admin/post.php?post=13&action=edit" "Mozilla/5.0 (Windows NT 10.0; Win64; x64; rv:133.0) Gecko/20100101 Firefox/133.0" "-"
2001:7c0:1b00:: - - [17/Jan/2025:09:44:58 +0100] "POST /wp-admin/admin-ajax.php HTTP/1.1" 200 47 solarsolutionsgmbh.com "https://solarsolutionsgmbh.com/wp-admin/upload.php" "Mozilla/5.0 (Windows NT 10.0; Win64; x64; rv:134.0) Gecko/20100101 Firefox/134.0" "-"
141.31.93.0 - - [17/Jan/2025:09:45:00 +0100] "POST /wp-admin/admin-ajax.php HTTP/1.1" 200 142 solarsolutionsgmbh.com "https://solarsolutionsgmbh.com/wp-admin/" "Mozilla/5.0 (Windows NT 10.0; Win64; x64; rv:133.0) Gecko/20100101 Firefox/133.0" "-"
2001:7c0:1b00:: - - [17/Jan/2025:09:45:01 +0100] "POST /wp-admin/admin-ajax.php HTTP/1.1" 200 142 solarsolutionsgmbh.com "https://solarsolutionsgmbh.com/wp-admin/" "Mozilla/5.0 (Windows NT 10.0; Win64; x64; rv:134.0) Gecko/20100101 Firefox/134.0" "-"
141.31.93.0 - - [17/Jan/2025:09:45:06 +0100] "POST /wp-admin/admin-ajax.php HTTP/1.1" 200 142 solarsolutionsgmbh.com "https://solarsolutionsgmbh.com/wp-admin/" "Mozilla/5.0 (Windows NT 10.0; Win64; x64; rv:133.0) Gecko/20100101 Firefox/133.0" "-"
141.31.93.0 - - [17/Jan/2025:09:45:06 +0100] "POST /wp-admin/admin-ajax.php HTTP/1.1" 200 98 solarsolutionsgmbh.com "https://solarsolutionsgmbh.com/wp-admin/post.php?post=13&action=edit" "Mozilla/5.0 (Windows NT 10.0; Win64; x64; rv:133.0) Gecko/20100101 Firefox/133.0" "-"
2001:7c0:1b00:: - - [17/Jan/2025:09:45:07 +0100] "POST /wp-admin/admin-ajax.php HTTP/1.1" 200 142 solarsolutionsgmbh.com "https://solarsolutionsgmbh.com/wp-admin/" "Mozilla/5.0 (Windows NT 10.0; Win64; x64; rv:134.0) Gecko/20100101 Firefox/134.0" "-"
141.31.93.0 - - [17/Jan/2025:09:45:11 +0100] "POST /wp-admin/admin-ajax.php HTTP/1.1" 200 142 solarsolutionsgmbh.com "https://solarsolutionsgmbh.com/wp-admin/" "Mozilla/5.0 (Windows NT 10.0; Win64; x64; rv:133.0) Gecko/20100101 Firefox/133.0" "-"
2001:7c0:1b00:: - - [17/Jan/2025:09:45:13 +0100] "POST /wp-admin/admin-ajax.php HTTP/1.1" 200 142 solarsolutionsgmbh.com "https://solarsolutionsgmbh.com/wp-admin/" "Mozilla/5.0 (Windows NT 10.0; Win64; x64; rv:134.0) Gecko/20100101 Firefox/134.0" "-"
82.165.90.0 - - [17/Jan/2025:09:45:14 +0100] "POST /wp-cron.php?doing_wp_cron=1737103514.4424970149993896484375 HTTP/1.1" 200 - solarsolutionsgmbh.com "-" "WordPress/6.7.1; https://solarsolutionsgmbh.com" "-"
141.31.93.0 - - [17/Jan/2025:09:45:16 +0100] "POST /wp-admin/admin-ajax.php HTTP/1.1" 200 98 solarsolutionsgmbh.com "https://solarsolutionsgmbh.com/wp-admin/post.php?post=13&action=edit" "Mozilla/5.0 (Windows NT 10.0; Win64; x64; rv:133.0) Gecko/20100101 Firefox/133.0" "-"
141.31.93.0 - - [17/Jan/2025:09:45:17 +0100] "POST /wp-admin/admin-ajax.php HTTP/1.1" 200 142 solarsolutionsgmbh.com "https://solarsolutionsgmbh.com/wp-admin/" "Mozilla/5.0 (Windows NT 10.0; Win64; x64; rv:133.0) Gecko/20100101 Firefox/133.0" "-"
2001:7c0:1b00:: - - [17/Jan/2025:09:45:20 +0100] "POST /wp-admin/admin-ajax.php HTTP/1.1" 200 142 solarsolutionsgmbh.com "https://solarsolutionsgmbh.com/wp-admin/" "Mozilla/5.0 (Windows NT 10.0; Win64; x64; rv:134.0) Gecko/20100101 Firefox/134.0" "-"
141.31.93.0 - - [17/Jan/2025:09:45:23 +0100] "POST /wp-admin/admin-ajax.php HTTP/1.1" 200 142 solarsolutionsgmbh.com "https://solarsolutionsgmbh.com/wp-admin/" "Mozilla/5.0 (Windows NT 10.0; Win64; x64; rv:133.0) Gecko/20100101 Firefox/133.0" "-"
141.31.93.0 - - [17/Jan/2025:09:45:26 +0100] "POST /wp-admin/admin-ajax.php HTTP/1.1" 200 98 solarsolutionsgmbh.com "https://solarsolutionsgmbh.com/wp-admin/post.php?post=13&action=edit" "Mozilla/5.0 (Windows NT 10.0; Win64; x64; rv:133.0) Gecko/20100101 Firefox/133.0" "-"
141.31.93.0 - - [17/Jan/2025:09:45:26 +0100] "POST /wp-json/wp/v2/pages/13/autosaves?_locale=user HTTP/1.1" 200 15434 solarsolutionsgmbh.com "https://solarsolutionsgmbh.com/wp-admin/post.php?post=13&action=edit" "Mozilla/5.0 (Windows NT 10.0; Win64; x64; rv:133.0) Gecko/20100101 Firefox/133.0" "-"
2001:7c0:1b00:: - - [17/Jan/2025:09:45:27 +0100] "POST /wp-admin/admin-ajax.php HTTP/1.1" 200 142 solarsolutionsgmbh.com "https://solarsolutionsgmbh.com/wp-admin/" "Mozilla/5.0 (Windows NT 10.0; Win64; x64; rv:134.0) Gecko/20100101 Firefox/134.0" "-"
141.31.93.0 - - [17/Jan/2025:09:45:28 +0100] "POST /wp-admin/admin-ajax.php HTTP/1.1" 200 142 solarsolutionsgmbh.com "https://solarsolutionsgmbh.com/wp-admin/" "Mozilla/5.0 (Windows NT 10.0; Win64; x64; rv:133.0) Gecko/20100101 Firefox/133.0" "-"
2001:7c0:1b00:: - - [17/Jan/2025:09:45:33 +0100] "POST /wp-admin/admin-ajax.php HTTP/1.1" 200 142 solarsolutionsgmbh.com "https://solarsolutionsgmbh.com/wp-admin/" "Mozilla/5.0 (Windows NT 10.0; Win64; x64; rv:134.0) Gecko/20100101 Firefox/134.0" "-"
141.31.93.0 - - [17/Jan/2025:09:45:34 +0100] "POST /wp-admin/admin-ajax.php HTTP/1.1" 200 142 solarsolutionsgmbh.com "https://solarsolutionsgmbh.com/wp-admin/" "Mozilla/5.0 (Windows NT 10.0; Win64; x64; rv:133.0) Gecko/20100101 Firefox/133.0" "-"
141.31.93.0 - - [17/Jan/2025:09:45:36 +0100] "POST /wp-admin/admin-ajax.php HTTP/1.1" 200 98 solarsolutionsgmbh.com "https://solarsolutionsgmbh.com/wp-admin/post.php?post=13&action=edit" "Mozilla/5.0 (Windows NT 10.0; Win64; x64; rv:133.0) Gecko/20100101 Firefox/133.0" "-"
2001:7c0:1b00:: - - [17/Jan/2025:09:45:39 +0100] "POST /wp-admin/admin-ajax.php HTTP/1.1" 200 142 solarsolutionsgmbh.com "https://solarsolutionsgmbh.com/wp-admin/" "Mozilla/5.0 (Windows NT 10.0; Win64; x64; rv:134.0) Gecko/20100101 Firefox/134.0" "-"
141.31.93.0 - - [17/Jan/2025:09:45:40 +0100] "POST /wp-admin/admin-ajax.php HTTP/1.1" 200 142 solarsolutionsgmbh.com "https://solarsolutionsgmbh.com/wp-admin/" "Mozilla/5.0 (Windows NT 10.0; Win64; x64; rv:133.0) Gecko/20100101 Firefox/133.0" "-"
2001:7c0:1b00:: - - [17/Jan/2025:09:45:44 +0100] "POST /wp-admin/admin-ajax.php HTTP/1.1" 200 47 solarsolutionsgmbh.com "https://solarsolutionsgmbh.com/wp-admin/" "Mozilla/5.0 (Windows NT 10.0; Win64; x64; rv:134.0) Gecko/20100101 Firefox/134.0" "-"
2001:7c0:1b00:: - - [17/Jan/2025:09:45:45 +0100] "POST /wp-admin/admin-ajax.php HTTP/1.1" 200 142 solarsolutionsgmbh.com "https://solarsolutionsgmbh.com/wp-admin/" "Mozilla/5.0 (Windows NT 10.0; Win64; x64; rv:134.0) Gecko/20100101 Firefox/134.0" "-"
141.31.93.0 - - [17/Jan/2025:09:45:46 +0100] "POST /wp-admin/admin-ajax.php HTTP/1.1" 200 142 solarsolutionsgmbh.com "https://solarsolutionsgmbh.com/wp-admin/" "Mozilla/5.0 (Windows NT 10.0; Win64; x64; rv:133.0) Gecko/20100101 Firefox/133.0" "-"
141.31.93.0 - - [17/Jan/2025:09:45:46 +0100] "POST /wp-admin/admin-ajax.php HTTP/1.1" 200 98 solarsolutionsgmbh.com "https://solarsolutionsgmbh.com/wp-admin/post.php?post=13&action=edit" "Mozilla/5.0 (Windows NT 10.0; Win64; x64; rv:133.0) Gecko/20100101 Firefox/133.0" "-"
2001:7c0:1b00:: - - [17/Jan/2025:09:45:51 +0100] "POST /wp-admin/admin-ajax.php HTTP/1.1" 200 142 solarsolutionsgmbh.com "https://solarsolutionsgmbh.com/wp-admin/" "Mozilla/5.0 (Windows NT 10.0; Win64; x64; rv:134.0) Gecko/20100101 Firefox/134.0" "-"
141.31.93.0 - - [17/Jan/2025:09:45:51 +0100] "POST /wp-admin/admin-ajax.php HTTP/1.1" 200 142 solarsolutionsgmbh.com "https://solarsolutionsgmbh.com/wp-admin/" "Mozilla/5.0 (Windows NT 10.0; Win64; x64; rv:133.0) Gecko/20100101 Firefox/133.0" "-"
141.31.93.0 - - [17/Jan/2025:09:45:56 +0100] "POST /wp-admin/admin-ajax.php HTTP/1.1" 200 98 solarsolutionsgmbh.com "https://solarsolutionsgmbh.com/wp-admin/post.php?post=13&action=edit" "Mozilla/5.0 (Windows NT 10.0; Win64; x64; rv:133.0) Gecko/20100101 Firefox/133.0" "-"
2001:7c0:1b00:: - - [17/Jan/2025:09:45:57 +0100] "POST /wp-admin/admin-ajax.php HTTP/1.1" 200 142 solarsolutionsgmbh.com "https://solarsolutionsgmbh.com/wp-admin/" "Mozilla/5.0 (Windows NT 10.0; Win64; x64; rv:134.0) Gecko/20100101 Firefox/134.0" "-"
141.31.93.0 - - [17/Jan/2025:09:45:57 +0100] "POST /wp-admin/admin-ajax.php HTTP/1.1" 200 142 solarsolutionsgmbh.com "https://solarsolutionsgmbh.com/wp-admin/" "Mozilla/5.0 (Windows NT 10.0; Win64; x64; rv:133.0) Gecko/20100101 Firefox/133.0" "-"
141.31.93.0 - - [17/Jan/2025:09:46:03 +0100] "POST /wp-admin/admin-ajax.php HTTP/1.1" 200 142 solarsolutionsgmbh.com "https://solarsolutionsgmbh.com/wp-admin/" "Mozilla/5.0 (Windows NT 10.0; Win64; x64; rv:133.0) Gecko/20100101 Firefox/133.0" "-"
2001:7c0:1b00:: - - [17/Jan/2025:09:46:03 +0100] "POST /wp-admin/admin-ajax.php HTTP/1.1" 200 142 solarsolutionsgmbh.com "https://solarsolutionsgmbh.com/wp-admin/" "Mozilla/5.0 (Windows NT 10.0; Win64; x64; rv:134.0) Gecko/20100101 Firefox/134.0" "-"
141.31.93.0 - - [17/Jan/2025:09:46:06 +0100] "POST /wp-admin/admin-ajax.php HTTP/1.1" 200 98 solarsolutionsgmbh.com "https://solarsolutionsgmbh.com/wp-admin/post.php?post=13&action=edit" "Mozilla/5.0 (Windows NT 10.0; Win64; x64; rv:133.0) Gecko/20100101 Firefox/133.0" "-"
141.31.93.0 - - [17/Jan/2025:09:46:08 +0100] "POST /wp-admin/admin-ajax.php HTTP/1.1" 200 142 solarsolutionsgmbh.com "https://solarsolutionsgmbh.com/wp-admin/" "Mozilla/5.0 (Windows NT 10.0; Win64; x64; rv:133.0) Gecko/20100101 Firefox/133.0" "-"
2001:7c0:1b00:: - - [17/Jan/2025:09:46:09 +0100] "POST /wp-admin/admin-ajax.php HTTP/1.1" 200 142 solarsolutionsgmbh.com "https://solarsolutionsgmbh.com/wp-admin/" "Mozilla/5.0 (Windows NT 10.0; Win64; x64; rv:134.0) Gecko/20100101 Firefox/134.0" "-"
141.31.93.0 - - [17/Jan/2025:09:46:14 +0100] "POST /wp-admin/admin-ajax.php HTTP/1.1" 200 142 solarsolutionsgmbh.com "https://solarsolutionsgmbh.com/wp-admin/" "Mozilla/5.0 (Windows NT 10.0; Win64; x64; rv:133.0) Gecko/20100101 Firefox/133.0" "-"
82.165.90.0 - - [17/Jan/2025:09:46:15 +0100] "POST /wp-cron.php?doing_wp_cron=1737103575.3314158916473388671875 HTTP/1.1" 200 - solarsolutionsgmbh.com "-" "WordPress/6.7.1; https://solarsolutionsgmbh.com" "-"
2001:7c0:1b00:: - - [17/Jan/2025:09:46:15 +0100] "POST /wp-admin/admin-ajax.php HTTP/1.1" 200 142 solarsolutionsgmbh.com "https://solarsolutionsgmbh.com/wp-admin/" "Mozilla/5.0 (Windows NT 10.0; Win64; x64; rv:134.0) Gecko/20100101 Firefox/134.0" "-"
141.31.93.0 - - [17/Jan/2025:09:46:16 +0100] "POST /wp-admin/admin-ajax.php HTTP/1.1" 200 98 solarsolutionsgmbh.com "https://solarsolutionsgmbh.com/wp-admin/post.php?post=13&action=edit" "Mozilla/5.0 (Windows NT 10.0; Win64; x64; rv:133.0) Gecko/20100101 Firefox/133.0" "-"
141.31.93.0 - - [17/Jan/2025:09:46:21 +0100] "POST /wp-admin/admin-ajax.php HTTP/1.1" 200 142 solarsolutionsgmbh.com "https://solarsolutionsgmbh.com/wp-admin/" "Mozilla/5.0 (Windows NT 10.0; Win64; x64; rv:133.0) Gecko/20100101 Firefox/133.0" "-"
141.31.93.0 - - [17/Jan/2025:09:46:21 +0100] "POST /wp-json/wpforms/v1/themes/custom/?_locale=user HTTP/1.1" 200 15 solarsolutionsgmbh.com "https://solarsolutionsgmbh.com/wp-admin/post.php?post=13&action=edit" "Mozilla/5.0 (Windows NT 10.0; Win64; x64; rv:133.0) Gecko/20100101 Firefox/133.0" "-"
141.31.93.0 - - [17/Jan/2025:09:46:21 +0100] "POST /wp-json/rankmath/v1/updateMeta?_locale=user HTTP/1.1" 200 26 solarsolutionsgmbh.com "https://solarsolutionsgmbh.com/wp-admin/post.php?post=13&action=edit" "Mozilla/5.0 (Windows NT 10.0; Win64; x64; rv:133.0) Gecko/20100101 Firefox/133.0" "-"
2001:7c0:1b00:: - - [17/Jan/2025:09:46:21 +0100] "POST /wp-admin/admin-ajax.php HTTP/1.1" 200 142 solarsolutionsgmbh.com "https://solarsolutionsgmbh.com/wp-admin/" "Mozilla/5.0 (Windows NT 10.0; Win64; x64; rv:134.0) Gecko/20100101 Firefox/134.0" "-"
141.31.93.0 - - [17/Jan/2025:09:46:21 +0100] "POST /wp-json/wp/v2/pages/13?_locale=user HTTP/1.1" 200 53686 solarsolutionsgmbh.com "https://solarsolutionsgmbh.com/wp-admin/post.php?post=13&action=edit" "Mozilla/5.0 (Windows NT 10.0; Win64; x64; rv:133.0) Gecko/20100101 Firefox/133.0" "-"
141.31.93.0 - - [17/Jan/2025:09:46:22 +0100] "POST /wp-json/wpforms/v1/themes/custom/?_locale=user HTTP/1.1" 200 15 solarsolutionsgmbh.com "https://solarsolutionsgmbh.com/wp-admin/post.php?post=13&action=edit" "Mozilla/5.0 (Windows NT 10.0; Win64; x64; rv:133.0) Gecko/20100101 Firefox/133.0" "-"
141.31.93.0 - - [17/Jan/2025:09:46:23 +0100] "POST /wp-json/wpforms/v1/themes/custom/?_locale=user HTTP/1.1" 200 15 solarsolutionsgmbh.com "https://solarsolutionsgmbh.com/wp-admin/post.php?post=13&action=edit" "Mozilla/5.0 (Windows NT 10.0; Win64; x64; rv:133.0) Gecko/20100101 Firefox/133.0" "-"
141.31.93.0 - - [17/Jan/2025:09:46:23 +0100] "POST /wp-json/wpforms/v1/themes/custom/?_locale=user HTTP/1.1" 200 15 solarsolutionsgmbh.com "https://solarsolutionsgmbh.com/wp-admin/post.php?post=13&action=edit" "Mozilla/5.0 (Windows NT 10.0; Win64; x64; rv:133.0) Gecko/20100101 Firefox/133.0" "-"
141.31.93.0 - - [17/Jan/2025:09:46:23 +0100] "POST /wp-admin/post.php?post=13&action=edit&meta-box-loader=1&meta-box-loader-nonce=1e1203980a&_locale=user HTTP/1.1" 302 - solarsolutionsgmbh.com "https://solarsolutionsgmbh.com/wp-admin/post.php?post=13&action=edit" "Mozilla/5.0 (Windows NT 10.0; Win64; x64; rv:133.0) Gecko/20100101 Firefox/133.0" "-"
141.31.93.0 - - [17/Jan/2025:09:46:24 +0100] "POST /wp-json/wpforms/v1/themes/custom/?_locale=user HTTP/1.1" 200 15 solarsolutionsgmbh.com "https://solarsolutionsgmbh.com/wp-admin/post.php?post=13&action=edit" "Mozilla/5.0 (Windows NT 10.0; Win64; x64; rv:133.0) Gecko/20100101 Firefox/133.0" "-"
141.31.93.0 - - [17/Jan/2025:09:46:24 +0100] "GET /wp-admin/post.php?post=13&action=edit&message=4 HTTP/1.1" 200 1224103 solarsolutionsgmbh.com "https://solarsolutionsgmbh.com/wp-admin/post.php?post=13&action=edit" "Mozilla/5.0 (Windows NT 10.0; Win64; x64; rv:133.0) Gecko/20100101 Firefox/133.0" "-"
82.165.90.0 - - [17/Jan/2025:09:46:25 +0100] "GET /wp-admin/admin-ajax.php?_wpnonce=11df68f9ea&post_id=13&action=sns_tinymce_styles HTTP/1.1" 200 - solarsolutionsgmbh.com "-" "WordPress/6.7.1; https://solarsolutionsgmbh.com" "-"
141.31.93.0 - - [17/Jan/2025:09:46:26 +0100] "POST /wp-json/wpforms/v1/themes/custom/?_locale=user HTTP/1.1" 200 15 solarsolutionsgmbh.com "https://solarsolutionsgmbh.com/wp-admin/post.php?post=13&action=edit" "Mozilla/5.0 (Windows NT 10.0; Win64; x64; rv:133.0) Gecko/20100101 Firefox/133.0" "-"
141.31.93.0 - - [17/Jan/2025:09:46:26 +0100] "POST /wp-admin/admin-ajax.php HTTP/1.1" 200 98 solarsolutionsgmbh.com "https://solarsolutionsgmbh.com/wp-admin/post.php?post=13&action=edit" "Mozilla/5.0 (Windows NT 10.0; Win64; x64; rv:133.0) Gecko/20100101 Firefox/133.0" "-"
141.31.93.0 - - [17/Jan/2025:09:46:26 +0100] "POST /wp-admin/admin-ajax.php HTTP/1.1" 200 142 solarsolutionsgmbh.com "https://solarsolutionsgmbh.com/wp-admin/" "Mozilla/5.0 (Windows NT 10.0; Win64; x64; rv:133.0) Gecko/20100101 Firefox/133.0" "-"
2001:7c0:1b00:: - - [17/Jan/2025:09:46:27 +0100] "POST /wp-admin/admin-ajax.php HTTP/1.1" 200 142 solarsolutionsgmbh.com "https://solarsolutionsgmbh.com/wp-admin/" "Mozilla/5.0 (Windows NT 10.0; Win64; x64; rv:134.0) Gecko/20100101 Firefox/134.0" "-"
141.31.93.0 - - [17/Jan/2025:09:46:30 +0100] "POST /wp-admin/admin-ajax.php HTTP/1.1" 200 1 solarsolutionsgmbh.com "https://solarsolutionsgmbh.com/wp-admin/post.php?post=13&action=edit" "Mozilla/5.0 (Windows NT 10.0; Win64; x64; rv:133.0) Gecko/20100101 Firefox/133.0" "-"
141.31.93.0 - - [17/Jan/2025:09:46:30 +0100] "GET /wp-content/plugins/seo-by-rank-math/assets/admin/css/post-list.css?ver=1.0.234.1 HTTP/1.1" 200 10830 solarsolutionsgmbh.com "https://solarsolutionsgmbh.com/wp-admin/edit.php?post_type=page" "Mozilla/5.0 (Windows NT 10.0; Win64; x64; rv:133.0) Gecko/20100101 Firefox/133.0" "-"
141.31.93.0 - - [17/Jan/2025:09:46:30 +0100] "GET /wp-admin/load-styles.php?c=1&dir=ltr&load%5Bchunk_0%5D=dashicons,admin-bar,common,forms,admin-menu,dashboard,list-tables,edit,revisions,media,themes,about,nav-menus,wp-pointer,widgets&load%5Bchunk_1%5D=,site-icon,l10n,buttons,wp-auth-check,wp-components&ver=6.7.1 HTTP/1.1" 200 487703 solarsolutionsgmbh.com "https://solarsolutionsgmbh.com/wp-admin/edit.php?post_type=page" "Mozilla/5.0 (Windows NT 10.0; Win64; x64; rv:133.0) Gecko/20100101 Firefox/133.0" "-"
141.31.93.0 - - [17/Jan/2025:09:46:30 +0100] "GET /wp-admin/edit.php?post_type=page HTTP/1.1" 200 315450 solarsolutionsgmbh.com "https://solarsolutionsgmbh.com/wp-admin/post.php?post=13&action=edit" "Mozilla/5.0 (Windows NT 10.0; Win64; x64; rv:133.0) Gecko/20100101 Firefox/133.0" "-"
141.31.93.0 - - [17/Jan/2025:09:46:31 +0100] "GET /wp-admin/js/tags-suggest.min.js?ver=6.7.1 HTTP/1.1" 200 2269 solarsolutionsgmbh.com "https://solarsolutionsgmbh.com/wp-admin/edit.php?post_type=page" "Mozilla/5.0 (Windows NT 10.0; Win64; x64; rv:133.0) Gecko/20100101 Firefox/133.0" "-"
141.31.93.0 - - [17/Jan/2025:09:46:31 +0100] "GET /wp-admin/js/inline-edit-post.min.js?ver=6.7.1 HTTP/1.1" 200 9639 solarsolutionsgmbh.com "https://solarsolutionsgmbh.com/wp-admin/edit.php?post_type=page" "Mozilla/5.0 (Windows NT 10.0; Win64; x64; rv:133.0) Gecko/20100101 Firefox/133.0" "-"
141.31.93.0 - - [17/Jan/2025:09:46:31 +0100] "GET /wp-content/plugins/userfeedback-lite/assets/img/logo-outline.svg HTTP/1.1" 200 1395 solarsolutionsgmbh.com "https://solarsolutionsgmbh.com/wp-admin/edit.php?post_type=page" "Mozilla/5.0 (Windows NT 10.0; Win64; x64; rv:133.0) Gecko/20100101 Firefox/133.0" "-"
141.31.93.0 - - [17/Jan/2025:09:46:31 +0100] "GET /wp-content/plugins/seo-by-rank-math/assets/admin/js/post-list.js?ver=1.0.234.1 HTTP/1.1" 304 - solarsolutionsgmbh.com "https://solarsolutionsgmbh.com/wp-admin/edit.php?post_type=page" "Mozilla/5.0 (Windows NT 10.0; Win64; x64; rv:133.0) Gecko/20100101 Firefox/133.0" "-"
141.31.93.0 - - [17/Jan/2025:09:46:31 +0100] "GET /wp-content/uploads/2025/01/logo.png HTTP/1.1" 200 76264 solarsolutionsgmbh.com "https://solarsolutionsgmbh.com/wp-admin/edit.php?post_type=page" "Mozilla/5.0 (Windows NT 10.0; Win64; x64; rv:133.0) Gecko/20100101 Firefox/133.0" "-"
141.31.93.0 - - [17/Jan/2025:09:46:31 +0100] "GET /wp-content/uploads/2025/01/logo-150x150.png HTTP/1.1" 200 17909 solarsolutionsgmbh.com "https://solarsolutionsgmbh.com/wp-admin/edit.php?post_type=page" "Mozilla/5.0 (Windows NT 10.0; Win64; x64; rv:133.0) Gecko/20100101 Firefox/133.0" "-"
141.31.93.0 - - [17/Jan/2025:09:46:31 +0100] "POST /wp-admin/admin-ajax.php HTTP/1.1" 200 47 solarsolutionsgmbh.com "https://solarsolutionsgmbh.com/wp-admin/edit.php?post_type=page" "Mozilla/5.0 (Windows NT 10.0; Win64; x64; rv:133.0) Gecko/20100101 Firefox/133.0" "-"
141.31.93.0 - - [17/Jan/2025:09:46:31 +0100] "POST /wp-admin/admin-ajax.php HTTP/1.1" 200 2188 solarsolutionsgmbh.com "https://solarsolutionsgmbh.com/wp-admin/edit.php?post_type=page" "Mozilla/5.0 (Windows NT 10.0; Win64; x64; rv:133.0) Gecko/20100101 Firefox/133.0" "-"
141.31.93.0 - - [17/Jan/2025:09:46:32 +0100] "POST /wp-admin/admin-ajax.php HTTP/1.1" 200 142 solarsolutionsgmbh.com "https://solarsolutionsgmbh.com/wp-admin/" "Mozilla/5.0 (Windows NT 10.0; Win64; x64; rv:133.0) Gecko/20100101 Firefox/133.0" "-"
2001:7c0:1b00:: - - [17/Jan/2025:09:46:33 +0100] "POST /wp-admin/admin-ajax.php HTTP/1.1" 200 142 solarsolutionsgmbh.com "https://solarsolutionsgmbh.com/wp-admin/" "Mozilla/5.0 (Windows NT 10.0; Win64; x64; rv:134.0) Gecko/20100101 Firefox/134.0" "-"
