2001:7c0:1b00:: - - [17/Jan/2025:09:49:47 +0100] "GET /wp-admin/js/editor.min.js?ver=6.7.1 HTTP/1.1" 200 13062 solarsolutionsgmbh.com "https://solarsolutionsgmbh.com/wp-admin/post.php?post=392&action=edit" "Mozilla/5.0 (Windows NT 10.0; Win64; x64; rv:134.0) Gecko/20100101 Firefox/134.0" "-"
2001:7c0:1b00:: - - [17/Jan/2025:09:49:47 +0100] "GET /wp-includes/js/dist/keyboard-shortcuts.min.js?ver=32686e58e84193ce808b HTTP/1.1" 304 - solarsolutionsgmbh.com "https://solarsolutionsgmbh.com/wp-admin/post.php?post=392&action=edit" "Mozilla/5.0 (Windows NT 10.0; Win64; x64; rv:134.0) Gecko/20100101 Firefox/134.0" "-"
2001:7c0:1b00:: - - [17/Jan/2025:09:49:47 +0100] "GET /wp-includes/js/dist/commands.min.js?ver=33b90579e9a6d83ac03b HTTP/1.1" 304 - solarsolutionsgmbh.com "https://solarsolutionsgmbh.com/wp-admin/post.php?post=392&action=edit" "Mozilla/5.0 (Windows NT 10.0; Win64; x64; rv:134.0) Gecko/20100101 Firefox/134.0" "-"
2001:7c0:1b00:: - - [17/Jan/2025:09:49:47 +0100] "GET /wp-includes/js/dist/notices.min.js?ver=673a68a7ac2f556ed50b HTTP/1.1" 304 - solarsolutionsgmbh.com "https://solarsolutionsgmbh.com/wp-admin/post.php?post=392&action=edit" "Mozilla/5.0 (Windows NT 10.0; Win64; x64; rv:134.0) Gecko/20100101 Firefox/134.0" "-"
2001:7c0:1b00:: - - [17/Jan/2025:09:49:47 +0100] "GET /wp-includes/js/plupload/wp-plupload.min.js?ver=6.7.1 HTTP/1.1" 200 6036 solarsolutionsgmbh.com "https://solarsolutionsgmbh.com/wp-admin/post.php?post=392&action=edit" "Mozilla/5.0 (Windows NT 10.0; Win64; x64; rv:134.0) Gecko/20100101 Firefox/134.0" "-"
2001:7c0:1b00:: - - [17/Jan/2025:09:49:47 +0100] "GET /wp-includes/js/wp-backbone.min.js?ver=6.7.1 HTTP/1.1" 200 3039 solarsolutionsgmbh.com "https://solarsolutionsgmbh.com/wp-admin/post.php?post=392&action=edit" "Mozilla/5.0 (Windows NT 10.0; Win64; x64; rv:134.0) Gecko/20100101 Firefox/134.0" "-"
2001:7c0:1b00:: - - [17/Jan/2025:09:49:47 +0100] "GET /wp-includes/js/media-models.min.js?ver=6.7.1 HTTP/1.1" 200 13288 solarsolutionsgmbh.com "https://solarsolutionsgmbh.com/wp-admin/post.php?post=392&action=edit" "Mozilla/5.0 (Windows NT 10.0; Win64; x64; rv:134.0) Gecko/20100101 Firefox/134.0" "-"
2001:7c0:1b00:: - - [17/Jan/2025:09:49:47 +0100] "GET /wp-includes/js/plupload/plupload.min.js?ver=2.1.9 HTTP/1.1" 200 15605 solarsolutionsgmbh.com "https://solarsolutionsgmbh.com/wp-admin/post.php?post=392&action=edit" "Mozilla/5.0 (Windows NT 10.0; Win64; x64; rv:134.0) Gecko/20100101 Firefox/134.0" "-"
2001:7c0:1b00:: - - [17/Jan/2025:09:49:47 +0100] "GET /wp-includes/js/mediaelement/mediaelement-migrate.min.js?ver=6.7.1 HTTP/1.1" 200 1191 solarsolutionsgmbh.com "https://solarsolutionsgmbh.com/wp-admin/post.php?post=392&action=edit" "Mozilla/5.0 (Windows NT 10.0; Win64; x64; rv:134.0) Gecko/20100101 Firefox/134.0" "-"
2001:7c0:1b00:: - - [17/Jan/2025:09:49:47 +0100] "GET /wp-includes/js/mediaelement/wp-mediaelement.min.js?ver=6.7.1 HTTP/1.1" 200 1107 solarsolutionsgmbh.com "https://solarsolutionsgmbh.com/wp-admin/post.php?post=392&action=edit" "Mozilla/5.0 (Windows NT 10.0; Win64; x64; rv:134.0) Gecko/20100101 Firefox/134.0" "-"
2001:7c0:1b00:: - - [17/Jan/2025:09:49:47 +0100] "GET /wp-includes/js/dist/preferences-persistence.min.js?ver=9307a8c9e3254140a223 HTTP/1.1" 304 - solarsolutionsgmbh.com "https://solarsolutionsgmbh.com/wp-admin/post.php?post=392&action=edit" "Mozilla/5.0 (Windows NT 10.0; Win64; x64; rv:134.0) Gecko/20100101 Firefox/134.0" "-"
2001:7c0:1b00:: - - [17/Jan/2025:09:49:47 +0100] "GET /wp-content/plugins/google-analytics-for-wordpress/assets/js/admin-metabox-sitenotes.js?ver=9.2.4 HTTP/1.1" 200 759 solarsolutionsgmbh.com "https://solarsolutionsgmbh.com/wp-admin/post.php?post=392&action=edit" "Mozilla/5.0 (Windows NT 10.0; Win64; x64; rv:134.0) Gecko/20100101 Firefox/134.0" "-"
2001:7c0:1b00:: - - [17/Jan/2025:09:49:47 +0100] "GET /wp-includes/js/dist/style-engine.min.js?ver=08cc10e9532531e22456 HTTP/1.1" 304 - solarsolutionsgmbh.com "https://solarsolutionsgmbh.com/wp-admin/post.php?post=392&action=edit" "Mozilla/5.0 (Windows NT 10.0; Win64; x64; rv:134.0) Gecko/20100101 Firefox/134.0" "-"
2001:7c0:1b00:: - - [17/Jan/2025:09:49:47 +0100] "GET /wp-includes/js/dist/preferences.min.js?ver=945c6cbfe821b3070047 HTTP/1.1" 304 - solarsolutionsgmbh.com "https://solarsolutionsgmbh.com/wp-admin/post.php?post=392&action=edit" "Mozilla/5.0 (Windows NT 10.0; Win64; x64; rv:134.0) Gecko/20100101 Firefox/134.0" "-"
2001:7c0:1b00:: - - [17/Jan/2025:09:49:47 +0100] "GET /wp-includes/js/dist/token-list.min.js?ver=3b5f5dcfde830ecef24f HTTP/1.1" 304 - solarsolutionsgmbh.com "https://solarsolutionsgmbh.com/wp-admin/post.php?post=392&action=edit" "Mozilla/5.0 (Windows NT 10.0; Win64; x64; rv:134.0) Gecko/20100101 Firefox/134.0" "-"
2001:7c0:1b00:: - - [17/Jan/2025:09:49:47 +0100] "GET /wp-includes/js/dist/wordcount.min.js?ver=55d8c2bf3dc99e7ea5ec HTTP/1.1" 304 - solarsolutionsgmbh.com "https://solarsolutionsgmbh.com/wp-admin/post.php?post=392&action=edit" "Mozilla/5.0 (Windows NT 10.0; Win64; x64; rv:134.0) Gecko/20100101 Firefox/134.0" "-"
2001:7c0:1b00:: - - [17/Jan/2025:09:49:47 +0100] "GET /wp-content/plugins/google-analytics-for-wordpress/assets/js/admin-metabox.min.js?ver=9.2.4 HTTP/1.1" 200 918 solarsolutionsgmbh.com "https://solarsolutionsgmbh.com/wp-admin/post.php?post=392&action=edit" "Mozilla/5.0 (Windows NT 10.0; Win64; x64; rv:134.0) Gecko/20100101 Firefox/134.0" "-"
2001:7c0:1b00:: - - [17/Jan/2025:09:49:47 +0100] "GET /wp-includes/js/dist/core-data.min.js?ver=8224153d27ea1b378c5a HTTP/1.1" 304 - solarsolutionsgmbh.com "https://solarsolutionsgmbh.com/wp-admin/post.php?post=392&action=edit" "Mozilla/5.0 (Windows NT 10.0; Win64; x64; rv:134.0) Gecko/20100101 Firefox/134.0" "-"
2001:7c0:1b00:: - - [17/Jan/2025:09:49:47 +0100] "GET /wp-includes/js/dist/patterns.min.js?ver=b4c7e00c3ec65ecfeaed HTTP/1.1" 304 - solarsolutionsgmbh.com "https://solarsolutionsgmbh.com/wp-admin/post.php?post=392&action=edit" "Mozilla/5.0 (Windows NT 10.0; Win64; x64; rv:134.0) Gecko/20100101 Firefox/134.0" "-"
2001:7c0:1b00:: - - [17/Jan/2025:09:49:47 +0100] "GET /wp-content/plugins/scripts-n-styles/vendor/codemirror/codemirror-compressed.js?ver=3.16 HTTP/1.1" 200 178771 solarsolutionsgmbh.com "https://solarsolutionsgmbh.com/wp-admin/post.php?post=392&action=edit" "Mozilla/5.0 (Windows NT 10.0; Win64; x64; rv:134.0) Gecko/20100101 Firefox/134.0" "-"
2001:7c0:1b00:: - - [17/Jan/2025:09:49:47 +0100] "GET /wp-includes/js/dist/block-editor.min.js?ver=28fb4f612c7c613fdd55 HTTP/1.1" 304 - solarsolutionsgmbh.com "https://solarsolutionsgmbh.com/wp-admin/post.php?post=392&action=edit" "Mozilla/5.0 (Windows NT 10.0; Win64; x64; rv:134.0) Gecko/20100101 Firefox/134.0" "-"
2001:7c0:1b00:: - - [17/Jan/2025:09:49:47 +0100] "GET /wp-includes/js/dist/server-side-render.min.js?ver=1e0f25c205ebeb30bcd2 HTTP/1.1" 304 - solarsolutionsgmbh.com "https://solarsolutionsgmbh.com/wp-admin/post.php?post=392&action=edit" "Mozilla/5.0 (Windows NT 10.0; Win64; x64; rv:134.0) Gecko/20100101 Firefox/134.0" "-"
2001:7c0:1b00:: - - [17/Jan/2025:09:49:47 +0100] "GET /wp-includes/js/dist/block-library.min.js?ver=ccc402e50b786e799ae9 HTTP/1.1" 304 - solarsolutionsgmbh.com "https://solarsolutionsgmbh.com/wp-admin/post.php?post=392&action=edit" "Mozilla/5.0 (Windows NT 10.0; Win64; x64; rv:134.0) Gecko/20100101 Firefox/134.0" "-"
2001:7c0:1b00:: - - [17/Jan/2025:09:49:47 +0100] "GET /wp-includes/js/dist/router.min.js?ver=e4887fecc16ef03e908f HTTP/1.1" 304 - solarsolutionsgmbh.com "https://solarsolutionsgmbh.com/wp-admin/post.php?post=392&action=edit" "Mozilla/5.0 (Windows NT 10.0; Win64; x64; rv:134.0) Gecko/20100101 Firefox/134.0" "-"
2001:7c0:1b00:: - - [17/Jan/2025:09:49:47 +0100] "GET /wp-includes/js/dist/core-commands.min.js?ver=e398c3f43e502a9c4a8f HTTP/1.1" 304 - solarsolutionsgmbh.com "https://solarsolutionsgmbh.com/wp-admin/post.php?post=392&action=edit" "Mozilla/5.0 (Windows NT 10.0; Win64; x64; rv:134.0) Gecko/20100101 Firefox/134.0" "-"
2001:7c0:1b00:: - - [17/Jan/2025:09:49:47 +0100] "GET /wp-includes/js/dist/media-utils.min.js?ver=e10cc6bfcff4fe474479 HTTP/1.1" 304 - solarsolutionsgmbh.com "https://solarsolutionsgmbh.com/wp-admin/post.php?post=392&action=edit" "Mozilla/5.0 (Windows NT 10.0; Win64; x64; rv:134.0) Gecko/20100101 Firefox/134.0" "-"
2001:7c0:1b00:: - - [17/Jan/2025:09:49:47 +0100] "GET /wp-includes/js/dist/viewport.min.js?ver=829c9a30d366e1e5054c HTTP/1.1" 304 - solarsolutionsgmbh.com "https://solarsolutionsgmbh.com/wp-admin/post.php?post=392&action=edit" "Mozilla/5.0 (Windows NT 10.0; Win64; x64; rv:134.0) Gecko/20100101 Firefox/134.0" "-"
2001:7c0:1b00:: - - [17/Jan/2025:09:49:47 +0100] "GET /wp-includes/js/dist/editor.min.js?ver=d362bb0f0c3fd99674fe HTTP/1.1" 304 - solarsolutionsgmbh.com "https://solarsolutionsgmbh.com/wp-admin/post.php?post=392&action=edit" "Mozilla/5.0 (Windows NT 10.0; Win64; x64; rv:134.0) Gecko/20100101 Firefox/134.0" "-"
2001:7c0:1b00:: - - [17/Jan/2025:09:49:47 +0100] "GET /wp-content/plugins/seo-by-rank-math/includes/modules/content-ai/blocks/command/assets/js/index.js?ver=1.0.234.1 HTTP/1.1" 304 - solarsolutionsgmbh.com "https://solarsolutionsgmbh.com/wp-admin/post.php?post=392&action=edit" "Mozilla/5.0 (Windows NT 10.0; Win64; x64; rv:134.0) Gecko/20100101 Firefox/134.0" "-"
2001:7c0:1b00:: - - [17/Jan/2025:09:49:47 +0100] "GET /wp-includes/js/dist/plugins.min.js?ver=ef6da4a9b2747b62c09c HTTP/1.1" 304 - solarsolutionsgmbh.com "https://solarsolutionsgmbh.com/wp-admin/post.php?post=392&action=edit" "Mozilla/5.0 (Windows NT 10.0; Win64; x64; rv:134.0) Gecko/20100101 Firefox/134.0" "-"
2001:7c0:1b00:: - - [17/Jan/2025:09:49:47 +0100] "GET /wp-includes/js/dist/widgets.min.js?ver=e4801fc4b16effe444d8 HTTP/1.1" 304 - solarsolutionsgmbh.com "https://solarsolutionsgmbh.com/wp-admin/post.php?post=392&action=edit" "Mozilla/5.0 (Windows NT 10.0; Win64; x64; rv:134.0) Gecko/20100101 Firefox/134.0" "-"
2001:7c0:1b00:: - - [17/Jan/2025:09:49:47 +0100] "GET /wp-includes/js/mediaelement/mediaelement-and-player.min.js?ver=4.2.17 HTTP/1.1" 304 - solarsolutionsgmbh.com "https://solarsolutionsgmbh.com/wp-admin/post.php?post=392&action=edit" "Mozilla/5.0 (Windows NT 10.0; Win64; x64; rv:134.0) Gecko/20100101 Firefox/134.0" "-"
2001:7c0:1b00:: - - [17/Jan/2025:09:49:47 +0100] "GET /wp-includes/js/media-views.min.js?ver=6.7.1 HTTP/1.1" 304 - solarsolutionsgmbh.com "https://solarsolutionsgmbh.com/wp-admin/post.php?post=392&action=edit" "Mozilla/5.0 (Windows NT 10.0; Win64; x64; rv:134.0) Gecko/20100101 Firefox/134.0" "-"
2001:7c0:1b00:: - - [17/Jan/2025:09:49:47 +0100] "GET /wp-includes/js/plupload/moxie.min.js?ver=1.3.5 HTTP/1.1" 304 - solarsolutionsgmbh.com "https://solarsolutionsgmbh.com/wp-admin/post.php?post=392&action=edit" "Mozilla/5.0 (Windows NT 10.0; Win64; x64; rv:134.0) Gecko/20100101 Firefox/134.0" "-"
2001:7c0:1b00:: - - [17/Jan/2025:09:49:47 +0100] "GET /wp-includes/js/dist/edit-post.min.js?ver=f56f4976c416ccebe712 HTTP/1.1" 304 - solarsolutionsgmbh.com "https://solarsolutionsgmbh.com/wp-admin/post.php?post=392&action=edit" "Mozilla/5.0 (Windows NT 10.0; Win64; x64; rv:134.0) Gecko/20100101 Firefox/134.0" "-"
2001:7c0:1b00:: - - [17/Jan/2025:09:49:47 +0100] "GET /wp-content/plugins/contact-form-7/includes/block-editor/index.js?ver=6.0.2 HTTP/1.1" 304 - solarsolutionsgmbh.com "https://solarsolutionsgmbh.com/wp-admin/post.php?post=392&action=edit" "Mozilla/5.0 (Windows NT 10.0; Win64; x64; rv:134.0) Gecko/20100101 Firefox/134.0" "-"
2001:7c0:1b00:: - - [17/Jan/2025:09:49:47 +0100] "GET /wp-content/plugins/seo-by-rank-math/includes/modules/schema/blocks/faq/assets/js/index.js?ver=6.7.1 HTTP/1.1" 304 - solarsolutionsgmbh.com "https://solarsolutionsgmbh.com/wp-admin/post.php?post=392&action=edit" "Mozilla/5.0 (Windows NT 10.0; Win64; x64; rv:134.0) Gecko/20100101 Firefox/134.0" "-"
2001:7c0:1b00:: - - [17/Jan/2025:09:49:47 +0100] "GET /wp-content/plugins/seo-by-rank-math/includes/modules/schema/blocks/howto/assets/js/index.js?ver=6.7.1 HTTP/1.1" 304 - solarsolutionsgmbh.com "https://solarsolutionsgmbh.com/wp-admin/post.php?post=392&action=edit" "Mozilla/5.0 (Windows NT 10.0; Win64; x64; rv:134.0) Gecko/20100101 Firefox/134.0" "-"
2001:7c0:1b00:: - - [17/Jan/2025:09:49:47 +0100] "GET /wp-includes/js/dist/reusable-blocks.min.js?ver=73735a77e4e5095733da HTTP/1.1" 304 - solarsolutionsgmbh.com "https://solarsolutionsgmbh.com/wp-admin/post.php?post=392&action=edit" "Mozilla/5.0 (Windows NT 10.0; Win64; x64; rv:134.0) Gecko/20100101 Firefox/134.0" "-"
2001:7c0:1b00:: - - [17/Jan/2025:09:49:47 +0100] "GET /wp-content/plugins/seo-by-rank-math/includes/modules/schema/blocks/toc/assets/js/index.js?ver=1.0.234.1 HTTP/1.1" 304 - solarsolutionsgmbh.com "https://solarsolutionsgmbh.com/wp-admin/post.php?post=392&action=edit" "Mozilla/5.0 (Windows NT 10.0; Win64; x64; rv:134.0) Gecko/20100101 Firefox/134.0" "-"
2001:7c0:1b00:: - - [17/Jan/2025:09:49:47 +0100] "GET /wp-content/plugins/newsletter/includes/tnp-blocks.js?ver=8.6.4 HTTP/1.1" 304 - solarsolutionsgmbh.com "https://solarsolutionsgmbh.com/wp-admin/post.php?post=392&action=edit" "Mozilla/5.0 (Windows NT 10.0; Win64; x64; rv:134.0) Gecko/20100101 Firefox/134.0" "-"
2001:7c0:1b00:: - - [17/Jan/2025:09:49:47 +0100] "GET /wp-content/plugins/optinmonster/assets/dist/js/campaign-selector.min.js?ver=2.16.13 HTTP/1.1" 304 - solarsolutionsgmbh.com "https://solarsolutionsgmbh.com/wp-admin/post.php?post=392&action=edit" "Mozilla/5.0 (Windows NT 10.0; Win64; x64; rv:134.0) Gecko/20100101 Firefox/134.0" "-"
2001:7c0:1b00:: - - [17/Jan/2025:09:49:47 +0100] "GET /wp-content/plugins/optinmonster/assets/dist/js/om-format.min.js?ver=2.16.13 HTTP/1.1" 304 - solarsolutionsgmbh.com "https://solarsolutionsgmbh.com/wp-admin/post.php?post=392&action=edit" "Mozilla/5.0 (Windows NT 10.0; Win64; x64; rv:134.0) Gecko/20100101 Firefox/134.0" "-"
2001:7c0:1b00:: - - [17/Jan/2025:09:49:47 +0100] "GET /wp-content/plugins/optinmonster/assets/dist/js/om-settings.min.js?ver=2.16.13 HTTP/1.1" 304 - solarsolutionsgmbh.com "https://solarsolutionsgmbh.com/wp-admin/post.php?post=392&action=edit" "Mozilla/5.0 (Windows NT 10.0; Win64; x64; rv:134.0) Gecko/20100101 Firefox/134.0" "-"
2001:7c0:1b00:: - - [17/Jan/2025:09:49:47 +0100] "GET /wp-content/plugins/seo-by-rank-math/includes/modules/schema/blocks/schema/assets/js/index.js?ver=6.7.1 HTTP/1.1" 304 - solarsolutionsgmbh.com "https://solarsolutionsgmbh.com/wp-admin/post.php?post=392&action=edit" "Mozilla/5.0 (Windows NT 10.0; Win64; x64; rv:134.0) Gecko/20100101 Firefox/134.0" "-"
2001:7c0:1b00:: - - [17/Jan/2025:09:49:48 +0100] "GET /wp-includes/js/codemirror/codemirror.min.css?ver=5.29.1-alpha-ee20357 HTTP/1.1" 200 15899 solarsolutionsgmbh.com "https://solarsolutionsgmbh.com/wp-admin/post.php?post=392&action=edit" "Mozilla/5.0 (Windows NT 10.0; Win64; x64; rv:134.0) Gecko/20100101 Firefox/134.0" "-"
2001:7c0:1b00:: - - [17/Jan/2025:09:49:48 +0100] "GET /wp-includes/js/media-audiovideo.min.js?ver=6.7.1 HTTP/1.1" 304 - solarsolutionsgmbh.com "https://solarsolutionsgmbh.com/wp-admin/post.php?post=392&action=edit" "Mozilla/5.0 (Windows NT 10.0; Win64; x64; rv:134.0) Gecko/20100101 Firefox/134.0" "-"
2001:7c0:1b00:: - - [17/Jan/2025:09:49:48 +0100] "GET /wp-includes/js/imgareaselect/jquery.imgareaselect.min.js?ver=6.7.1 HTTP/1.1" 304 - solarsolutionsgmbh.com "https://solarsolutionsgmbh.com/wp-admin/post.php?post=392&action=edit" "Mozilla/5.0 (Windows NT 10.0; Win64; x64; rv:134.0) Gecko/20100101 Firefox/134.0" "-"
2001:7c0:1b00:: - - [17/Jan/2025:09:49:48 +0100] "GET /wp-includes/js/media-editor.min.js?ver=6.7.1 HTTP/1.1" 200 10885 solarsolutionsgmbh.com "https://solarsolutionsgmbh.com/wp-admin/post.php?post=392&action=edit" "Mozilla/5.0 (Windows NT 10.0; Win64; x64; rv:134.0) Gecko/20100101 Firefox/134.0" "-"
2001:7c0:1b00:: - - [17/Jan/2025:09:49:48 +0100] "GET /wp-includes/js/mce-view.min.js?ver=6.7.1 HTTP/1.1" 304 - solarsolutionsgmbh.com "https://solarsolutionsgmbh.com/wp-admin/post.php?post=392&action=edit" "Mozilla/5.0 (Windows NT 10.0; Win64; x64; rv:134.0) Gecko/20100101 Firefox/134.0" "-"
2001:7c0:1b00:: - - [17/Jan/2025:09:49:48 +0100] "GET /wp-admin/js/image-edit.min.js?ver=6.7.1 HTTP/1.1" 304 - solarsolutionsgmbh.com "https://solarsolutionsgmbh.com/wp-admin/post.php?post=392&action=edit" "Mozilla/5.0 (Windows NT 10.0; Win64; x64; rv:134.0) Gecko/20100101 Firefox/134.0" "-"
2001:7c0:1b00:: - - [17/Jan/2025:09:49:48 +0100] "GET /wp-content/plugins/elementor/assets/js/packages/ui/ui.min.js?ver=3.26.3 HTTP/1.1" 304 - solarsolutionsgmbh.com "https://solarsolutionsgmbh.com/wp-admin/post.php?post=392&action=edit" "Mozilla/5.0 (Windows NT 10.0; Win64; x64; rv:134.0) Gecko/20100101 Firefox/134.0" "-"
2001:7c0:1b00:: - - [17/Jan/2025:09:49:48 +0100] "GET /wp-includes/js/media-grid.min.js?ver=6.7.1 HTTP/1.1" 304 - solarsolutionsgmbh.com "https://solarsolutionsgmbh.com/wp-admin/post.php?post=392&action=edit" "Mozilla/5.0 (Windows NT 10.0; Win64; x64; rv:134.0) Gecko/20100101 Firefox/134.0" "-"
2001:7c0:1b00:: - - [17/Jan/2025:09:49:48 +0100] "GET /wp-content/plugins/elementor/assets/js/packages/icons/icons.min.js?ver=3.26.3 HTTP/1.1" 304 - solarsolutionsgmbh.com "https://solarsolutionsgmbh.com/wp-admin/post.php?post=392&action=edit" "Mozilla/5.0 (Windows NT 10.0; Win64; x64; rv:134.0) Gecko/20100101 Firefox/134.0" "-"
2001:7c0:1b00:: - - [17/Jan/2025:09:49:48 +0100] "GET /wp-content/plugins/elementor/assets/js/ai-media-library.min.js?ver=3.26.3 HTTP/1.1" 304 - solarsolutionsgmbh.com "https://solarsolutionsgmbh.com/wp-admin/post.php?post=392&action=edit" "Mozilla/5.0 (Windows NT 10.0; Win64; x64; rv:134.0) Gecko/20100101 Firefox/134.0" "-"
2001:7c0:1b00:: - - [17/Jan/2025:09:49:48 +0100] "GET /wp-includes/js/dist/block-directory.min.js?ver=1e2dcb064ecd5905fe6b HTTP/1.1" 304 - solarsolutionsgmbh.com "https://solarsolutionsgmbh.com/wp-admin/post.php?post=392&action=edit" "Mozilla/5.0 (Windows NT 10.0; Win64; x64; rv:134.0) Gecko/20100101 Firefox/134.0" "-"
2001:7c0:1b00:: - - [17/Jan/2025:09:49:48 +0100] "GET /wp-includes/js/dist/format-library.min.js?ver=81b8a9364113f57b6a37 HTTP/1.1" 304 - solarsolutionsgmbh.com "https://solarsolutionsgmbh.com/wp-admin/post.php?post=392&action=edit" "Mozilla/5.0 (Windows NT 10.0; Win64; x64; rv:134.0) Gecko/20100101 Firefox/134.0" "-"
2001:7c0:1b00:: - - [17/Jan/2025:09:49:48 +0100] "GET /wp-content/plugins/duplicate-post/js/dist/duplicate-post-edit-450.js?ver=4.5 HTTP/1.1" 304 - solarsolutionsgmbh.com "https://solarsolutionsgmbh.com/wp-admin/post.php?post=392&action=edit" "Mozilla/5.0 (Windows NT 10.0; Win64; x64; rv:134.0) Gecko/20100101 Firefox/134.0" "-"
2001:7c0:1b00:: - - [17/Jan/2025:09:49:48 +0100] "GET /wp-content/plugins/google-analytics-for-wordpress/assets/gutenberg/js/editor.js?ver=9.2.4 HTTP/1.1" 304 - solarsolutionsgmbh.com "https://solarsolutionsgmbh.com/wp-admin/post.php?post=392&action=edit" "Mozilla/5.0 (Windows NT 10.0; Win64; x64; rv:134.0) Gecko/20100101 Firefox/134.0" "-"
2001:7c0:1b00:: - - [17/Jan/2025:09:49:48 +0100] "GET /wp-content/plugins/userfeedback-lite/assets/gutenberg/js/editor-lite.min.js?ver=1.4.0 HTTP/1.1" 304 - solarsolutionsgmbh.com "https://solarsolutionsgmbh.com/wp-admin/post.php?post=392&action=edit" "Mozilla/5.0 (Windows NT 10.0; Win64; x64; rv:134.0) Gecko/20100101 Firefox/134.0" "-"
2001:7c0:1b00:: - - [17/Jan/2025:09:49:48 +0100] "GET /wp-content/plugins/wpforms-lite/assets/js/admin/education/core.min.js?ver=1.9.2.3 HTTP/1.1" 304 - solarsolutionsgmbh.com "https://solarsolutionsgmbh.com/wp-admin/post.php?post=392&action=edit" "Mozilla/5.0 (Windows NT 10.0; Win64; x64; rv:134.0) Gecko/20100101 Firefox/134.0" "-"
2001:7c0:1b00:: - - [17/Jan/2025:09:49:48 +0100] "GET /wp-content/plugins/wpforms-lite/assets/js/share/utils.min.js?ver=1.9.2.3 HTTP/1.1" 304 - solarsolutionsgmbh.com "https://solarsolutionsgmbh.com/wp-admin/post.php?post=392&action=edit" "Mozilla/5.0 (Windows NT 10.0; Win64; x64; rv:134.0) Gecko/20100101 Firefox/134.0" "-"
2001:7c0:1b00:: - - [17/Jan/2025:09:49:48 +0100] "GET /wp-content/plugins/insert-headers-and-footers/build/admin-global-lite.js?ver=0b74b93a8b56d530f4cd5cdea9f40382 HTTP/1.1" 200 949 solarsolutionsgmbh.com "https://solarsolutionsgmbh.com/wp-admin/post.php?post=392&action=edit" "Mozilla/5.0 (Windows NT 10.0; Win64; x64; rv:134.0) Gecko/20100101 Firefox/134.0" "-"
2001:7c0:1b00:: - - [17/Jan/2025:09:49:48 +0100] "GET /wp-content/plugins/wpforms-lite/assets/lite/js/integrations/gutenberg/formselector.es5.min.js?ver=1.9.2.3 HTTP/1.1" 304 - solarsolutionsgmbh.com "https://solarsolutionsgmbh.com/wp-admin/post.php?post=392&action=edit" "Mozilla/5.0 (Windows NT 10.0; Win64; x64; rv:134.0) Gecko/20100101 Firefox/134.0" "-"
2001:7c0:1b00:: - - [17/Jan/2025:09:49:48 +0100] "GET /wp-content/plugins/wpforms-lite/assets/js/frontend/wpforms-modern.min.js?ver=1.9.2.3 HTTP/1.1" 304 - solarsolutionsgmbh.com "https://solarsolutionsgmbh.com/wp-admin/post.php?post=392&action=edit" "Mozilla/5.0 (Windows NT 10.0; Win64; x64; rv:134.0) Gecko/20100101 Firefox/134.0" "-"
2001:7c0:1b00:: - - [17/Jan/2025:09:49:48 +0100] "GET /wp-content/plugins/elementor/assets/js/gutenberg.min.js?ver=3.26.3 HTTP/1.1" 304 - solarsolutionsgmbh.com "https://solarsolutionsgmbh.com/wp-admin/post.php?post=392&action=edit" "Mozilla/5.0 (Windows NT 10.0; Win64; x64; rv:134.0) Gecko/20100101 Firefox/134.0" "-"
2001:7c0:1b00:: - - [17/Jan/2025:09:49:48 +0100] "GET /wp-content/plugins/elementor/assets/js/ai-gutenberg.min.js?ver=3.26.3 HTTP/1.1" 304 - solarsolutionsgmbh.com "https://solarsolutionsgmbh.com/wp-admin/post.php?post=392&action=edit" "Mozilla/5.0 (Windows NT 10.0; Win64; x64; rv:134.0) Gecko/20100101 Firefox/134.0" "-"
2001:7c0:1b00:: - - [17/Jan/2025:09:49:48 +0100] "GET /wp-content/plugins/optinmonster/assets/dist/js/global.min.js?ver=2.16.13 HTTP/1.1" 200 996 solarsolutionsgmbh.com "https://solarsolutionsgmbh.com/wp-admin/post.php?post=392&action=edit" "Mozilla/5.0 (Windows NT 10.0; Win64; x64; rv:134.0) Gecko/20100101 Firefox/134.0" "-"
2001:7c0:1b00:: - - [17/Jan/2025:09:49:48 +0100] "GET /wp-content/plugins/wpforms-lite/assets/lib/choices.min.js?ver=10.2.0 HTTP/1.1" 304 - solarsolutionsgmbh.com "https://solarsolutionsgmbh.com/wp-admin/post.php?post=392&action=edit" "Mozilla/5.0 (Windows NT 10.0; Win64; x64; rv:134.0) Gecko/20100101 Firefox/134.0" "-"
2001:7c0:1b00:: - - [17/Jan/2025:09:49:48 +0100] "GET /wp-content/plugins/wpforms-lite/assets/js/admin/education/edit-post.es5.min.js?ver=1.9.2.3 HTTP/1.1" 200 6163 solarsolutionsgmbh.com "https://solarsolutionsgmbh.com/wp-admin/post.php?post=392&action=edit" "Mozilla/5.0 (Windows NT 10.0; Win64; x64; rv:134.0) Gecko/20100101 Firefox/134.0" "-"
2001:7c0:1b00:: - - [17/Jan/2025:09:49:48 +0100] "GET /wp-content/plugins/userfeedback-lite/assets/js/uf-admin.js?ver=1.4.0 HTTP/1.1" 200 992 solarsolutionsgmbh.com "https://solarsolutionsgmbh.com/wp-admin/post.php?post=392&action=edit" "Mozilla/5.0 (Windows NT 10.0; Win64; x64; rv:134.0) Gecko/20100101 Firefox/134.0" "-"
2001:7c0:1b00:: - - [17/Jan/2025:09:49:48 +0100] "GET /wp-content/plugins/seo-by-rank-math/assets/admin/js/gutenberg-formats.js?ver=1.0.234.1 HTTP/1.1" 304 - solarsolutionsgmbh.com "https://solarsolutionsgmbh.com/wp-admin/post.php?post=392&action=edit" "Mozilla/5.0 (Windows NT 10.0; Win64; x64; rv:134.0) Gecko/20100101 Firefox/134.0" "-"
2001:7c0:1b00:: - - [17/Jan/2025:09:49:48 +0100] "GET /wp-includes/js/jquery/ui/tabs.min.js?ver=1.13.3 HTTP/1.1" 200 12008 solarsolutionsgmbh.com "https://solarsolutionsgmbh.com/wp-admin/post.php?post=392&action=edit" "Mozilla/5.0 (Windows NT 10.0; Win64; x64; rv:134.0) Gecko/20100101 Firefox/134.0" "-"
2001:7c0:1b00:: - - [17/Jan/2025:09:49:48 +0100] "GET /wp-content/plugins/scripts-n-styles/vendor/chosen/chosen.jquery.min.js?ver=1.0.0 HTTP/1.1" 200 25688 solarsolutionsgmbh.com "https://solarsolutionsgmbh.com/wp-admin/post.php?post=392&action=edit" "Mozilla/5.0 (Windows NT 10.0; Win64; x64; rv:134.0) Gecko/20100101 Firefox/134.0" "-"
2001:7c0:1b00:: - - [17/Jan/2025:09:49:48 +0100] "GET /wp-content/plugins/scripts-n-styles/js/meta-box.js?ver=3.5.8 HTTP/1.1" 200 20741 solarsolutionsgmbh.com "https://solarsolutionsgmbh.com/wp-admin/post.php?post=392&action=edit" "Mozilla/5.0 (Windows NT 10.0; Win64; x64; rv:134.0) Gecko/20100101 Firefox/134.0" "-"
2001:7c0:1b00:: - - [17/Jan/2025:09:49:48 +0100] "GET /wp-content/plugins/seo-by-rank-math/assets/admin/js/analyzer.js?ver=1.0.234.1 HTTP/1.1" 304 - solarsolutionsgmbh.com "https://solarsolutionsgmbh.com/wp-admin/post.php?post=392&action=edit" "Mozilla/5.0 (Windows NT 10.0; Win64; x64; rv:134.0) Gecko/20100101 Firefox/134.0" "-"
2001:7c0:1b00:: - - [17/Jan/2025:09:49:48 +0100] "GET /wp-content/plugins/seo-by-rank-math/assets/admin/js/rank-math-app.js?ver=1.0.234.1 HTTP/1.1" 304 - solarsolutionsgmbh.com "https://solarsolutionsgmbh.com/wp-admin/post.php?post=392&action=edit" "Mozilla/5.0 (Windows NT 10.0; Win64; x64; rv:134.0) Gecko/20100101 Firefox/134.0" "-"
2001:7c0:1b00:: - - [17/Jan/2025:09:49:48 +0100] "GET /wp-content/plugins/seo-by-rank-math/assets/admin/js/gutenberg.js?ver=1.0.234.1 HTTP/1.1" 304 - solarsolutionsgmbh.com "https://solarsolutionsgmbh.com/wp-admin/post.php?post=392&action=edit" "Mozilla/5.0 (Windows NT 10.0; Win64; x64; rv:134.0) Gecko/20100101 Firefox/134.0" "-"
2001:7c0:1b00:: - - [17/Jan/2025:09:49:48 +0100] "GET /wp-content/plugins/seo-by-rank-math/includes/modules/schema/assets/js/schema-gutenberg.js?ver=1.0.234.1 HTTP/1.1" 304 - solarsolutionsgmbh.com "https://solarsolutionsgmbh.com/wp-admin/post.php?post=392&action=edit" "Mozilla/5.0 (Windows NT 10.0; Win64; x64; rv:134.0) Gecko/20100101 Firefox/134.0" "-"
2001:7c0:1b00:: - - [17/Jan/2025:09:49:48 +0100] "GET /wp-content/plugins/seo-by-rank-math/includes/modules/content-ai/assets/js/content-ai.js?ver=1.0.234.1 HTTP/1.1" 304 - solarsolutionsgmbh.com "https://solarsolutionsgmbh.com/wp-admin/post.php?post=392&action=edit" "Mozilla/5.0 (Windows NT 10.0; Win64; x64; rv:134.0) Gecko/20100101 Firefox/134.0" "-"
2001:7c0:1b00:: - - [17/Jan/2025:09:49:48 +0100] "GET /wp-includes/js/tinymce/wp-tinymce.js?ver=49110-20201110 HTTP/1.1" 304 - solarsolutionsgmbh.com "https://solarsolutionsgmbh.com/wp-admin/post.php?post=392&action=edit" "Mozilla/5.0 (Windows NT 10.0; Win64; x64; rv:134.0) Gecko/20100101 Firefox/134.0" "-"
2001:7c0:1b00:: - - [17/Jan/2025:09:49:49 +0100] "GET /wp-json/wpforms/v1/themes/?_locale=user HTTP/1.1" 200 9111 solarsolutionsgmbh.com "https://solarsolutionsgmbh.com/wp-admin/post.php?post=392&action=edit" "Mozilla/5.0 (Windows NT 10.0; Win64; x64; rv:134.0) Gecko/20100101 Firefox/134.0" "-"
2001:7c0:1b00:: - - [17/Jan/2025:09:49:49 +0100] "GET /wp-content/plugins/seo-by-rank-math/assets/admin/fonts/Rank-Math.ttf?v1.0.94 HTTP/1.1" 304 - solarsolutionsgmbh.com "https://solarsolutionsgmbh.com/wp-content/plugins/seo-by-rank-math/assets/admin/css/common.css?ver=1.0.234.1" "Mozilla/5.0 (Windows NT 10.0; Win64; x64; rv:134.0) Gecko/20100101 Firefox/134.0" "-"
2001:7c0:1b00:: - - [17/Jan/2025:09:49:49 +0100] "GET /wp-json/wp/v2/types?context=view&_locale=user HTTP/1.1" 200 6342 solarsolutionsgmbh.com "https://solarsolutionsgmbh.com/wp-admin/post.php?post=392&action=edit" "Mozilla/5.0 (Windows NT 10.0; Win64; x64; rv:134.0) Gecko/20100101 Firefox/134.0" "-"
2001:7c0:1b00:: - - [17/Jan/2025:09:49:49 +0100] "OPTIONS /wp-json/wp/v2/settings?_locale=user HTTP/1.1" 200 5640 solarsolutionsgmbh.com "https://solarsolutionsgmbh.com/wp-admin/post.php?post=392&action=edit" "Mozilla/5.0 (Windows NT 10.0; Win64; x64; rv:134.0) Gecko/20100101 Firefox/134.0" "-"
2001:7c0:1b00:: - - [17/Jan/2025:09:49:49 +0100] "POST /wp-admin/admin-ajax.php HTTP/1.1" 200 - solarsolutionsgmbh.com "https://solarsolutionsgmbh.com/wp-admin/post.php?post=392&action=edit" "Mozilla/5.0 (Windows NT 10.0; Win64; x64; rv:134.0) Gecko/20100101 Firefox/134.0" "-"
2001:7c0:1b00:: - - [17/Jan/2025:09:49:49 +0100] "POST /wp-admin/admin-ajax.php HTTP/1.1" 200 2188 solarsolutionsgmbh.com "https://solarsolutionsgmbh.com/wp-admin/post.php?post=392&action=edit" "Mozilla/5.0 (Windows NT 10.0; Win64; x64; rv:134.0) Gecko/20100101 Firefox/134.0" "-"
2001:7c0:1b00:: - - [17/Jan/2025:09:49:49 +0100] "GET /wp-json/wp/v2/block-patterns/categories?_locale=user HTTP/1.1" 200 2332 solarsolutionsgmbh.com "https://solarsolutionsgmbh.com/wp-admin/post.php?post=392&action=edit" "Mozilla/5.0 (Windows NT 10.0; Win64; x64; rv:134.0) Gecko/20100101 Firefox/134.0" "-"
2001:7c0:1b00:: - - [17/Jan/2025:09:49:49 +0100] "GET /wp-json/?_fields=description%2Cgmt_offset%2Chome%2Cname%2Csite_icon%2Csite_icon_url%2Csite_logo%2Ctimezone_string%2Curl&_locale=user HTTP/1.1" 200 659 solarsolutionsgmbh.com "https://solarsolutionsgmbh.com/wp-admin/post.php?post=392&action=edit" "Mozilla/5.0 (Windows NT 10.0; Win64; x64; rv:134.0) Gecko/20100101 Firefox/134.0" "-"
2001:7c0:1b00:: - - [17/Jan/2025:09:49:49 +0100] "GET /wp-json/wp/v2/templates/lookup?slug=page-solarkonfigurator&_locale=user HTTP/1.1" 200 2229 solarsolutionsgmbh.com "https://solarsolutionsgmbh.com/wp-admin/post.php?post=392&action=edit" "Mozilla/5.0 (Windows NT 10.0; Win64; x64; rv:134.0) Gecko/20100101 Firefox/134.0" "-"
2001:7c0:1b00:: - - [17/Jan/2025:09:49:49 +0100] "GET /wp-json/wp/v2/blocks?context=edit&per_page=100&_locale=user HTTP/1.1" 200 2 solarsolutionsgmbh.com "https://solarsolutionsgmbh.com/wp-admin/post.php?post=392&action=edit" "Mozilla/5.0 (Windows NT 10.0; Win64; x64; rv:134.0) Gecko/20100101 Firefox/134.0" "-"
2001:7c0:1b00:: - - [17/Jan/2025:09:49:49 +0100] "GET /wp-json/wp/v2/wp_pattern_category?context=view&per_page=100&_fields=id%2Cname%2Cdescription%2Cslug&_locale=user HTTP/1.1" 200 2 solarsolutionsgmbh.com "https://solarsolutionsgmbh.com/wp-admin/post.php?post=392&action=edit" "Mozilla/5.0 (Windows NT 10.0; Win64; x64; rv:134.0) Gecko/20100101 Firefox/134.0" "-"
141.31.93.0 - - [17/Jan/2025:09:49:49 +0100] "POST /wp-admin/admin-ajax.php HTTP/1.1" 200 142 solarsolutionsgmbh.com "https://solarsolutionsgmbh.com/wp-admin/" "Mozilla/5.0 (Windows NT 10.0; Win64; x64; rv:133.0) Gecko/20100101 Firefox/133.0" "-"
2001:7c0:1b00:: - - [17/Jan/2025:09:49:50 +0100] "GET /wp-content/uploads/2025/01/logo.png HTTP/1.1" 304 - solarsolutionsgmbh.com "https://solarsolutionsgmbh.com/wp-admin/post.php?post=392&action=edit" "Mozilla/5.0 (Windows NT 10.0; Win64; x64; rv:134.0) Gecko/20100101 Firefox/134.0" "-"
82.165.90.0 - - [17/Jan/2025:09:49:50 +0100] "POST /wp-cron.php?doing_wp_cron=1737103790.0074260234832763671875 HTTP/1.1" 200 - solarsolutionsgmbh.com "-" "WordPress/6.7.1; https://solarsolutionsgmbh.com" "-"
2001:7c0:1b00:: - - [17/Jan/2025:09:49:50 +0100] "GET /wp-json/wp/v2/templates/twentytwentyfour//page?context=edit&_locale=user HTTP/1.1" 200 2247 solarsolutionsgmbh.com "https://solarsolutionsgmbh.com/wp-admin/post.php?post=392&action=edit" "Mozilla/5.0 (Windows NT 10.0; Win64; x64; rv:134.0) Gecko/20100101 Firefox/134.0" "-"
141.31.93.0 - - [17/Jan/2025:09:49:51 +0100] "POST /wp-admin/admin-ajax.php HTTP/1.1" 200 98 solarsolutionsgmbh.com "https://solarsolutionsgmbh.com/wp-admin/post.php?post=14&action=edit" "Mozilla/5.0 (Windows NT 10.0; Win64; x64; rv:133.0) Gecko/20100101 Firefox/133.0" "-"
2001:7c0:1b00:: - - [17/Jan/2025:09:49:51 +0100] "OPTIONS /wp-json/wp/v2/pages/?context=edit&_locale=user HTTP/1.1" 200 15325 solarsolutionsgmbh.com "https://solarsolutionsgmbh.com/wp-admin/post.php?post=392&action=edit" "Mozilla/5.0 (Windows NT 10.0; Win64; x64; rv:134.0) Gecko/20100101 Firefox/134.0" "-"
2001:7c0:1b00:: - - [17/Jan/2025:09:49:52 +0100] "GET /wp-json/wp/v2/block-patterns/patterns?_locale=user HTTP/1.1" 200 577840 solarsolutionsgmbh.com "https://solarsolutionsgmbh.com/wp-admin/post.php?post=392&action=edit" "Mozilla/5.0 (Windows NT 10.0; Win64; x64; rv:134.0) Gecko/20100101 Firefox/134.0" "-"
141.31.93.0 - - [17/Jan/2025:09:49:56 +0100] "POST /wp-admin/admin-ajax.php HTTP/1.1" 200 142 solarsolutionsgmbh.com "https://solarsolutionsgmbh.com/wp-admin/" "Mozilla/5.0 (Windows NT 10.0; Win64; x64; rv:133.0) Gecko/20100101 Firefox/133.0" "-"
2001:7c0:1b00:: - - [17/Jan/2025:09:49:58 +0100] "POST /wp-json/wpforms/v1/themes/custom/?_locale=user HTTP/1.1" 200 15 solarsolutionsgmbh.com "https://solarsolutionsgmbh.com/wp-admin/post.php?post=392&action=edit" "Mozilla/5.0 (Windows NT 10.0; Win64; x64; rv:134.0) Gecko/20100101 Firefox/134.0" "-"
2001:7c0:1b00:: - - [17/Jan/2025:09:49:58 +0100] "POST /wp-json/rankmath/v1/updateMeta?_locale=user HTTP/1.1" 200 26 solarsolutionsgmbh.com "https://solarsolutionsgmbh.com/wp-admin/post.php?post=392&action=edit" "Mozilla/5.0 (Windows NT 10.0; Win64; x64; rv:134.0) Gecko/20100101 Firefox/134.0" "-"
2001:7c0:1b00:: - - [17/Jan/2025:09:49:58 +0100] "POST /wp-json/wp/v2/pages/392?_locale=user HTTP/1.1" 200 41533 solarsolutionsgmbh.com "https://solarsolutionsgmbh.com/wp-admin/post.php?post=392&action=edit" "Mozilla/5.0 (Windows NT 10.0; Win64; x64; rv:134.0) Gecko/20100101 Firefox/134.0" "-"
2001:7c0:1b00:: - - [17/Jan/2025:09:49:59 +0100] "POST /wp-admin/admin-ajax.php HTTP/1.1" 200 98 solarsolutionsgmbh.com "https://solarsolutionsgmbh.com/wp-admin/post.php?post=392&action=edit" "Mozilla/5.0 (Windows NT 10.0; Win64; x64; rv:134.0) Gecko/20100101 Firefox/134.0" "-"
2001:7c0:1b00:: - - [17/Jan/2025:09:49:59 +0100] "POST /wp-json/wpforms/v1/themes/custom/?_locale=user HTTP/1.1" 200 15 solarsolutionsgmbh.com "https://solarsolutionsgmbh.com/wp-admin/post.php?post=392&action=edit" "Mozilla/5.0 (Windows NT 10.0; Win64; x64; rv:134.0) Gecko/20100101 Firefox/134.0" "-"
2001:7c0:1b00:: - - [17/Jan/2025:09:49:59 +0100] "POST /wp-admin/post.php?post=392&action=edit&meta-box-loader=1&meta-box-loader-nonce=fc131bc6c5&_locale=user HTTP/1.1" 302 - solarsolutionsgmbh.com "https://solarsolutionsgmbh.com/wp-admin/post.php?post=392&action=edit" "Mozilla/5.0 (Windows NT 10.0; Win64; x64; rv:134.0) Gecko/20100101 Firefox/134.0" "-"
2001:7c0:1b00:: - - [17/Jan/2025:09:50:00 +0100] "GET /wp-admin/post.php?post=392&action=edit&message=4 HTTP/1.1" 200 1188685 solarsolutionsgmbh.com "https://solarsolutionsgmbh.com/wp-admin/post.php?post=392&action=edit" "Mozilla/5.0 (Windows NT 10.0; Win64; x64; rv:134.0) Gecko/20100101 Firefox/134.0" "-"
82.165.90.0 - - [17/Jan/2025:09:50:01 +0100] "GET /wp-admin/admin-ajax.php?_wpnonce=74f121d37b&post_id=392&action=sns_tinymce_styles HTTP/1.1" 200 - solarsolutionsgmbh.com "-" "WordPress/6.7.1; https://solarsolutionsgmbh.com" "-"
141.31.93.0 - - [17/Jan/2025:09:50:01 +0100] "POST /wp-admin/admin-ajax.php HTTP/1.1" 200 98 solarsolutionsgmbh.com "https://solarsolutionsgmbh.com/wp-admin/post.php?post=14&action=edit" "Mozilla/5.0 (Windows NT 10.0; Win64; x64; rv:133.0) Gecko/20100101 Firefox/133.0" "-"
141.31.93.0 - - [17/Jan/2025:09:50:01 +0100] "POST /wp-json/wpforms/v1/themes/custom/?_locale=user HTTP/1.1" 200 15 solarsolutionsgmbh.com "https://solarsolutionsgmbh.com/wp-admin/post.php?post=14&action=edit" "Mozilla/5.0 (Windows NT 10.0; Win64; x64; rv:133.0) Gecko/20100101 Firefox/133.0" "-"
141.31.93.0 - - [17/Jan/2025:09:50:01 +0100] "POST /wp-json/rankmath/v1/updateMeta?_locale=user HTTP/1.1" 200 26 solarsolutionsgmbh.com "https://solarsolutionsgmbh.com/wp-admin/post.php?post=14&action=edit" "Mozilla/5.0 (Windows NT 10.0; Win64; x64; rv:133.0) Gecko/20100101 Firefox/133.0" "-"
141.31.93.0 - - [17/Jan/2025:09:50:01 +0100] "POST /wp-json/wp/v2/pages/14?_locale=user HTTP/1.1" 200 62740 solarsolutionsgmbh.com "https://solarsolutionsgmbh.com/wp-admin/post.php?post=14&action=edit" "Mozilla/5.0 (Windows NT 10.0; Win64; x64; rv:133.0) Gecko/20100101 Firefox/133.0" "-"
2001:7c0:1b00:: - - [17/Jan/2025:09:50:02 +0100] "POST /wp-json/wpforms/v1/themes/custom/?_locale=user HTTP/1.1" 200 15 solarsolutionsgmbh.com "https://solarsolutionsgmbh.com/wp-admin/post.php?post=392&action=edit" "Mozilla/5.0 (Windows NT 10.0; Win64; x64; rv:134.0) Gecko/20100101 Firefox/134.0" "-"
141.31.93.0 - - [17/Jan/2025:09:50:02 +0100] "POST /wp-admin/admin-ajax.php HTTP/1.1" 200 142 solarsolutionsgmbh.com "https://solarsolutionsgmbh.com/wp-admin/" "Mozilla/5.0 (Windows NT 10.0; Win64; x64; rv:133.0) Gecko/20100101 Firefox/133.0" "-"
141.31.93.0 - - [17/Jan/2025:09:50:03 +0100] "POST /wp-json/wpforms/v1/themes/custom/?_locale=user HTTP/1.1" 200 15 solarsolutionsgmbh.com "https://solarsolutionsgmbh.com/wp-admin/post.php?post=14&action=edit" "Mozilla/5.0 (Windows NT 10.0; Win64; x64; rv:133.0) Gecko/20100101 Firefox/133.0" "-"
141.31.93.0 - - [17/Jan/2025:09:50:03 +0100] "POST /wp-admin/post.php?post=14&action=edit&meta-box-loader=1&meta-box-loader-nonce=1e1203980a&_locale=user HTTP/1.1" 302 - solarsolutionsgmbh.com "https://solarsolutionsgmbh.com/wp-admin/post.php?post=14&action=edit" "Mozilla/5.0 (Windows NT 10.0; Win64; x64; rv:133.0) Gecko/20100101 Firefox/133.0" "-"
2001:7c0:1b00:: - - [17/Jan/2025:09:50:04 +0100] "GET /solarkonfigurator/ HTTP/1.1" 200 137935 solarsolutionsgmbh.com "https://solarsolutionsgmbh.com/wp-admin/post.php?post=392&action=edit" "Mozilla/5.0 (Windows NT 10.0; Win64; x64; rv:134.0) Gecko/20100101 Firefox/134.0" "-"
2001:7c0:1b00:: - - [17/Jan/2025:09:50:04 +0100] "POST /wp-admin/admin-ajax.php HTTP/1.1" 200 1 solarsolutionsgmbh.com "https://solarsolutionsgmbh.com/wp-admin/post.php?post=392&action=edit" "Mozilla/5.0 (Windows NT 10.0; Win64; x64; rv:134.0) Gecko/20100101 Firefox/134.0" "-"
82.165.90.0 - - [17/Jan/2025:09:50:04 +0100] "GET /wp-admin/admin-ajax.php?_wpnonce=11df68f9ea&post_id=14&action=sns_tinymce_styles HTTP/1.1" 200 - solarsolutionsgmbh.com "-" "WordPress/6.7.1; https://solarsolutionsgmbh.com" "-"
141.31.93.0 - - [17/Jan/2025:09:50:04 +0100] "GET /wp-admin/post.php?post=14&action=edit&message=4 HTTP/1.1" 200 1222517 solarsolutionsgmbh.com "https://solarsolutionsgmbh.com/wp-admin/post.php?post=14&action=edit" "Mozilla/5.0 (Windows NT 10.0; Win64; x64; rv:133.0) Gecko/20100101 Firefox/133.0" "-"
141.31.93.0 - - [17/Jan/2025:09:50:05 +0100] "POST /wp-json/wpforms/v1/themes/custom/?_locale=user HTTP/1.1" 200 15 solarsolutionsgmbh.com "https://solarsolutionsgmbh.com/wp-admin/post.php?post=14&action=edit" "Mozilla/5.0 (Windows NT 10.0; Win64; x64; rv:133.0) Gecko/20100101 Firefox/133.0" "-"
141.31.93.0 - - [17/Jan/2025:09:50:08 +0100] "POST /wp-admin/admin-ajax.php HTTP/1.1" 200 142 solarsolutionsgmbh.com "https://solarsolutionsgmbh.com/wp-admin/" "Mozilla/5.0 (Windows NT 10.0; Win64; x64; rv:133.0) Gecko/20100101 Firefox/133.0" "-"
141.31.93.0 - - [17/Jan/2025:09:50:10 +0100] "POST /wp-json/wpforms/v1/themes/custom/?_locale=user HTTP/1.1" 200 15 solarsolutionsgmbh.com "https://solarsolutionsgmbh.com/wp-admin/post.php?post=14&action=edit" "Mozilla/5.0 (Windows NT 10.0; Win64; x64; rv:133.0) Gecko/20100101 Firefox/133.0" "-"
141.31.93.0 - - [17/Jan/2025:09:50:10 +0100] "POST /wp-json/wp/v2/pages/14?_locale=user HTTP/1.1" 200 62740 solarsolutionsgmbh.com "https://solarsolutionsgmbh.com/wp-admin/post.php?post=14&action=edit" "Mozilla/5.0 (Windows NT 10.0; Win64; x64; rv:133.0) Gecko/20100101 Firefox/133.0" "-"
141.31.93.0 - - [17/Jan/2025:09:50:11 +0100] "POST /wp-json/wpforms/v1/themes/custom/?_locale=user HTTP/1.1" 200 15 solarsolutionsgmbh.com "https://solarsolutionsgmbh.com/wp-admin/post.php?post=14&action=edit" "Mozilla/5.0 (Windows NT 10.0; Win64; x64; rv:133.0) Gecko/20100101 Firefox/133.0" "-"
141.31.93.0 - - [17/Jan/2025:09:50:11 +0100] "POST /wp-admin/admin-ajax.php HTTP/1.1" 200 98 solarsolutionsgmbh.com "https://solarsolutionsgmbh.com/wp-admin/post.php?post=14&action=edit" "Mozilla/5.0 (Windows NT 10.0; Win64; x64; rv:133.0) Gecko/20100101 Firefox/133.0" "-"
141.31.93.0 - - [17/Jan/2025:09:50:11 +0100] "POST /wp-admin/post.php?post=14&action=edit&meta-box-loader=1&meta-box-loader-nonce=1e1203980a&_locale=user HTTP/1.1" 302 - solarsolutionsgmbh.com "https://solarsolutionsgmbh.com/wp-admin/post.php?post=14&action=edit" "Mozilla/5.0 (Windows NT 10.0; Win64; x64; rv:133.0) Gecko/20100101 Firefox/133.0" "-"
141.31.93.0 - - [17/Jan/2025:09:50:12 +0100] "POST /wp-json/wpforms/v1/themes/custom/?_locale=user HTTP/1.1" 200 15 solarsolutionsgmbh.com "https://solarsolutionsgmbh.com/wp-admin/post.php?post=14&action=edit" "Mozilla/5.0 (Windows NT 10.0; Win64; x64; rv:133.0) Gecko/20100101 Firefox/133.0" "-"
141.31.93.0 - - [17/Jan/2025:09:50:12 +0100] "GET /wp-admin/post.php?post=14&action=edit&message=4 HTTP/1.1" 200 1222517 solarsolutionsgmbh.com "https://solarsolutionsgmbh.com/wp-admin/post.php?post=14&action=edit" "Mozilla/5.0 (Windows NT 10.0; Win64; x64; rv:133.0) Gecko/20100101 Firefox/133.0" "-"
141.31.93.0 - - [17/Jan/2025:09:50:13 +0100] "POST /wp-json/wpforms/v1/themes/custom/?_locale=user HTTP/1.1" 200 15 solarsolutionsgmbh.com "https://solarsolutionsgmbh.com/wp-admin/post.php?post=14&action=edit" "Mozilla/5.0 (Windows NT 10.0; Win64; x64; rv:133.0) Gecko/20100101 Firefox/133.0" "-"
82.165.90.0 - - [17/Jan/2025:09:50:13 +0100] "POST /wp-cron.php?doing_wp_cron=1737103813.6583409309387207031250 HTTP/1.1" 200 - solarsolutionsgmbh.com "-" "WordPress/6.7.1; https://solarsolutionsgmbh.com" "-"
82.165.90.0 - - [17/Jan/2025:09:50:13 +0100] "GET /wp-admin/admin-ajax.php?_wpnonce=11df68f9ea&post_id=14&action=sns_tinymce_styles HTTP/1.1" 200 - solarsolutionsgmbh.com "-" "WordPress/6.7.1; https://solarsolutionsgmbh.com" "-"
141.31.93.0 - - [17/Jan/2025:09:50:13 +0100] "POST /wp-admin/admin-ajax.php HTTP/1.1" 200 142 solarsolutionsgmbh.com "https://solarsolutionsgmbh.com/wp-admin/" "Mozilla/5.0 (Windows NT 10.0; Win64; x64; rv:133.0) Gecko/20100101 Firefox/133.0" "-"
141.31.93.0 - - [17/Jan/2025:09:50:14 +0100] "POST /wp-json/wpforms/v1/themes/custom/?_locale=user HTTP/1.1" 200 15 solarsolutionsgmbh.com "https://solarsolutionsgmbh.com/wp-admin/post.php?post=14&action=edit" "Mozilla/5.0 (Windows NT 10.0; Win64; x64; rv:133.0) Gecko/20100101 Firefox/133.0" "-"
141.31.93.0 - - [17/Jan/2025:09:50:17 +0100] "POST /wp-admin/admin-ajax.php HTTP/1.1" 200 1 solarsolutionsgmbh.com "https://solarsolutionsgmbh.com/wp-admin/post.php?post=14&action=edit" "Mozilla/5.0 (Windows NT 10.0; Win64; x64; rv:133.0) Gecko/20100101 Firefox/133.0" "-"
141.31.93.0 - - [17/Jan/2025:09:50:17 +0100] "GET /leistungen/ HTTP/1.1" 200 146673 solarsolutionsgmbh.com "https://solarsolutionsgmbh.com/" "Mozilla/5.0 (Windows NT 10.0; Win64; x64; rv:133.0) Gecko/20100101 Firefox/133.0" "-"
141.31.93.0 - - [17/Jan/2025:09:50:18 +0100] "GET /wp-content/plugins/gtranslate/flags/svg/en.svg HTTP/1.1" 200 862 solarsolutionsgmbh.com "https://solarsolutionsgmbh.com/leistungen/" "Mozilla/5.0 (Windows NT 10.0; Win64; x64; rv:133.0) Gecko/20100101 Firefox/133.0" "-"
141.31.93.0 - - [17/Jan/2025:09:50:19 +0100] "POST /wp-admin/admin-ajax.php HTTP/1.1" 200 142 solarsolutionsgmbh.com "https://solarsolutionsgmbh.com/wp-admin/" "Mozilla/5.0 (Windows NT 10.0; Win64; x64; rv:133.0) Gecko/20100101 Firefox/133.0" "-"
2001:7c0:1b00:: - - [17/Jan/2025:09:50:20 +0100] "POST /solarkonfigurator/ HTTP/1.1" 200 137686 solarsolutionsgmbh.com "https://solarsolutionsgmbh.com/solarkonfigurator/" "Mozilla/5.0 (Windows NT 10.0; Win64; x64; rv:134.0) Gecko/20100101 Firefox/134.0" "-"
141.31.93.0 - - [17/Jan/2025:09:50:25 +0100] "POST /wp-admin/admin-ajax.php HTTP/1.1" 200 142 solarsolutionsgmbh.com "https://solarsolutionsgmbh.com/wp-admin/" "Mozilla/5.0 (Windows NT 10.0; Win64; x64; rv:133.0) Gecko/20100101 Firefox/133.0" "-"
141.31.93.0 - - [17/Jan/2025:09:50:31 +0100] "POST /wp-admin/admin-ajax.php HTTP/1.1" 200 142 solarsolutionsgmbh.com "https://solarsolutionsgmbh.com/wp-admin/" "Mozilla/5.0 (Windows NT 10.0; Win64; x64; rv:133.0) Gecko/20100101 Firefox/133.0" "-"
2001:7c0:1b00:: - - [17/Jan/2025:09:50:31 +0100] "POST /solarkonfigurator/ HTTP/1.1" 200 138243 solarsolutionsgmbh.com "https://solarsolutionsgmbh.com/solarkonfigurator/" "Mozilla/5.0 (Windows NT 10.0; Win64; x64; rv:134.0) Gecko/20100101 Firefox/134.0" "-"
2001:7c0:1b00:: - - [17/Jan/2025:09:50:34 +0100] "POST /solarkonfigurator/ HTTP/1.1" 200 138396 solarsolutionsgmbh.com "https://solarsolutionsgmbh.com/solarkonfigurator/" "Mozilla/5.0 (Windows NT 10.0; Win64; x64; rv:134.0) Gecko/20100101 Firefox/134.0" "-"
141.31.93.0 - - [17/Jan/2025:09:50:36 +0100] "POST /wp-admin/admin-ajax.php HTTP/1.1" 200 142 solarsolutionsgmbh.com "https://solarsolutionsgmbh.com/wp-admin/" "Mozilla/5.0 (Windows NT 10.0; Win64; x64; rv:133.0) Gecko/20100101 Firefox/133.0" "-"
2001:7c0:1b00:: - - [17/Jan/2025:09:50:39 +0100] "POST /solarkonfigurator/ HTTP/1.1" 200 139790 solarsolutionsgmbh.com "https://solarsolutionsgmbh.com/solarkonfigurator/" "Mozilla/5.0 (Windows NT 10.0; Win64; x64; rv:134.0) Gecko/20100101 Firefox/134.0" "-"
2001:7c0:1b00:: - - [17/Jan/2025:09:50:42 +0100] "POST /solarkonfigurator/ HTTP/1.1" 200 140271 solarsolutionsgmbh.com "https://solarsolutionsgmbh.com/solarkonfigurator/" "Mozilla/5.0 (Windows NT 10.0; Win64; x64; rv:134.0) Gecko/20100101 Firefox/134.0" "-"
141.31.93.0 - - [17/Jan/2025:09:50:42 +0100] "POST /wp-admin/admin-ajax.php HTTP/1.1" 200 142 solarsolutionsgmbh.com "https://solarsolutionsgmbh.com/wp-admin/" "Mozilla/5.0 (Windows NT 10.0; Win64; x64; rv:133.0) Gecko/20100101 Firefox/133.0" "-"
2001:7c0:1b00:: - - [17/Jan/2025:09:50:46 +0100] "POST /solarkonfigurator/ HTTP/1.1" 200 139656 solarsolutionsgmbh.com "https://solarsolutionsgmbh.com/solarkonfigurator/" "Mozilla/5.0 (Windows NT 10.0; Win64; x64; rv:134.0) Gecko/20100101 Firefox/134.0" "-"
141.31.93.0 - - [17/Jan/2025:09:50:48 +0100] "POST /wp-admin/admin-ajax.php HTTP/1.1" 200 142 solarsolutionsgmbh.com "https://solarsolutionsgmbh.com/wp-admin/" "Mozilla/5.0 (Windows NT 10.0; Win64; x64; rv:133.0) Gecko/20100101 Firefox/133.0" "-"
2001:7c0:1b00:: - - [17/Jan/2025:09:50:54 +0100] "POST /solarkonfigurator/ HTTP/1.1" 200 139582 solarsolutionsgmbh.com "https://solarsolutionsgmbh.com/solarkonfigurator/" "Mozilla/5.0 (Windows NT 10.0; Win64; x64; rv:134.0) Gecko/20100101 Firefox/134.0" "-"
141.31.93.0 - - [17/Jan/2025:09:50:54 +0100] "POST /wp-admin/admin-ajax.php HTTP/1.1" 200 142 solarsolutionsgmbh.com "https://solarsolutionsgmbh.com/wp-admin/" "Mozilla/5.0 (Windows NT 10.0; Win64; x64; rv:133.0) Gecko/20100101 Firefox/133.0" "-"
2001:7c0:1b00:: - - [17/Jan/2025:09:50:57 +0100] "POST /solarkonfigurator/ HTTP/1.1" 200 138890 solarsolutionsgmbh.com "https://solarsolutionsgmbh.com/solarkonfigurator/" "Mozilla/5.0 (Windows NT 10.0; Win64; x64; rv:134.0) Gecko/20100101 Firefox/134.0" "-"
141.31.93.0 - - [17/Jan/2025:09:51:00 +0100] "POST /wp-admin/admin-ajax.php HTTP/1.1" 200 142 solarsolutionsgmbh.com "https://solarsolutionsgmbh.com/wp-admin/" "Mozilla/5.0 (Windows NT 10.0; Win64; x64; rv:133.0) Gecko/20100101 Firefox/133.0" "-"
141.31.93.0 - - [17/Jan/2025:09:51:05 +0100] "POST /wp-admin/admin-ajax.php HTTP/1.1" 200 142 solarsolutionsgmbh.com "https://solarsolutionsgmbh.com/wp-admin/" "Mozilla/5.0 (Windows NT 10.0; Win64; x64; rv:133.0) Gecko/20100101 Firefox/133.0" "-"
141.31.93.0 - - [17/Jan/2025:09:51:11 +0100] "POST /wp-admin/admin-ajax.php HTTP/1.1" 200 142 solarsolutionsgmbh.com "https://solarsolutionsgmbh.com/wp-admin/" "Mozilla/5.0 (Windows NT 10.0; Win64; x64; rv:133.0) Gecko/20100101 Firefox/133.0" "-"
82.165.90.0 - - [17/Jan/2025:09:51:17 +0100] "POST /wp-cron.php?doing_wp_cron=1737103877.8801269531250000000000 HTTP/1.1" 200 - solarsolutionsgmbh.com "-" "WordPress/6.7.1; https://solarsolutionsgmbh.com" "-"
141.31.93.0 - - [17/Jan/2025:09:51:17 +0100] "POST /wp-admin/admin-ajax.php HTTP/1.1" 200 142 solarsolutionsgmbh.com "https://solarsolutionsgmbh.com/wp-admin/" "Mozilla/5.0 (Windows NT 10.0; Win64; x64; rv:133.0) Gecko/20100101 Firefox/133.0" "-"
141.31.93.0 - - [17/Jan/2025:09:51:23 +0100] "POST /wp-admin/admin-ajax.php HTTP/1.1" 200 142 solarsolutionsgmbh.com "https://solarsolutionsgmbh.com/wp-admin/" "Mozilla/5.0 (Windows NT 10.0; Win64; x64; rv:133.0) Gecko/20100101 Firefox/133.0" "-"
2001:7c0:1b00:: - - [17/Jan/2025:09:51:27 +0100] "GET /wp-admin/post.php?post=392&action=edit HTTP/1.1" 200 1208383 solarsolutionsgmbh.com "https://solarsolutionsgmbh.com/solarkonfigurator/" "Mozilla/5.0 (Windows NT 10.0; Win64; x64; rv:134.0) Gecko/20100101 Firefox/134.0" "-"
82.165.90.0 - - [17/Jan/2025:09:51:28 +0100] "GET /wp-admin/admin-ajax.php?_wpnonce=74f121d37b&post_id=392&action=sns_tinymce_styles HTTP/1.1" 200 - solarsolutionsgmbh.com "-" "WordPress/6.7.1; https://solarsolutionsgmbh.com" "-"
141.31.93.0 - - [17/Jan/2025:09:51:29 +0100] "POST /wp-admin/admin-ajax.php HTTP/1.1" 200 142 solarsolutionsgmbh.com "https://solarsolutionsgmbh.com/wp-admin/" "Mozilla/5.0 (Windows NT 10.0; Win64; x64; rv:133.0) Gecko/20100101 Firefox/133.0" "-"
2001:7c0:1b00:: - - [17/Jan/2025:09:51:30 +0100] "GET /wp-json/wpforms/v1/themes/?_locale=user HTTP/1.1" 200 9111 solarsolutionsgmbh.com "https://solarsolutionsgmbh.com/wp-admin/post.php?post=392&action=edit" "Mozilla/5.0 (Windows NT 10.0; Win64; x64; rv:134.0) Gecko/20100101 Firefox/134.0" "-"
2001:7c0:1b00:: - - [17/Jan/2025:09:51:31 +0100] "GET /wp-json/wp/v2/types?context=view&_locale=user HTTP/1.1" 200 6342 solarsolutionsgmbh.com "https://solarsolutionsgmbh.com/wp-admin/post.php?post=392&action=edit" "Mozilla/5.0 (Windows NT 10.0; Win64; x64; rv:134.0) Gecko/20100101 Firefox/134.0" "-"
2001:7c0:1b00:: - - [17/Jan/2025:09:51:31 +0100] "POST /wp-admin/admin-ajax.php HTTP/1.1" 200 - solarsolutionsgmbh.com "https://solarsolutionsgmbh.com/wp-admin/post.php?post=392&action=edit" "Mozilla/5.0 (Windows NT 10.0; Win64; x64; rv:134.0) Gecko/20100101 Firefox/134.0" "-"
2001:7c0:1b00:: - - [17/Jan/2025:09:51:31 +0100] "POST /wp-admin/admin-ajax.php HTTP/1.1" 200 2188 solarsolutionsgmbh.com "https://solarsolutionsgmbh.com/wp-admin/post.php?post=392&action=edit" "Mozilla/5.0 (Windows NT 10.0; Win64; x64; rv:134.0) Gecko/20100101 Firefox/134.0" "-"
2001:7c0:1b00:: - - [17/Jan/2025:09:51:31 +0100] "OPTIONS /wp-json/wp/v2/settings?_locale=user HTTP/1.1" 200 5640 solarsolutionsgmbh.com "https://solarsolutionsgmbh.com/wp-admin/post.php?post=392&action=edit" "Mozilla/5.0 (Windows NT 10.0; Win64; x64; rv:134.0) Gecko/20100101 Firefox/134.0" "-"
