2a02:8070:2400:: - - [18/Jan/2025:14:40:00 +0100] "POST /wp-admin/admin-ajax.php HTTP/1.1" 200 98 solarsolutionsgmbh.com "https://solarsolutionsgmbh.com/wp-admin/post.php?post=14&action=edit" "Mozilla/5.0 (Windows NT 10.0; Win64; x64; rv:134.0) Gecko/20100101 Firefox/134.0" "-"
82.165.90.0 - - [18/Jan/2025:14:40:01 +0100] "POST /wp-cron.php?doing_wp_cron=1737207601.1578679084777832031250 HTTP/1.1" 200 - solarsolutionsgmbh.com "-" "WordPress/6.7.1; https://solarsolutionsgmbh.com" "-"
82.165.90.0 - - [18/Jan/2025:14:41:23 +0100] "POST /wp-cron.php?doing_wp_cron=1737207683.8883600234985351562500 HTTP/1.1" 200 - solarsolutionsgmbh.com "-" "WordPress/6.7.1; https://solarsolutionsgmbh.com" "-"
2003:ed:2700:: - - [18/Jan/2025:14:41:23 +0100] "POST /wp-admin/admin-ajax.php HTTP/1.1" 200 47 solarsolutionsgmbh.com "https://solarsolutionsgmbh.com/wp-admin/plugins.php" "Mozilla/5.0 (Windows NT 10.0; Win64; x64) AppleWebKit/537.36 (KHTML, like Gecko) Chrome/128.0.0.0 Safari/537.36 OPR/114.0.0.0" "-"
82.165.90.0 - - [18/Jan/2025:14:42:39 +0100] "POST /wp-cron.php?doing_wp_cron=1737207759.6532909870147705078125 HTTP/1.1" 200 - solarsolutionsgmbh.com "-" "WordPress/6.7.1; https://solarsolutionsgmbh.com" "-"
152.32.153.0 - - [18/Jan/2025:14:42:39 +0100] "GET / HTTP/1.1" 200 109613 solarsolutionsgmbh.com "-" "Mozilla/5.0 (Macintosh; Intel Mac OS X 10_15_7) AppleWebKit/537.36 (KHTML, like Gecko) Chrome/120.0.0.0 Safari/537.36 Edg/120.0.0.0" "-"
152.32.153.0 - - [18/Jan/2025:14:43:14 +0100] "GET /wp-content/uploads/2025/01/logo.png HTTP/1.1" 200 76264 solarsolutionsgmbh.com "-" "Mozilla/5.0 (Macintosh; Intel Mac OS X 10_7_0) AppleWebKit/535.11 (KHTML, like Gecko) Chrome/17.0.963.56 Safari/535.11" "-"
82.165.90.0 - - [18/Jan/2025:14:43:18 +0100] "POST /wp-cron.php?doing_wp_cron=1737207798.9169991016387939453125 HTTP/1.1" 200 - solarsolutionsgmbh.com "-" "WordPress/6.7.1; https://solarsolutionsgmbh.com" "-"
152.32.153.0 - - [18/Jan/2025:14:43:18 +0100] "GET /robots.txt HTTP/1.1" 200 126 solarsolutionsgmbh.com "-" "Mozilla/5.0 (Macintosh; Intel Mac OS X 10_7_0) AppleWebKit/535.11 (KHTML, like Gecko) Chrome/17.0.963.56 Safari/535.11" "-"
152.32.153.0 - - [18/Jan/2025:14:43:22 +0100] "GET /sitemap.xml HTTP/1.1" 404 81256 solarsolutionsgmbh.com "-" "Mozilla/5.0 (Macintosh; Intel Mac OS X 10_7_0) AppleWebKit/535.11 (KHTML, like Gecko) Chrome/17.0.963.56 Safari/535.11" "-"
2003:ed:2700:: - - [18/Jan/2025:14:43:24 +0100] "POST /wp-admin/admin-ajax.php HTTP/1.1" 200 47 solarsolutionsgmbh.com "https://solarsolutionsgmbh.com/wp-admin/plugins.php" "Mozilla/5.0 (Windows NT 10.0; Win64; x64) AppleWebKit/537.36 (KHTML, like Gecko) Chrome/128.0.0.0 Safari/537.36 OPR/114.0.0.0" "-"
152.32.153.0 - - [18/Jan/2025:14:43:25 +0100] "GET /config.json HTTP/1.1" 404 82680 solarsolutionsgmbh.com "-" "Mozilla/5.0 (Macintosh; Intel Mac OS X 10_7_0) AppleWebKit/535.11 (KHTML, like Gecko) Chrome/17.0.963.56 Safari/535.11" "-"
152.32.153.0 - - [18/Jan/2025:14:43:30 +0100] "GET /wp-content/plugins/solarkonfigurator_v2/readme.txt HTTP/1.1" 404 82761 solarsolutionsgmbh.com "-" "python-requests/2.32.3" "-"
152.32.153.0 - - [18/Jan/2025:14:43:32 +0100] "GET /wp-content/plugins/contact-form-7/readme.txt HTTP/1.1" 200 4323 solarsolutionsgmbh.com "-" "python-requests/2.32.3" "-"
152.32.153.0 - - [18/Jan/2025:14:43:32 +0100] "GET /wp-content/plugins/gtranslate/readme.txt HTTP/1.1" 200 39229 solarsolutionsgmbh.com "-" "python-requests/2.32.3" "-"
152.32.153.0 - - [18/Jan/2025:14:43:33 +0100] "GET /wp-content/plugins/google-analytics-for-wordpress/readme.txt HTTP/1.1" 200 23068 solarsolutionsgmbh.com "-" "python-requests/2.32.3" "-"
152.32.153.0 - - [18/Jan/2025:14:43:34 +0100] "GET /wp-content/plugins/newsletter/readme.txt HTTP/1.1" 200 24224 solarsolutionsgmbh.com "-" "python-requests/2.32.3" "-"
152.32.153.0 - - [18/Jan/2025:14:43:35 +0100] "GET /wp-content/plugins/solarkonfigurator/readme.txt HTTP/1.1" 404 82755 solarsolutionsgmbh.com "-" "python-requests/2.32.3" "-"
152.32.153.0 - - [18/Jan/2025:14:43:36 +0100] "GET /wp-content/themes/twentytwentyfour/readme.txt HTTP/1.1" 200 3873 solarsolutionsgmbh.com "-" "python-requests/2.32.3" "-"
152.32.153.0 - - [18/Jan/2025:14:44:03 +0100] "GET / HTTP/1.1" 200 109639 solarsolutionsgmbh.com "-" "Mozilla/5.0 (Macintosh; Intel Mac OS X 10_15_7) AppleWebKit/537.36 (KHTML, like Gecko) Chrome/120.0.0.0 Safari/537.36 Edg/120.0.0.0" "-"
152.32.153.0 - - [18/Jan/2025:14:44:37 +0100] "GET /wp-content/uploads/2025/01/logo.png HTTP/1.1" 200 76264 solarsolutionsgmbh.com "-" "Mozilla/5.0 (Macintosh; Intel Mac OS X 10_7_0) AppleWebKit/535.11 (KHTML, like Gecko) Chrome/17.0.963.56 Safari/535.11" "-"
152.32.153.0 - - [18/Jan/2025:14:44:42 +0100] "GET /robots.txt HTTP/1.1" 200 126 solarsolutionsgmbh.com "-" "Mozilla/5.0 (Macintosh; Intel Mac OS X 10_7_0) AppleWebKit/535.11 (KHTML, like Gecko) Chrome/17.0.963.56 Safari/535.11" "-"
82.165.90.0 - - [18/Jan/2025:14:44:43 +0100] "POST /wp-cron.php?doing_wp_cron=1737207883.3402431011199951171875 HTTP/1.1" 200 - solarsolutionsgmbh.com "-" "WordPress/6.7.1; https://solarsolutionsgmbh.com" "-"
152.32.153.0 - - [18/Jan/2025:14:44:48 +0100] "GET /sitemap.xml HTTP/1.1" 301 - solarsolutionsgmbh.com "-" "Mozilla/5.0 (Macintosh; Intel Mac OS X 10_7_0) AppleWebKit/535.11 (KHTML, like Gecko) Chrome/17.0.963.56 Safari/535.11" "-"
82.165.90.0 - - [18/Jan/2025:14:44:50 +0100] "POST /wp-cron.php?doing_wp_cron=1737207890.5330739021301269531250 HTTP/1.1" 200 - solarsolutionsgmbh.com "-" "WordPress/6.7.1; https://solarsolutionsgmbh.com" "-"
152.32.153.0 - - [18/Jan/2025:14:44:50 +0100] "GET /sitemap_index.xml HTTP/1.1" 200 685 solarsolutionsgmbh.com "https://solarsolutionsgmbh.com/sitemap.xml" "Mozilla/5.0 (Macintosh; Intel Mac OS X 10_7_0) AppleWebKit/535.11 (KHTML, like Gecko) Chrome/17.0.963.56 Safari/535.11" "-"
2a02:8070:2400:: - - [18/Jan/2025:14:44:59 +0100] "POST /wp-admin/admin-ajax.php HTTP/1.1" 200 98 solarsolutionsgmbh.com "https://solarsolutionsgmbh.com/wp-admin/post.php?post=14&action=edit" "Mozilla/5.0 (Windows NT 10.0; Win64; x64; rv:134.0) Gecko/20100101 Firefox/134.0" "-"
2a02:8070:2400:: - - [18/Jan/2025:14:45:10 +0100] "POST /wp-admin/admin-ajax.php HTTP/1.1" 200 98 solarsolutionsgmbh.com "https://solarsolutionsgmbh.com/wp-admin/post.php?post=14&action=edit" "Mozilla/5.0 (Windows NT 10.0; Win64; x64; rv:134.0) Gecko/20100101 Firefox/134.0" "-"
82.165.90.0 - - [18/Jan/2025:14:45:14 +0100] "POST /wp-cron.php?doing_wp_cron=1737207914.5834159851074218750000 HTTP/1.1" 200 - solarsolutionsgmbh.com "-" "WordPress/6.7.1; https://solarsolutionsgmbh.com" "-"
2a02:8070:2400:: - - [18/Jan/2025:14:45:14 +0100] "POST /Solarkonfigurator/ HTTP/1.1" 200 137159 solarsolutionsgmbh.com "https://solarsolutionsgmbh.com/Solarkonfigurator/" "Mozilla/5.0 (Windows NT 10.0; Win64; x64; rv:134.0) Gecko/20100101 Firefox/134.0" "-"
152.32.153.0 - - [18/Jan/2025:14:45:16 +0100] "GET /config.json HTTP/1.1" 404 82707 solarsolutionsgmbh.com "-" "Mozilla/5.0 (Macintosh; Intel Mac OS X 10_7_0) AppleWebKit/535.11 (KHTML, like Gecko) Chrome/17.0.963.56 Safari/535.11" "-"
2a02:8070:2400:: - - [18/Jan/2025:14:45:18 +0100] "GET /Solarkonfigurator/ HTTP/1.1" 200 137553 solarsolutionsgmbh.com "https://solarsolutionsgmbh.com/Solarkonfigurator/" "Mozilla/5.0 (Windows NT 10.0; Win64; x64; rv:134.0) Gecko/20100101 Firefox/134.0" "-"
152.32.153.0 - - [18/Jan/2025:14:45:22 +0100] "GET /wp-content/plugins/solarkonfigurator_v2/readme.txt HTTP/1.1" 404 82788 solarsolutionsgmbh.com "-" "python-requests/2.32.3" "-"
152.32.153.0 - - [18/Jan/2025:14:45:25 +0100] "GET /wp-content/plugins/contact-form-7/readme.txt HTTP/1.1" 200 4323 solarsolutionsgmbh.com "-" "python-requests/2.32.3" "-"
2003:ed:2700:: - - [18/Jan/2025:14:45:25 +0100] "POST /wp-admin/admin-ajax.php HTTP/1.1" 200 47 solarsolutionsgmbh.com "https://solarsolutionsgmbh.com/wp-admin/plugins.php" "Mozilla/5.0 (Windows NT 10.0; Win64; x64) AppleWebKit/537.36 (KHTML, like Gecko) Chrome/128.0.0.0 Safari/537.36 OPR/114.0.0.0" "-"
152.32.153.0 - - [18/Jan/2025:14:45:26 +0100] "GET /wp-content/plugins/gtranslate/readme.txt HTTP/1.1" 200 39229 solarsolutionsgmbh.com "-" "python-requests/2.32.3" "-"
152.32.153.0 - - [18/Jan/2025:14:45:27 +0100] "GET /wp-content/plugins/google-analytics-for-wordpress/readme.txt HTTP/1.1" 200 23068 solarsolutionsgmbh.com "-" "python-requests/2.32.3" "-"
152.32.153.0 - - [18/Jan/2025:14:45:28 +0100] "GET /wp-content/plugins/newsletter/readme.txt HTTP/1.1" 200 24224 solarsolutionsgmbh.com "-" "python-requests/2.32.3" "-"
2a02:8070:2400:: - - [18/Jan/2025:14:45:29 +0100] "POST /Solarkonfigurator/ HTTP/1.1" 200 137136 solarsolutionsgmbh.com "https://solarsolutionsgmbh.com/Solarkonfigurator/" "Mozilla/5.0 (Windows NT 10.0; Win64; x64; rv:134.0) Gecko/20100101 Firefox/134.0" "-"
152.32.153.0 - - [18/Jan/2025:14:45:29 +0100] "GET /wp-content/plugins/solarkonfigurator/readme.txt HTTP/1.1" 404 82782 solarsolutionsgmbh.com "-" "python-requests/2.32.3" "-"
152.32.153.0 - - [18/Jan/2025:14:45:31 +0100] "GET /wp-content/themes/twentytwentyfour/readme.txt HTTP/1.1" 200 3873 solarsolutionsgmbh.com "-" "python-requests/2.32.3" "-"
2a02:8070:2400:: - - [18/Jan/2025:14:45:37 +0100] "POST /Solarkonfigurator/ HTTP/1.1" 200 137599 solarsolutionsgmbh.com "https://solarsolutionsgmbh.com/Solarkonfigurator/" "Mozilla/5.0 (Windows NT 10.0; Win64; x64; rv:134.0) Gecko/20100101 Firefox/134.0" "-"
2a02:8070:2400:: - - [18/Jan/2025:14:45:41 +0100] "POST /Solarkonfigurator/ HTTP/1.1" 200 137646 solarsolutionsgmbh.com "https://solarsolutionsgmbh.com/Solarkonfigurator/" "Mozilla/5.0 (Windows NT 10.0; Win64; x64; rv:134.0) Gecko/20100101 Firefox/134.0" "-"
2a02:8070:2400:: - - [18/Jan/2025:14:45:45 +0100] "POST /Solarkonfigurator/ HTTP/1.1" 200 138923 solarsolutionsgmbh.com "https://solarsolutionsgmbh.com/Solarkonfigurator/" "Mozilla/5.0 (Windows NT 10.0; Win64; x64; rv:134.0) Gecko/20100101 Firefox/134.0" "-"
2a02:8070:2400:: - - [18/Jan/2025:14:45:52 +0100] "POST /Solarkonfigurator/ HTTP/1.1" 200 139248 solarsolutionsgmbh.com "https://solarsolutionsgmbh.com/Solarkonfigurator/" "Mozilla/5.0 (Windows NT 10.0; Win64; x64; rv:134.0) Gecko/20100101 Firefox/134.0" "-"
2a02:8070:2400:: - - [18/Jan/2025:14:45:56 +0100] "POST /Solarkonfigurator/ HTTP/1.1" 200 138810 solarsolutionsgmbh.com "https://solarsolutionsgmbh.com/Solarkonfigurator/" "Mozilla/5.0 (Windows NT 10.0; Win64; x64; rv:134.0) Gecko/20100101 Firefox/134.0" "-"
2a02:8070:2400:: - - [18/Jan/2025:14:46:03 +0100] "POST /Solarkonfigurator/ HTTP/1.1" 200 138508 solarsolutionsgmbh.com "https://solarsolutionsgmbh.com/Solarkonfigurator/" "Mozilla/5.0 (Windows NT 10.0; Win64; x64; rv:134.0) Gecko/20100101 Firefox/134.0" "-"
2a02:8070:2400:: - - [18/Jan/2025:14:46:13 +0100] "POST /Solarkonfigurator/ HTTP/1.1" 200 138591 solarsolutionsgmbh.com "https://solarsolutionsgmbh.com/Solarkonfigurator/" "Mozilla/5.0 (Windows NT 10.0; Win64; x64; rv:134.0) Gecko/20100101 Firefox/134.0" "-"
82.165.90.0 - - [18/Jan/2025:14:46:14 +0100] "POST /wp-cron.php?doing_wp_cron=1737207974.3899669647216796875000 HTTP/1.1" 200 - solarsolutionsgmbh.com "-" "WordPress/6.7.1; https://solarsolutionsgmbh.com" "-"
82.165.90.0 - - [18/Jan/2025:14:46:25 +0100] "GET /wp-content/uploads/2025/01/logo.png HTTP/1.1" 200 76264 solarsolutionsgmbh.com "-" "-" "-"
2a02:8070:2400:: - - [18/Jan/2025:14:46:25 +0100] "POST /Solarkonfigurator/ HTTP/1.1" 200 73199 solarsolutionsgmbh.com "https://solarsolutionsgmbh.com/Solarkonfigurator/" "Mozilla/5.0 (Windows NT 10.0; Win64; x64; rv:134.0) Gecko/20100101 Firefox/134.0" "-"
2a02:8070:2400:: - - [18/Jan/2025:14:46:29 +0100] "POST /Solarkonfigurator/ HTTP/1.1" 200 138601 solarsolutionsgmbh.com "https://solarsolutionsgmbh.com/Solarkonfigurator/" "Mozilla/5.0 (Windows NT 10.0; Win64; x64; rv:134.0) Gecko/20100101 Firefox/134.0" "-"
2a02:8070:2400:: - - [18/Jan/2025:14:47:10 +0100] "POST /wp-admin/admin-ajax.php HTTP/1.1" 200 98 solarsolutionsgmbh.com "https://solarsolutionsgmbh.com/wp-admin/post.php?post=14&action=edit" "Mozilla/5.0 (Windows NT 10.0; Win64; x64; rv:134.0) Gecko/20100101 Firefox/134.0" "-"
82.165.90.0 - - [18/Jan/2025:14:47:13 +0100] "POST /wp-cron.php?doing_wp_cron=1737208033.7900590896606445312500 HTTP/1.1" 200 - solarsolutionsgmbh.com "-" "WordPress/6.7.1; https://solarsolutionsgmbh.com" "-"
2a02:8070:400:: - - [18/Jan/2025:14:47:13 +0100] "GET / HTTP/1.1" 200 109639 solarsolutionsgmbh.com "-" "Mozilla/5.0 (Macintosh; Intel Mac OS X 10_15_7) AppleWebKit/605.1.15 (KHTML, like Gecko) Version/18.1.1 Safari/605.1.15" "-"
2a02:8070:400:: - - [18/Jan/2025:14:47:14 +0100] "GET /wp-content/plugins/gtranslate/flags/svg/de.svg HTTP/1.1" 304 - solarsolutionsgmbh.com "https://solarsolutionsgmbh.com/" "Mozilla/5.0 (Macintosh; Intel Mac OS X 10_15_7) AppleWebKit/605.1.15 (KHTML, like Gecko) Version/18.1.1 Safari/605.1.15" "-"
2a02:8070:400:: - - [18/Jan/2025:14:47:14 +0100] "GET /wp-content/plugins/gtranslate/flags/svg/en.svg HTTP/1.1" 304 - solarsolutionsgmbh.com "https://solarsolutionsgmbh.com/" "Mozilla/5.0 (Macintosh; Intel Mac OS X 10_15_7) AppleWebKit/605.1.15 (KHTML, like Gecko) Version/18.1.1 Safari/605.1.15" "-"
2a02:8070:400:: - - [18/Jan/2025:14:47:14 +0100] "GET /wp-content/plugins/gtranslate/flags/svg/es.svg HTTP/1.1" 304 - solarsolutionsgmbh.com "https://solarsolutionsgmbh.com/" "Mozilla/5.0 (Macintosh; Intel Mac OS X 10_15_7) AppleWebKit/605.1.15 (KHTML, like Gecko) Version/18.1.1 Safari/605.1.15" "-"
2a02:8070:400:: - - [18/Jan/2025:14:47:14 +0100] "GET /wp-includes/blocks/navigation/style.min.css?ver=6.7.1 HTTP/1.1" 304 - solarsolutionsgmbh.com "https://solarsolutionsgmbh.com/" "Mozilla/5.0 (Macintosh; Intel Mac OS X 10_15_7) AppleWebKit/605.1.15 (KHTML, like Gecko) Version/18.1.1 Safari/605.1.15" "-"
2a02:8070:400:: - - [18/Jan/2025:14:47:14 +0100] "GET /wp-content/plugins/solarkonfigurator_v2/design_v2.css?ver=6.7.1 HTTP/1.1" 200 6404 solarsolutionsgmbh.com "https://solarsolutionsgmbh.com/" "Mozilla/5.0 (Macintosh; Intel Mac OS X 10_15_7) AppleWebKit/605.1.15 (KHTML, like Gecko) Version/18.1.1 Safari/605.1.15" "-"
2a02:8070:400:: - - [18/Jan/2025:14:47:14 +0100] "GET /wp-content/plugins/contact-form-7/includes/css/styles.css?ver=6.0.2 HTTP/1.1" 304 - solarsolutionsgmbh.com "https://solarsolutionsgmbh.com/" "Mozilla/5.0 (Macintosh; Intel Mac OS X 10_15_7) AppleWebKit/605.1.15 (KHTML, like Gecko) Version/18.1.1 Safari/605.1.15" "-"
2a02:8070:400:: - - [18/Jan/2025:14:47:14 +0100] "GET /wp-includes/blocks/social-links/style.min.css?ver=6.7.1 HTTP/1.1" 304 - solarsolutionsgmbh.com "https://solarsolutionsgmbh.com/" "Mozilla/5.0 (Macintosh; Intel Mac OS X 10_15_7) AppleWebKit/605.1.15 (KHTML, like Gecko) Version/18.1.1 Safari/605.1.15" "-"
2a02:8070:400:: - - [18/Jan/2025:14:47:14 +0100] "GET /wp-content/plugins/solarkonfigurator/design.css?ver=6.7.1 HTTP/1.1" 200 7071 solarsolutionsgmbh.com "https://solarsolutionsgmbh.com/" "Mozilla/5.0 (Macintosh; Intel Mac OS X 10_15_7) AppleWebKit/605.1.15 (KHTML, like Gecko) Version/18.1.1 Safari/605.1.15" "-"
2a02:8070:400:: - - [18/Jan/2025:14:47:14 +0100] "GET /wp-content/themes/twentytwentyfour/assets/css/slider.css?ver=6.7.1 HTTP/1.1" 304 - solarsolutionsgmbh.com "https://solarsolutionsgmbh.com/" "Mozilla/5.0 (Macintosh; Intel Mac OS X 10_15_7) AppleWebKit/605.1.15 (KHTML, like Gecko) Version/18.1.1 Safari/605.1.15" "-"
2a02:8070:400:: - - [18/Jan/2025:14:47:14 +0100] "GET /wp-content/plugins/newsletter/style.css?ver=8.6.4 HTTP/1.1" 304 - solarsolutionsgmbh.com "https://solarsolutionsgmbh.com/" "Mozilla/5.0 (Macintosh; Intel Mac OS X 10_15_7) AppleWebKit/605.1.15 (KHTML, like Gecko) Version/18.1.1 Safari/605.1.15" "-"
2a02:8070:400:: - - [18/Jan/2025:14:47:14 +0100] "GET /wp-includes/js/dist/script-modules/block-library/navigation/view.min.js?ver=8ff192874fc8910a284c HTTP/1.1" 304 - solarsolutionsgmbh.com "https://solarsolutionsgmbh.com/" "Mozilla/5.0 (Macintosh; Intel Mac OS X 10_15_7) AppleWebKit/605.1.15 (KHTML, like Gecko) Version/18.1.1 Safari/605.1.15" "-"
2a02:8070:400:: - - [18/Jan/2025:14:47:14 +0100] "GET /wp-includes/js/jquery/jquery-migrate.min.js?ver=3.4.1 HTTP/1.1" 304 - solarsolutionsgmbh.com "https://solarsolutionsgmbh.com/" "Mozilla/5.0 (Macintosh; Intel Mac OS X 10_15_7) AppleWebKit/605.1.15 (KHTML, like Gecko) Version/18.1.1 Safari/605.1.15" "-"
2a02:8070:400:: - - [18/Jan/2025:14:47:14 +0100] "GET /wp-includes/js/jquery/jquery.min.js?ver=3.7.1 HTTP/1.1" 304 - solarsolutionsgmbh.com "https://solarsolutionsgmbh.com/" "Mozilla/5.0 (Macintosh; Intel Mac OS X 10_15_7) AppleWebKit/605.1.15 (KHTML, like Gecko) Version/18.1.1 Safari/605.1.15" "-"
2a02:8070:400:: - - [18/Jan/2025:14:47:14 +0100] "GET /wp-content/plugins/gtranslate/js/flags.js?ver=6.7.1 HTTP/1.1" 304 - solarsolutionsgmbh.com "https://solarsolutionsgmbh.com/" "Mozilla/5.0 (Macintosh; Intel Mac OS X 10_15_7) AppleWebKit/605.1.15 (KHTML, like Gecko) Version/18.1.1 Safari/605.1.15" "-"
2a02:8070:400:: - - [18/Jan/2025:14:47:14 +0100] "GET /wp-includes/js/dist/hooks.min.js?ver=4d63a3d491d11ffd8ac6 HTTP/1.1" 304 - solarsolutionsgmbh.com "https://solarsolutionsgmbh.com/" "Mozilla/5.0 (Macintosh; Intel Mac OS X 10_15_7) AppleWebKit/605.1.15 (KHTML, like Gecko) Version/18.1.1 Safari/605.1.15" "-"
2a02:8070:400:: - - [18/Jan/2025:14:47:14 +0100] "GET /wp-content/uploads/2025/01/Icon-2.png HTTP/1.1" 404 82816 solarsolutionsgmbh.com "https://solarsolutionsgmbh.com/" "Mozilla/5.0 (Macintosh; Intel Mac OS X 10_15_7) AppleWebKit/605.1.15 (KHTML, like Gecko) Version/18.1.1 Safari/605.1.15" "-"
2a02:8070:400:: - - [18/Jan/2025:14:47:14 +0100] "GET /wp-content/uploads/2025/01/Icon-1.png HTTP/1.1" 404 82816 solarsolutionsgmbh.com "https://solarsolutionsgmbh.com/" "Mozilla/5.0 (Macintosh; Intel Mac OS X 10_15_7) AppleWebKit/605.1.15 (KHTML, like Gecko) Version/18.1.1 Safari/605.1.15" "-"
2a02:8070:400:: - - [18/Jan/2025:14:47:15 +0100] "GET /wp-includes/js/dist/i18n.min.js?ver=5e580eb46a90c2b997e6 HTTP/1.1" 304 - solarsolutionsgmbh.com "https://solarsolutionsgmbh.com/" "Mozilla/5.0 (Macintosh; Intel Mac OS X 10_15_7) AppleWebKit/605.1.15 (KHTML, like Gecko) Version/18.1.1 Safari/605.1.15" "-"
2a02:8070:400:: - - [18/Jan/2025:14:47:15 +0100] "GET /wp-content/plugins/contact-form-7/includes/swv/js/index.js?ver=6.0.2 HTTP/1.1" 304 - solarsolutionsgmbh.com "https://solarsolutionsgmbh.com/" "Mozilla/5.0 (Macintosh; Intel Mac OS X 10_15_7) AppleWebKit/605.1.15 (KHTML, like Gecko) Version/18.1.1 Safari/605.1.15" "-"
2a02:8070:400:: - - [18/Jan/2025:14:47:15 +0100] "GET /wp-content/themes/twentytwentyfour/assets/js/slider.js HTTP/1.1" 304 - solarsolutionsgmbh.com "https://solarsolutionsgmbh.com/" "Mozilla/5.0 (Macintosh; Intel Mac OS X 10_15_7) AppleWebKit/605.1.15 (KHTML, like Gecko) Version/18.1.1 Safari/605.1.15" "-"
2a02:8070:400:: - - [18/Jan/2025:14:47:15 +0100] "GET /wp-content/plugins/contact-form-7/includes/js/index.js?ver=6.0.2 HTTP/1.1" 304 - solarsolutionsgmbh.com "https://solarsolutionsgmbh.com/" "Mozilla/5.0 (Macintosh; Intel Mac OS X 10_15_7) AppleWebKit/605.1.15 (KHTML, like Gecko) Version/18.1.1 Safari/605.1.15" "-"
2a02:8070:400:: - - [18/Jan/2025:14:47:15 +0100] "GET /wp-content/plugins/contact-form-7/modules/recaptcha/index.js?ver=6.0.2 HTTP/1.1" 304 - solarsolutionsgmbh.com "https://solarsolutionsgmbh.com/" "Mozilla/5.0 (Macintosh; Intel Mac OS X 10_15_7) AppleWebKit/605.1.15 (KHTML, like Gecko) Version/18.1.1 Safari/605.1.15" "-"
2a02:8070:400:: - - [18/Jan/2025:14:47:15 +0100] "GET /wp-content/plugins/google-analytics-for-wordpress/assets/js/frontend-gtag.min.js?ver=9.2.4 HTTP/1.1" 304 - solarsolutionsgmbh.com "https://solarsolutionsgmbh.com/" "Mozilla/5.0 (Macintosh; Intel Mac OS X 10_15_7) AppleWebKit/605.1.15 (KHTML, like Gecko) Version/18.1.1 Safari/605.1.15" "-"
2a02:8070:400:: - - [18/Jan/2025:14:47:15 +0100] "GET /wp-content/uploads/2025/01/Illustration.png HTTP/1.1" 304 - solarsolutionsgmbh.com "https://solarsolutionsgmbh.com/" "Mozilla/5.0 (Macintosh; Intel Mac OS X 10_15_7) AppleWebKit/605.1.15 (KHTML, like Gecko) Version/18.1.1 Safari/605.1.15" "-"
2a02:8070:400:: - - [18/Jan/2025:14:47:15 +0100] "GET /wp-content/uploads/2025/01/pexels-cristian-rojas-8853501-scaled-e1736841770815.jpg HTTP/1.1" 304 - solarsolutionsgmbh.com "https://solarsolutionsgmbh.com/" "Mozilla/5.0 (Macintosh; Intel Mac OS X 10_15_7) AppleWebKit/605.1.15 (KHTML, like Gecko) Version/18.1.1 Safari/605.1.15" "-"
2a02:8070:400:: - - [18/Jan/2025:14:47:15 +0100] "GET /wp-content/uploads/2025/01/logo-300x196.png HTTP/1.1" 304 - solarsolutionsgmbh.com "https://solarsolutionsgmbh.com/" "Mozilla/5.0 (Macintosh; Intel Mac OS X 10_15_7) AppleWebKit/605.1.15 (KHTML, like Gecko) Version/18.1.1 Safari/605.1.15" "-"
2a02:8070:400:: - - [18/Jan/2025:14:47:15 +0100] "GET /wp-includes/js/dist/vendor/wp-polyfill.min.js?ver=3.15.0 HTTP/1.1" 304 - solarsolutionsgmbh.com "https://solarsolutionsgmbh.com/" "Mozilla/5.0 (Macintosh; Intel Mac OS X 10_15_7) AppleWebKit/605.1.15 (KHTML, like Gecko) Version/18.1.1 Safari/605.1.15" "-"
2a02:8070:400:: - - [18/Jan/2025:14:47:15 +0100] "GET /wp-content/uploads/2025/01/pexels-rdne-8293653-scaled-e1736842089834.jpg HTTP/1.1" 304 - solarsolutionsgmbh.com "https://solarsolutionsgmbh.com/" "Mozilla/5.0 (Macintosh; Intel Mac OS X 10_15_7) AppleWebKit/605.1.15 (KHTML, like Gecko) Version/18.1.1 Safari/605.1.15" "-"
2a02:8070:400:: - - [18/Jan/2025:14:47:15 +0100] "GET /wp-content/uploads/2025/01/logo_white-1.png HTTP/1.1" 304 - solarsolutionsgmbh.com "https://solarsolutionsgmbh.com/" "Mozilla/5.0 (Macintosh; Intel Mac OS X 10_15_7) AppleWebKit/605.1.15 (KHTML, like Gecko) Version/18.1.1 Safari/605.1.15" "-"
2a02:8070:400:: - - [18/Jan/2025:14:47:15 +0100] "GET /wp-content/uploads/2025/01/0cea1b925a40798cff672554981f4731.png HTTP/1.1" 304 - solarsolutionsgmbh.com "https://solarsolutionsgmbh.com/" "Mozilla/5.0 (Macintosh; Intel Mac OS X 10_15_7) AppleWebKit/605.1.15 (KHTML, like Gecko) Version/18.1.1 Safari/605.1.15" "-"
2a02:8070:400:: - - [18/Jan/2025:14:47:15 +0100] "GET /wp-includes/js/dist/script-modules/interactivity/index.min.js?ver=06b8f695ef48ab2d9277 HTTP/1.1" 304 - solarsolutionsgmbh.com "https://solarsolutionsgmbh.com/" "Mozilla/5.0 (Macintosh; Intel Mac OS X 10_15_7) AppleWebKit/605.1.15 (KHTML, like Gecko) Version/18.1.1 Safari/605.1.15" "-"
2a02:8070:400:: - - [18/Jan/2025:14:47:15 +0100] "GET /wp-content/themes/twentytwentyfour/assets/fonts/inter/Inter-VariableFont_slnt,wght.woff2 HTTP/1.1" 304 - solarsolutionsgmbh.com "https://solarsolutionsgmbh.com/" "Mozilla/5.0 (Macintosh; Intel Mac OS X 10_15_7) AppleWebKit/605.1.15 (KHTML, like Gecko) Version/18.1.1 Safari/605.1.15" "-"
2a02:8070:400:: - - [18/Jan/2025:14:47:15 +0100] "GET /wp-content/uploads/fonts/UcCO3FwrK3iLTeHuS_nVMrMxCp50SjIw2boKoduKmMEVuGKYMZ1rib2Bg-4.woff2 HTTP/1.1" 304 - solarsolutionsgmbh.com "https://solarsolutionsgmbh.com/" "Mozilla/5.0 (Macintosh; Intel Mac OS X 10_15_7) AppleWebKit/605.1.15 (KHTML, like Gecko) Version/18.1.1 Safari/605.1.15" "-"
2a02:8070:400:: - - [18/Jan/2025:14:47:15 +0100] "GET /wp-content/uploads/2025/01/beratung.png HTTP/1.1" 200 38360 solarsolutionsgmbh.com "https://solarsolutionsgmbh.com/" "Mozilla/5.0 (Macintosh; Intel Mac OS X 10_15_7) AppleWebKit/605.1.15 (KHTML, like Gecko) Version/18.1.1 Safari/605.1.15" "-"
2a02:8070:400:: - - [18/Jan/2025:14:47:15 +0100] "GET /wp-content/uploads/2025/01/planung.png HTTP/1.1" 200 20333 solarsolutionsgmbh.com "https://solarsolutionsgmbh.com/" "Mozilla/5.0 (Macintosh; Intel Mac OS X 10_15_7) AppleWebKit/605.1.15 (KHTML, like Gecko) Version/18.1.1 Safari/605.1.15" "-"
2a02:8070:400:: - - [18/Jan/2025:14:47:15 +0100] "GET /wp-content/uploads/2025/01/montage.png HTTP/1.1" 200 33498 solarsolutionsgmbh.com "https://solarsolutionsgmbh.com/" "Mozilla/5.0 (Macintosh; Intel Mac OS X 10_15_7) AppleWebKit/605.1.15 (KHTML, like Gecko) Version/18.1.1 Safari/605.1.15" "-"
2a02:8070:400:: - - [18/Jan/2025:14:47:15 +0100] "GET /wp-content/uploads/2025/01/wartung.png HTTP/1.1" 200 36653 solarsolutionsgmbh.com "https://solarsolutionsgmbh.com/" "Mozilla/5.0 (Macintosh; Intel Mac OS X 10_15_7) AppleWebKit/605.1.15 (KHTML, like Gecko) Version/18.1.1 Safari/605.1.15" "-"
2a02:8070:400:: - - [18/Jan/2025:14:47:16 +0100] "GET /Solarkonfigurator/ HTTP/1.1" 200 90518 solarsolutionsgmbh.com "https://solarsolutionsgmbh.com/" "Mozilla/5.0 (Macintosh; Intel Mac OS X 10_15_7) AppleWebKit/605.1.15 (KHTML, like Gecko) Version/18.1.1 Safari/605.1.15" "-"
2003:ed:2700:: - - [18/Jan/2025:14:47:26 +0100] "POST /wp-admin/admin-ajax.php HTTP/1.1" 200 47 solarsolutionsgmbh.com "https://solarsolutionsgmbh.com/wp-admin/plugins.php" "Mozilla/5.0 (Windows NT 10.0; Win64; x64) AppleWebKit/537.36 (KHTML, like Gecko) Chrome/128.0.0.0 Safari/537.36 OPR/114.0.0.0" "-"
2a02:8070:400:: - - [18/Jan/2025:14:47:46 +0100] "POST /Solarkonfigurator/ HTTP/1.1" 200 90017 solarsolutionsgmbh.com "https://solarsolutionsgmbh.com/Solarkonfigurator/" "Mozilla/5.0 (Macintosh; Intel Mac OS X 10_15_7) AppleWebKit/605.1.15 (KHTML, like Gecko) Version/18.1.1 Safari/605.1.15" "-"
2a02:8070:400:: - - [18/Jan/2025:14:47:47 +0100] "GET /wp-content/plugins/solarkonfigurator/design.css?ver=6.7.1 HTTP/1.1" 304 - solarsolutionsgmbh.com "https://solarsolutionsgmbh.com/Solarkonfigurator/" "Mozilla/5.0 (Macintosh; Intel Mac OS X 10_15_7) AppleWebKit/605.1.15 (KHTML, like Gecko) Version/18.1.1 Safari/605.1.15" "-"
2a02:8070:400:: - - [18/Jan/2025:14:47:51 +0100] "POST /Solarkonfigurator/ HTTP/1.1" 200 90474 solarsolutionsgmbh.com "https://solarsolutionsgmbh.com/Solarkonfigurator/" "Mozilla/5.0 (Macintosh; Intel Mac OS X 10_15_7) AppleWebKit/605.1.15 (KHTML, like Gecko) Version/18.1.1 Safari/605.1.15" "-"
2a02:8070:400:: - - [18/Jan/2025:14:47:54 +0100] "POST /Solarkonfigurator/ HTTP/1.1" 200 90521 solarsolutionsgmbh.com "https://solarsolutionsgmbh.com/Solarkonfigurator/" "Mozilla/5.0 (Macintosh; Intel Mac OS X 10_15_7) AppleWebKit/605.1.15 (KHTML, like Gecko) Version/18.1.1 Safari/605.1.15" "-"
2a02:8070:400:: - - [18/Jan/2025:14:47:58 +0100] "POST /Solarkonfigurator/ HTTP/1.1" 200 91799 solarsolutionsgmbh.com "https://solarsolutionsgmbh.com/Solarkonfigurator/" "Mozilla/5.0 (Macintosh; Intel Mac OS X 10_15_7) AppleWebKit/605.1.15 (KHTML, like Gecko) Version/18.1.1 Safari/605.1.15" "-"
2a02:8070:400:: - - [18/Jan/2025:14:48:11 +0100] "POST /Solarkonfigurator/ HTTP/1.1" 200 92126 solarsolutionsgmbh.com "https://solarsolutionsgmbh.com/Solarkonfigurator/" "Mozilla/5.0 (Macintosh; Intel Mac OS X 10_15_7) AppleWebKit/605.1.15 (KHTML, like Gecko) Version/18.1.1 Safari/605.1.15" "-"
2a02:8070:400:: - - [18/Jan/2025:14:48:12 +0100] "GET /wp-content/plugins/solarkonfigurator/design.css?ver=6.7.1 HTTP/1.1" 304 - solarsolutionsgmbh.com "https://solarsolutionsgmbh.com/Solarkonfigurator/" "Mozilla/5.0 (Macintosh; Intel Mac OS X 10_15_7) AppleWebKit/605.1.15 (KHTML, like Gecko) Version/18.1.1 Safari/605.1.15" "-"
82.165.90.0 - - [18/Jan/2025:14:48:14 +0100] "POST /wp-cron.php?doing_wp_cron=1737208094.8188090324401855468750 HTTP/1.1" 200 - solarsolutionsgmbh.com "-" "WordPress/6.7.1; https://solarsolutionsgmbh.com" "-"
2a02:8070:400:: - - [18/Jan/2025:14:48:14 +0100] "POST /Solarkonfigurator/ HTTP/1.1" 200 91694 solarsolutionsgmbh.com "https://solarsolutionsgmbh.com/Solarkonfigurator/" "Mozilla/5.0 (Macintosh; Intel Mac OS X 10_15_7) AppleWebKit/605.1.15 (KHTML, like Gecko) Version/18.1.1 Safari/605.1.15" "-"
2a02:8070:400:: - - [18/Jan/2025:14:48:18 +0100] "POST /Solarkonfigurator/ HTTP/1.1" 200 91396 solarsolutionsgmbh.com "https://solarsolutionsgmbh.com/Solarkonfigurator/" "Mozilla/5.0 (Macintosh; Intel Mac OS X 10_15_7) AppleWebKit/605.1.15 (KHTML, like Gecko) Version/18.1.1 Safari/605.1.15" "-"
2a02:8070:400:: - - [18/Jan/2025:14:48:35 +0100] "POST /Solarkonfigurator/ HTTP/1.1" 200 91479 solarsolutionsgmbh.com "https://solarsolutionsgmbh.com/Solarkonfigurator/" "Mozilla/5.0 (Macintosh; Intel Mac OS X 10_15_7) AppleWebKit/605.1.15 (KHTML, like Gecko) Version/18.1.1 Safari/605.1.15" "-"
2a02:8070:400:: - - [18/Jan/2025:14:48:37 +0100] "GET /wp-content/plugins/solarkonfigurator/design.css?ver=6.7.1 HTTP/1.1" 304 - solarsolutionsgmbh.com "https://solarsolutionsgmbh.com/Solarkonfigurator/" "Mozilla/5.0 (Macintosh; Intel Mac OS X 10_15_7) AppleWebKit/605.1.15 (KHTML, like Gecko) Version/18.1.1 Safari/605.1.15" "-"
2a02:8070:400:: - - [18/Jan/2025:14:48:41 +0100] "POST /Solarkonfigurator/ HTTP/1.1" 200 91479 solarsolutionsgmbh.com "https://solarsolutionsgmbh.com/Solarkonfigurator/" "Mozilla/5.0 (Macintosh; Intel Mac OS X 10_15_7) AppleWebKit/605.1.15 (KHTML, like Gecko) Version/18.1.1 Safari/605.1.15" "-"
54.36.148.0 - - [18/Jan/2025:14:48:48 +0100] "GET /wp-admin/admin-ajax.php?action=tnp&na=s HTTP/1.1" 400 15 solarsolutionsgmbh.com "-" "Mozilla/5.0 (compatible; AhrefsBot/7.0; +http://ahrefs.com/robot/)" "-"
2a02:8070:400:: - - [18/Jan/2025:14:48:49 +0100] "POST /Solarkonfigurator/ HTTP/1.1" 200 91479 solarsolutionsgmbh.com "https://solarsolutionsgmbh.com/Solarkonfigurator/" "Mozilla/5.0 (Macintosh; Intel Mac OS X 10_15_7) AppleWebKit/605.1.15 (KHTML, like Gecko) Version/18.1.1 Safari/605.1.15" "-"
2a02:8070:2400:: - - [18/Jan/2025:14:49:10 +0100] "POST /wp-admin/admin-ajax.php HTTP/1.1" 200 98 solarsolutionsgmbh.com "https://solarsolutionsgmbh.com/wp-admin/post.php?post=14&action=edit" "Mozilla/5.0 (Windows NT 10.0; Win64; x64; rv:134.0) Gecko/20100101 Firefox/134.0" "-"
2a02:8070:400:: - - [18/Jan/2025:14:49:22 +0100] "POST /Solarkonfigurator/ HTTP/1.1" 200 73195 solarsolutionsgmbh.com "https://solarsolutionsgmbh.com/Solarkonfigurator/" "Mozilla/5.0 (Macintosh; Intel Mac OS X 10_15_7) AppleWebKit/605.1.15 (KHTML, like Gecko) Version/18.1.1 Safari/605.1.15" "-"
82.165.90.0 - - [18/Jan/2025:14:49:23 +0100] "POST /wp-cron.php?doing_wp_cron=1737208163.2650709152221679687500 HTTP/1.1" 200 - solarsolutionsgmbh.com "-" "WordPress/6.7.1; https://solarsolutionsgmbh.com" "-"
82.165.90.0 - - [18/Jan/2025:14:49:23 +0100] "GET /wp-content/uploads/2025/01/logo.png HTTP/1.1" 200 76264 solarsolutionsgmbh.com "-" "-" "-"
2003:ed:2700:: - - [18/Jan/2025:14:49:27 +0100] "POST /wp-admin/admin-ajax.php HTTP/1.1" 200 47 solarsolutionsgmbh.com "https://solarsolutionsgmbh.com/wp-admin/plugins.php" "Mozilla/5.0 (Windows NT 10.0; Win64; x64) AppleWebKit/537.36 (KHTML, like Gecko) Chrome/128.0.0.0 Safari/537.36 OPR/114.0.0.0" "-"
2a02:8070:2400:: - - [18/Jan/2025:14:49:27 +0100] "POST /wp-admin/admin-ajax.php HTTP/1.1" 200 98 solarsolutionsgmbh.com "https://solarsolutionsgmbh.com/wp-admin/post.php?post=14&action=edit" "Mozilla/5.0 (Windows NT 10.0; Win64; x64; rv:134.0) Gecko/20100101 Firefox/134.0" "-"
2a02:8070:2400:: - - [18/Jan/2025:14:49:31 +0100] "GET /wp-content/uploads/2025/01/logo.png HTTP/1.1" 200 76264 solarsolutionsgmbh.com "https://solarsolutionsgmbh.com/Solarkonfigurator/" "Mozilla/5.0 (Windows NT 10.0; Win64; x64; rv:134.0) Gecko/20100101 Firefox/134.0" "-"
2a02:8070:2400:: - - [18/Jan/2025:14:49:31 +0100] "GET /wp-content/uploads/2025/01/logo-150x150.png HTTP/1.1" 200 17909 solarsolutionsgmbh.com "https://solarsolutionsgmbh.com/Solarkonfigurator/" "Mozilla/5.0 (Windows NT 10.0; Win64; x64; rv:134.0) Gecko/20100101 Firefox/134.0" "-"
2a02:8070:2400:: - - [18/Jan/2025:14:49:31 +0100] "GET /wp-content/plugins/gtranslate/flags/svg/en.svg HTTP/1.1" 200 862 solarsolutionsgmbh.com "https://solarsolutionsgmbh.com/Solarkonfigurator/" "Mozilla/5.0 (Windows NT 10.0; Win64; x64; rv:134.0) Gecko/20100101 Firefox/134.0" "-"
2a02:8070:2400:: - - [18/Jan/2025:14:49:37 +0100] "POST /wp-admin/admin-ajax.php HTTP/1.1" 200 98 solarsolutionsgmbh.com "https://solarsolutionsgmbh.com/wp-admin/post.php?post=14&action=edit" "Mozilla/5.0 (Windows NT 10.0; Win64; x64; rv:134.0) Gecko/20100101 Firefox/134.0" "-"
2a02:8070:400:: - - [18/Jan/2025:14:49:43 +0100] "POST /Solarkonfigurator/ HTTP/1.1" 200 73195 solarsolutionsgmbh.com "https://solarsolutionsgmbh.com/Solarkonfigurator/" "Mozilla/5.0 (Macintosh; Intel Mac OS X 10_15_7) AppleWebKit/605.1.15 (KHTML, like Gecko) Version/18.1.1 Safari/605.1.15" "-"
82.165.90.0 - - [18/Jan/2025:14:49:44 +0100] "GET /wp-content/uploads/2025/01/logo.png HTTP/1.1" 200 76264 solarsolutionsgmbh.com "-" "-" "-"
17.241.227.0 - - [18/Jan/2025:14:50:06 +0100] "GET /robots.txt HTTP/1.1" 200 126 solarsolutionsgmbh.com "-" "Mozilla/5.0 (Macintosh; Intel Mac OS X 10_15_7) AppleWebKit/605.1.15 (KHTML, like Gecko) Version/17.4 Safari/605.1.15 (Applebot/0.1; +http://www.apple.com/go/applebot)" "-"
82.165.90.0 - - [18/Jan/2025:14:50:07 +0100] "POST /wp-cron.php?doing_wp_cron=1737208207.1895790100097656250000 HTTP/1.1" 200 - solarsolutionsgmbh.com "-" "WordPress/6.7.1; https://solarsolutionsgmbh.com" "-"
17.241.227.0 - - [18/Jan/2025:14:50:08 +0100] "GET /wp-content/uploads/2025/01/logo.png HTTP/1.1" 200 76264 solarsolutionsgmbh.com "-" "Mozilla/5.0 (Macintosh; Intel Mac OS X 10_15_7) AppleWebKit/605.1.15 (KHTML, like Gecko) Version/17.4 Safari/605.1.15 (Applebot/0.1; +http://www.apple.com/go/applebot)" "-"
2a02:8070:400:: - - [18/Jan/2025:14:50:09 +0100] "POST /Solarkonfigurator/ HTTP/1.1" 200 90465 solarsolutionsgmbh.com "https://solarsolutionsgmbh.com/Solarkonfigurator/" "Mozilla/5.0 (Macintosh; Intel Mac OS X 10_15_7) AppleWebKit/605.1.15 (KHTML, like Gecko) Version/18.1.1 Safari/605.1.15" "-"
2a02:8070:400:: - - [18/Jan/2025:14:50:10 +0100] "GET /wp-content/plugins/solarkonfigurator/design.css?ver=6.7.1 HTTP/1.1" 304 - solarsolutionsgmbh.com "https://solarsolutionsgmbh.com/Solarkonfigurator/" "Mozilla/5.0 (Macintosh; Intel Mac OS X 10_15_7) AppleWebKit/605.1.15 (KHTML, like Gecko) Version/18.1.1 Safari/605.1.15" "-"
2a02:8070:400:: - - [18/Jan/2025:14:50:12 +0100] "GET /kontakt/ HTTP/1.1" 200 98830 solarsolutionsgmbh.com "https://solarsolutionsgmbh.com/Solarkonfigurator/" "Mozilla/5.0 (Macintosh; Intel Mac OS X 10_15_7) AppleWebKit/605.1.15 (KHTML, like Gecko) Version/18.1.1 Safari/605.1.15" "-"
82.165.90.0 - - [18/Jan/2025:14:50:13 +0100] "POST /wp-cron.php?doing_wp_cron=1737208213.0019989013671875000000 HTTP/1.1" 200 - solarsolutionsgmbh.com "-" "WordPress/6.7.1; https://solarsolutionsgmbh.com" "-"
2a02:8070:400:: - - [18/Jan/2025:14:50:13 +0100] "GET /wp-json/contact-form-7/v1/contact-forms/368/feedback/schema HTTP/1.1" 200 1150 solarsolutionsgmbh.com "https://solarsolutionsgmbh.com/kontakt/" "Mozilla/5.0 (Macintosh; Intel Mac OS X 10_15_7) AppleWebKit/605.1.15 (KHTML, like Gecko) Version/18.1.1 Safari/605.1.15" "-"
2a02:8070:400:: - - [18/Jan/2025:14:50:14 +0100] "GET /wp-content/uploads/2025/01/logo.png HTTP/1.1" 304 - solarsolutionsgmbh.com "https://solarsolutionsgmbh.com/kontakt/" "Mozilla/5.0 (Macintosh; Intel Mac OS X 10_15_7) AppleWebKit/605.1.15 (KHTML, like Gecko) Version/18.1.1 Safari/605.1.15" "-"
2a02:8070:400:: - - [18/Jan/2025:14:50:26 +0100] "GET /impressum/ HTTP/1.1" 200 91687 solarsolutionsgmbh.com "https://solarsolutionsgmbh.com/kontakt/" "Mozilla/5.0 (Macintosh; Intel Mac OS X 10_15_7) AppleWebKit/605.1.15 (KHTML, like Gecko) Version/18.1.1 Safari/605.1.15" "-"
2003:ed:2700:: - - [18/Jan/2025:14:50:28 +0100] "POST /wp-admin/admin-ajax.php HTTP/1.1" 200 47 solarsolutionsgmbh.com "https://solarsolutionsgmbh.com/wp-admin/plugins.php" "Mozilla/5.0 (Windows NT 10.0; Win64; x64) AppleWebKit/537.36 (KHTML, like Gecko) Chrome/128.0.0.0 Safari/537.36 OPR/114.0.0.0" "-"
2a02:8070:400:: - - [18/Jan/2025:14:50:42 +0100] "GET /datenschutz/ HTTP/1.1" 200 96107 solarsolutionsgmbh.com "https://solarsolutionsgmbh.com/impressum/" "Mozilla/5.0 (Macintosh; Intel Mac OS X 10_15_7) AppleWebKit/605.1.15 (KHTML, like Gecko) Version/18.1.1 Safari/605.1.15" "-"
2a02:8070:400:: - - [18/Jan/2025:14:50:42 +0100] "GET /wp-content/plugins/solarkonfigurator/design.css?ver=6.7.1 HTTP/1.1" 304 - solarsolutionsgmbh.com "https://solarsolutionsgmbh.com/datenschutz/" "Mozilla/5.0 (Macintosh; Intel Mac OS X 10_15_7) AppleWebKit/605.1.15 (KHTML, like Gecko) Version/18.1.1 Safari/605.1.15" "-"
2a02:8070:400:: - - [18/Jan/2025:14:50:51 +0100] "GET /ueber-uns/ HTTP/1.1" 200 96443 solarsolutionsgmbh.com "https://solarsolutionsgmbh.com/datenschutz/" "Mozilla/5.0 (Macintosh; Intel Mac OS X 10_15_7) AppleWebKit/605.1.15 (KHTML, like Gecko) Version/18.1.1 Safari/605.1.15" "-"
2a02:8070:400:: - - [18/Jan/2025:14:50:52 +0100] "GET /wp-content/uploads/2025/01/pexels-edmond-dantes-4342493-scaled-e1736797595440-1024x738.jpg HTTP/1.1" 200 79369 solarsolutionsgmbh.com "https://solarsolutionsgmbh.com/ueber-uns/" "Mozilla/5.0 (Macintosh; Intel Mac OS X 10_15_7) AppleWebKit/605.1.15 (KHTML, like Gecko) Version/18.1.1 Safari/605.1.15" "-"
2a02:8070:400:: - - [18/Jan/2025:14:50:56 +0100] "GET /leistungen/ HTTP/1.1" 200 102175 solarsolutionsgmbh.com "https://solarsolutionsgmbh.com/ueber-uns/" "Mozilla/5.0 (Macintosh; Intel Mac OS X 10_15_7) AppleWebKit/605.1.15 (KHTML, like Gecko) Version/18.1.1 Safari/605.1.15" "-"
2a02:8070:400:: - - [18/Jan/2025:14:50:57 +0100] "GET /wp-includes/blocks/image/style.min.css?ver=6.7.1 HTTP/1.1" 200 6708 solarsolutionsgmbh.com "https://solarsolutionsgmbh.com/leistungen/" "Mozilla/5.0 (Macintosh; Intel Mac OS X 10_15_7) AppleWebKit/605.1.15 (KHTML, like Gecko) Version/18.1.1 Safari/605.1.15" "-"
2a02:8070:400:: - - [18/Jan/2025:14:50:57 +0100] "GET /wp-content/uploads/2025/01/pexels-cristian-rojas-8853502-2048x1368.jpg HTTP/1.1" 200 394917 solarsolutionsgmbh.com "https://solarsolutionsgmbh.com/leistungen/" "Mozilla/5.0 (Macintosh; Intel Mac OS X 10_15_7) AppleWebKit/605.1.15 (KHTML, like Gecko) Version/18.1.1 Safari/605.1.15" "-"
2a02:8070:400:: - - [18/Jan/2025:14:50:57 +0100] "GET /wp-content/uploads/2025/01/Icon3.png HTTP/1.1" 404 82826 solarsolutionsgmbh.com "https://solarsolutionsgmbh.com/leistungen/" "Mozilla/5.0 (Macintosh; Intel Mac OS X 10_15_7) AppleWebKit/605.1.15 (KHTML, like Gecko) Version/18.1.1 Safari/605.1.15" "-"
2a02:8070:400:: - - [18/Jan/2025:14:51:02 +0100] "GET /leistungen/ HTTP/1.1" 200 102111 solarsolutionsgmbh.com "https://solarsolutionsgmbh.com/leistungen/" "Mozilla/5.0 (Macintosh; Intel Mac OS X 10_15_7) AppleWebKit/605.1.15 (KHTML, like Gecko) Version/18.1.1 Safari/605.1.15" "-"
82.165.90.0 - - [18/Jan/2025:14:51:28 +0100] "POST /wp-cron.php?doing_wp_cron=1737208288.7367019653320312500000 HTTP/1.1" 200 - solarsolutionsgmbh.com "-" "WordPress/6.7.1; https://solarsolutionsgmbh.com" "-"
2003:ed:2700:: - - [18/Jan/2025:14:51:28 +0100] "POST /wp-admin/admin-ajax.php HTTP/1.1" 200 47 solarsolutionsgmbh.com "https://solarsolutionsgmbh.com/wp-admin/plugins.php" "Mozilla/5.0 (Windows NT 10.0; Win64; x64) AppleWebKit/537.36 (KHTML, like Gecko) Chrome/128.0.0.0 Safari/537.36 OPR/114.0.0.0" "-"
2a02:8070:2400:: - - [18/Jan/2025:14:51:38 +0100] "POST /wp-admin/admin-ajax.php HTTP/1.1" 200 98 solarsolutionsgmbh.com "https://solarsolutionsgmbh.com/wp-admin/post.php?post=14&action=edit" "Mozilla/5.0 (Windows NT 10.0; Win64; x64; rv:134.0) Gecko/20100101 Firefox/134.0" "-"
82.165.90.0 - - [18/Jan/2025:14:52:28 +0100] "POST /wp-cron.php?doing_wp_cron=1737208348.6938281059265136718750 HTTP/1.1" 200 - solarsolutionsgmbh.com "-" "WordPress/6.7.1; https://solarsolutionsgmbh.com" "-"
2003:ed:2700:: - - [18/Jan/2025:14:52:28 +0100] "POST /wp-admin/admin-ajax.php HTTP/1.1" 200 47 solarsolutionsgmbh.com "https://solarsolutionsgmbh.com/wp-admin/plugins.php" "Mozilla/5.0 (Windows NT 10.0; Win64; x64) AppleWebKit/537.36 (KHTML, like Gecko) Chrome/128.0.0.0 Safari/537.36 OPR/114.0.0.0" "-"
82.165.90.0 - - [18/Jan/2025:14:53:29 +0100] "POST /wp-cron.php?doing_wp_cron=1737208409.7155430316925048828125 HTTP/1.1" 200 - solarsolutionsgmbh.com "-" "WordPress/6.7.1; https://solarsolutionsgmbh.com" "-"
2003:ed:2700:: - - [18/Jan/2025:14:53:29 +0100] "POST /wp-admin/admin-ajax.php HTTP/1.1" 200 47 solarsolutionsgmbh.com "https://solarsolutionsgmbh.com/wp-admin/plugins.php" "Mozilla/5.0 (Windows NT 10.0; Win64; x64) AppleWebKit/537.36 (KHTML, like Gecko) Chrome/128.0.0.0 Safari/537.36 OPR/114.0.0.0" "-"
2a02:8070:2400:: - - [18/Jan/2025:14:53:38 +0100] "POST /wp-admin/admin-ajax.php HTTP/1.1" 200 98 solarsolutionsgmbh.com "https://solarsolutionsgmbh.com/wp-admin/post.php?post=14&action=edit" "Mozilla/5.0 (Windows NT 10.0; Win64; x64; rv:134.0) Gecko/20100101 Firefox/134.0" "-"
82.165.90.0 - - [18/Jan/2025:14:55:09 +0100] "POST /wp-cron.php?doing_wp_cron=1737208509.6625270843505859375000 HTTP/1.1" 200 - solarsolutionsgmbh.com "-" "WordPress/6.7.1; https://solarsolutionsgmbh.com" "-"
2003:ed:2700:: - - [18/Jan/2025:14:55:09 +0100] "POST /wp-admin/admin-ajax.php HTTP/1.1" 200 47 solarsolutionsgmbh.com "https://solarsolutionsgmbh.com/wp-admin/plugins.php" "Mozilla/5.0 (Windows NT 10.0; Win64; x64) AppleWebKit/537.36 (KHTML, like Gecko) Chrome/128.0.0.0 Safari/537.36 OPR/114.0.0.0" "-"
2a02:8070:2400:: - - [18/Jan/2025:14:55:38 +0100] "POST /wp-admin/admin-ajax.php HTTP/1.1" 200 98 solarsolutionsgmbh.com "https://solarsolutionsgmbh.com/wp-admin/post.php?post=14&action=edit" "Mozilla/5.0 (Windows NT 10.0; Win64; x64; rv:134.0) Gecko/20100101 Firefox/134.0" "-"
82.165.90.0 - - [18/Jan/2025:14:55:39 +0100] "POST /wp-cron.php?doing_wp_cron=1737208539.2665150165557861328125 HTTP/1.1" 200 - solarsolutionsgmbh.com "-" "WordPress/6.7.1; https://solarsolutionsgmbh.com" "-"
2003:ed:2700:: - - [18/Jan/2025:14:56:09 +0100] "POST /wp-admin/admin-ajax.php HTTP/1.1" 200 47 solarsolutionsgmbh.com "https://solarsolutionsgmbh.com/wp-admin/plugins.php" "Mozilla/5.0 (Windows NT 10.0; Win64; x64) AppleWebKit/537.36 (KHTML, like Gecko) Chrome/128.0.0.0 Safari/537.36 OPR/114.0.0.0" "-"
82.165.90.0 - - [18/Jan/2025:14:56:14 +0100] "POST /wp-cron.php?doing_wp_cron=1737208574.8115510940551757812500 HTTP/1.1" 200 - solarsolutionsgmbh.com "-" "WordPress/6.7.1; https://solarsolutionsgmbh.com" "-"
2a02:8070:2400:: - - [18/Jan/2025:14:56:14 +0100] "GET /Solarkonfigurator/ HTTP/1.1" 200 90491 solarsolutionsgmbh.com "http://solarsolutionsgmbh.com/" "Mozilla/5.0 (iPhone; CPU iPhone OS 16_3_1 like Mac OS X) AppleWebKit/605.1.15 (KHTML, like Gecko) Version/16.3 Mobile/15E148 Safari/604.1" "-"
2a02:8070:2400:: - - [18/Jan/2025:14:56:15 +0100] "GET /wp-content/themes/twentytwentyfour/assets/css/slider.css?ver=6.7.1 HTTP/1.1" 200 591 solarsolutionsgmbh.com "http://solarsolutionsgmbh.com/Solarkonfigurator/" "Mozilla/5.0 (iPhone; CPU iPhone OS 16_3_1 like Mac OS X) AppleWebKit/605.1.15 (KHTML, like Gecko) Version/16.3 Mobile/15E148 Safari/604.1" "-"
2a02:8070:2400:: - - [18/Jan/2025:14:56:15 +0100] "GET /wp-includes/blocks/navigation/style.min.css?ver=6.7.1 HTTP/1.1" 200 16384 solarsolutionsgmbh.com "http://solarsolutionsgmbh.com/Solarkonfigurator/" "Mozilla/5.0 (iPhone; CPU iPhone OS 16_3_1 like Mac OS X) AppleWebKit/605.1.15 (KHTML, like Gecko) Version/16.3 Mobile/15E148 Safari/604.1" "-"
2a02:8070:2400:: - - [18/Jan/2025:14:56:15 +0100] "GET /wp-includes/blocks/social-links/style.min.css?ver=6.7.1 HTTP/1.1" 200 11600 solarsolutionsgmbh.com "http://solarsolutionsgmbh.com/Solarkonfigurator/" "Mozilla/5.0 (iPhone; CPU iPhone OS 16_3_1 like Mac OS X) AppleWebKit/605.1.15 (KHTML, like Gecko) Version/16.3 Mobile/15E148 Safari/604.1" "-"
2a02:8070:2400:: - - [18/Jan/2025:14:56:15 +0100] "GET /wp-content/plugins/newsletter/style.css?ver=8.6.4 HTTP/1.1" 200 7190 solarsolutionsgmbh.com "http://solarsolutionsgmbh.com/Solarkonfigurator/" "Mozilla/5.0 (iPhone; CPU iPhone OS 16_3_1 like Mac OS X) AppleWebKit/605.1.15 (KHTML, like Gecko) Version/16.3 Mobile/15E148 Safari/604.1" "-"
2a02:8070:2400:: - - [18/Jan/2025:14:56:15 +0100] "GET /wp-includes/js/jquery/jquery.min.js?ver=3.7.1 HTTP/1.1" 200 87553 solarsolutionsgmbh.com "http://solarsolutionsgmbh.com/Solarkonfigurator/" "Mozilla/5.0 (iPhone; CPU iPhone OS 16_3_1 like Mac OS X) AppleWebKit/605.1.15 (KHTML, like Gecko) Version/16.3 Mobile/15E148 Safari/604.1" "-"
2a02:8070:2400:: - - [18/Jan/2025:14:56:15 +0100] "GET /wp-content/plugins/solarkonfigurator/design.css?ver=6.7.1 HTTP/1.1" 200 7071 solarsolutionsgmbh.com "http://solarsolutionsgmbh.com/Solarkonfigurator/" "Mozilla/5.0 (iPhone; CPU iPhone OS 16_3_1 like Mac OS X) AppleWebKit/605.1.15 (KHTML, like Gecko) Version/16.3 Mobile/15E148 Safari/604.1" "-"
2a02:8070:2400:: - - [18/Jan/2025:14:56:15 +0100] "GET /wp-includes/js/jquery/jquery-migrate.min.js?ver=3.4.1 HTTP/1.1" 200 13577 solarsolutionsgmbh.com "http://solarsolutionsgmbh.com/Solarkonfigurator/" "Mozilla/5.0 (iPhone; CPU iPhone OS 16_3_1 like Mac OS X) AppleWebKit/605.1.15 (KHTML, like Gecko) Version/16.3 Mobile/15E148 Safari/604.1" "-"
2a02:8070:2400:: - - [18/Jan/2025:14:56:15 +0100] "GET /wp-content/plugins/contact-form-7/includes/css/styles.css?ver=6.0.2 HTTP/1.1" 200 2894 solarsolutionsgmbh.com "http://solarsolutionsgmbh.com/Solarkonfigurator/" "Mozilla/5.0 (iPhone; CPU iPhone OS 16_3_1 like Mac OS X) AppleWebKit/605.1.15 (KHTML, like Gecko) Version/16.3 Mobile/15E148 Safari/604.1" "-"
2a02:8070:2400:: - - [18/Jan/2025:14:56:15 +0100] "GET /wp-content/plugins/solarkonfigurator_v2/design_v2.css?ver=6.7.1 HTTP/1.1" 200 6404 solarsolutionsgmbh.com "http://solarsolutionsgmbh.com/Solarkonfigurator/" "Mozilla/5.0 (iPhone; CPU iPhone OS 16_3_1 like Mac OS X) AppleWebKit/605.1.15 (KHTML, like Gecko) Version/16.3 Mobile/15E148 Safari/604.1" "-"
2a02:8070:2400:: - - [18/Jan/2025:14:56:15 +0100] "GET /wp-includes/js/dist/script-modules/block-library/navigation/view.min.js?ver=8ff192874fc8910a284c HTTP/1.1" 200 3300 solarsolutionsgmbh.com "http://solarsolutionsgmbh.com/Solarkonfigurator/" "Mozilla/5.0 (iPhone; CPU iPhone OS 16_3_1 like Mac OS X) AppleWebKit/605.1.15 (KHTML, like Gecko) Version/16.3 Mobile/15E148 Safari/604.1" "-"
2a02:8070:2400:: - - [18/Jan/2025:14:56:15 +0100] "GET /wp-content/plugins/gtranslate/js/flags.js?ver=6.7.1 HTTP/1.1" 200 14277 solarsolutionsgmbh.com "http://solarsolutionsgmbh.com/Solarkonfigurator/" "Mozilla/5.0 (iPhone; CPU iPhone OS 16_3_1 like Mac OS X) AppleWebKit/605.1.15 (KHTML, like Gecko) Version/16.3 Mobile/15E148 Safari/604.1" "-"
2a02:8070:2400:: - - [18/Jan/2025:14:56:15 +0100] "GET /wp-includes/js/dist/hooks.min.js?ver=4d63a3d491d11ffd8ac6 HTTP/1.1" 200 4776 solarsolutionsgmbh.com "http://solarsolutionsgmbh.com/Solarkonfigurator/" "Mozilla/5.0 (iPhone; CPU iPhone OS 16_3_1 like Mac OS X) AppleWebKit/605.1.15 (KHTML, like Gecko) Version/16.3 Mobile/15E148 Safari/604.1" "-"
2a02:8070:2400:: - - [18/Jan/2025:14:56:15 +0100] "GET /wp-includes/js/dist/i18n.min.js?ver=5e580eb46a90c2b997e6 HTTP/1.1" 200 9141 solarsolutionsgmbh.com "http://solarsolutionsgmbh.com/Solarkonfigurator/" "Mozilla/5.0 (iPhone; CPU iPhone OS 16_3_1 like Mac OS X) AppleWebKit/605.1.15 (KHTML, like Gecko) Version/16.3 Mobile/15E148 Safari/604.1" "-"
2a02:8070:2400:: - - [18/Jan/2025:14:56:15 +0100] "GET /wp-content/plugins/contact-form-7/includes/swv/js/index.js?ver=6.0.2 HTTP/1.1" 200 12512 solarsolutionsgmbh.com "http://solarsolutionsgmbh.com/Solarkonfigurator/" "Mozilla/5.0 (iPhone; CPU iPhone OS 16_3_1 like Mac OS X) AppleWebKit/605.1.15 (KHTML, like Gecko) Version/16.3 Mobile/15E148 Safari/604.1" "-"
2a02:8070:2400:: - - [18/Jan/2025:14:56:15 +0100] "GET /wp-content/plugins/contact-form-7/includes/js/index.js?ver=6.0.2 HTTP/1.1" 200 13452 solarsolutionsgmbh.com "http://solarsolutionsgmbh.com/Solarkonfigurator/" "Mozilla/5.0 (iPhone; CPU iPhone OS 16_3_1 like Mac OS X) AppleWebKit/605.1.15 (KHTML, like Gecko) Version/16.3 Mobile/15E148 Safari/604.1" "-"
2a02:8070:2400:: - - [18/Jan/2025:14:56:15 +0100] "GET /wp-content/themes/twentytwentyfour/assets/js/slider.js HTTP/1.1" 200 1483 solarsolutionsgmbh.com "http://solarsolutionsgmbh.com/Solarkonfigurator/" "Mozilla/5.0 (iPhone; CPU iPhone OS 16_3_1 like Mac OS X) AppleWebKit/605.1.15 (KHTML, like Gecko) Version/16.3 Mobile/15E148 Safari/604.1" "-"
2a02:8070:2400:: - - [18/Jan/2025:14:56:15 +0100] "GET /wp-includes/js/dist/vendor/wp-polyfill.min.js?ver=3.15.0 HTTP/1.1" 200 37931 solarsolutionsgmbh.com "http://solarsolutionsgmbh.com/Solarkonfigurator/" "Mozilla/5.0 (iPhone; CPU iPhone OS 16_3_1 like Mac OS X) AppleWebKit/605.1.15 (KHTML, like Gecko) Version/16.3 Mobile/15E148 Safari/604.1" "-"
2a02:8070:2400:: - - [18/Jan/2025:14:56:15 +0100] "GET /wp-content/plugins/contact-form-7/modules/recaptcha/index.js?ver=6.0.2 HTTP/1.1" 200 934 solarsolutionsgmbh.com "http://solarsolutionsgmbh.com/Solarkonfigurator/" "Mozilla/5.0 (iPhone; CPU iPhone OS 16_3_1 like Mac OS X) AppleWebKit/605.1.15 (KHTML, like Gecko) Version/16.3 Mobile/15E148 Safari/604.1" "-"
2a02:8070:2400:: - - [18/Jan/2025:14:56:15 +0100] "GET /wp-content/plugins/google-analytics-for-wordpress/assets/js/frontend-gtag.min.js?ver=9.2.4 HTTP/1.1" 200 11894 solarsolutionsgmbh.com "http://solarsolutionsgmbh.com/Solarkonfigurator/" "Mozilla/5.0 (iPhone; CPU iPhone OS 16_3_1 like Mac OS X) AppleWebKit/605.1.15 (KHTML, like Gecko) Version/16.3 Mobile/15E148 Safari/604.1" "-"
2a02:8070:2400:: - - [18/Jan/2025:14:56:15 +0100] "GET /wp-content/themes/twentytwentyfour/assets/fonts/inter/Inter-VariableFont_slnt,wght.woff2 HTTP/1.1" 200 326628 solarsolutionsgmbh.com "http://solarsolutionsgmbh.com/Solarkonfigurator/" "Mozilla/5.0 (iPhone; CPU iPhone OS 16_3_1 like Mac OS X) AppleWebKit/605.1.15 (KHTML, like Gecko) Version/16.3 Mobile/15E148 Safari/604.1" "-"
2a02:8070:2400:: - - [18/Jan/2025:14:56:16 +0100] "GET /wp-includes/js/wp-emoji-release.min.js?ver=6.7.1 HTTP/1.1" 200 18726 solarsolutionsgmbh.com "http://solarsolutionsgmbh.com/Solarkonfigurator/" "Mozilla/5.0 (iPhone; CPU iPhone OS 16_3_1 like Mac OS X) AppleWebKit/605.1.15 (KHTML, like Gecko) Version/16.3 Mobile/15E148 Safari/604.1" "-"
2a02:8070:2400:: - - [18/Jan/2025:14:56:16 +0100] "GET /wp-content/plugins/gtranslate/flags/svg/es.svg HTTP/1.1" 200 48089 solarsolutionsgmbh.com "http://solarsolutionsgmbh.com/Solarkonfigurator/" "Mozilla/5.0 (iPhone; CPU iPhone OS 16_3_1 like Mac OS X) AppleWebKit/605.1.15 (KHTML, like Gecko) Version/16.3 Mobile/15E148 Safari/604.1" "-"
