141.31.93.0 - - [17/Jan/2025:09:46:38 +0100] "POST /wp-admin/admin-ajax.php HTTP/1.1" 200 142 solarsolutionsgmbh.com "https://solarsolutionsgmbh.com/wp-admin/" "Mozilla/5.0 (Windows NT 10.0; Win64; x64; rv:133.0) Gecko/20100101 Firefox/133.0" "-"
2001:7c0:1b00:: - - [17/Jan/2025:09:46:39 +0100] "POST /wp-admin/admin-ajax.php HTTP/1.1" 200 142 solarsolutionsgmbh.com "https://solarsolutionsgmbh.com/wp-admin/" "Mozilla/5.0 (Windows NT 10.0; Win64; x64; rv:134.0) Gecko/20100101 Firefox/134.0" "-"
141.31.93.0 - - [17/Jan/2025:09:46:41 +0100] "POST /wp-admin/admin-ajax.php HTTP/1.1" 200 47 solarsolutionsgmbh.com "https://solarsolutionsgmbh.com/wp-admin/edit.php?post_type=page" "Mozilla/5.0 (Windows NT 10.0; Win64; x64; rv:133.0) Gecko/20100101 Firefox/133.0" "-"
141.31.93.0 - - [17/Jan/2025:09:46:43 +0100] "POST /wp-admin/admin-ajax.php HTTP/1.1" 200 142 solarsolutionsgmbh.com "https://solarsolutionsgmbh.com/wp-admin/" "Mozilla/5.0 (Windows NT 10.0; Win64; x64; rv:133.0) Gecko/20100101 Firefox/133.0" "-"
2001:7c0:1b00:: - - [17/Jan/2025:09:46:45 +0100] "POST /wp-admin/admin-ajax.php HTTP/1.1" 200 142 solarsolutionsgmbh.com "https://solarsolutionsgmbh.com/wp-admin/" "Mozilla/5.0 (Windows NT 10.0; Win64; x64; rv:134.0) Gecko/20100101 Firefox/134.0" "-"
141.31.93.0 - - [17/Jan/2025:09:46:49 +0100] "POST /wp-admin/admin-ajax.php HTTP/1.1" 200 142 solarsolutionsgmbh.com "https://solarsolutionsgmbh.com/wp-admin/" "Mozilla/5.0 (Windows NT 10.0; Win64; x64; rv:133.0) Gecko/20100101 Firefox/133.0" "-"
141.31.93.0 - - [17/Jan/2025:09:46:51 +0100] "POST /wp-admin/admin-ajax.php HTTP/1.1" 200 47 solarsolutionsgmbh.com "https://solarsolutionsgmbh.com/wp-admin/edit.php?post_type=page" "Mozilla/5.0 (Windows NT 10.0; Win64; x64; rv:133.0) Gecko/20100101 Firefox/133.0" "-"
2001:7c0:1b00:: - - [17/Jan/2025:09:46:51 +0100] "POST /wp-admin/admin-ajax.php HTTP/1.1" 200 142 solarsolutionsgmbh.com "https://solarsolutionsgmbh.com/wp-admin/" "Mozilla/5.0 (Windows NT 10.0; Win64; x64; rv:134.0) Gecko/20100101 Firefox/134.0" "-"
141.31.93.0 - - [17/Jan/2025:09:46:53 +0100] "GET / HTTP/1.1" 200 151849 solarsolutionsgmbh.com "https://solarsolutionsgmbh.com/wp-admin/edit.php?post_type=page" "Mozilla/5.0 (Windows NT 10.0; Win64; x64; rv:133.0) Gecko/20100101 Firefox/133.0" "-"
141.31.93.0 - - [17/Jan/2025:09:46:54 +0100] "GET /wp-content/uploads/2025/01/logo-300x196.png HTTP/1.1" 200 33937 solarsolutionsgmbh.com "https://solarsolutionsgmbh.com/" "Mozilla/5.0 (Windows NT 10.0; Win64; x64; rv:133.0) Gecko/20100101 Firefox/133.0" "-"
141.31.93.0 - - [17/Jan/2025:09:46:54 +0100] "GET /wp-content/uploads/2025/01/Illustration.png HTTP/1.1" 200 19597 solarsolutionsgmbh.com "https://solarsolutionsgmbh.com/" "Mozilla/5.0 (Windows NT 10.0; Win64; x64; rv:133.0) Gecko/20100101 Firefox/133.0" "-"
141.31.93.0 - - [17/Jan/2025:09:46:54 +0100] "GET /wp-content/uploads/2025/01/pexels-rdne-8293653-scaled-e1736842089834.jpg HTTP/1.1" 200 14360 solarsolutionsgmbh.com "https://solarsolutionsgmbh.com/" "Mozilla/5.0 (Windows NT 10.0; Win64; x64; rv:133.0) Gecko/20100101 Firefox/133.0" "-"
141.31.93.0 - - [17/Jan/2025:09:46:54 +0100] "GET /wp-content/plugins/gtranslate/flags/svg/de.svg HTTP/1.1" 200 238 solarsolutionsgmbh.com "https://solarsolutionsgmbh.com/" "Mozilla/5.0 (Windows NT 10.0; Win64; x64; rv:133.0) Gecko/20100101 Firefox/133.0" "-"
141.31.93.0 - - [17/Jan/2025:09:46:54 +0100] "GET /wp-content/uploads/2025/01/Icon.png HTTP/1.1" 404 127117 solarsolutionsgmbh.com "https://solarsolutionsgmbh.com/" "Mozilla/5.0 (Windows NT 10.0; Win64; x64; rv:133.0) Gecko/20100101 Firefox/133.0" "-"
141.31.93.0 - - [17/Jan/2025:09:46:54 +0100] "GET /wp-content/uploads/2025/01/Icon-2.png HTTP/1.1" 404 127129 solarsolutionsgmbh.com "https://solarsolutionsgmbh.com/" "Mozilla/5.0 (Windows NT 10.0; Win64; x64; rv:133.0) Gecko/20100101 Firefox/133.0" "-"
141.31.93.0 - - [17/Jan/2025:09:46:54 +0100] "GET /wp-content/uploads/2025/01/Icon-1.png HTTP/1.1" 404 127129 solarsolutionsgmbh.com "https://solarsolutionsgmbh.com/" "Mozilla/5.0 (Windows NT 10.0; Win64; x64; rv:133.0) Gecko/20100101 Firefox/133.0" "-"
141.31.93.0 - - [17/Jan/2025:09:46:55 +0100] "GET /leistungen/ HTTP/1.1" 200 146697 solarsolutionsgmbh.com "https://solarsolutionsgmbh.com/" "Mozilla/5.0 (Windows NT 10.0; Win64; x64; rv:133.0) Gecko/20100101 Firefox/133.0" "-"
141.31.93.0 - - [17/Jan/2025:09:46:55 +0100] "GET /wp-content/uploads/2025/01/beratung.png HTTP/1.1" 200 38360 solarsolutionsgmbh.com "https://solarsolutionsgmbh.com/leistungen/" "Mozilla/5.0 (Windows NT 10.0; Win64; x64; rv:133.0) Gecko/20100101 Firefox/133.0" "-"
141.31.93.0 - - [17/Jan/2025:09:46:55 +0100] "GET /wp-includes/blocks/image/style.min.css?ver=6.7.1 HTTP/1.1" 304 - solarsolutionsgmbh.com "https://solarsolutionsgmbh.com/leistungen/" "Mozilla/5.0 (Windows NT 10.0; Win64; x64; rv:133.0) Gecko/20100101 Firefox/133.0" "-"
141.31.93.0 - - [17/Jan/2025:09:46:55 +0100] "GET /wp-content/uploads/2025/01/pexels-cristian-rojas-8853502-1536x1026.jpg HTTP/1.1" 304 - solarsolutionsgmbh.com "https://solarsolutionsgmbh.com/leistungen/" "Mozilla/5.0 (Windows NT 10.0; Win64; x64; rv:133.0) Gecko/20100101 Firefox/133.0" "-"
141.31.93.0 - - [17/Jan/2025:09:46:55 +0100] "POST /wp-admin/admin-ajax.php HTTP/1.1" 200 142 solarsolutionsgmbh.com "https://solarsolutionsgmbh.com/wp-admin/" "Mozilla/5.0 (Windows NT 10.0; Win64; x64; rv:133.0) Gecko/20100101 Firefox/133.0" "-"
141.31.93.0 - - [17/Jan/2025:09:46:56 +0100] "GET /wp-content/uploads/2025/01/montage.png HTTP/1.1" 200 33498 solarsolutionsgmbh.com "https://solarsolutionsgmbh.com/leistungen/" "Mozilla/5.0 (Windows NT 10.0; Win64; x64; rv:133.0) Gecko/20100101 Firefox/133.0" "-"
141.31.93.0 - - [17/Jan/2025:09:46:56 +0100] "GET /wp-content/uploads/2025/01/planung.png HTTP/1.1" 200 20333 solarsolutionsgmbh.com "https://solarsolutionsgmbh.com/leistungen/" "Mozilla/5.0 (Windows NT 10.0; Win64; x64; rv:133.0) Gecko/20100101 Firefox/133.0" "-"
141.31.93.0 - - [17/Jan/2025:09:46:56 +0100] "GET /wp-content/uploads/2025/01/wartung.png HTTP/1.1" 200 36653 solarsolutionsgmbh.com "https://solarsolutionsgmbh.com/leistungen/" "Mozilla/5.0 (Windows NT 10.0; Win64; x64; rv:133.0) Gecko/20100101 Firefox/133.0" "-"
2001:7c0:1b00:: - - [17/Jan/2025:09:46:58 +0100] "POST /wp-admin/admin-ajax.php HTTP/1.1" 200 142 solarsolutionsgmbh.com "https://solarsolutionsgmbh.com/wp-admin/" "Mozilla/5.0 (Windows NT 10.0; Win64; x64; rv:134.0) Gecko/20100101 Firefox/134.0" "-"
141.31.93.0 - - [17/Jan/2025:09:47:01 +0100] "POST /wp-admin/admin-ajax.php HTTP/1.1" 200 142 solarsolutionsgmbh.com "https://solarsolutionsgmbh.com/wp-admin/" "Mozilla/5.0 (Windows NT 10.0; Win64; x64; rv:133.0) Gecko/20100101 Firefox/133.0" "-"
2001:7c0:1b00:: - - [17/Jan/2025:09:47:04 +0100] "POST /wp-admin/admin-ajax.php HTTP/1.1" 200 142 solarsolutionsgmbh.com "https://solarsolutionsgmbh.com/wp-admin/" "Mozilla/5.0 (Windows NT 10.0; Win64; x64; rv:134.0) Gecko/20100101 Firefox/134.0" "-"
141.31.93.0 - - [17/Jan/2025:09:47:07 +0100] "POST /wp-admin/admin-ajax.php HTTP/1.1" 200 142 solarsolutionsgmbh.com "https://solarsolutionsgmbh.com/wp-admin/" "Mozilla/5.0 (Windows NT 10.0; Win64; x64; rv:133.0) Gecko/20100101 Firefox/133.0" "-"
2001:7c0:1b00:: - - [17/Jan/2025:09:47:10 +0100] "POST /wp-admin/admin-ajax.php HTTP/1.1" 200 142 solarsolutionsgmbh.com "https://solarsolutionsgmbh.com/wp-admin/" "Mozilla/5.0 (Windows NT 10.0; Win64; x64; rv:134.0) Gecko/20100101 Firefox/134.0" "-"
82.165.90.0 - - [17/Jan/2025:09:47:13 +0100] "POST /wp-cron.php?doing_wp_cron=1737103633.7226929664611816406250 HTTP/1.1" 200 - solarsolutionsgmbh.com "-" "WordPress/6.7.1; https://solarsolutionsgmbh.com" "-"
141.31.93.0 - - [17/Jan/2025:09:47:13 +0100] "POST /wp-admin/admin-ajax.php HTTP/1.1" 200 142 solarsolutionsgmbh.com "https://solarsolutionsgmbh.com/wp-admin/" "Mozilla/5.0 (Windows NT 10.0; Win64; x64; rv:133.0) Gecko/20100101 Firefox/133.0" "-"
2001:7c0:1b00:: - - [17/Jan/2025:09:47:16 +0100] "POST /wp-admin/admin-ajax.php HTTP/1.1" 200 142 solarsolutionsgmbh.com "https://solarsolutionsgmbh.com/wp-admin/" "Mozilla/5.0 (Windows NT 10.0; Win64; x64; rv:134.0) Gecko/20100101 Firefox/134.0" "-"
141.31.93.0 - - [17/Jan/2025:09:47:19 +0100] "POST /wp-admin/admin-ajax.php HTTP/1.1" 200 142 solarsolutionsgmbh.com "https://solarsolutionsgmbh.com/wp-admin/" "Mozilla/5.0 (Windows NT 10.0; Win64; x64; rv:133.0) Gecko/20100101 Firefox/133.0" "-"
2001:7c0:1b00:: - - [17/Jan/2025:09:47:22 +0100] "POST /wp-admin/admin-ajax.php HTTP/1.1" 200 142 solarsolutionsgmbh.com "https://solarsolutionsgmbh.com/wp-admin/" "Mozilla/5.0 (Windows NT 10.0; Win64; x64; rv:134.0) Gecko/20100101 Firefox/134.0" "-"
141.31.93.0 - - [17/Jan/2025:09:47:24 +0100] "GET /wp-admin/post.php?post=14&action=edit HTTP/1.1" 200 1242175 solarsolutionsgmbh.com "https://solarsolutionsgmbh.com/leistungen/" "Mozilla/5.0 (Windows NT 10.0; Win64; x64; rv:133.0) Gecko/20100101 Firefox/133.0" "-"
141.31.93.0 - - [17/Jan/2025:09:47:25 +0100] "POST /wp-admin/admin-ajax.php HTTP/1.1" 200 142 solarsolutionsgmbh.com "https://solarsolutionsgmbh.com/wp-admin/" "Mozilla/5.0 (Windows NT 10.0; Win64; x64; rv:133.0) Gecko/20100101 Firefox/133.0" "-"
82.165.90.0 - - [17/Jan/2025:09:47:25 +0100] "GET /wp-admin/admin-ajax.php?_wpnonce=11df68f9ea&post_id=14&action=sns_tinymce_styles HTTP/1.1" 200 - solarsolutionsgmbh.com "-" "WordPress/6.7.1; https://solarsolutionsgmbh.com" "-"
141.31.93.0 - - [17/Jan/2025:09:47:26 +0100] "GET /wp-content/plugins/google-analytics-for-wordpress/assets/js/admin-metabox.min.js?ver=9.2.4 HTTP/1.1" 200 918 solarsolutionsgmbh.com "https://solarsolutionsgmbh.com/wp-admin/post.php?post=14&action=edit" "Mozilla/5.0 (Windows NT 10.0; Win64; x64; rv:133.0) Gecko/20100101 Firefox/133.0" "-"
141.31.93.0 - - [17/Jan/2025:09:47:26 +0100] "GET /wp-admin/js/media-upload.min.js?ver=6.7.1 HTTP/1.1" 200 1152 solarsolutionsgmbh.com "https://solarsolutionsgmbh.com/wp-admin/post.php?post=14&action=edit" "Mozilla/5.0 (Windows NT 10.0; Win64; x64; rv:133.0) Gecko/20100101 Firefox/133.0" "-"
141.31.93.0 - - [17/Jan/2025:09:47:26 +0100] "GET /wp-content/plugins/wpforms-lite/assets/js/frontend/wpforms-modern.min.js?ver=1.9.2.3 HTTP/1.1" 200 6006 solarsolutionsgmbh.com "https://solarsolutionsgmbh.com/wp-admin/post.php?post=14&action=edit" "Mozilla/5.0 (Windows NT 10.0; Win64; x64; rv:133.0) Gecko/20100101 Firefox/133.0" "-"
141.31.93.0 - - [17/Jan/2025:09:47:26 +0100] "GET /wp-content/plugins/elementor/assets/js/gutenberg.min.js?ver=3.26.3 HTTP/1.1" 200 4100 solarsolutionsgmbh.com "https://solarsolutionsgmbh.com/wp-admin/post.php?post=14&action=edit" "Mozilla/5.0 (Windows NT 10.0; Win64; x64; rv:133.0) Gecko/20100101 Firefox/133.0" "-"
141.31.93.0 - - [17/Jan/2025:09:47:26 +0100] "GET /wp-content/plugins/wpforms-lite/assets/lite/js/integrations/gutenberg/formselector.es5.min.js?ver=1.9.2.3 HTTP/1.1" 200 88795 solarsolutionsgmbh.com "https://solarsolutionsgmbh.com/wp-admin/post.php?post=14&action=edit" "Mozilla/5.0 (Windows NT 10.0; Win64; x64; rv:133.0) Gecko/20100101 Firefox/133.0" "-"
141.31.93.0 - - [17/Jan/2025:09:47:26 +0100] "GET /wp-content/plugins/insert-headers-and-footers/build/admin-global-lite.js?ver=0b74b93a8b56d530f4cd5cdea9f40382 HTTP/1.1" 200 949 solarsolutionsgmbh.com "https://solarsolutionsgmbh.com/wp-admin/post.php?post=14&action=edit" "Mozilla/5.0 (Windows NT 10.0; Win64; x64; rv:133.0) Gecko/20100101 Firefox/133.0" "-"
141.31.93.0 - - [17/Jan/2025:09:47:26 +0100] "GET /wp-json/wpforms/v1/themes/?_locale=user HTTP/1.1" 200 9111 solarsolutionsgmbh.com "https://solarsolutionsgmbh.com/wp-admin/post.php?post=14&action=edit" "Mozilla/5.0 (Windows NT 10.0; Win64; x64; rv:133.0) Gecko/20100101 Firefox/133.0" "-"
141.31.93.0 - - [17/Jan/2025:09:47:26 +0100] "GET /wp-json/wp/v2/types?context=view&_locale=user HTTP/1.1" 200 6342 solarsolutionsgmbh.com "https://solarsolutionsgmbh.com/wp-admin/post.php?post=14&action=edit" "Mozilla/5.0 (Windows NT 10.0; Win64; x64; rv:133.0) Gecko/20100101 Firefox/133.0" "-"
141.31.93.0 - - [17/Jan/2025:09:47:26 +0100] "OPTIONS /wp-json/wp/v2/settings?_locale=user HTTP/1.1" 200 5640 solarsolutionsgmbh.com "https://solarsolutionsgmbh.com/wp-admin/post.php?post=14&action=edit" "Mozilla/5.0 (Windows NT 10.0; Win64; x64; rv:133.0) Gecko/20100101 Firefox/133.0" "-"
141.31.93.0 - - [17/Jan/2025:09:47:26 +0100] "POST /wp-admin/admin-ajax.php HTTP/1.1" 200 - solarsolutionsgmbh.com "https://solarsolutionsgmbh.com/wp-admin/post.php?post=14&action=edit" "Mozilla/5.0 (Windows NT 10.0; Win64; x64; rv:133.0) Gecko/20100101 Firefox/133.0" "-"
141.31.93.0 - - [17/Jan/2025:09:47:26 +0100] "POST /wp-admin/admin-ajax.php HTTP/1.1" 200 2188 solarsolutionsgmbh.com "https://solarsolutionsgmbh.com/wp-admin/post.php?post=14&action=edit" "Mozilla/5.0 (Windows NT 10.0; Win64; x64; rv:133.0) Gecko/20100101 Firefox/133.0" "-"
141.31.93.0 - - [17/Jan/2025:09:47:27 +0100] "GET /wp-content/uploads/2025/01/pexels-cristian-rojas-8853502-1024x684.jpg HTTP/1.1" 200 129763 solarsolutionsgmbh.com "https://solarsolutionsgmbh.com/wp-admin/post.php?post=14&action=edit" "Mozilla/5.0 (Windows NT 10.0; Win64; x64; rv:133.0) Gecko/20100101 Firefox/133.0" "-"
141.31.93.0 - - [17/Jan/2025:09:47:27 +0100] "GET /wp-content/plugins/seo-by-rank-math/assets/admin/fonts/Rank-Math.ttf?v1.0.94 HTTP/1.1" 304 - solarsolutionsgmbh.com "https://solarsolutionsgmbh.com/wp-content/plugins/seo-by-rank-math/assets/admin/css/common.css?ver=1.0.234.1" "Mozilla/5.0 (Windows NT 10.0; Win64; x64; rv:133.0) Gecko/20100101 Firefox/133.0" "-"
141.31.93.0 - - [17/Jan/2025:09:47:27 +0100] "GET /wp-json/wp/v2/block-patterns/categories?_locale=user HTTP/1.1" 200 2332 solarsolutionsgmbh.com "https://solarsolutionsgmbh.com/wp-admin/post.php?post=14&action=edit" "Mozilla/5.0 (Windows NT 10.0; Win64; x64; rv:133.0) Gecko/20100101 Firefox/133.0" "-"
141.31.93.0 - - [17/Jan/2025:09:47:27 +0100] "GET /wp-json/wp/v2/templates/lookup?slug=page-leistungen&_locale=user HTTP/1.1" 200 2229 solarsolutionsgmbh.com "https://solarsolutionsgmbh.com/wp-admin/post.php?post=14&action=edit" "Mozilla/5.0 (Windows NT 10.0; Win64; x64; rv:133.0) Gecko/20100101 Firefox/133.0" "-"
141.31.93.0 - - [17/Jan/2025:09:47:27 +0100] "GET /wp-json/wp/v2/blocks?context=edit&per_page=100&_locale=user HTTP/1.1" 200 2 solarsolutionsgmbh.com "https://solarsolutionsgmbh.com/wp-admin/post.php?post=14&action=edit" "Mozilla/5.0 (Windows NT 10.0; Win64; x64; rv:133.0) Gecko/20100101 Firefox/133.0" "-"
141.31.93.0 - - [17/Jan/2025:09:47:27 +0100] "GET /wp-json/?_fields=description%2Cgmt_offset%2Chome%2Cname%2Csite_icon%2Csite_icon_url%2Csite_logo%2Ctimezone_string%2Curl&_locale=user HTTP/1.1" 200 659 solarsolutionsgmbh.com "https://solarsolutionsgmbh.com/wp-admin/post.php?post=14&action=edit" "Mozilla/5.0 (Windows NT 10.0; Win64; x64; rv:133.0) Gecko/20100101 Firefox/133.0" "-"
141.31.93.0 - - [17/Jan/2025:09:47:27 +0100] "GET /wp-json/wp/v2/wp_pattern_category?context=view&per_page=100&_fields=id%2Cname%2Cdescription%2Cslug&_locale=user HTTP/1.1" 200 2 solarsolutionsgmbh.com "https://solarsolutionsgmbh.com/wp-admin/post.php?post=14&action=edit" "Mozilla/5.0 (Windows NT 10.0; Win64; x64; rv:133.0) Gecko/20100101 Firefox/133.0" "-"
141.31.93.0 - - [17/Jan/2025:09:47:28 +0100] "GET /wp-content/uploads/2025/01/logo.png HTTP/1.1" 200 76264 solarsolutionsgmbh.com "https://solarsolutionsgmbh.com/wp-admin/post.php?post=14&action=edit" "Mozilla/5.0 (Windows NT 10.0; Win64; x64; rv:133.0) Gecko/20100101 Firefox/133.0" "-"
141.31.93.0 - - [17/Jan/2025:09:47:28 +0100] "GET /wp-json/wp/v2/templates/twentytwentyfour//page?context=edit&_locale=user HTTP/1.1" 200 2247 solarsolutionsgmbh.com "https://solarsolutionsgmbh.com/wp-admin/post.php?post=14&action=edit" "Mozilla/5.0 (Windows NT 10.0; Win64; x64; rv:133.0) Gecko/20100101 Firefox/133.0" "-"
2001:7c0:1b00:: - - [17/Jan/2025:09:47:28 +0100] "POST /wp-admin/admin-ajax.php HTTP/1.1" 200 142 solarsolutionsgmbh.com "https://solarsolutionsgmbh.com/wp-admin/" "Mozilla/5.0 (Windows NT 10.0; Win64; x64; rv:134.0) Gecko/20100101 Firefox/134.0" "-"
141.31.93.0 - - [17/Jan/2025:09:47:29 +0100] "OPTIONS /wp-json/wp/v2/pages/?context=edit&_locale=user HTTP/1.1" 200 15325 solarsolutionsgmbh.com "https://solarsolutionsgmbh.com/wp-admin/post.php?post=14&action=edit" "Mozilla/5.0 (Windows NT 10.0; Win64; x64; rv:133.0) Gecko/20100101 Firefox/133.0" "-"
141.31.93.0 - - [17/Jan/2025:09:47:31 +0100] "POST /wp-admin/admin-ajax.php HTTP/1.1" 200 142 solarsolutionsgmbh.com "https://solarsolutionsgmbh.com/wp-admin/" "Mozilla/5.0 (Windows NT 10.0; Win64; x64; rv:133.0) Gecko/20100101 Firefox/133.0" "-"
2001:7c0:1b00:: - - [17/Jan/2025:09:47:34 +0100] "POST /wp-admin/admin-ajax.php HTTP/1.1" 200 142 solarsolutionsgmbh.com "https://solarsolutionsgmbh.com/wp-admin/" "Mozilla/5.0 (Windows NT 10.0; Win64; x64; rv:134.0) Gecko/20100101 Firefox/134.0" "-"
141.31.93.0 - - [17/Jan/2025:09:47:36 +0100] "POST /wp-admin/admin-ajax.php HTTP/1.1" 200 98 solarsolutionsgmbh.com "https://solarsolutionsgmbh.com/wp-admin/post.php?post=14&action=edit" "Mozilla/5.0 (Windows NT 10.0; Win64; x64; rv:133.0) Gecko/20100101 Firefox/133.0" "-"
141.31.93.0 - - [17/Jan/2025:09:47:37 +0100] "POST /wp-admin/admin-ajax.php HTTP/1.1" 200 142 solarsolutionsgmbh.com "https://solarsolutionsgmbh.com/wp-admin/" "Mozilla/5.0 (Windows NT 10.0; Win64; x64; rv:133.0) Gecko/20100101 Firefox/133.0" "-"
2001:7c0:1b00:: - - [17/Jan/2025:09:47:40 +0100] "POST /wp-admin/admin-ajax.php HTTP/1.1" 200 142 solarsolutionsgmbh.com "https://solarsolutionsgmbh.com/wp-admin/" "Mozilla/5.0 (Windows NT 10.0; Win64; x64; rv:134.0) Gecko/20100101 Firefox/134.0" "-"
141.31.93.0 - - [17/Jan/2025:09:47:42 +0100] "POST /wp-admin/admin-ajax.php HTTP/1.1" 200 142 solarsolutionsgmbh.com "https://solarsolutionsgmbh.com/wp-admin/" "Mozilla/5.0 (Windows NT 10.0; Win64; x64; rv:133.0) Gecko/20100101 Firefox/133.0" "-"
2001:7c0:1b00:: - - [17/Jan/2025:09:47:44 +0100] "POST /wp-admin/admin-ajax.php HTTP/1.1" 200 47 solarsolutionsgmbh.com "https://solarsolutionsgmbh.com/wp-admin/" "Mozilla/5.0 (Windows NT 10.0; Win64; x64; rv:134.0) Gecko/20100101 Firefox/134.0" "-"
2001:7c0:1b00:: - - [17/Jan/2025:09:47:46 +0100] "POST /wp-admin/admin-ajax.php HTTP/1.1" 200 142 solarsolutionsgmbh.com "https://solarsolutionsgmbh.com/wp-admin/" "Mozilla/5.0 (Windows NT 10.0; Win64; x64; rv:134.0) Gecko/20100101 Firefox/134.0" "-"
141.31.93.0 - - [17/Jan/2025:09:47:46 +0100] "POST /wp-admin/admin-ajax.php HTTP/1.1" 200 98 solarsolutionsgmbh.com "https://solarsolutionsgmbh.com/wp-admin/post.php?post=14&action=edit" "Mozilla/5.0 (Windows NT 10.0; Win64; x64; rv:133.0) Gecko/20100101 Firefox/133.0" "-"
141.31.93.0 - - [17/Jan/2025:09:47:48 +0100] "POST /wp-admin/admin-ajax.php HTTP/1.1" 200 142 solarsolutionsgmbh.com "https://solarsolutionsgmbh.com/wp-admin/" "Mozilla/5.0 (Windows NT 10.0; Win64; x64; rv:133.0) Gecko/20100101 Firefox/133.0" "-"
2001:7c0:1b00:: - - [17/Jan/2025:09:47:50 +0100] "GET /wp-admin/plugins.php HTTP/1.1" 200 337868 solarsolutionsgmbh.com "https://solarsolutionsgmbh.com/wp-admin/" "Mozilla/5.0 (Windows NT 10.0; Win64; x64; rv:134.0) Gecko/20100101 Firefox/134.0" "-"
2001:7c0:1b00:: - - [17/Jan/2025:09:47:52 +0100] "POST /wp-admin/admin-ajax.php HTTP/1.1" 200 142 solarsolutionsgmbh.com "https://solarsolutionsgmbh.com/wp-admin/" "Mozilla/5.0 (Windows NT 10.0; Win64; x64; rv:134.0) Gecko/20100101 Firefox/134.0" "-"
2001:7c0:1b00:: - - [17/Jan/2025:09:47:52 +0100] "GET /wp-content/plugins/timeline-widget-addon-for-elementor/admin/feedback/css/admin-feedback.css?ver=6.7.1 HTTP/1.1" 304 - solarsolutionsgmbh.com "https://solarsolutionsgmbh.com/wp-admin/plugins.php" "Mozilla/5.0 (Windows NT 10.0; Win64; x64; rv:134.0) Gecko/20100101 Firefox/134.0" "-"
2001:7c0:1b00:: - - [17/Jan/2025:09:47:52 +0100] "GET /wp-content/plugins/timeline-widget-addon-for-elementor/admin/feedback/js/admin-feedback.js?ver=6.7.1 HTTP/1.1" 304 - solarsolutionsgmbh.com "https://solarsolutionsgmbh.com/wp-admin/plugins.php" "Mozilla/5.0 (Windows NT 10.0; Win64; x64; rv:134.0) Gecko/20100101 Firefox/134.0" "-"
2001:7c0:1b00:: - - [17/Jan/2025:09:47:53 +0100] "GET /wp-content/plugins/timeline-widget-addon-for-elementor/admin/feedback/images/cool-plugins-preloader.gif HTTP/1.1" 304 - solarsolutionsgmbh.com "https://solarsolutionsgmbh.com/wp-admin/plugins.php" "Mozilla/5.0 (Windows NT 10.0; Win64; x64; rv:134.0) Gecko/20100101 Firefox/134.0" "-"
2001:7c0:1b00:: - - [17/Jan/2025:09:47:53 +0100] "GET /wp-admin/images/spinner.gif HTTP/1.1" 304 - solarsolutionsgmbh.com "https://solarsolutionsgmbh.com/wp-admin/plugins.php" "Mozilla/5.0 (Windows NT 10.0; Win64; x64; rv:134.0) Gecko/20100101 Firefox/134.0" "-"
2001:7c0:1b00:: - - [17/Jan/2025:09:47:53 +0100] "GET /wp-content/plugins/elementor/assets/js/admin-feedback.min.js?ver=3.26.3 HTTP/1.1" 304 - solarsolutionsgmbh.com "https://solarsolutionsgmbh.com/wp-admin/plugins.php" "Mozilla/5.0 (Windows NT 10.0; Win64; x64; rv:134.0) Gecko/20100101 Firefox/134.0" "-"
2001:7c0:1b00:: - - [17/Jan/2025:09:47:53 +0100] "POST /wp-admin/admin-ajax.php HTTP/1.1" 200 2188 solarsolutionsgmbh.com "https://solarsolutionsgmbh.com/wp-admin/plugins.php" "Mozilla/5.0 (Windows NT 10.0; Win64; x64; rv:134.0) Gecko/20100101 Firefox/134.0" "-"
141.31.93.0 - - [17/Jan/2025:09:47:54 +0100] "POST /wp-admin/admin-ajax.php HTTP/1.1" 200 142 solarsolutionsgmbh.com "https://solarsolutionsgmbh.com/wp-admin/" "Mozilla/5.0 (Windows NT 10.0; Win64; x64; rv:133.0) Gecko/20100101 Firefox/133.0" "-"
141.31.93.0 - - [17/Jan/2025:09:47:56 +0100] "POST /wp-admin/admin-ajax.php HTTP/1.1" 200 98 solarsolutionsgmbh.com "https://solarsolutionsgmbh.com/wp-admin/post.php?post=14&action=edit" "Mozilla/5.0 (Windows NT 10.0; Win64; x64; rv:133.0) Gecko/20100101 Firefox/133.0" "-"
2001:7c0:1b00:: - - [17/Jan/2025:09:47:57 +0100] "GET /wp-admin/plugins.php?action=activate&plugin=o2o.php&plugin_status=all&paged=1&s&_wpnonce=d59d588979 HTTP/1.1" 302 - solarsolutionsgmbh.com "https://solarsolutionsgmbh.com/wp-admin/plugins.php" "Mozilla/5.0 (Windows NT 10.0; Win64; x64; rv:134.0) Gecko/20100101 Firefox/134.0" "-"
2001:7c0:1b00:: - - [17/Jan/2025:09:47:58 +0100] "GET /wp-admin/plugins.php?activate=true&plugin_status=all&paged=1&s= HTTP/1.1" 200 337907 solarsolutionsgmbh.com "https://solarsolutionsgmbh.com/wp-admin/plugins.php" "Mozilla/5.0 (Windows NT 10.0; Win64; x64; rv:134.0) Gecko/20100101 Firefox/134.0" "-"
141.31.93.0 - - [17/Jan/2025:09:48:00 +0100] "POST /wp-admin/admin-ajax.php HTTP/1.1" 200 142 solarsolutionsgmbh.com "https://solarsolutionsgmbh.com/wp-admin/" "Mozilla/5.0 (Windows NT 10.0; Win64; x64; rv:133.0) Gecko/20100101 Firefox/133.0" "-"
2001:7c0:1b00:: - - [17/Jan/2025:09:48:00 +0100] "POST /wp-admin/admin-ajax.php HTTP/1.1" 200 2188 solarsolutionsgmbh.com "https://solarsolutionsgmbh.com/wp-admin/plugins.php?plugin_status=all&paged=1&s" "Mozilla/5.0 (Windows NT 10.0; Win64; x64; rv:134.0) Gecko/20100101 Firefox/134.0" "-"
141.31.93.0 - - [17/Jan/2025:09:48:05 +0100] "POST /wp-admin/admin-ajax.php HTTP/1.1" 200 142 solarsolutionsgmbh.com "https://solarsolutionsgmbh.com/wp-admin/" "Mozilla/5.0 (Windows NT 10.0; Win64; x64; rv:133.0) Gecko/20100101 Firefox/133.0" "-"
141.31.93.0 - - [17/Jan/2025:09:48:06 +0100] "POST /wp-admin/admin-ajax.php HTTP/1.1" 200 98 solarsolutionsgmbh.com "https://solarsolutionsgmbh.com/wp-admin/post.php?post=14&action=edit" "Mozilla/5.0 (Windows NT 10.0; Win64; x64; rv:133.0) Gecko/20100101 Firefox/133.0" "-"
141.31.93.0 - - [17/Jan/2025:09:48:11 +0100] "POST /wp-admin/admin-ajax.php HTTP/1.1" 200 142 solarsolutionsgmbh.com "https://solarsolutionsgmbh.com/wp-admin/" "Mozilla/5.0 (Windows NT 10.0; Win64; x64; rv:133.0) Gecko/20100101 Firefox/133.0" "-"
141.31.93.0 - - [17/Jan/2025:09:48:13 +0100] "OPTIONS /wp-json/wp/v2/plugins?_locale=user HTTP/1.1" 200 2855 solarsolutionsgmbh.com "https://solarsolutionsgmbh.com/wp-admin/post.php?post=14&action=edit" "Mozilla/5.0 (Windows NT 10.0; Win64; x64; rv:133.0) Gecko/20100101 Firefox/133.0" "-"
141.31.93.0 - - [17/Jan/2025:09:48:13 +0100] "GET /wp-json/wp/v2/media/404?context=view&_locale=user HTTP/1.1" 200 4843 solarsolutionsgmbh.com "https://solarsolutionsgmbh.com/wp-admin/post.php?post=14&action=edit" "Mozilla/5.0 (Windows NT 10.0; Win64; x64; rv:133.0) Gecko/20100101 Firefox/133.0" "-"
82.165.90.0 - - [17/Jan/2025:09:48:14 +0100] "POST /wp-cron.php?doing_wp_cron=1737103694.2365379333496093750000 HTTP/1.1" 200 - solarsolutionsgmbh.com "-" "WordPress/6.7.1; https://solarsolutionsgmbh.com" "-"
141.31.93.0 - - [17/Jan/2025:09:48:16 +0100] "POST /wp-admin/admin-ajax.php HTTP/1.1" 200 98 solarsolutionsgmbh.com "https://solarsolutionsgmbh.com/wp-admin/post.php?post=14&action=edit" "Mozilla/5.0 (Windows NT 10.0; Win64; x64; rv:133.0) Gecko/20100101 Firefox/133.0" "-"
141.31.93.0 - - [17/Jan/2025:09:48:17 +0100] "POST /wp-admin/admin-ajax.php HTTP/1.1" 200 142 solarsolutionsgmbh.com "https://solarsolutionsgmbh.com/wp-admin/" "Mozilla/5.0 (Windows NT 10.0; Win64; x64; rv:133.0) Gecko/20100101 Firefox/133.0" "-"
141.31.93.0 - - [17/Jan/2025:09:48:23 +0100] "POST /wp-admin/admin-ajax.php HTTP/1.1" 200 142 solarsolutionsgmbh.com "https://solarsolutionsgmbh.com/wp-admin/" "Mozilla/5.0 (Windows NT 10.0; Win64; x64; rv:133.0) Gecko/20100101 Firefox/133.0" "-"
141.31.93.0 - - [17/Jan/2025:09:48:26 +0100] "POST /wp-admin/admin-ajax.php HTTP/1.1" 200 98 solarsolutionsgmbh.com "https://solarsolutionsgmbh.com/wp-admin/post.php?post=14&action=edit" "Mozilla/5.0 (Windows NT 10.0; Win64; x64; rv:133.0) Gecko/20100101 Firefox/133.0" "-"
141.31.93.0 - - [17/Jan/2025:09:48:28 +0100] "POST /wp-admin/admin-ajax.php HTTP/1.1" 200 142 solarsolutionsgmbh.com "https://solarsolutionsgmbh.com/wp-admin/" "Mozilla/5.0 (Windows NT 10.0; Win64; x64; rv:133.0) Gecko/20100101 Firefox/133.0" "-"
141.31.93.0 - - [17/Jan/2025:09:48:34 +0100] "POST /wp-admin/admin-ajax.php HTTP/1.1" 200 142 solarsolutionsgmbh.com "https://solarsolutionsgmbh.com/wp-admin/" "Mozilla/5.0 (Windows NT 10.0; Win64; x64; rv:133.0) Gecko/20100101 Firefox/133.0" "-"
141.31.93.0 - - [17/Jan/2025:09:48:36 +0100] "POST /wp-admin/admin-ajax.php HTTP/1.1" 200 98 solarsolutionsgmbh.com "https://solarsolutionsgmbh.com/wp-admin/post.php?post=14&action=edit" "Mozilla/5.0 (Windows NT 10.0; Win64; x64; rv:133.0) Gecko/20100101 Firefox/133.0" "-"
141.31.93.0 - - [17/Jan/2025:09:48:38 +0100] "GET /leistungen/ HTTP/1.1" 200 146697 solarsolutionsgmbh.com "https://solarsolutionsgmbh.com/" "Mozilla/5.0 (Windows NT 10.0; Win64; x64; rv:133.0) Gecko/20100101 Firefox/133.0" "-"
141.31.93.0 - - [17/Jan/2025:09:48:38 +0100] "POST /wp-admin/admin-ajax.php HTTP/1.1" 200 1 solarsolutionsgmbh.com "https://solarsolutionsgmbh.com/wp-admin/post.php?post=14&action=edit" "Mozilla/5.0 (Windows NT 10.0; Win64; x64; rv:133.0) Gecko/20100101 Firefox/133.0" "-"
141.31.93.0 - - [17/Jan/2025:09:48:39 +0100] "GET /wp-content/uploads/2025/01/logo.png HTTP/1.1" 200 76264 solarsolutionsgmbh.com "https://solarsolutionsgmbh.com/leistungen/" "Mozilla/5.0 (Windows NT 10.0; Win64; x64; rv:133.0) Gecko/20100101 Firefox/133.0" "-"
141.31.93.0 - - [17/Jan/2025:09:48:40 +0100] "POST /wp-admin/admin-ajax.php HTTP/1.1" 200 142 solarsolutionsgmbh.com "https://solarsolutionsgmbh.com/wp-admin/" "Mozilla/5.0 (Windows NT 10.0; Win64; x64; rv:133.0) Gecko/20100101 Firefox/133.0" "-"
141.31.93.0 - - [17/Jan/2025:09:48:46 +0100] "POST /wp-admin/admin-ajax.php HTTP/1.1" 200 142 solarsolutionsgmbh.com "https://solarsolutionsgmbh.com/wp-admin/" "Mozilla/5.0 (Windows NT 10.0; Win64; x64; rv:133.0) Gecko/20100101 Firefox/133.0" "-"
141.31.93.0 - - [17/Jan/2025:09:48:51 +0100] "POST /wp-admin/admin-ajax.php HTTP/1.1" 200 142 solarsolutionsgmbh.com "https://solarsolutionsgmbh.com/wp-admin/" "Mozilla/5.0 (Windows NT 10.0; Win64; x64; rv:133.0) Gecko/20100101 Firefox/133.0" "-"
141.31.93.0 - - [17/Jan/2025:09:48:57 +0100] "POST /wp-admin/admin-ajax.php HTTP/1.1" 200 142 solarsolutionsgmbh.com "https://solarsolutionsgmbh.com/wp-admin/" "Mozilla/5.0 (Windows NT 10.0; Win64; x64; rv:133.0) Gecko/20100101 Firefox/133.0" "-"
2001:7c0:1b00:: - - [17/Jan/2025:09:49:00 +0100] "POST /wp-admin/admin-ajax.php HTTP/1.1" 200 47 solarsolutionsgmbh.com "https://solarsolutionsgmbh.com/wp-admin/plugins.php?plugin_status=all&paged=1&s" "Mozilla/5.0 (Windows NT 10.0; Win64; x64; rv:134.0) Gecko/20100101 Firefox/134.0" "-"
141.31.93.0 - - [17/Jan/2025:09:49:03 +0100] "POST /wp-admin/admin-ajax.php HTTP/1.1" 200 142 solarsolutionsgmbh.com "https://solarsolutionsgmbh.com/wp-admin/" "Mozilla/5.0 (Windows NT 10.0; Win64; x64; rv:133.0) Gecko/20100101 Firefox/133.0" "-"
141.31.93.0 - - [17/Jan/2025:09:49:08 +0100] "POST /wp-admin/admin-ajax.php HTTP/1.1" 200 142 solarsolutionsgmbh.com "https://solarsolutionsgmbh.com/wp-admin/" "Mozilla/5.0 (Windows NT 10.0; Win64; x64; rv:133.0) Gecko/20100101 Firefox/133.0" "-"
141.31.93.0 - - [17/Jan/2025:09:49:08 +0100] "GET /wp-admin/post.php?post=14&action=edit HTTP/1.1" 200 1242181 solarsolutionsgmbh.com "https://solarsolutionsgmbh.com/leistungen/" "Mozilla/5.0 (Windows NT 10.0; Win64; x64; rv:133.0) Gecko/20100101 Firefox/133.0" "-"
82.165.90.0 - - [17/Jan/2025:09:49:09 +0100] "GET /wp-admin/admin-ajax.php?_wpnonce=11df68f9ea&post_id=14&action=sns_tinymce_styles HTTP/1.1" 200 - solarsolutionsgmbh.com "-" "WordPress/6.7.1; https://solarsolutionsgmbh.com" "-"
141.31.93.0 - - [17/Jan/2025:09:49:10 +0100] "GET /wp-content/plugins/seo-by-rank-math/assets/admin/js/wplink.js?ver=1.0.234.1 HTTP/1.1" 200 12970 solarsolutionsgmbh.com "https://solarsolutionsgmbh.com/wp-admin/post.php?post=14&action=edit" "Mozilla/5.0 (Windows NT 10.0; Win64; x64; rv:133.0) Gecko/20100101 Firefox/133.0" "-"
141.31.93.0 - - [17/Jan/2025:09:49:10 +0100] "GET /wp-includes/js/jquery/ui/menu.min.js?ver=1.13.3 HTTP/1.1" 200 10199 solarsolutionsgmbh.com "https://solarsolutionsgmbh.com/wp-admin/post.php?post=14&action=edit" "Mozilla/5.0 (Windows NT 10.0; Win64; x64; rv:133.0) Gecko/20100101 Firefox/133.0" "-"
141.31.93.0 - - [17/Jan/2025:09:49:10 +0100] "GET /wp-includes/js/jquery/ui/tabs.min.js?ver=1.13.3 HTTP/1.1" 200 12008 solarsolutionsgmbh.com "https://solarsolutionsgmbh.com/wp-admin/post.php?post=14&action=edit" "Mozilla/5.0 (Windows NT 10.0; Win64; x64; rv:133.0) Gecko/20100101 Firefox/133.0" "-"
141.31.93.0 - - [17/Jan/2025:09:49:11 +0100] "GET /wp-json/wpforms/v1/themes/?_locale=user HTTP/1.1" 200 9111 solarsolutionsgmbh.com "https://solarsolutionsgmbh.com/wp-admin/post.php?post=14&action=edit" "Mozilla/5.0 (Windows NT 10.0; Win64; x64; rv:133.0) Gecko/20100101 Firefox/133.0" "-"
141.31.93.0 - - [17/Jan/2025:09:49:11 +0100] "GET /wp-json/wp/v2/types?context=view&_locale=user HTTP/1.1" 200 6342 solarsolutionsgmbh.com "https://solarsolutionsgmbh.com/wp-admin/post.php?post=14&action=edit" "Mozilla/5.0 (Windows NT 10.0; Win64; x64; rv:133.0) Gecko/20100101 Firefox/133.0" "-"
141.31.93.0 - - [17/Jan/2025:09:49:11 +0100] "OPTIONS /wp-json/wp/v2/settings?_locale=user HTTP/1.1" 200 5640 solarsolutionsgmbh.com "https://solarsolutionsgmbh.com/wp-admin/post.php?post=14&action=edit" "Mozilla/5.0 (Windows NT 10.0; Win64; x64; rv:133.0) Gecko/20100101 Firefox/133.0" "-"
141.31.93.0 - - [17/Jan/2025:09:49:11 +0100] "POST /wp-admin/admin-ajax.php HTTP/1.1" 200 2188 solarsolutionsgmbh.com "https://solarsolutionsgmbh.com/wp-admin/post.php?post=14&action=edit" "Mozilla/5.0 (Windows NT 10.0; Win64; x64; rv:133.0) Gecko/20100101 Firefox/133.0" "-"
141.31.93.0 - - [17/Jan/2025:09:49:11 +0100] "POST /wp-admin/admin-ajax.php HTTP/1.1" 200 - solarsolutionsgmbh.com "https://solarsolutionsgmbh.com/wp-admin/post.php?post=14&action=edit" "Mozilla/5.0 (Windows NT 10.0; Win64; x64; rv:133.0) Gecko/20100101 Firefox/133.0" "-"
141.31.93.0 - - [17/Jan/2025:09:49:11 +0100] "GET /wp-json/wp/v2/block-patterns/categories?_locale=user HTTP/1.1" 200 2332 solarsolutionsgmbh.com "https://solarsolutionsgmbh.com/wp-admin/post.php?post=14&action=edit" "Mozilla/5.0 (Windows NT 10.0; Win64; x64; rv:133.0) Gecko/20100101 Firefox/133.0" "-"
141.31.93.0 - - [17/Jan/2025:09:49:12 +0100] "GET /wp-json/wp/v2/templates/lookup?slug=page-leistungen&_locale=user HTTP/1.1" 200 2229 solarsolutionsgmbh.com "https://solarsolutionsgmbh.com/wp-admin/post.php?post=14&action=edit" "Mozilla/5.0 (Windows NT 10.0; Win64; x64; rv:133.0) Gecko/20100101 Firefox/133.0" "-"
141.31.93.0 - - [17/Jan/2025:09:49:12 +0100] "GET /wp-json/?_fields=description%2Cgmt_offset%2Chome%2Cname%2Csite_icon%2Csite_icon_url%2Csite_logo%2Ctimezone_string%2Curl&_locale=user HTTP/1.1" 200 659 solarsolutionsgmbh.com "https://solarsolutionsgmbh.com/wp-admin/post.php?post=14&action=edit" "Mozilla/5.0 (Windows NT 10.0; Win64; x64; rv:133.0) Gecko/20100101 Firefox/133.0" "-"
141.31.93.0 - - [17/Jan/2025:09:49:12 +0100] "GET /wp-json/wp/v2/blocks?context=edit&per_page=100&_locale=user HTTP/1.1" 200 2 solarsolutionsgmbh.com "https://solarsolutionsgmbh.com/wp-admin/post.php?post=14&action=edit" "Mozilla/5.0 (Windows NT 10.0; Win64; x64; rv:133.0) Gecko/20100101 Firefox/133.0" "-"
141.31.93.0 - - [17/Jan/2025:09:49:12 +0100] "GET /wp-json/wp/v2/wp_pattern_category?context=view&per_page=100&_fields=id%2Cname%2Cdescription%2Cslug&_locale=user HTTP/1.1" 200 2 solarsolutionsgmbh.com "https://solarsolutionsgmbh.com/wp-admin/post.php?post=14&action=edit" "Mozilla/5.0 (Windows NT 10.0; Win64; x64; rv:133.0) Gecko/20100101 Firefox/133.0" "-"
141.31.93.0 - - [17/Jan/2025:09:49:12 +0100] "GET /wp-json/wp/v2/templates/twentytwentyfour//page?context=edit&_locale=user HTTP/1.1" 200 2247 solarsolutionsgmbh.com "https://solarsolutionsgmbh.com/wp-admin/post.php?post=14&action=edit" "Mozilla/5.0 (Windows NT 10.0; Win64; x64; rv:133.0) Gecko/20100101 Firefox/133.0" "-"
82.165.90.0 - - [17/Jan/2025:09:49:13 +0100] "POST /wp-cron.php?doing_wp_cron=1737103753.2067608833312988281250 HTTP/1.1" 200 - solarsolutionsgmbh.com "-" "WordPress/6.7.1; https://solarsolutionsgmbh.com" "-"
141.31.93.0 - - [17/Jan/2025:09:49:14 +0100] "POST /wp-admin/admin-ajax.php HTTP/1.1" 200 142 solarsolutionsgmbh.com "https://solarsolutionsgmbh.com/wp-admin/" "Mozilla/5.0 (Windows NT 10.0; Win64; x64; rv:133.0) Gecko/20100101 Firefox/133.0" "-"
141.31.93.0 - - [17/Jan/2025:09:49:14 +0100] "OPTIONS /wp-json/wp/v2/pages/?context=edit&_locale=user HTTP/1.1" 200 15325 solarsolutionsgmbh.com "https://solarsolutionsgmbh.com/wp-admin/post.php?post=14&action=edit" "Mozilla/5.0 (Windows NT 10.0; Win64; x64; rv:133.0) Gecko/20100101 Firefox/133.0" "-"
141.31.93.0 - - [17/Jan/2025:09:49:20 +0100] "POST /wp-admin/admin-ajax.php HTTP/1.1" 200 142 solarsolutionsgmbh.com "https://solarsolutionsgmbh.com/wp-admin/" "Mozilla/5.0 (Windows NT 10.0; Win64; x64; rv:133.0) Gecko/20100101 Firefox/133.0" "-"
141.31.93.0 - - [17/Jan/2025:09:49:21 +0100] "POST /wp-admin/admin-ajax.php HTTP/1.1" 200 98 solarsolutionsgmbh.com "https://solarsolutionsgmbh.com/wp-admin/post.php?post=14&action=edit" "Mozilla/5.0 (Windows NT 10.0; Win64; x64; rv:133.0) Gecko/20100101 Firefox/133.0" "-"
141.31.93.0 - - [17/Jan/2025:09:49:26 +0100] "POST /wp-admin/admin-ajax.php HTTP/1.1" 200 142 solarsolutionsgmbh.com "https://solarsolutionsgmbh.com/wp-admin/" "Mozilla/5.0 (Windows NT 10.0; Win64; x64; rv:133.0) Gecko/20100101 Firefox/133.0" "-"
141.31.93.0 - - [17/Jan/2025:09:49:31 +0100] "POST /wp-admin/admin-ajax.php HTTP/1.1" 200 98 solarsolutionsgmbh.com "https://solarsolutionsgmbh.com/wp-admin/post.php?post=14&action=edit" "Mozilla/5.0 (Windows NT 10.0; Win64; x64; rv:133.0) Gecko/20100101 Firefox/133.0" "-"
141.31.93.0 - - [17/Jan/2025:09:49:32 +0100] "POST /wp-admin/admin-ajax.php HTTP/1.1" 200 142 solarsolutionsgmbh.com "https://solarsolutionsgmbh.com/wp-admin/" "Mozilla/5.0 (Windows NT 10.0; Win64; x64; rv:133.0) Gecko/20100101 Firefox/133.0" "-"
141.31.93.0 - - [17/Jan/2025:09:49:38 +0100] "POST /wp-admin/admin-ajax.php HTTP/1.1" 200 142 solarsolutionsgmbh.com "https://solarsolutionsgmbh.com/wp-admin/" "Mozilla/5.0 (Windows NT 10.0; Win64; x64; rv:133.0) Gecko/20100101 Firefox/133.0" "-"
2001:7c0:1b00:: - - [17/Jan/2025:09:49:38 +0100] "GET /solarkonfiguratorv2/ HTTP/1.1" 200 137580 solarsolutionsgmbh.com "-" "Mozilla/5.0 (Windows NT 10.0; Win64; x64; rv:134.0) Gecko/20100101 Firefox/134.0" "-"
2001:7c0:1b00:: - - [17/Jan/2025:09:49:39 +0100] "GET /wp-includes/js/dist/script-modules/interactivity/index.min.js?ver=06b8f695ef48ab2d9277 HTTP/1.1" 200 36695 solarsolutionsgmbh.com "https://solarsolutionsgmbh.com/solarkonfiguratorv2/" "Mozilla/5.0 (Windows NT 10.0; Win64; x64; rv:134.0) Gecko/20100101 Firefox/134.0" "-"
141.31.93.0 - - [17/Jan/2025:09:49:41 +0100] "POST /wp-admin/admin-ajax.php HTTP/1.1" 200 98 solarsolutionsgmbh.com "https://solarsolutionsgmbh.com/wp-admin/post.php?post=14&action=edit" "Mozilla/5.0 (Windows NT 10.0; Win64; x64; rv:133.0) Gecko/20100101 Firefox/133.0" "-"
2001:7c0:1b00:: - - [17/Jan/2025:09:49:41 +0100] "GET /solarkonfigurator HTTP/1.1" 301 - solarsolutionsgmbh.com "-" "Mozilla/5.0 (Windows NT 10.0; Win64; x64; rv:134.0) Gecko/20100101 Firefox/134.0" "-"
2001:7c0:1b00:: - - [17/Jan/2025:09:49:42 +0100] "GET /solarkonfigurator/ HTTP/1.1" 200 137434 solarsolutionsgmbh.com "-" "Mozilla/5.0 (Windows NT 10.0; Win64; x64; rv:134.0) Gecko/20100101 Firefox/134.0" "-"
141.31.93.0 - - [17/Jan/2025:09:49:43 +0100] "POST /wp-admin/admin-ajax.php HTTP/1.1" 200 142 solarsolutionsgmbh.com "https://solarsolutionsgmbh.com/wp-admin/" "Mozilla/5.0 (Windows NT 10.0; Win64; x64; rv:133.0) Gecko/20100101 Firefox/133.0" "-"
2001:7c0:1b00:: - - [17/Jan/2025:09:49:45 +0100] "GET /wp-admin/post.php?post=392&action=edit HTTP/1.1" 200 1207867 solarsolutionsgmbh.com "https://solarsolutionsgmbh.com/solarkonfigurator/" "Mozilla/5.0 (Windows NT 10.0; Win64; x64; rv:134.0) Gecko/20100101 Firefox/134.0" "-"
82.165.90.0 - - [17/Jan/2025:09:49:46 +0100] "GET /wp-admin/admin-ajax.php?_wpnonce=74f121d37b&post_id=392&action=sns_tinymce_styles HTTP/1.1" 200 - solarsolutionsgmbh.com "-" "WordPress/6.7.1; https://solarsolutionsgmbh.com" "-"
2001:7c0:1b00:: - - [17/Jan/2025:09:49:47 +0100] "GET /wp-includes/js/mediaelement/mediaelementplayer-legacy.min.css?ver=4.2.17 HTTP/1.1" 304 - solarsolutionsgmbh.com "https://solarsolutionsgmbh.com/wp-admin/post.php?post=392&action=edit" "Mozilla/5.0 (Windows NT 10.0; Win64; x64; rv:134.0) Gecko/20100101 Firefox/134.0" "-"
2001:7c0:1b00:: - - [17/Jan/2025:09:49:47 +0100] "GET /wp-content/plugins/seo-by-rank-math/includes/modules/schema/blocks/toc/assets/css/toc.css?ver=6.7.1 HTTP/1.1" 200 1591 solarsolutionsgmbh.com "https://solarsolutionsgmbh.com/wp-admin/post.php?post=392&action=edit" "Mozilla/5.0 (Windows NT 10.0; Win64; x64; rv:134.0) Gecko/20100101 Firefox/134.0" "-"
2001:7c0:1b00:: - - [17/Jan/2025:09:49:47 +0100] "GET /wp-content/plugins/wpforms-lite/assets/css/admin-integrations.min.css?ver=1.9.2.3 HTTP/1.1" 304 - solarsolutionsgmbh.com "https://solarsolutionsgmbh.com/wp-admin/post.php?post=392&action=edit" "Mozilla/5.0 (Windows NT 10.0; Win64; x64; rv:134.0) Gecko/20100101 Firefox/134.0" "-"
2001:7c0:1b00:: - - [17/Jan/2025:09:49:47 +0100] "GET /wp-includes/js/mediaelement/wp-mediaelement.min.css?ver=6.7.1 HTTP/1.1" 304 - solarsolutionsgmbh.com "https://solarsolutionsgmbh.com/wp-admin/post.php?post=392&action=edit" "Mozilla/5.0 (Windows NT 10.0; Win64; x64; rv:134.0) Gecko/20100101 Firefox/134.0" "-"
2001:7c0:1b00:: - - [17/Jan/2025:09:49:47 +0100] "GET /wp-content/plugins/wpforms-lite/assets/css/frontend/modern/wpforms-full.min.css?ver=1.9.2.3 HTTP/1.1" 304 - solarsolutionsgmbh.com "https://solarsolutionsgmbh.com/wp-admin/post.php?post=392&action=edit" "Mozilla/5.0 (Windows NT 10.0; Win64; x64; rv:134.0) Gecko/20100101 Firefox/134.0" "-"
2001:7c0:1b00:: - - [17/Jan/2025:09:49:47 +0100] "GET /wp-includes/js/imgareaselect/imgareaselect.css?ver=0.9.8 HTTP/1.1" 304 - solarsolutionsgmbh.com "https://solarsolutionsgmbh.com/wp-admin/post.php?post=392&action=edit" "Mozilla/5.0 (Windows NT 10.0; Win64; x64; rv:134.0) Gecko/20100101 Firefox/134.0" "-"
2001:7c0:1b00:: - - [17/Jan/2025:09:49:47 +0100] "GET /wp-content/plugins/seo-by-rank-math/includes/modules/schema/blocks/toc/assets/css/toc_list_style.css?ver=6.7.1 HTTP/1.1" 200 214 solarsolutionsgmbh.com "https://solarsolutionsgmbh.com/wp-admin/post.php?post=392&action=edit" "Mozilla/5.0 (Windows NT 10.0; Win64; x64; rv:134.0) Gecko/20100101 Firefox/134.0" "-"
2001:7c0:1b00:: - - [17/Jan/2025:09:49:47 +0100] "GET /wp-content/plugins/seo-by-rank-math/includes/modules/schema/blocks/schema/assets/css/schema.css?ver=6.7.1 HTTP/1.1" 200 3658 solarsolutionsgmbh.com "https://solarsolutionsgmbh.com/wp-admin/post.php?post=392&action=edit" "Mozilla/5.0 (Windows NT 10.0; Win64; x64; rv:134.0) Gecko/20100101 Firefox/134.0" "-"
2001:7c0:1b00:: - - [17/Jan/2025:09:49:47 +0100] "GET /wp-content/plugins/seo-by-rank-math/assets/admin/css/common.css?ver=1.0.234.1 HTTP/1.1" 304 - solarsolutionsgmbh.com "https://solarsolutionsgmbh.com/wp-admin/post.php?post=392&action=edit" "Mozilla/5.0 (Windows NT 10.0; Win64; x64; rv:134.0) Gecko/20100101 Firefox/134.0" "-"
2001:7c0:1b00:: - - [17/Jan/2025:09:49:47 +0100] "GET /wp-content/plugins/wpforms-lite/assets/css/choices.min.css?ver=10.2.0 HTTP/1.1" 304 - solarsolutionsgmbh.com "https://solarsolutionsgmbh.com/wp-admin/post.php?post=392&action=edit" "Mozilla/5.0 (Windows NT 10.0; Win64; x64; rv:134.0) Gecko/20100101 Firefox/134.0" "-"
2001:7c0:1b00:: - - [17/Jan/2025:09:49:47 +0100] "GET /wp-content/plugins/optinmonster/assets/dist/css/blocks-admin.min.css?ver=2.16.13 HTTP/1.1" 304 - solarsolutionsgmbh.com "https://solarsolutionsgmbh.com/wp-admin/post.php?post=392&action=edit" "Mozilla/5.0 (Windows NT 10.0; Win64; x64; rv:134.0) Gecko/20100101 Firefox/134.0" "-"
2001:7c0:1b00:: - - [17/Jan/2025:09:49:47 +0100] "GET /wp-content/themes/twentytwentyfour/assets/css/button-outline.css?ver=1.3 HTTP/1.1" 304 - solarsolutionsgmbh.com "https://solarsolutionsgmbh.com/wp-admin/post.php?post=392&action=edit" "Mozilla/5.0 (Windows NT 10.0; Win64; x64; rv:134.0) Gecko/20100101 Firefox/134.0" "-"
2001:7c0:1b00:: - - [17/Jan/2025:09:49:47 +0100] "GET /wp-content/plugins/wpforms-lite/assets/css/integrations/stripe/wpforms-stripe.min.css?ver=1.9.2.3 HTTP/1.1" 304 - solarsolutionsgmbh.com "https://solarsolutionsgmbh.com/wp-admin/post.php?post=392&action=edit" "Mozilla/5.0 (Windows NT 10.0; Win64; x64; rv:134.0) Gecko/20100101 Firefox/134.0" "-"
2001:7c0:1b00:: - - [17/Jan/2025:09:49:47 +0100] "GET /wp-content/plugins/seo-by-rank-math/assets/admin/css/blocks.css?ver=1.0.234.1 HTTP/1.1" 304 - solarsolutionsgmbh.com "https://solarsolutionsgmbh.com/wp-admin/post.php?post=392&action=edit" "Mozilla/5.0 (Windows NT 10.0; Win64; x64; rv:134.0) Gecko/20100101 Firefox/134.0" "-"
2001:7c0:1b00:: - - [17/Jan/2025:09:49:47 +0100] "GET /wp-content/plugins/google-analytics-for-wordpress/assets/gutenberg/css/editor.css?ver=9.2.4 HTTP/1.1" 200 82354 solarsolutionsgmbh.com "https://solarsolutionsgmbh.com/wp-admin/post.php?post=392&action=edit" "Mozilla/5.0 (Windows NT 10.0; Win64; x64; rv:134.0) Gecko/20100101 Firefox/134.0" "-"
2001:7c0:1b00:: - - [17/Jan/2025:09:49:47 +0100] "GET /wp-content/plugins/seo-by-rank-math/includes/modules/schema/blocks/howto/assets/css/howto.css?ver=6.7.1 HTTP/1.1" 304 - solarsolutionsgmbh.com "https://solarsolutionsgmbh.com/wp-admin/post.php?post=392&action=edit" "Mozilla/5.0 (Windows NT 10.0; Win64; x64; rv:134.0) Gecko/20100101 Firefox/134.0" "-"
2001:7c0:1b00:: - - [17/Jan/2025:09:49:47 +0100] "GET /wp-content/plugins/userfeedback-lite/assets/gutenberg/css/editor.css?ver=1.4.0 HTTP/1.1" 304 - solarsolutionsgmbh.com "https://solarsolutionsgmbh.com/wp-admin/post.php?post=392&action=edit" "Mozilla/5.0 (Windows NT 10.0; Win64; x64; rv:134.0) Gecko/20100101 Firefox/134.0" "-"
2001:7c0:1b00:: - - [17/Jan/2025:09:49:47 +0100] "GET /wp-content/plugins/seo-by-rank-math/vendor/cmb2/cmb2/css/cmb2.min.css?ver=6.7.1 HTTP/1.1" 200 32937 solarsolutionsgmbh.com "https://solarsolutionsgmbh.com/wp-admin/post.php?post=392&action=edit" "Mozilla/5.0 (Windows NT 10.0; Win64; x64; rv:134.0) Gecko/20100101 Firefox/134.0" "-"
2001:7c0:1b00:: - - [17/Jan/2025:09:49:47 +0100] "GET /wp-content/plugins/insert-headers-and-footers/build/admin-global-lite.css?ver=0b74b93a8b56d530f4cd5cdea9f40382 HTTP/1.1" 304 - solarsolutionsgmbh.com "https://solarsolutionsgmbh.com/wp-admin/post.php?post=392&action=edit" "Mozilla/5.0 (Windows NT 10.0; Win64; x64; rv:134.0) Gecko/20100101 Firefox/134.0" "-"
2001:7c0:1b00:: - - [17/Jan/2025:09:49:47 +0100] "GET /wp-content/plugins/seo-by-rank-math/assets/admin/css/gutenberg.css?ver=1.0.234.1 HTTP/1.1" 304 - solarsolutionsgmbh.com "https://solarsolutionsgmbh.com/wp-admin/post.php?post=392&action=edit" "Mozilla/5.0 (Windows NT 10.0; Win64; x64; rv:134.0) Gecko/20100101 Firefox/134.0" "-"
2001:7c0:1b00:: - - [17/Jan/2025:09:49:47 +0100] "GET /wp-content/plugins/wpforms-lite/assets/css/admin/edit-post-education.min.css?ver=1.9.2.3 HTTP/1.1" 304 - solarsolutionsgmbh.com "https://solarsolutionsgmbh.com/wp-admin/post.php?post=392&action=edit" "Mozilla/5.0 (Windows NT 10.0; Win64; x64; rv:134.0) Gecko/20100101 Firefox/134.0" "-"
2001:7c0:1b00:: - - [17/Jan/2025:09:49:47 +0100] "GET /wp-content/plugins/seo-by-rank-math/includes/modules/schema/assets/css/schema.css?ver=1.0.234.1 HTTP/1.1" 304 - solarsolutionsgmbh.com "https://solarsolutionsgmbh.com/wp-admin/post.php?post=392&action=edit" "Mozilla/5.0 (Windows NT 10.0; Win64; x64; rv:134.0) Gecko/20100101 Firefox/134.0" "-"
2001:7c0:1b00:: - - [17/Jan/2025:09:49:47 +0100] "GET /wp-content/plugins/seo-by-rank-math/includes/modules/content-ai/assets/css/content-ai.css?ver=1.0.234.1 HTTP/1.1" 304 - solarsolutionsgmbh.com "https://solarsolutionsgmbh.com/wp-admin/post.php?post=392&action=edit" "Mozilla/5.0 (Windows NT 10.0; Win64; x64; rv:134.0) Gecko/20100101 Firefox/134.0" "-"
2001:7c0:1b00:: - - [17/Jan/2025:09:49:47 +0100] "GET /wp-content/plugins/seo-by-rank-math/includes/modules/content-ai/assets/css/content-ai-page.css?ver=1.0.234.1 HTTP/1.1" 304 - solarsolutionsgmbh.com "https://solarsolutionsgmbh.com/wp-admin/post.php?post=392&action=edit" "Mozilla/5.0 (Windows NT 10.0; Win64; x64; rv:134.0) Gecko/20100101 Firefox/134.0" "-"
2001:7c0:1b00:: - - [17/Jan/2025:09:49:47 +0100] "GET /wp-content/plugins/google-analytics-for-wordpress/assets/css/admin-metabox.min.css?ver=9.2.4 HTTP/1.1" 304 - solarsolutionsgmbh.com "https://solarsolutionsgmbh.com/wp-admin/post.php?post=392&action=edit" "Mozilla/5.0 (Windows NT 10.0; Win64; x64; rv:134.0) Gecko/20100101 Firefox/134.0" "-"
2001:7c0:1b00:: - - [17/Jan/2025:09:49:47 +0100] "GET /wp-content/plugins/userfeedback-lite/assets/css/uf-metabox.css?ver=1.4.0 HTTP/1.1" 304 - solarsolutionsgmbh.com "https://solarsolutionsgmbh.com/wp-admin/post.php?post=392&action=edit" "Mozilla/5.0 (Windows NT 10.0; Win64; x64; rv:134.0) Gecko/20100101 Firefox/134.0" "-"
2001:7c0:1b00:: - - [17/Jan/2025:09:49:47 +0100] "GET /wp-content/plugins/scripts-n-styles/vendor/chosen/chosen.min.css?ver=1.0.0 HTTP/1.1" 304 - solarsolutionsgmbh.com "https://solarsolutionsgmbh.com/wp-admin/post.php?post=392&action=edit" "Mozilla/5.0 (Windows NT 10.0; Win64; x64; rv:134.0) Gecko/20100101 Firefox/134.0" "-"
2001:7c0:1b00:: - - [17/Jan/2025:09:49:47 +0100] "GET /wp-content/plugins/scripts-n-styles/vendor/codemirror/codemirror-compressed.css?ver=3.16 HTTP/1.1" 304 - solarsolutionsgmbh.com "https://solarsolutionsgmbh.com/wp-admin/post.php?post=392&action=edit" "Mozilla/5.0 (Windows NT 10.0; Win64; x64; rv:134.0) Gecko/20100101 Firefox/134.0" "-"
2001:7c0:1b00:: - - [17/Jan/2025:09:49:47 +0100] "GET /wp-content/plugins/scripts-n-styles/css/meta-box.css?ver=3.5.8 HTTP/1.1" 304 - solarsolutionsgmbh.com "https://solarsolutionsgmbh.com/wp-admin/post.php?post=392&action=edit" "Mozilla/5.0 (Windows NT 10.0; Win64; x64; rv:134.0) Gecko/20100101 Firefox/134.0" "-"
2001:7c0:1b00:: - - [17/Jan/2025:09:49:47 +0100] "GET /wp-includes/js/dist/api-fetch.min.js?ver=d387b816bc1ed2042e28 HTTP/1.1" 304 - solarsolutionsgmbh.com "https://solarsolutionsgmbh.com/wp-admin/post.php?post=392&action=edit" "Mozilla/5.0 (Windows NT 10.0; Win64; x64; rv:134.0) Gecko/20100101 Firefox/134.0" "-"
2001:7c0:1b00:: - - [17/Jan/2025:09:49:47 +0100] "GET /wp-includes/js/dist/blob.min.js?ver=9113eed771d446f4a556 HTTP/1.1" 304 - solarsolutionsgmbh.com "https://solarsolutionsgmbh.com/wp-admin/post.php?post=392&action=edit" "Mozilla/5.0 (Windows NT 10.0; Win64; x64; rv:134.0) Gecko/20100101 Firefox/134.0" "-"
2001:7c0:1b00:: - - [17/Jan/2025:09:49:47 +0100] "GET /wp-includes/js/dist/block-serialization-default-parser.min.js?ver=14d44daebf663d05d330 HTTP/1.1" 304 - solarsolutionsgmbh.com "https://solarsolutionsgmbh.com/wp-admin/post.php?post=392&action=edit" "Mozilla/5.0 (Windows NT 10.0; Win64; x64; rv:134.0) Gecko/20100101 Firefox/134.0" "-"
2001:7c0:1b00:: - - [17/Jan/2025:09:49:47 +0100] "GET /wp-includes/js/dist/autop.min.js?ver=9fb50649848277dd318d HTTP/1.1" 304 - solarsolutionsgmbh.com "https://solarsolutionsgmbh.com/wp-admin/post.php?post=392&action=edit" "Mozilla/5.0 (Windows NT 10.0; Win64; x64; rv:134.0) Gecko/20100101 Firefox/134.0" "-"
2001:7c0:1b00:: - - [17/Jan/2025:09:49:47 +0100] "GET /wp-includes/js/dist/shortcode.min.js?ver=b7747eee0efafd2f0c3b HTTP/1.1" 304 - solarsolutionsgmbh.com "https://solarsolutionsgmbh.com/wp-admin/post.php?post=392&action=edit" "Mozilla/5.0 (Windows NT 10.0; Win64; x64; rv:134.0) Gecko/20100101 Firefox/134.0" "-"
2001:7c0:1b00:: - - [17/Jan/2025:09:49:47 +0100] "GET /wp-includes/js/dist/blocks.min.js?ver=8474af4b6260126fa879 HTTP/1.1" 304 - solarsolutionsgmbh.com "https://solarsolutionsgmbh.com/wp-admin/post.php?post=392&action=edit" "Mozilla/5.0 (Windows NT 10.0; Win64; x64; rv:134.0) Gecko/20100101 Firefox/134.0" "-"
