2a02:8070:2400:: - - [03/Jan/2025:00:17:27 +0100] "GET /wp-content/plugins/newsletter/style.css?ver=8.6.4 HTTP/1.1" 304 - solarsolutionsgmbh.com "https://solarsolutionsgmbh.com/Projekte/" "Mozilla/5.0 (Windows NT 10.0; Win64; x64; rv:133.0) Gecko/20100101 Firefox/133.0" "-"
2a02:8070:2400:: - - [03/Jan/2025:00:17:27 +0100] "GET /wp-content/themes/twentytwentyfour/assets/js/slider.js HTTP/1.1" 304 - solarsolutionsgmbh.com "https://solarsolutionsgmbh.com/Projekte/" "Mozilla/5.0 (Windows NT 10.0; Win64; x64; rv:133.0) Gecko/20100101 Firefox/133.0" "-"
176.53.222.0 - - [03/Jan/2025:00:17:27 +0100] "GET /wp-content/uploads/2024/12/Firmenlogo-150x150.png HTTP/1.1" 200 13771 solarsolutionsgmbh.com "-" "Mozilla/5.0 (Windows NT 10.0; Win64; x64) AppleWebKit/537.36 (KHTML, like Gecko) Chrome/94.0.4606.61 Safari/537.36" "-"
176.53.222.0 - - [03/Jan/2025:00:17:28 +0100] "GET /merchant/z/payment/?order=1 HTTP/1.1" 404 61967 solarsolutionsgmbh.com "-" "Mozilla/5.0 (Windows NT 10.0; Win64; x64) AppleWebKit/537.36 (KHTML, like Gecko) Chrome/94.0.4606.61 Safari/537.36" "-"
2a02:8070:2400:: - - [03/Jan/2025:00:17:28 +0100] "POST /wp-admin/admin-ajax.php HTTP/1.1" 200 98 solarsolutionsgmbh.com "https://solarsolutionsgmbh.com/wp-admin/post.php?post=15&action=edit" "Mozilla/5.0 (Windows NT 10.0; Win64; x64; rv:133.0) Gecko/20100101 Firefox/133.0" "-"
2003:d2:2f00:: - - [03/Jan/2025:00:17:28 +0100] "GET /Projekte/ HTTP/1.1" 200 80272 solarsolutionsgmbh.com "https://solarsolutionsgmbh.com/" "Mozilla/5.0 (Windows NT 10.0; Win64; x64) AppleWebKit/537.36 (KHTML, like Gecko) Chrome/131.0.0.0 Safari/537.36" "-"
176.53.222.0 - - [03/Jan/2025:00:17:28 +0100] "GET /favicon.ico HTTP/1.1" 302 - solarsolutionsgmbh.com "-" "Mozilla/5.0 (Windows NT 10.0; Win64; x64) AppleWebKit/537.36 (KHTML, like Gecko) Chrome/94.0.4606.61 Safari/537.36" "-"
176.53.222.0 - - [03/Jan/2025:00:17:28 +0100] "GET /wp-content/uploads/2024/12/Firmenlogo-150x150.png HTTP/1.1" 200 13771 solarsolutionsgmbh.com "-" "Mozilla/5.0 (Windows NT 10.0; Win64; x64) AppleWebKit/537.36 (KHTML, like Gecko) Chrome/94.0.4606.61 Safari/537.36" "-"
176.53.222.0 - - [03/Jan/2025:00:17:29 +0100] "GET /merchant/code HTTP/1.1" 404 61952 solarsolutionsgmbh.com "-" "Mozilla/5.0 (Windows NT 10.0; Win64; x64) AppleWebKit/537.36 (KHTML, like Gecko) Chrome/94.0.4606.61 Safari/537.36" "-"
176.53.221.0 - - [03/Jan/2025:00:17:29 +0100] "GET /favicon.ico HTTP/1.1" 302 - solarsolutionsgmbh.com "-" "Mozilla/5.0 (Windows NT 10.0; Win64; x64) AppleWebKit/537.36 (KHTML, like Gecko) Chrome/94.0.4606.61 Safari/537.36" "-"
176.53.222.0 - - [03/Jan/2025:00:17:30 +0100] "GET /wp-content/uploads/2024/12/Firmenlogo-150x150.png HTTP/1.1" 200 13771 solarsolutionsgmbh.com "-" "Mozilla/5.0 (Windows NT 10.0; Win64; x64) AppleWebKit/537.36 (KHTML, like Gecko) Chrome/94.0.4606.61 Safari/537.36" "-"
176.53.222.0 - - [03/Jan/2025:00:17:30 +0100] "GET /merchant/code HTTP/1.1" 404 61967 solarsolutionsgmbh.com "-" "Mozilla/5.0 (Windows NT 10.0; Win64; x64) AppleWebKit/537.36 (KHTML, like Gecko) Chrome/94.0.4606.61 Safari/537.36" "-"
176.53.222.0 - - [03/Jan/2025:00:17:30 +0100] "GET /favicon.ico HTTP/1.1" 302 - solarsolutionsgmbh.com "-" "Mozilla/5.0 (Windows NT 10.0; Win64; x64) AppleWebKit/537.36 (KHTML, like Gecko) Chrome/94.0.4606.61 Safari/537.36" "-"
176.53.222.0 - - [03/Jan/2025:00:17:31 +0100] "GET /wp-content/uploads/2024/12/Firmenlogo-150x150.png HTTP/1.1" 200 13771 solarsolutionsgmbh.com "-" "Mozilla/5.0 (Windows NT 10.0; Win64; x64) AppleWebKit/537.36 (KHTML, like Gecko) Chrome/94.0.4606.61 Safari/537.36" "-"
176.53.221.0 - - [03/Jan/2025:00:17:31 +0100] "GET /3ds.php HTTP/1.1" 404 61952 solarsolutionsgmbh.com "-" "Mozilla/5.0 (Windows NT 10.0; Win64; x64) AppleWebKit/537.36 (KHTML, like Gecko) Chrome/94.0.4606.61 Safari/537.36" "-"
89.104.110.0 - - [03/Jan/2025:00:17:32 +0100] "GET /favicon.ico HTTP/1.1" 302 - solarsolutionsgmbh.com "-" "Mozilla/5.0 (Windows NT 10.0; Win64; x64) AppleWebKit/537.36 (KHTML, like Gecko) Chrome/94.0.4606.61 Safari/537.36" "-"
176.53.222.0 - - [03/Jan/2025:00:17:32 +0100] "GET /wp-content/uploads/2024/12/Firmenlogo-150x150.png HTTP/1.1" 200 13771 solarsolutionsgmbh.com "-" "Mozilla/5.0 (Windows NT 10.0; Win64; x64) AppleWebKit/537.36 (KHTML, like Gecko) Chrome/94.0.4606.61 Safari/537.36" "-"
176.53.222.0 - - [03/Jan/2025:00:17:32 +0100] "GET /3ds.php HTTP/1.1" 404 61967 solarsolutionsgmbh.com "-" "Mozilla/5.0 (Windows NT 10.0; Win64; x64) AppleWebKit/537.36 (KHTML, like Gecko) Chrome/94.0.4606.61 Safari/537.36" "-"
176.53.222.0 - - [03/Jan/2025:00:17:33 +0100] "GET /favicon.ico HTTP/1.1" 302 - solarsolutionsgmbh.com "-" "Mozilla/5.0 (Windows NT 10.0; Win64; x64) AppleWebKit/537.36 (KHTML, like Gecko) Chrome/94.0.4606.61 Safari/537.36" "-"
176.53.222.0 - - [03/Jan/2025:00:17:33 +0100] "GET /wp-content/uploads/2024/12/Firmenlogo-150x150.png HTTP/1.1" 200 13771 solarsolutionsgmbh.com "-" "Mozilla/5.0 (Windows NT 10.0; Win64; x64) AppleWebKit/537.36 (KHTML, like Gecko) Chrome/94.0.4606.61 Safari/537.36" "-"
89.104.101.0 - - [03/Jan/2025:00:17:33 +0100] "GET /3ds1633693954432212 HTTP/1.1" 404 61952 solarsolutionsgmbh.com "-" "Mozilla/5.0 (Windows NT 10.0; Win64; x64) AppleWebKit/537.36 (KHTML, like Gecko) Chrome/94.0.4606.61 Safari/537.36" "-"
176.53.219.0 - - [03/Jan/2025:00:17:34 +0100] "GET /favicon.ico HTTP/1.1" 302 - solarsolutionsgmbh.com "-" "Mozilla/5.0 (Windows NT 10.0; Win64; x64) AppleWebKit/537.36 (KHTML, like Gecko) Chrome/94.0.4606.61 Safari/537.36" "-"
176.53.222.0 - - [03/Jan/2025:00:17:34 +0100] "GET /wp-content/uploads/2024/12/Firmenlogo-150x150.png HTTP/1.1" 200 13771 solarsolutionsgmbh.com "-" "Mozilla/5.0 (Windows NT 10.0; Win64; x64) AppleWebKit/537.36 (KHTML, like Gecko) Chrome/94.0.4606.61 Safari/537.36" "-"
176.53.222.0 - - [03/Jan/2025:00:17:35 +0100] "GET /3ds1633693954432212 HTTP/1.1" 404 61967 solarsolutionsgmbh.com "-" "Mozilla/5.0 (Windows NT 10.0; Win64; x64) AppleWebKit/537.36 (KHTML, like Gecko) Chrome/94.0.4606.61 Safari/537.36" "-"
2a02:8206:6b00:: - - [03/Jan/2025:00:17:35 +0100] "GET /wp-json/wp/v2/posts?context=edit&status=publish&per_page=1&lang=de&_locale=user HTTP/1.1" 200 3230 solarsolutionsgmbh.com "https://solarsolutionsgmbh.com/wp-admin/site-editor.php?postType=wp_template&postId=twentytwentyfour%2F%2Fhome&canvas=edit" "Mozilla/5.0 (Windows NT 10.0; Win64; x64; rv:133.0) Gecko/20100101 Firefox/133.0" "-"
176.53.222.0 - - [03/Jan/2025:00:17:35 +0100] "GET /favicon.ico HTTP/1.1" 302 - solarsolutionsgmbh.com "-" "Mozilla/5.0 (Windows NT 10.0; Win64; x64) AppleWebKit/537.36 (KHTML, like Gecko) Chrome/94.0.4606.61 Safari/537.36" "-"
2a02:8206:6b00:: - - [03/Jan/2025:00:17:35 +0100] "GET /wp-json/wp/v2/block-renderer/core/calendar?context=edit&_locale=user HTTP/1.1" 200 1473 solarsolutionsgmbh.com "https://solarsolutionsgmbh.com/wp-admin/site-editor.php?postType=wp_template&postId=twentytwentyfour%2F%2Fhome&canvas=edit" "Mozilla/5.0 (Windows NT 10.0; Win64; x64; rv:133.0) Gecko/20100101 Firefox/133.0" "-"
176.53.222.0 - - [03/Jan/2025:00:17:35 +0100] "GET /wp-content/uploads/2024/12/Firmenlogo-150x150.png HTTP/1.1" 200 13771 solarsolutionsgmbh.com "-" "Mozilla/5.0 (Windows NT 10.0; Win64; x64) AppleWebKit/537.36 (KHTML, like Gecko) Chrome/94.0.4606.61 Safari/537.36" "-"
2a02:8070:2400:: - - [03/Jan/2025:00:17:38 +0100] "POST /wp-admin/admin-ajax.php HTTP/1.1" 200 98 solarsolutionsgmbh.com "https://solarsolutionsgmbh.com/wp-admin/post.php?post=15&action=edit" "Mozilla/5.0 (Windows NT 10.0; Win64; x64; rv:133.0) Gecko/20100101 Firefox/133.0" "-"
2a02:8206:6b00:: - - [03/Jan/2025:00:17:39 +0100] "GET /wp-json/wp/v2/pages?context=edit&per_page=100&_fields=id%2Clink%2Cmenu_order%2Cparent%2Ctitle%2Ctype&orderby=menu_order&order=asc&lang=de&_locale=user HTTP/1.1" 200 1318 solarsolutionsgmbh.com "https://solarsolutionsgmbh.com/wp-admin/site-editor.php?postType=wp_template&postId=twentytwentyfour%2F%2Fhome&canvas=edit" "Mozilla/5.0 (Windows NT 10.0; Win64; x64; rv:133.0) Gecko/20100101 Firefox/133.0" "-"
2a02:8070:2400:: - - [03/Jan/2025:00:17:44 +0100] "POST /wp-admin/admin-ajax.php HTTP/1.1" 200 47 solarsolutionsgmbh.com "https://solarsolutionsgmbh.com/wp-admin/site-editor.php" "Mozilla/5.0 (Windows NT 10.0; Win64; x64; rv:133.0) Gecko/20100101 Firefox/133.0" "-"
2a06:98c0:3600:: - - [03/Jan/2025:00:17:47 +0100] "GET /wp-admin/setup-config.php HTTP/1.1" 409 2670 solarsolutionsgmbh.com "-" "Mozilla/5.0 (Windows NT 10.0; Win64; x64) AppleWebKit/537.36 (KHTML, like Gecko) Chrome/131.0.0.0 Safari/537.36" "-"
2a02:8070:2400:: - - [03/Jan/2025:00:17:48 +0100] "POST /wp-admin/admin-ajax.php HTTP/1.1" 200 98 solarsolutionsgmbh.com "https://solarsolutionsgmbh.com/wp-admin/post.php?post=15&action=edit" "Mozilla/5.0 (Windows NT 10.0; Win64; x64; rv:133.0) Gecko/20100101 Firefox/133.0" "-"
2a02:8070:2400:: - - [03/Jan/2025:00:17:49 +0100] "GET /wp-json/metaslider/v1/slideshow/preview?action=ms_get_preview&slideshow_id=146&override_preview_style=true HTTP/1.1" 200 8621 solarsolutionsgmbh.com "https://solarsolutionsgmbh.com/wp-admin/post.php?post=15&action=edit" "Mozilla/5.0 (Windows NT 10.0; Win64; x64; rv:133.0) Gecko/20100101 Firefox/133.0" "-"
2a02:8070:2400:: - - [03/Jan/2025:00:17:51 +0100] "POST /wp-json/wp/v2/pages/15?_locale=user HTTP/1.1" 200 9544 solarsolutionsgmbh.com "https://solarsolutionsgmbh.com/wp-admin/post.php?post=15&action=edit" "Mozilla/5.0 (Windows NT 10.0; Win64; x64; rv:133.0) Gecko/20100101 Firefox/133.0" "-"
128.199.157.0 - - [03/Jan/2025:00:17:57 +0100] "POST /wp-login.php HTTP/1.1" 200 8975 solarsolutionsgmbh.com "-" "Mozilla/5.0" "-"
2a02:8070:2400:: - - [03/Jan/2025:00:17:58 +0100] "POST /wp-admin/admin-ajax.php HTTP/1.1" 200 98 solarsolutionsgmbh.com "https://solarsolutionsgmbh.com/wp-admin/post.php?post=15&action=edit" "Mozilla/5.0 (Windows NT 10.0; Win64; x64; rv:133.0) Gecko/20100101 Firefox/133.0" "-"
2a02:8206:6b00:: - - [03/Jan/2025:00:18:03 +0100] "GET /wp-json/wp/v2/tags?context=view&per_page=100&hide_empty=true&lang=de&_locale=user HTTP/1.1" 200 2 solarsolutionsgmbh.com "https://solarsolutionsgmbh.com/wp-admin/site-editor.php?postType=wp_template&postId=twentytwentyfour%2F%2Fhome&canvas=edit" "Mozilla/5.0 (Windows NT 10.0; Win64; x64; rv:133.0) Gecko/20100101 Firefox/133.0" "-"
2a02:8206:6b00:: - - [03/Jan/2025:00:18:03 +0100] "GET /wp-json/wp/v2/taxonomies?context=edit&_locale=user HTTP/1.1" 200 9486 solarsolutionsgmbh.com "https://solarsolutionsgmbh.com/wp-admin/site-editor.php?postType=wp_template&postId=twentytwentyfour%2F%2Fhome&canvas=edit" "Mozilla/5.0 (Windows NT 10.0; Win64; x64; rv:133.0) Gecko/20100101 Firefox/133.0" "-"
2a02:8206:6b00:: - - [03/Jan/2025:00:18:04 +0100] "GET / HTTP/1.1" 200 86029 solarsolutionsgmbh.com "https://solarsolutionsgmbh.com/wp-admin/index.php" "Mozilla/5.0 (Windows NT 10.0; Win64; x64; rv:133.0) Gecko/20100101 Firefox/133.0" "-"
2a02:8206:6b00:: - - [03/Jan/2025:00:18:05 +0100] "GET /wp-content/uploads/2024/12/Firmenlogo.png HTTP/1.1" 200 83973 solarsolutionsgmbh.com "https://solarsolutionsgmbh.com/" "Mozilla/5.0 (Windows NT 10.0; Win64; x64; rv:133.0) Gecko/20100101 Firefox/133.0" "-"
2a02:8206:6b00:: - - [03/Jan/2025:00:18:06 +0100] "GET /wp-admin/about.php HTTP/1.1" 200 56778 solarsolutionsgmbh.com "https://solarsolutionsgmbh.com/" "Mozilla/5.0 (Windows NT 10.0; Win64; x64; rv:133.0) Gecko/20100101 Firefox/133.0" "-"
2a02:8070:2400:: - - [03/Jan/2025:00:18:08 +0100] "POST /wp-admin/admin-ajax.php HTTP/1.1" 200 98 solarsolutionsgmbh.com "https://solarsolutionsgmbh.com/wp-admin/post.php?post=15&action=edit" "Mozilla/5.0 (Windows NT 10.0; Win64; x64; rv:133.0) Gecko/20100101 Firefox/133.0" "-"
2a02:8206:6b00:: - - [03/Jan/2025:00:18:08 +0100] "GET /wp-admin/themes.php HTTP/1.1" 200 89307 solarsolutionsgmbh.com "https://solarsolutionsgmbh.com/wp-admin/about.php" "Mozilla/5.0 (Windows NT 10.0; Win64; x64; rv:133.0) Gecko/20100101 Firefox/133.0" "-"
2a02:8206:6b00:: - - [03/Jan/2025:00:18:15 +0100] "GET /wp-admin/site-editor.php HTTP/1.1" 200 761339 solarsolutionsgmbh.com "https://solarsolutionsgmbh.com/wp-admin/themes.php" "Mozilla/5.0 (Windows NT 10.0; Win64; x64; rv:133.0) Gecko/20100101 Firefox/133.0" "-"
2a02:8206:6b00:: - - [03/Jan/2025:00:18:15 +0100] "GET /wp-includes/js/api-request.min.js?ver=6.7.1 HTTP/1.1" 200 1023 solarsolutionsgmbh.com "https://solarsolutionsgmbh.com/wp-admin/site-editor.php" "Mozilla/5.0 (Windows NT 10.0; Win64; x64; rv:133.0) Gecko/20100101 Firefox/133.0" "-"
2a02:8206:6b00:: - - [03/Jan/2025:00:18:15 +0100] "GET /wp-content/plugins/newsletter/includes/tnp-blocks.js?ver=8.6.4 HTTP/1.1" 200 9638 solarsolutionsgmbh.com "https://solarsolutionsgmbh.com/wp-admin/site-editor.php" "Mozilla/5.0 (Windows NT 10.0; Win64; x64; rv:133.0) Gecko/20100101 Firefox/133.0" "-"
2a02:8206:6b00:: - - [03/Jan/2025:00:18:15 +0100] "GET /wp-content/plugins/newsletter/admin/images/menu-icon.png HTTP/1.1" 200 349 solarsolutionsgmbh.com "https://solarsolutionsgmbh.com/wp-admin/site-editor.php" "Mozilla/5.0 (Windows NT 10.0; Win64; x64; rv:133.0) Gecko/20100101 Firefox/133.0" "-"
2a02:8206:6b00:: - - [03/Jan/2025:00:18:16 +0100] "OPTIONS /wp-json/wp/v2/settings?_locale=user HTTP/1.1" 200 5202 solarsolutionsgmbh.com "https://solarsolutionsgmbh.com/wp-admin/site-editor.php" "Mozilla/5.0 (Windows NT 10.0; Win64; x64; rv:133.0) Gecko/20100101 Firefox/133.0" "-"
2a02:8206:6b00:: - - [03/Jan/2025:00:18:16 +0100] "GET /wp-json/?_fields=description%2Cgmt_offset%2Chome%2Cname%2Csite_icon%2Csite_icon_url%2Csite_logo%2Ctimezone_string%2Curl&_locale=user HTTP/1.1" 200 617 solarsolutionsgmbh.com "https://solarsolutionsgmbh.com/wp-admin/site-editor.php" "Mozilla/5.0 (Windows NT 10.0; Win64; x64; rv:133.0) Gecko/20100101 Firefox/133.0" "-"
2a02:8206:6b00:: - - [03/Jan/2025:00:18:16 +0100] "GET /wp-json/wp/v2/types?context=view&_locale=user HTTP/1.1" 200 5717 solarsolutionsgmbh.com "https://solarsolutionsgmbh.com/wp-admin/site-editor.php" "Mozilla/5.0 (Windows NT 10.0; Win64; x64; rv:133.0) Gecko/20100101 Firefox/133.0" "-"
2a02:8206:6b00:: - - [03/Jan/2025:00:18:16 +0100] "GET /wp-json/wp/v2/types?context=view&_locale=user HTTP/1.1" 200 5717 solarsolutionsgmbh.com "https://solarsolutionsgmbh.com/wp-admin/site-editor.php" "Mozilla/5.0 (Windows NT 10.0; Win64; x64; rv:133.0) Gecko/20100101 Firefox/133.0" "-"
2a02:8206:6b00:: - - [03/Jan/2025:00:18:16 +0100] "GET /wp-json/wp/v2/settings?_locale=user HTTP/1.1" 200 458 solarsolutionsgmbh.com "https://solarsolutionsgmbh.com/wp-admin/site-editor.php" "Mozilla/5.0 (Windows NT 10.0; Win64; x64; rv:133.0) Gecko/20100101 Firefox/133.0" "-"
2a02:8206:6b00:: - - [03/Jan/2025:00:18:16 +0100] "GET /?_wp-find-template=true&_locale=user HTTP/1.1" 200 12353 solarsolutionsgmbh.com "https://solarsolutionsgmbh.com/wp-admin/site-editor.php" "Mozilla/5.0 (Windows NT 10.0; Win64; x64; rv:133.0) Gecko/20100101 Firefox/133.0" "-"
2a02:8206:6b00:: - - [03/Jan/2025:00:18:17 +0100] "OPTIONS /wp-json/wp/v2/settings?_locale=user HTTP/1.1" 200 5202 solarsolutionsgmbh.com "https://solarsolutionsgmbh.com/wp-admin/site-editor.php" "Mozilla/5.0 (Windows NT 10.0; Win64; x64; rv:133.0) Gecko/20100101 Firefox/133.0" "-"
2a02:8206:6b00:: - - [03/Jan/2025:00:18:17 +0100] "OPTIONS /wp-json/wp/v2/media?lang=de&_locale=user HTTP/1.1" 200 11976 solarsolutionsgmbh.com "https://solarsolutionsgmbh.com/wp-admin/site-editor.php" "Mozilla/5.0 (Windows NT 10.0; Win64; x64; rv:133.0) Gecko/20100101 Firefox/133.0" "-"
2a02:8206:6b00:: - - [03/Jan/2025:00:18:17 +0100] "OPTIONS /wp-json/wp/v2/pages?lang=de&_locale=user HTTP/1.1" 200 12628 solarsolutionsgmbh.com "https://solarsolutionsgmbh.com/wp-admin/site-editor.php" "Mozilla/5.0 (Windows NT 10.0; Win64; x64; rv:133.0) Gecko/20100101 Firefox/133.0" "-"
2a02:8206:6b00:: - - [03/Jan/2025:00:18:17 +0100] "GET /wp-json/wp/v2/taxonomies?context=view&_locale=user HTTP/1.1" 200 1719 solarsolutionsgmbh.com "https://solarsolutionsgmbh.com/wp-admin/site-editor.php" "Mozilla/5.0 (Windows NT 10.0; Win64; x64; rv:133.0) Gecko/20100101 Firefox/133.0" "-"
2a02:8206:6b00:: - - [03/Jan/2025:00:18:17 +0100] "GET /wp-json/wp/v2/block-patterns/categories?_locale=user HTTP/1.1" 200 2041 solarsolutionsgmbh.com "https://solarsolutionsgmbh.com/wp-admin/site-editor.php" "Mozilla/5.0 (Windows NT 10.0; Win64; x64; rv:133.0) Gecko/20100101 Firefox/133.0" "-"
2a02:8206:6b00:: - - [03/Jan/2025:00:18:17 +0100] "GET /wp-json/wp/v2/template-parts/twentytwentyfour//header?context=edit&_locale=user HTTP/1.1" 200 3213 solarsolutionsgmbh.com "https://solarsolutionsgmbh.com/wp-admin/site-editor.php" "Mozilla/5.0 (Windows NT 10.0; Win64; x64; rv:133.0) Gecko/20100101 Firefox/133.0" "-"
2a02:8206:6b00:: - - [03/Jan/2025:00:18:17 +0100] "GET /wp-json/wp/v2/template-parts/twentytwentyfour//footer?context=edit&_locale=user HTTP/1.1" 200 6125 solarsolutionsgmbh.com "https://solarsolutionsgmbh.com/wp-admin/site-editor.php" "Mozilla/5.0 (Windows NT 10.0; Win64; x64; rv:133.0) Gecko/20100101 Firefox/133.0" "-"
2a02:8206:6b00:: - - [03/Jan/2025:00:18:17 +0100] "GET /wp-json/wp/v2/wp_pattern_category?context=view&per_page=100&_fields=id%2Cname%2Cdescription%2Cslug&_locale=user HTTP/1.1" 200 2 solarsolutionsgmbh.com "https://solarsolutionsgmbh.com/wp-admin/site-editor.php" "Mozilla/5.0 (Windows NT 10.0; Win64; x64; rv:133.0) Gecko/20100101 Firefox/133.0" "-"
2a02:8206:6b00:: - - [03/Jan/2025:00:18:18 +0100] "GET /wp-json/wp/v2/menus?context=view&per_page=100&_locale=user HTTP/1.1" 200 2 solarsolutionsgmbh.com "https://solarsolutionsgmbh.com/wp-admin/site-editor.php" "Mozilla/5.0 (Windows NT 10.0; Win64; x64; rv:133.0) Gecko/20100101 Firefox/133.0" "-"
2a02:8206:6b00:: - - [03/Jan/2025:00:18:18 +0100] "GET /wp-json/wp/v2/media/45?context=view&_locale=user HTTP/1.1" 200 3139 solarsolutionsgmbh.com "https://solarsolutionsgmbh.com/wp-admin/site-editor.php" "Mozilla/5.0 (Windows NT 10.0; Win64; x64; rv:133.0) Gecko/20100101 Firefox/133.0" "-"
2a02:8206:6b00:: - - [03/Jan/2025:00:18:18 +0100] "OPTIONS /wp-json/wp/v2/navigation/4?_locale=user HTTP/1.1" 200 6411 solarsolutionsgmbh.com "https://solarsolutionsgmbh.com/wp-admin/site-editor.php" "Mozilla/5.0 (Windows NT 10.0; Win64; x64; rv:133.0) Gecko/20100101 Firefox/133.0" "-"
2a02:8206:6b00:: - - [03/Jan/2025:00:18:18 +0100] "OPTIONS /wp-json/wp/v2/navigation/52?_locale=user HTTP/1.1" 200 6411 solarsolutionsgmbh.com "https://solarsolutionsgmbh.com/wp-admin/site-editor.php" "Mozilla/5.0 (Windows NT 10.0; Win64; x64; rv:133.0) Gecko/20100101 Firefox/133.0" "-"
2a02:8206:6b00:: - - [03/Jan/2025:00:18:18 +0100] "GET /wp-json/wp/v2/navigation/4?context=edit&_locale=user HTTP/1.1" 200 3196 solarsolutionsgmbh.com "https://solarsolutionsgmbh.com/wp-admin/site-editor.php" "Mozilla/5.0 (Windows NT 10.0; Win64; x64; rv:133.0) Gecko/20100101 Firefox/133.0" "-"
2a02:8206:6b00:: - - [03/Jan/2025:00:18:18 +0100] "GET /wp-json/wp/v2/navigation/52?context=edit&_locale=user HTTP/1.1" 200 2934 solarsolutionsgmbh.com "https://solarsolutionsgmbh.com/wp-admin/site-editor.php" "Mozilla/5.0 (Windows NT 10.0; Win64; x64; rv:133.0) Gecko/20100101 Firefox/133.0" "-"
2a02:8206:6b00:: - - [03/Jan/2025:00:18:18 +0100] "GET /wp-json/wp/v2/pages?context=view&parent=0&order=asc&orderby=id&per_page=100&lang=de&_locale=user HTTP/1.1" 200 46426 solarsolutionsgmbh.com "https://solarsolutionsgmbh.com/wp-admin/site-editor.php" "Mozilla/5.0 (Windows NT 10.0; Win64; x64; rv:133.0) Gecko/20100101 Firefox/133.0" "-"
2a02:8206:6b00:: - - [03/Jan/2025:00:18:18 +0100] "GET /wp-json/wp/v2/pages/13?context=edit&_locale=user HTTP/1.1" 200 9086 solarsolutionsgmbh.com "https://solarsolutionsgmbh.com/wp-admin/site-editor.php" "Mozilla/5.0 (Windows NT 10.0; Win64; x64; rv:133.0) Gecko/20100101 Firefox/133.0" "-"
2a02:8206:6b00:: - - [03/Jan/2025:00:18:18 +0100] "GET /wp-json/wp/v2/pages/14?context=edit&_locale=user HTTP/1.1" 200 19780 solarsolutionsgmbh.com "https://solarsolutionsgmbh.com/wp-admin/site-editor.php" "Mozilla/5.0 (Windows NT 10.0; Win64; x64; rv:133.0) Gecko/20100101 Firefox/133.0" "-"
2a02:8206:6b00:: - - [03/Jan/2025:00:18:18 +0100] "GET /wp-json/wp/v2/pages/16?context=edit&_locale=user HTTP/1.1" 200 20395 solarsolutionsgmbh.com "https://solarsolutionsgmbh.com/wp-admin/site-editor.php" "Mozilla/5.0 (Windows NT 10.0; Win64; x64; rv:133.0) Gecko/20100101 Firefox/133.0" "-"
2a02:8206:6b00:: - - [03/Jan/2025:00:18:18 +0100] "GET /wp-json/wp/v2/pages/3?context=edit&_locale=user HTTP/1.1" 200 15124 solarsolutionsgmbh.com "https://solarsolutionsgmbh.com/wp-admin/site-editor.php" "Mozilla/5.0 (Windows NT 10.0; Win64; x64; rv:133.0) Gecko/20100101 Firefox/133.0" "-"
2a02:8206:6b00:: - - [03/Jan/2025:00:18:18 +0100] "GET /wp-json/wp/v2/pages/17?context=edit&_locale=user HTTP/1.1" 200 2300 solarsolutionsgmbh.com "https://solarsolutionsgmbh.com/wp-admin/site-editor.php" "Mozilla/5.0 (Windows NT 10.0; Win64; x64; rv:133.0) Gecko/20100101 Firefox/133.0" "-"
2a02:8206:6b00:: - - [03/Jan/2025:00:18:18 +0100] "GET /wp-json/wp/v2/pages/15?context=edit&_locale=user HTTP/1.1" 200 9544 solarsolutionsgmbh.com "https://solarsolutionsgmbh.com/wp-admin/site-editor.php" "Mozilla/5.0 (Windows NT 10.0; Win64; x64; rv:133.0) Gecko/20100101 Firefox/133.0" "-"
2a02:8070:2400:: - - [03/Jan/2025:00:18:21 +0100] "POST /wp-admin/admin-ajax.php HTTP/1.1" 200 98 solarsolutionsgmbh.com "https://solarsolutionsgmbh.com/wp-admin/post.php?post=15&action=edit" "Mozilla/5.0 (Windows NT 10.0; Win64; x64; rv:133.0) Gecko/20100101 Firefox/133.0" "-"
2a02:8206:6b00:: - - [03/Jan/2025:00:18:23 +0100] "GET /wp-admin/themes.php HTTP/1.1" 200 89307 solarsolutionsgmbh.com "https://solarsolutionsgmbh.com/wp-admin/about.php" "Mozilla/5.0 (Windows NT 10.0; Win64; x64; rv:133.0) Gecko/20100101 Firefox/133.0" "-"
2a02:8070:2400:: - - [03/Jan/2025:00:18:24 +0100] "POST /wp-json/wp/v2/pages/15?_locale=user HTTP/1.1" 200 9544 solarsolutionsgmbh.com "https://solarsolutionsgmbh.com/wp-admin/post.php?post=15&action=edit" "Mozilla/5.0 (Windows NT 10.0; Win64; x64; rv:133.0) Gecko/20100101 Firefox/133.0" "-"
2a02:8070:2400:: - - [03/Jan/2025:00:18:26 +0100] "GET /Projekte/ HTTP/1.1" 200 79320 solarsolutionsgmbh.com "https://solarsolutionsgmbh.com/Newsletter/" "Mozilla/5.0 (Windows NT 10.0; Win64; x64; rv:133.0) Gecko/20100101 Firefox/133.0" "-"
2a02:8070:2400:: - - [03/Jan/2025:00:18:27 +0100] "GET /wp-content/uploads/2025/01/Photovoltaik-750x400.jpg HTTP/1.1" 304 - solarsolutionsgmbh.com "https://solarsolutionsgmbh.com/Projekte/" "Mozilla/5.0 (Windows NT 10.0; Win64; x64; rv:133.0) Gecko/20100101 Firefox/133.0" "-"
2a02:8070:2400:: - - [03/Jan/2025:00:18:27 +0100] "GET /wp-content/uploads/2025/01/Photovoltaik-2-284x151.jpg HTTP/1.1" 304 - solarsolutionsgmbh.com "https://solarsolutionsgmbh.com/Projekte/" "Mozilla/5.0 (Windows NT 10.0; Win64; x64; rv:133.0) Gecko/20100101 Firefox/133.0" "-"
2a02:8070:2400:: - - [03/Jan/2025:00:18:27 +0100] "GET /wp-content/uploads/2025/01/Photovoltaik-3-880x469.png HTTP/1.1" 304 - solarsolutionsgmbh.com "https://solarsolutionsgmbh.com/Projekte/" "Mozilla/5.0 (Windows NT 10.0; Win64; x64; rv:133.0) Gecko/20100101 Firefox/133.0" "-"
2a06:98c0:3600:: - - [03/Jan/2025:00:18:28 +0100] "GET /wordpress/wp-admin/setup-config.php HTTP/1.1" 404 61967 solarsolutionsgmbh.com "-" "Mozilla/5.0 (Windows NT 10.0; Win64; x64) AppleWebKit/537.36 (KHTML, like Gecko) Chrome/131.0.0.0 Safari/537.36" "-"
2a02:8070:2400:: - - [03/Jan/2025:00:18:32 +0100] "POST /wp-admin/admin-ajax.php HTTP/1.1" 200 98 solarsolutionsgmbh.com "https://solarsolutionsgmbh.com/wp-admin/post.php?post=15&action=edit" "Mozilla/5.0 (Windows NT 10.0; Win64; x64; rv:133.0) Gecko/20100101 Firefox/133.0" "-"
2a06:98c0:3600:: - - [03/Jan/2025:00:18:33 +0100] "GET /wordpress/wp-admin/setup-config.php HTTP/1.1" 404 61952 solarsolutionsgmbh.com "-" "Mozilla/5.0 (Windows NT 10.0; Win64; x64) AppleWebKit/537.36 (KHTML, like Gecko) Chrome/131.0.0.0 Safari/537.36" "-"
2a02:8206:6b00:: - - [03/Jan/2025:00:18:33 +0100] "GET /wp-admin/admin.php?page=mlang HTTP/1.1" 200 296086 solarsolutionsgmbh.com "https://solarsolutionsgmbh.com/wp-admin/themes.php" "Mozilla/5.0 (Windows NT 10.0; Win64; x64; rv:133.0) Gecko/20100101 Firefox/133.0" "-"
2a02:8206:6b00:: - - [03/Jan/2025:00:18:34 +0100] "GET /wp-content/plugins/polylang/css/build/admin.min.css?ver=3.6.5 HTTP/1.1" 304 - solarsolutionsgmbh.com "https://solarsolutionsgmbh.com/wp-admin/admin.php?page=mlang" "Mozilla/5.0 (Windows NT 10.0; Win64; x64; rv:133.0) Gecko/20100101 Firefox/133.0" "-"
2a02:8206:6b00:: - - [03/Jan/2025:00:18:34 +0100] "GET /wp-content/plugins/polylang/css/build/dialog.min.css?ver=3.6.5 HTTP/1.1" 304 - solarsolutionsgmbh.com "https://solarsolutionsgmbh.com/wp-admin/admin.php?page=mlang" "Mozilla/5.0 (Windows NT 10.0; Win64; x64; rv:133.0) Gecko/20100101 Firefox/133.0" "-"
2a02:8206:6b00:: - - [03/Jan/2025:00:18:34 +0100] "GET /wp-content/plugins/polylang/css/build/selectmenu.min.css?ver=3.6.5 HTTP/1.1" 304 - solarsolutionsgmbh.com "https://solarsolutionsgmbh.com/wp-admin/admin.php?page=mlang" "Mozilla/5.0 (Windows NT 10.0; Win64; x64; rv:133.0) Gecko/20100101 Firefox/133.0" "-"
2a02:8206:6b00:: - - [03/Jan/2025:00:18:34 +0100] "GET /wp-content/plugins/polylang/js/build/admin.min.js?ver=3.6.5 HTTP/1.1" 304 - solarsolutionsgmbh.com "https://solarsolutionsgmbh.com/wp-admin/admin.php?page=mlang" "Mozilla/5.0 (Windows NT 10.0; Win64; x64; rv:133.0) Gecko/20100101 Firefox/133.0" "-"
2a02:8070:2400:: - - [03/Jan/2025:00:18:35 +0100] "GET /wp-json/metaslider/v1/slideshow/preview?action=ms_get_preview&slideshow_id=146&override_preview_style=true HTTP/1.1" 200 8621 solarsolutionsgmbh.com "https://solarsolutionsgmbh.com/wp-admin/post.php?post=15&action=edit" "Mozilla/5.0 (Windows NT 10.0; Win64; x64; rv:133.0) Gecko/20100101 Firefox/133.0" "-"
2a02:8206:6b00:: - - [03/Jan/2025:00:18:36 +0100] "GET /wp-admin/admin.php?page=mlang_settings HTTP/1.1" 200 60612 solarsolutionsgmbh.com "https://solarsolutionsgmbh.com/wp-admin/admin.php?page=mlang" "Mozilla/5.0 (Windows NT 10.0; Win64; x64; rv:133.0) Gecko/20100101 Firefox/133.0" "-"
2a02:8070:2400:: - - [03/Jan/2025:00:18:36 +0100] "POST /wp-json/wp/v2/pages/15/autosaves?_locale=user HTTP/1.1" 200 8023 solarsolutionsgmbh.com "https://solarsolutionsgmbh.com/wp-admin/post.php?post=15&action=edit" "Mozilla/5.0 (Windows NT 10.0; Win64; x64; rv:133.0) Gecko/20100101 Firefox/133.0" "-"
2a02:8206:6b00:: - - [03/Jan/2025:00:18:41 +0100] "GET /wp-admin/admin.php?page=mlang_wizard HTTP/1.1" 200 90624 solarsolutionsgmbh.com "https://solarsolutionsgmbh.com/wp-admin/admin.php?page=mlang_settings" "Mozilla/5.0 (Windows NT 10.0; Win64; x64; rv:133.0) Gecko/20100101 Firefox/133.0" "-"
2a02:8206:6b00:: - - [03/Jan/2025:00:18:42 +0100] "GET /wp-content/plugins/polylang/js/build/languages-step.min.js?ver=3.6.5 HTTP/1.1" 304 - solarsolutionsgmbh.com "https://solarsolutionsgmbh.com/wp-admin/admin.php?page=mlang_wizard" "Mozilla/5.0 (Windows NT 10.0; Win64; x64; rv:133.0) Gecko/20100101 Firefox/133.0" "-"
2a02:8206:6b00:: - - [03/Jan/2025:00:18:42 +0100] "GET /wp-content/plugins/polylang/css/build/wizard.min.css?ver=3.6.5 HTTP/1.1" 304 - solarsolutionsgmbh.com "https://solarsolutionsgmbh.com/wp-admin/admin.php?page=mlang_wizard" "Mozilla/5.0 (Windows NT 10.0; Win64; x64; rv:133.0) Gecko/20100101 Firefox/133.0" "-"
2a02:8206:6b00:: - - [03/Jan/2025:00:18:42 +0100] "GET /wp-content/plugins/polylang/modules/wizard/images/polylang-logo.png HTTP/1.1" 304 - solarsolutionsgmbh.com "https://solarsolutionsgmbh.com/wp-admin/admin.php?page=mlang_wizard" "Mozilla/5.0 (Windows NT 10.0; Win64; x64; rv:133.0) Gecko/20100101 Firefox/133.0" "-"
2a02:8070:2400:: - - [03/Jan/2025:00:18:42 +0100] "POST /wp-admin/admin-ajax.php HTTP/1.1" 200 98 solarsolutionsgmbh.com "https://solarsolutionsgmbh.com/wp-admin/post.php?post=15&action=edit" "Mozilla/5.0 (Windows NT 10.0; Win64; x64; rv:133.0) Gecko/20100101 Firefox/133.0" "-"
2a02:8070:2400:: - - [03/Jan/2025:00:18:44 +0100] "POST /wp-json/wp/v2/pages/15?_locale=user HTTP/1.1" 200 10820 solarsolutionsgmbh.com "https://solarsolutionsgmbh.com/wp-admin/post.php?post=15&action=edit" "Mozilla/5.0 (Windows NT 10.0; Win64; x64; rv:133.0) Gecko/20100101 Firefox/133.0" "-"
2a02:8206:6b00:: - - [03/Jan/2025:00:18:45 +0100] "POST /wp-admin/admin.php?page=mlang_wizard HTTP/1.1" 302 - solarsolutionsgmbh.com "https://solarsolutionsgmbh.com/wp-admin/admin.php?page=mlang_wizard" "Mozilla/5.0 (Windows NT 10.0; Win64; x64; rv:133.0) Gecko/20100101 Firefox/133.0" "-"
2a02:8206:6b00:: - - [03/Jan/2025:00:18:46 +0100] "GET /wp-admin/admin.php?page=mlang_wizard&step=last HTTP/1.1" 200 6421 solarsolutionsgmbh.com "https://solarsolutionsgmbh.com/wp-admin/admin.php?page=mlang_wizard" "Mozilla/5.0 (Windows NT 10.0; Win64; x64; rv:133.0) Gecko/20100101 Firefox/133.0" "-"
2a02:8070:2400:: - - [03/Jan/2025:00:18:48 +0100] "GET /wp-json/metaslider/v1/slideshow/preview?action=ms_get_preview&slideshow_id=146&override_preview_style=true HTTP/1.1" 200 8621 solarsolutionsgmbh.com "https://solarsolutionsgmbh.com/wp-admin/post.php?post=15&action=edit" "Mozilla/5.0 (Windows NT 10.0; Win64; x64; rv:133.0) Gecko/20100101 Firefox/133.0" "-"
2a02:8070:2400:: - - [03/Jan/2025:00:18:50 +0100] "POST /wp-json/wp/v2/pages/15?_locale=user HTTP/1.1" 200 9544 solarsolutionsgmbh.com "https://solarsolutionsgmbh.com/wp-admin/post.php?post=15&action=edit" "Mozilla/5.0 (Windows NT 10.0; Win64; x64; rv:133.0) Gecko/20100101 Firefox/133.0" "-"
2a02:8206:6b00:: - - [03/Jan/2025:00:18:51 +0100] "GET /wp-admin/edit.php?post_type=page HTTP/1.1" 200 115616 solarsolutionsgmbh.com "https://solarsolutionsgmbh.com/wp-admin/admin.php?page=mlang_wizard&step=last" "Mozilla/5.0 (Windows NT 10.0; Win64; x64; rv:133.0) Gecko/20100101 Firefox/133.0" "-"
2a02:8206:6b00:: - - [03/Jan/2025:00:18:52 +0100] "GET /wp-content/plugins/polylang/js/build/post.min.js?ver=3.6.5 HTTP/1.1" 304 - solarsolutionsgmbh.com "https://solarsolutionsgmbh.com/wp-admin/edit.php?post_type=page" "Mozilla/5.0 (Windows NT 10.0; Win64; x64; rv:133.0) Gecko/20100101 Firefox/133.0" "-"
2a02:8206:6b00:: - - [03/Jan/2025:00:18:52 +0100] "POST /wp-admin/admin-ajax.php HTTP/1.1" 200 340 solarsolutionsgmbh.com "https://solarsolutionsgmbh.com/wp-admin/edit.php?post_type=page" "Mozilla/5.0 (Windows NT 10.0; Win64; x64; rv:133.0) Gecko/20100101 Firefox/133.0" "-"
2a02:8070:2400:: - - [03/Jan/2025:00:18:52 +0100] "POST /wp-admin/admin-ajax.php HTTP/1.1" 200 98 solarsolutionsgmbh.com "https://solarsolutionsgmbh.com/wp-admin/post.php?post=15&action=edit" "Mozilla/5.0 (Windows NT 10.0; Win64; x64; rv:133.0) Gecko/20100101 Firefox/133.0" "-"
2a02:8206:6b00:: - - [03/Jan/2025:00:19:02 +0100] "POST /wp-admin/admin-ajax.php HTTP/1.1" 200 340 solarsolutionsgmbh.com "https://solarsolutionsgmbh.com/wp-admin/edit.php?post_type=page" "Mozilla/5.0 (Windows NT 10.0; Win64; x64; rv:133.0) Gecko/20100101 Firefox/133.0" "-"
2a02:8070:2400:: - - [03/Jan/2025:00:19:02 +0100] "POST /wp-admin/admin-ajax.php HTTP/1.1" 200 98 solarsolutionsgmbh.com "https://solarsolutionsgmbh.com/wp-admin/post.php?post=15&action=edit" "Mozilla/5.0 (Windows NT 10.0; Win64; x64; rv:133.0) Gecko/20100101 Firefox/133.0" "-"
2a02:8206:6b00:: - - [03/Jan/2025:00:19:04 +0100] "GET /wp-admin/admin.php?page=mlang HTTP/1.1" 200 296086 solarsolutionsgmbh.com "https://solarsolutionsgmbh.com/wp-admin/edit.php?post_type=page" "Mozilla/5.0 (Windows NT 10.0; Win64; x64; rv:133.0) Gecko/20100101 Firefox/133.0" "-"
2a02:8206:6b00:: - - [03/Jan/2025:00:19:11 +0100] "GET / HTTP/1.1" 200 86029 solarsolutionsgmbh.com "https://solarsolutionsgmbh.com/wp-admin/admin.php?page=mlang" "Mozilla/5.0 (Windows NT 10.0; Win64; x64; rv:133.0) Gecko/20100101 Firefox/133.0" "-"
2a02:8206:6b00:: - - [03/Jan/2025:00:19:11 +0100] "GET /wp-content/themes/twentytwentyfour/assets/css/slider.css?ver=6.7.1 HTTP/1.1" 304 - solarsolutionsgmbh.com "https://solarsolutionsgmbh.com/" "Mozilla/5.0 (Windows NT 10.0; Win64; x64; rv:133.0) Gecko/20100101 Firefox/133.0" "-"
2a02:8206:6b00:: - - [03/Jan/2025:00:19:11 +0100] "GET /wp-content/themes/twentytwentyfour/assets/js/slider.js HTTP/1.1" 304 - solarsolutionsgmbh.com "https://solarsolutionsgmbh.com/" "Mozilla/5.0 (Windows NT 10.0; Win64; x64; rv:133.0) Gecko/20100101 Firefox/133.0" "-"
2a02:8070:2400:: - - [03/Jan/2025:00:19:12 +0100] "POST /wp-admin/admin-ajax.php HTTP/1.1" 200 98 solarsolutionsgmbh.com "https://solarsolutionsgmbh.com/wp-admin/post.php?post=15&action=edit" "Mozilla/5.0 (Windows NT 10.0; Win64; x64; rv:133.0) Gecko/20100101 Firefox/133.0" "-"
2a02:8206:6b00:: - - [03/Jan/2025:00:19:16 +0100] "GET /wp-admin/site-editor.php?postType=wp_template&postId=twentytwentyfour//home&canvas=edit HTTP/1.1" 200 761744 solarsolutionsgmbh.com "https://solarsolutionsgmbh.com/" "Mozilla/5.0 (Windows NT 10.0; Win64; x64; rv:133.0) Gecko/20100101 Firefox/133.0" "-"
2a02:8206:6b00:: - - [03/Jan/2025:00:19:17 +0100] "GET /wp-content/plugins/newsletter/includes/tnp-blocks.js?ver=8.6.4 HTTP/1.1" 200 9638 solarsolutionsgmbh.com "https://solarsolutionsgmbh.com/wp-admin/site-editor.php?postType=wp_template&postId=twentytwentyfour//home&canvas=edit" "Mozilla/5.0 (Windows NT 10.0; Win64; x64; rv:133.0) Gecko/20100101 Firefox/133.0" "-"
2a02:8206:6b00:: - - [03/Jan/2025:00:19:17 +0100] "GET /wp-includes/js/api-request.min.js?ver=6.7.1 HTTP/1.1" 200 1023 solarsolutionsgmbh.com "https://solarsolutionsgmbh.com/wp-admin/site-editor.php?postType=wp_template&postId=twentytwentyfour//home&canvas=edit" "Mozilla/5.0 (Windows NT 10.0; Win64; x64; rv:133.0) Gecko/20100101 Firefox/133.0" "-"
2a02:8206:6b00:: - - [03/Jan/2025:00:19:17 +0100] "GET /wp-content/plugins/polylang/js/build/block-editor.min.js?ver=3.6.5 HTTP/1.1" 304 - solarsolutionsgmbh.com "https://solarsolutionsgmbh.com/wp-admin/site-editor.php?postType=wp_template&postId=twentytwentyfour//home&canvas=edit" "Mozilla/5.0 (Windows NT 10.0; Win64; x64; rv:133.0) Gecko/20100101 Firefox/133.0" "-"
2a02:8206:6b00:: - - [03/Jan/2025:00:19:17 +0100] "GET /wp-content/plugins/newsletter/admin/images/menu-icon.png HTTP/1.1" 200 349 solarsolutionsgmbh.com "https://solarsolutionsgmbh.com/wp-admin/site-editor.php?postType=wp_template&postId=twentytwentyfour%2F%2Fhome&canvas=edit" "Mozilla/5.0 (Windows NT 10.0; Win64; x64; rv:133.0) Gecko/20100101 Firefox/133.0" "-"
2a02:8206:6b00:: - - [03/Jan/2025:00:19:17 +0100] "GET /wp-json/?_fields=description%2Cgmt_offset%2Chome%2Cname%2Csite_icon%2Csite_icon_url%2Csite_logo%2Ctimezone_string%2Curl&_locale=user HTTP/1.1" 200 617 solarsolutionsgmbh.com "https://solarsolutionsgmbh.com/wp-admin/site-editor.php?postType=wp_template&postId=twentytwentyfour%2F%2Fhome&canvas=edit" "Mozilla/5.0 (Windows NT 10.0; Win64; x64; rv:133.0) Gecko/20100101 Firefox/133.0" "-"
2a02:8206:6b00:: - - [03/Jan/2025:00:19:17 +0100] "OPTIONS /wp-json/wp/v2/settings?_locale=user HTTP/1.1" 200 5202 solarsolutionsgmbh.com "https://solarsolutionsgmbh.com/wp-admin/site-editor.php?postType=wp_template&postId=twentytwentyfour%2F%2Fhome&canvas=edit" "Mozilla/5.0 (Windows NT 10.0; Win64; x64; rv:133.0) Gecko/20100101 Firefox/133.0" "-"
2a02:8206:6b00:: - - [03/Jan/2025:00:19:17 +0100] "GET /wp-json/wp/v2/types?context=view&_locale=user HTTP/1.1" 200 5717 solarsolutionsgmbh.com "https://solarsolutionsgmbh.com/wp-admin/site-editor.php?postType=wp_template&postId=twentytwentyfour%2F%2Fhome&canvas=edit" "Mozilla/5.0 (Windows NT 10.0; Win64; x64; rv:133.0) Gecko/20100101 Firefox/133.0" "-"
2a02:8206:6b00:: - - [03/Jan/2025:00:19:17 +0100] "GET /wp-json/wp/v2/types?context=view&_locale=user HTTP/1.1" 200 5717 solarsolutionsgmbh.com "https://solarsolutionsgmbh.com/wp-admin/site-editor.php?postType=wp_template&postId=twentytwentyfour%2F%2Fhome&canvas=edit" "Mozilla/5.0 (Windows NT 10.0; Win64; x64; rv:133.0) Gecko/20100101 Firefox/133.0" "-"
2a02:8206:6b00:: - - [03/Jan/2025:00:19:17 +0100] "GET /wp-json/wp/v2/settings?_locale=user HTTP/1.1" 200 458 solarsolutionsgmbh.com "https://solarsolutionsgmbh.com/wp-admin/site-editor.php?postType=wp_template&postId=twentytwentyfour%2F%2Fhome&canvas=edit" "Mozilla/5.0 (Windows NT 10.0; Win64; x64; rv:133.0) Gecko/20100101 Firefox/133.0" "-"
2a02:8206:6b00:: - - [03/Jan/2025:00:19:18 +0100] "OPTIONS /wp-json/wp/v2/settings?_locale=user HTTP/1.1" 200 5202 solarsolutionsgmbh.com "https://solarsolutionsgmbh.com/wp-admin/site-editor.php?postType=wp_template&postId=twentytwentyfour%2F%2Fhome&canvas=edit" "Mozilla/5.0 (Windows NT 10.0; Win64; x64; rv:133.0) Gecko/20100101 Firefox/133.0" "-"
2a02:8206:6b00:: - - [03/Jan/2025:00:19:18 +0100] "OPTIONS /wp-json/wp/v2/media?lang=de&_locale=user HTTP/1.1" 200 11976 solarsolutionsgmbh.com "https://solarsolutionsgmbh.com/wp-admin/site-editor.php?postType=wp_template&postId=twentytwentyfour%2F%2Fhome&canvas=edit" "Mozilla/5.0 (Windows NT 10.0; Win64; x64; rv:133.0) Gecko/20100101 Firefox/133.0" "-"
2a02:8206:6b00:: - - [03/Jan/2025:00:19:18 +0100] "OPTIONS /wp-json/wp/v2/pages?lang=de&_locale=user HTTP/1.1" 200 12628 solarsolutionsgmbh.com "https://solarsolutionsgmbh.com/wp-admin/site-editor.php?postType=wp_template&postId=twentytwentyfour%2F%2Fhome&canvas=edit" "Mozilla/5.0 (Windows NT 10.0; Win64; x64; rv:133.0) Gecko/20100101 Firefox/133.0" "-"
2a02:8206:6b00:: - - [03/Jan/2025:00:19:18 +0100] "GET /wp-json/wp/v2/block-patterns/categories?_locale=user HTTP/1.1" 200 2041 solarsolutionsgmbh.com "https://solarsolutionsgmbh.com/wp-admin/site-editor.php?postType=wp_template&postId=twentytwentyfour%2F%2Fhome&canvas=edit" "Mozilla/5.0 (Windows NT 10.0; Win64; x64; rv:133.0) Gecko/20100101 Firefox/133.0" "-"
2a02:8206:6b00:: - - [03/Jan/2025:00:19:18 +0100] "OPTIONS /wp-json/wp/v2/templates?_locale=user HTTP/1.1" 200 5192 solarsolutionsgmbh.com "https://solarsolutionsgmbh.com/wp-admin/site-editor.php?postType=wp_template&postId=twentytwentyfour%2F%2Fhome&canvas=edit" "Mozilla/5.0 (Windows NT 10.0; Win64; x64; rv:133.0) Gecko/20100101 Firefox/133.0" "-"
2a02:8206:6b00:: - - [03/Jan/2025:00:19:18 +0100] "GET /wp-json/wp/v2/users?context=view&who=authors&per_page=50&_fields=id%2Cname&_locale=user HTTP/1.1" 200 124 solarsolutionsgmbh.com "https://solarsolutionsgmbh.com/wp-admin/site-editor.php?postType=wp_template&postId=twentytwentyfour%2F%2Fhome&canvas=edit" "Mozilla/5.0 (Windows NT 10.0; Win64; x64; rv:133.0) Gecko/20100101 Firefox/133.0" "-"
2a02:8206:6b00:: - - [03/Jan/2025:00:19:18 +0100] "GET /wp-json/wp/v2/taxonomies?context=edit&per_page=100&_locale=user HTTP/1.1" 200 9486 solarsolutionsgmbh.com "https://solarsolutionsgmbh.com/wp-admin/site-editor.php?postType=wp_template&postId=twentytwentyfour%2F%2Fhome&canvas=edit" "Mozilla/5.0 (Windows NT 10.0; Win64; x64; rv:133.0) Gecko/20100101 Firefox/133.0" "-"
2a02:8206:6b00:: - - [03/Jan/2025:00:19:18 +0100] "GET /wp-json/wp/v2/block-patterns/patterns?_locale=user HTTP/1.1" 200 576689 solarsolutionsgmbh.com "https://solarsolutionsgmbh.com/wp-admin/site-editor.php?postType=wp_template&postId=twentytwentyfour%2F%2Fhome&canvas=edit" "Mozilla/5.0 (Windows NT 10.0; Win64; x64; rv:133.0) Gecko/20100101 Firefox/133.0" "-"
2a02:8206:6b00:: - - [03/Jan/2025:00:19:18 +0100] "GET /wp-json/wp/v2/taxonomies?context=view&_locale=user HTTP/1.1" 200 1719 solarsolutionsgmbh.com "https://solarsolutionsgmbh.com/wp-admin/site-editor.php?postType=wp_template&postId=twentytwentyfour%2F%2Fhome&canvas=edit" "Mozilla/5.0 (Windows NT 10.0; Win64; x64; rv:133.0) Gecko/20100101 Firefox/133.0" "-"
2a02:8206:6b00:: - - [03/Jan/2025:00:19:18 +0100] "GET /wp-json/wp/v2/blocks?context=edit&per_page=100&lang=de&_locale=user HTTP/1.1" 200 2 solarsolutionsgmbh.com "https://solarsolutionsgmbh.com/wp-admin/site-editor.php?postType=wp_template&postId=twentytwentyfour%2F%2Fhome&canvas=edit" "Mozilla/5.0 (Windows NT 10.0; Win64; x64; rv:133.0) Gecko/20100101 Firefox/133.0" "-"
2a02:8206:6b00:: - - [03/Jan/2025:00:19:18 +0100] "GET /wp-json/wp/v2/template-parts/twentytwentyfour//header?context=edit&_locale=user HTTP/1.1" 200 3213 solarsolutionsgmbh.com "https://solarsolutionsgmbh.com/wp-admin/site-editor.php?postType=wp_template&postId=twentytwentyfour%2F%2Fhome&canvas=edit" "Mozilla/5.0 (Windows NT 10.0; Win64; x64; rv:133.0) Gecko/20100101 Firefox/133.0" "-"
2a02:8206:6b00:: - - [03/Jan/2025:00:19:18 +0100] "GET /wp-json/wp/v2/template-parts/twentytwentyfour//footer?context=edit&_locale=user HTTP/1.1" 200 6125 solarsolutionsgmbh.com "https://solarsolutionsgmbh.com/wp-admin/site-editor.php?postType=wp_template&postId=twentytwentyfour%2F%2Fhome&canvas=edit" "Mozilla/5.0 (Windows NT 10.0; Win64; x64; rv:133.0) Gecko/20100101 Firefox/133.0" "-"
2a02:8206:6b00:: - - [03/Jan/2025:00:19:19 +0100] "GET /wp-json/wp/v2/wp_pattern_category?context=view&per_page=100&_fields=id%2Cname%2Cdescription%2Cslug&_locale=user HTTP/1.1" 200 2 solarsolutionsgmbh.com "https://solarsolutionsgmbh.com/wp-admin/site-editor.php?postType=wp_template&postId=twentytwentyfour%2F%2Fhome&canvas=edit" "Mozilla/5.0 (Windows NT 10.0; Win64; x64; rv:133.0) Gecko/20100101 Firefox/133.0" "-"
2a02:8206:6b00:: - - [03/Jan/2025:00:19:19 +0100] "GET /wp-json/wp/v2/media/45?context=view&_locale=user HTTP/1.1" 200 3139 solarsolutionsgmbh.com "https://solarsolutionsgmbh.com/wp-admin/site-editor.php?postType=wp_template&postId=twentytwentyfour%2F%2Fhome&canvas=edit" "Mozilla/5.0 (Windows NT 10.0; Win64; x64; rv:133.0) Gecko/20100101 Firefox/133.0" "-"
2a02:8206:6b00:: - - [03/Jan/2025:00:19:19 +0100] "GET /wp-json/wp/v2/menus?context=view&per_page=100&_locale=user HTTP/1.1" 200 2 solarsolutionsgmbh.com "https://solarsolutionsgmbh.com/wp-admin/site-editor.php?postType=wp_template&postId=twentytwentyfour%2F%2Fhome&canvas=edit" "Mozilla/5.0 (Windows NT 10.0; Win64; x64; rv:133.0) Gecko/20100101 Firefox/133.0" "-"
2a02:8206:6b00:: - - [03/Jan/2025:00:19:19 +0100] "OPTIONS /wp-json/wp/v2/navigation/4?_locale=user HTTP/1.1" 200 6411 solarsolutionsgmbh.com "https://solarsolutionsgmbh.com/wp-admin/site-editor.php?postType=wp_template&postId=twentytwentyfour%2F%2Fhome&canvas=edit" "Mozilla/5.0 (Windows NT 10.0; Win64; x64; rv:133.0) Gecko/20100101 Firefox/133.0" "-"
2a02:8206:6b00:: - - [03/Jan/2025:00:19:19 +0100] "GET /wp-json/wp/v2/navigation/4?context=edit&_locale=user HTTP/1.1" 200 3196 solarsolutionsgmbh.com "https://solarsolutionsgmbh.com/wp-admin/site-editor.php?postType=wp_template&postId=twentytwentyfour%2F%2Fhome&canvas=edit" "Mozilla/5.0 (Windows NT 10.0; Win64; x64; rv:133.0) Gecko/20100101 Firefox/133.0" "-"
2a02:8206:6b00:: - - [03/Jan/2025:00:19:19 +0100] "GET /wp-json/wp/v2/pages?context=view&parent=0&order=asc&orderby=id&per_page=100&lang=de&_locale=user HTTP/1.1" 200 46426 solarsolutionsgmbh.com "https://solarsolutionsgmbh.com/wp-admin/site-editor.php?postType=wp_template&postId=twentytwentyfour%2F%2Fhome&canvas=edit" "Mozilla/5.0 (Windows NT 10.0; Win64; x64; rv:133.0) Gecko/20100101 Firefox/133.0" "-"
2a02:8206:6b00:: - - [03/Jan/2025:00:19:19 +0100] "GET /wp-json/wp/v2/pages/14?context=edit&_locale=user HTTP/1.1" 200 19780 solarsolutionsgmbh.com "https://solarsolutionsgmbh.com/wp-admin/site-editor.php?postType=wp_template&postId=twentytwentyfour%2F%2Fhome&canvas=edit" "Mozilla/5.0 (Windows NT 10.0; Win64; x64; rv:133.0) Gecko/20100101 Firefox/133.0" "-"
2a02:8206:6b00:: - - [03/Jan/2025:00:19:19 +0100] "GET /wp-json/wp/v2/pages/13?context=edit&_locale=user HTTP/1.1" 200 9086 solarsolutionsgmbh.com "https://solarsolutionsgmbh.com/wp-admin/site-editor.php?postType=wp_template&postId=twentytwentyfour%2F%2Fhome&canvas=edit" "Mozilla/5.0 (Windows NT 10.0; Win64; x64; rv:133.0) Gecko/20100101 Firefox/133.0" "-"
2a02:8206:6b00:: - - [03/Jan/2025:00:19:19 +0100] "GET /wp-json/wp/v2/pages/15?context=edit&_locale=user HTTP/1.1" 200 9544 solarsolutionsgmbh.com "https://solarsolutionsgmbh.com/wp-admin/site-editor.php?postType=wp_template&postId=twentytwentyfour%2F%2Fhome&canvas=edit" "Mozilla/5.0 (Windows NT 10.0; Win64; x64; rv:133.0) Gecko/20100101 Firefox/133.0" "-"
2a02:8206:6b00:: - - [03/Jan/2025:00:19:19 +0100] "GET /wp-json/wp/v2/pages/3?context=edit&_locale=user HTTP/1.1" 200 15124 solarsolutionsgmbh.com "https://solarsolutionsgmbh.com/wp-admin/site-editor.php?postType=wp_template&postId=twentytwentyfour%2F%2Fhome&canvas=edit" "Mozilla/5.0 (Windows NT 10.0; Win64; x64; rv:133.0) Gecko/20100101 Firefox/133.0" "-"
2a02:8206:6b00:: - - [03/Jan/2025:00:19:19 +0100] "GET /wp-json/wp/v2/pages/16?context=edit&_locale=user HTTP/1.1" 200 20395 solarsolutionsgmbh.com "https://solarsolutionsgmbh.com/wp-admin/site-editor.php?postType=wp_template&postId=twentytwentyfour%2F%2Fhome&canvas=edit" "Mozilla/5.0 (Windows NT 10.0; Win64; x64; rv:133.0) Gecko/20100101 Firefox/133.0" "-"
2a02:8206:6b00:: - - [03/Jan/2025:00:19:19 +0100] "GET /wp-json/wp/v2/pages/17?context=edit&_locale=user HTTP/1.1" 200 2300 solarsolutionsgmbh.com "https://solarsolutionsgmbh.com/wp-admin/site-editor.php?postType=wp_template&postId=twentytwentyfour%2F%2Fhome&canvas=edit" "Mozilla/5.0 (Windows NT 10.0; Win64; x64; rv:133.0) Gecko/20100101 Firefox/133.0" "-"
2a02:8206:6b00:: - - [03/Jan/2025:00:19:20 +0100] "OPTIONS /wp-json/wp/v2/navigation?_locale=user HTTP/1.1" 200 8445 solarsolutionsgmbh.com "https://solarsolutionsgmbh.com/wp-admin/site-editor.php?postType=wp_template&postId=twentytwentyfour%2F%2Fhome&canvas=edit" "Mozilla/5.0 (Windows NT 10.0; Win64; x64; rv:133.0) Gecko/20100101 Firefox/133.0" "-"
2a02:8206:6b00:: - - [03/Jan/2025:00:19:20 +0100] "GET /wp-json/wp-block-editor/v1/navigation-fallback?_embed=true&_locale=user HTTP/1.1" 200 1555 solarsolutionsgmbh.com "https://solarsolutionsgmbh.com/wp-admin/site-editor.php?postType=wp_template&postId=twentytwentyfour%2F%2Fhome&canvas=edit" "Mozilla/5.0 (Windows NT 10.0; Win64; x64; rv:133.0) Gecko/20100101 Firefox/133.0" "-"
2a02:8206:6b00:: - - [03/Jan/2025:00:19:20 +0100] "GET /wp-json/wp/v2/navigation?context=edit&_locale=user HTTP/1.1" 200 7926 solarsolutionsgmbh.com "https://solarsolutionsgmbh.com/wp-admin/site-editor.php?postType=wp_template&postId=twentytwentyfour%2F%2Fhome&canvas=edit" "Mozilla/5.0 (Windows NT 10.0; Win64; x64; rv:133.0) Gecko/20100101 Firefox/133.0" "-"
2a02:8070:2400:: - - [03/Jan/2025:00:19:22 +0100] "POST /wp-admin/admin-ajax.php HTTP/1.1" 200 98 solarsolutionsgmbh.com "https://solarsolutionsgmbh.com/wp-admin/post.php?post=15&action=edit" "Mozilla/5.0 (Windows NT 10.0; Win64; x64; rv:133.0) Gecko/20100101 Firefox/133.0" "-"
2a02:8070:2400:: - - [03/Jan/2025:00:19:22 +0100] "POST /wp-json/wp/v2/pages/15?_locale=user HTTP/1.1" 200 9544 solarsolutionsgmbh.com "https://solarsolutionsgmbh.com/wp-admin/post.php?post=15&action=edit" "Mozilla/5.0 (Windows NT 10.0; Win64; x64; rv:133.0) Gecko/20100101 Firefox/133.0" "-"
2a02:8206:6b00:: - - [03/Jan/2025:00:19:24 +0100] "GET /wp-json/wp/v2/types?context=edit&_locale=user HTTP/1.1" 200 30347 solarsolutionsgmbh.com "https://solarsolutionsgmbh.com/wp-admin/site-editor.php?postType=wp_template&postId=twentytwentyfour%2F%2Fhome&canvas=edit" "Mozilla/5.0 (Windows NT 10.0; Win64; x64; rv:133.0) Gecko/20100101 Firefox/133.0" "-"
2a02:8206:6b00:: - - [03/Jan/2025:00:19:24 +0100] "OPTIONS /wp-json/wp/v2/undefined/?context=edit&_locale=user HTTP/1.1" 200 2 solarsolutionsgmbh.com "https://solarsolutionsgmbh.com/wp-admin/site-editor.php?postType=wp_template&postId=twentytwentyfour%2F%2Fhome&canvas=edit" "Mozilla/5.0 (Windows NT 10.0; Win64; x64; rv:133.0) Gecko/20100101 Firefox/133.0" "-"
2a02:8070:2400:: - - [03/Jan/2025:00:19:26 +0100] "GET /Projekte/ HTTP/1.1" 200 79320 solarsolutionsgmbh.com "https://solarsolutionsgmbh.com/Newsletter/" "Mozilla/5.0 (Windows NT 10.0; Win64; x64; rv:133.0) Gecko/20100101 Firefox/133.0" "-"
2a02:8070:2400:: - - [03/Jan/2025:00:19:26 +0100] "GET /wp-content/themes/twentytwentyfour/assets/js/slider.js HTTP/1.1" 304 - solarsolutionsgmbh.com "https://solarsolutionsgmbh.com/Projekte/" "Mozilla/5.0 (Windows NT 10.0; Win64; x64; rv:133.0) Gecko/20100101 Firefox/133.0" "-"
2a02:8070:2400:: - - [03/Jan/2025:00:19:26 +0100] "GET /wp-content/themes/twentytwentyfour/assets/css/slider.css?ver=6.7.1 HTTP/1.1" 304 - solarsolutionsgmbh.com "https://solarsolutionsgmbh.com/Projekte/" "Mozilla/5.0 (Windows NT 10.0; Win64; x64; rv:133.0) Gecko/20100101 Firefox/133.0" "-"
2a02:8070:2400:: - - [03/Jan/2025:00:19:30 +0100] "GET /wp-json/metaslider/v1/slideshow/preview?action=ms_get_preview&slideshow_id=146&override_preview_style=true HTTP/1.1" 200 8621 solarsolutionsgmbh.com "https://solarsolutionsgmbh.com/wp-admin/post.php?post=15&action=edit" "Mozilla/5.0 (Windows NT 10.0; Win64; x64; rv:133.0) Gecko/20100101 Firefox/133.0" "-"
2a02:8070:2400:: - - [03/Jan/2025:00:19:32 +0100] "POST /wp-json/wp/v2/pages/15?_locale=user HTTP/1.1" 200 9544 solarsolutionsgmbh.com "https://solarsolutionsgmbh.com/wp-admin/post.php?post=15&action=edit" "Mozilla/5.0 (Windows NT 10.0; Win64; x64; rv:133.0) Gecko/20100101 Firefox/133.0" "-"
2a02:8070:2400:: - - [03/Jan/2025:00:19:32 +0100] "POST /wp-admin/admin-ajax.php HTTP/1.1" 200 98 solarsolutionsgmbh.com "https://solarsolutionsgmbh.com/wp-admin/post.php?post=15&action=edit" "Mozilla/5.0 (Windows NT 10.0; Win64; x64; rv:133.0) Gecko/20100101 Firefox/133.0" "-"
2a02:8070:2400:: - - [03/Jan/2025:00:19:42 +0100] "POST /wp-admin/admin-ajax.php HTTP/1.1" 200 98 solarsolutionsgmbh.com "https://solarsolutionsgmbh.com/wp-admin/post.php?post=15&action=edit" "Mozilla/5.0 (Windows NT 10.0; Win64; x64; rv:133.0) Gecko/20100101 Firefox/133.0" "-"
2a02:8070:2400:: - - [03/Jan/2025:00:19:44 +0100] "POST /wp-admin/admin-ajax.php HTTP/1.1" 200 47 solarsolutionsgmbh.com "https://solarsolutionsgmbh.com/wp-admin/site-editor.php" "Mozilla/5.0 (Windows NT 10.0; Win64; x64; rv:133.0) Gecko/20100101 Firefox/133.0" "-"
2a02:8070:2400:: - - [03/Jan/2025:00:19:52 +0100] "POST /wp-admin/admin-ajax.php HTTP/1.1" 200 98 solarsolutionsgmbh.com "https://solarsolutionsgmbh.com/wp-admin/post.php?post=15&action=edit" "Mozilla/5.0 (Windows NT 10.0; Win64; x64; rv:133.0) Gecko/20100101 Firefox/133.0" "-"
