82.165.90.0 - - [03/Jan/2025:00:19:53 +0100] "POST /wp-cron.php?doing_wp_cron=1735859993.0421330928802490234375 HTTP/1.1" 200 - solarsolutionsgmbh.com "-" "WordPress/6.7.1; https://solarsolutionsgmbh.com" "-"
2a02:8206:6b00:: - - [03/Jan/2025:00:19:54 +0100] "GET /wp-json/wp/v2/taxonomies?context=edit&_locale=user HTTP/1.1" 200 9486 solarsolutionsgmbh.com "https://solarsolutionsgmbh.com/wp-admin/site-editor.php?postType=wp_template&postId=twentytwentyfour%2F%2Fhome&canvas=edit" "Mozilla/5.0 (Windows NT 10.0; Win64; x64; rv:133.0) Gecko/20100101 Firefox/133.0" "-"
2a02:8206:6b00:: - - [03/Jan/2025:00:19:54 +0100] "GET /wp-json/wp/v2/tags?context=view&per_page=100&hide_empty=true&lang=de&_locale=user HTTP/1.1" 200 2 solarsolutionsgmbh.com "https://solarsolutionsgmbh.com/wp-admin/site-editor.php?postType=wp_template&postId=twentytwentyfour%2F%2Fhome&canvas=edit" "Mozilla/5.0 (Windows NT 10.0; Win64; x64; rv:133.0) Gecko/20100101 Firefox/133.0" "-"
2a02:8206:6b00:: - - [03/Jan/2025:00:19:54 +0100] "GET /wp-json/wp/v2/block-renderer/core/latest-comments?context=edit&attributes%5BcommentsToShow%5D=5&attributes%5BdisplayAvatar%5D=true&attributes%5BdisplayDate%5D=true&attributes%5BdisplayExcerpt%5D=true&_locale=site HTTP/1.1" 200 1211 solarsolutionsgmbh.com "https://solarsolutionsgmbh.com/wp-admin/site-editor.php?postType=wp_template&postId=twentytwentyfour%2F%2Fhome&canvas=edit" "Mozilla/5.0 (Windows NT 10.0; Win64; x64; rv:133.0) Gecko/20100101 Firefox/133.0" "-"
2a02:8206:6b00:: - - [03/Jan/2025:00:19:55 +0100] "GET /wp-json/wp/v2/pages?context=edit&per_page=100&_fields=id%2Clink%2Cmenu_order%2Cparent%2Ctitle%2Ctype&orderby=menu_order&order=asc&lang=de&_locale=user HTTP/1.1" 200 1318 solarsolutionsgmbh.com "https://solarsolutionsgmbh.com/wp-admin/site-editor.php?postType=wp_template&postId=twentytwentyfour%2F%2Fhome&canvas=edit" "Mozilla/5.0 (Windows NT 10.0; Win64; x64; rv:133.0) Gecko/20100101 Firefox/133.0" "-"
2a02:8206:6b00:: - - [03/Jan/2025:00:19:59 +0100] "GET /wp-json/wp/v2/block-renderer/core/tag-cloud?context=edit&attributes%5BnumberOfTags%5D=45&attributes%5Btaxonomy%5D=post_tag&attributes%5BshowTagCounts%5D=false&attributes%5BsmallestFontSize%5D=8pt&attributes%5BlargestFontSize%5D=22pt&_locale=user HTTP/1.1" 200 111 solarsolutionsgmbh.com "https://solarsolutionsgmbh.com/wp-admin/site-editor.php?postType=wp_template&postId=twentytwentyfour%2F%2Fhome&canvas=edit" "Mozilla/5.0 (Windows NT 10.0; Win64; x64; rv:133.0) Gecko/20100101 Firefox/133.0" "-"
2a02:8206:6b00:: - - [03/Jan/2025:00:20:02 +0100] "GET /wp-json/wp/v2/posts?context=edit&offset=0&order=desc&orderby=date&per_page=4&sticky=false&lang=de&_locale=user HTTP/1.1" 200 3230 solarsolutionsgmbh.com "https://solarsolutionsgmbh.com/wp-admin/site-editor.php?postType=wp_template&postId=twentytwentyfour%2F%2Fhome&canvas=edit" "Mozilla/5.0 (Windows NT 10.0; Win64; x64; rv:133.0) Gecko/20100101 Firefox/133.0" "-"
2a02:8070:2400:: - - [03/Jan/2025:00:20:02 +0100] "POST /wp-admin/admin-ajax.php HTTP/1.1" 200 98 solarsolutionsgmbh.com "https://solarsolutionsgmbh.com/wp-admin/post.php?post=15&action=edit" "Mozilla/5.0 (Windows NT 10.0; Win64; x64; rv:133.0) Gecko/20100101 Firefox/133.0" "-"
2a02:8206:6b00:: - - [03/Jan/2025:00:20:02 +0100] "GET /wp-admin/site-editor.php?_wp-find-template=true&_locale=user HTTP/1.1" 200 751049 solarsolutionsgmbh.com "https://solarsolutionsgmbh.com/wp-admin/site-editor.php?postType=wp_template&postId=twentytwentyfour%2F%2Fhome&canvas=edit" "Mozilla/5.0 (Windows NT 10.0; Win64; x64; rv:133.0) Gecko/20100101 Firefox/133.0" "-"
2a02:8206:6b00:: - - [03/Jan/2025:00:20:04 +0100] "GET /wp-json/wp/v2/categories?context=view&per_page=100&lang=de&_locale=user HTTP/1.1" 200 689 solarsolutionsgmbh.com "https://solarsolutionsgmbh.com/wp-admin/site-editor.php?postType=wp_template&postId=twentytwentyfour%2F%2Fhome&canvas=edit" "Mozilla/5.0 (Windows NT 10.0; Win64; x64; rv:133.0) Gecko/20100101 Firefox/133.0" "-"
2a02:8206:6b00:: - - [03/Jan/2025:00:20:04 +0100] "GET /wp-json/wp/v2/taxonomies/category?context=edit&_locale=user HTTP/1.1" 200 2316 solarsolutionsgmbh.com "https://solarsolutionsgmbh.com/wp-admin/site-editor.php?postType=wp_template&postId=twentytwentyfour%2F%2Fhome&canvas=edit" "Mozilla/5.0 (Windows NT 10.0; Win64; x64; rv:133.0) Gecko/20100101 Firefox/133.0" "-"
2a02:8070:2400:: - - [03/Jan/2025:00:20:12 +0100] "POST /wp-admin/admin-ajax.php HTTP/1.1" 200 98 solarsolutionsgmbh.com "https://solarsolutionsgmbh.com/wp-admin/post.php?post=15&action=edit" "Mozilla/5.0 (Windows NT 10.0; Win64; x64; rv:133.0) Gecko/20100101 Firefox/133.0" "-"
2a02:8206:6b00:: - - [03/Jan/2025:00:20:17 +0100] "POST /wp-admin/admin-ajax.php HTTP/1.1" 200 47 solarsolutionsgmbh.com "https://solarsolutionsgmbh.com/wp-admin/site-editor.php?postType=wp_template&postId=twentytwentyfour%2F%2Fhome&canvas=edit" "Mozilla/5.0 (Windows NT 10.0; Win64; x64; rv:133.0) Gecko/20100101 Firefox/133.0" "-"
2a02:8206:6b00:: - - [03/Jan/2025:00:20:21 +0100] "GET /wp-json/wp/v2/taxonomies/post_tag?context=edit&_locale=user HTTP/1.1" 200 2264 solarsolutionsgmbh.com "https://solarsolutionsgmbh.com/wp-admin/site-editor.php?postType=wp_template&postId=twentytwentyfour%2F%2Fhome&canvas=edit" "Mozilla/5.0 (Windows NT 10.0; Win64; x64; rv:133.0) Gecko/20100101 Firefox/133.0" "-"
2a02:8206:6b00:: - - [03/Jan/2025:00:20:21 +0100] "GET /wp-json/wp/v2/tags?context=view&per_page=100&lang=de&_locale=user HTTP/1.1" 200 2 solarsolutionsgmbh.com "https://solarsolutionsgmbh.com/wp-admin/site-editor.php?postType=wp_template&postId=twentytwentyfour%2F%2Fhome&canvas=edit" "Mozilla/5.0 (Windows NT 10.0; Win64; x64; rv:133.0) Gecko/20100101 Firefox/133.0" "-"
2a02:8070:2400:: - - [03/Jan/2025:00:20:22 +0100] "POST /wp-admin/admin-ajax.php HTTP/1.1" 200 98 solarsolutionsgmbh.com "https://solarsolutionsgmbh.com/wp-admin/post.php?post=15&action=edit" "Mozilla/5.0 (Windows NT 10.0; Win64; x64; rv:133.0) Gecko/20100101 Firefox/133.0" "-"
2a02:8206:6b00:: - - [03/Jan/2025:00:20:32 +0100] "OPTIONS /wp-json/wp/v2/block-directory/search?_locale=user HTTP/1.1" 200 2343 solarsolutionsgmbh.com "https://solarsolutionsgmbh.com/wp-admin/site-editor.php?postType=wp_template&postId=twentytwentyfour%2F%2Fhome&canvas=edit" "Mozilla/5.0 (Windows NT 10.0; Win64; x64; rv:133.0) Gecko/20100101 Firefox/133.0" "-"
2a02:8070:2400:: - - [03/Jan/2025:00:20:32 +0100] "POST /wp-admin/admin-ajax.php HTTP/1.1" 200 98 solarsolutionsgmbh.com "https://solarsolutionsgmbh.com/wp-admin/post.php?post=15&action=edit" "Mozilla/5.0 (Windows NT 10.0; Win64; x64; rv:133.0) Gecko/20100101 Firefox/133.0" "-"
2a02:8206:6b00:: - - [03/Jan/2025:00:20:32 +0100] "GET /wp-json/wp/v2/block-directory/search?term=sprach&_locale=user HTTP/1.1" 200 2 solarsolutionsgmbh.com "https://solarsolutionsgmbh.com/wp-admin/site-editor.php?postType=wp_template&postId=twentytwentyfour%2F%2Fhome&canvas=edit" "Mozilla/5.0 (Windows NT 10.0; Win64; x64; rv:133.0) Gecko/20100101 Firefox/133.0" "-"
2a02:8070:2400:: - - [03/Jan/2025:00:20:36 +0100] "POST /wp-json/wp/v2/pages/15/autosaves?_locale=user HTTP/1.1" 200 8023 solarsolutionsgmbh.com "https://solarsolutionsgmbh.com/wp-admin/post.php?post=15&action=edit" "Mozilla/5.0 (Windows NT 10.0; Win64; x64; rv:133.0) Gecko/20100101 Firefox/133.0" "-"
2a02:8206:6b00:: - - [03/Jan/2025:00:20:36 +0100] "GET /wp-json/wp/v2/block-directory/search?term=sprachumschal&_locale=user HTTP/1.1" 200 2 solarsolutionsgmbh.com "https://solarsolutionsgmbh.com/wp-admin/site-editor.php?postType=wp_template&postId=twentytwentyfour%2F%2Fhome&canvas=edit" "Mozilla/5.0 (Windows NT 10.0; Win64; x64; rv:133.0) Gecko/20100101 Firefox/133.0" "-"
2a02:8070:2400:: - - [03/Jan/2025:00:20:38 +0100] "GET /wp-json/metaslider/v1/slideshow/preview?action=ms_get_preview&slideshow_id=146&override_preview_style=true HTTP/1.1" 200 8621 solarsolutionsgmbh.com "https://solarsolutionsgmbh.com/wp-admin/post.php?post=15&action=edit" "Mozilla/5.0 (Windows NT 10.0; Win64; x64; rv:133.0) Gecko/20100101 Firefox/133.0" "-"
2a02:8206:6b00:: - - [03/Jan/2025:00:20:39 +0100] "GET /wp-json/wp/v2/media?context=edit&per_page=1&media_type=audio&orderBy=date&lang=de&_locale=user HTTP/1.1" 200 2 solarsolutionsgmbh.com "https://solarsolutionsgmbh.com/wp-admin/site-editor.php?postType=wp_template&postId=twentytwentyfour%2F%2Fhome&canvas=edit" "Mozilla/5.0 (Windows NT 10.0; Win64; x64; rv:133.0) Gecko/20100101 Firefox/133.0" "-"
2a02:8206:6b00:: - - [03/Jan/2025:00:20:39 +0100] "GET /wp-json/wp/v2/media?context=edit&per_page=1&media_type=video&orderBy=date&lang=de&_locale=user HTTP/1.1" 200 2 solarsolutionsgmbh.com "https://solarsolutionsgmbh.com/wp-admin/site-editor.php?postType=wp_template&postId=twentytwentyfour%2F%2Fhome&canvas=edit" "Mozilla/5.0 (Windows NT 10.0; Win64; x64; rv:133.0) Gecko/20100101 Firefox/133.0" "-"
2a02:8206:6b00:: - - [03/Jan/2025:00:20:39 +0100] "GET /wp-json/wp/v2/media?context=edit&per_page=1&media_type=image&orderBy=date&lang=de&_locale=user HTTP/1.1" 200 4436 solarsolutionsgmbh.com "https://solarsolutionsgmbh.com/wp-admin/site-editor.php?postType=wp_template&postId=twentytwentyfour%2F%2Fhome&canvas=edit" "Mozilla/5.0 (Windows NT 10.0; Win64; x64; rv:133.0) Gecko/20100101 Firefox/133.0" "-"
2a02:8070:2400:: - - [03/Jan/2025:00:20:42 +0100] "POST /wp-admin/admin-ajax.php HTTP/1.1" 200 98 solarsolutionsgmbh.com "https://solarsolutionsgmbh.com/wp-admin/post.php?post=15&action=edit" "Mozilla/5.0 (Windows NT 10.0; Win64; x64; rv:133.0) Gecko/20100101 Firefox/133.0" "-"
2a02:8070:2400:: - - [03/Jan/2025:00:20:44 +0100] "GET /wp-json/metaslider/v1/slideshow/preview?action=ms_get_preview&slideshow_id=146&override_preview_style=true HTTP/1.1" 200 8621 solarsolutionsgmbh.com "https://solarsolutionsgmbh.com/wp-admin/post.php?post=15&action=edit" "Mozilla/5.0 (Windows NT 10.0; Win64; x64; rv:133.0) Gecko/20100101 Firefox/133.0" "-"
2a02:8070:2400:: - - [03/Jan/2025:00:20:44 +0100] "GET /wp-json/metaslider/v1/slideshow/preview?action=ms_get_preview&slideshow_id=146&override_preview_style=true HTTP/1.1" 200 8621 solarsolutionsgmbh.com "https://solarsolutionsgmbh.com/wp-admin/post.php?post=15&action=edit" "Mozilla/5.0 (Windows NT 10.0; Win64; x64; rv:133.0) Gecko/20100101 Firefox/133.0" "-"
2a02:8070:2400:: - - [03/Jan/2025:00:20:44 +0100] "GET /wp-json/metaslider/v1/slideshow/preview?action=ms_get_preview&slideshow_id=146&override_preview_style=true HTTP/1.1" 200 8621 solarsolutionsgmbh.com "https://solarsolutionsgmbh.com/wp-admin/post.php?post=15&action=edit" "Mozilla/5.0 (Windows NT 10.0; Win64; x64; rv:133.0) Gecko/20100101 Firefox/133.0" "-"
2a02:8070:2400:: - - [03/Jan/2025:00:20:44 +0100] "POST /wp-admin/admin-ajax.php HTTP/1.1" 200 47 solarsolutionsgmbh.com "https://solarsolutionsgmbh.com/wp-admin/site-editor.php" "Mozilla/5.0 (Windows NT 10.0; Win64; x64; rv:133.0) Gecko/20100101 Firefox/133.0" "-"
2a02:8070:2400:: - - [03/Jan/2025:00:20:46 +0100] "GET /wp-json/metaslider/v1/slideshow/preview?action=ms_get_preview&slideshow_id=146&override_preview_style=true HTTP/1.1" 200 8621 solarsolutionsgmbh.com "https://solarsolutionsgmbh.com/wp-admin/post.php?post=15&action=edit" "Mozilla/5.0 (Windows NT 10.0; Win64; x64; rv:133.0) Gecko/20100101 Firefox/133.0" "-"
2a02:8070:2400:: - - [03/Jan/2025:00:20:47 +0100] "GET /wp-json/metaslider/v1/slideshow/preview?action=ms_get_preview&slideshow_id=146&override_preview_style=true HTTP/1.1" 200 8621 solarsolutionsgmbh.com "https://solarsolutionsgmbh.com/wp-admin/post.php?post=15&action=edit" "Mozilla/5.0 (Windows NT 10.0; Win64; x64; rv:133.0) Gecko/20100101 Firefox/133.0" "-"
2a02:8070:2400:: - - [03/Jan/2025:00:20:50 +0100] "GET / HTTP/1.1" 200 86029 solarsolutionsgmbh.com "https://solarsolutionsgmbh.com/wp-admin/site-editor.php" "Mozilla/5.0 (Windows NT 10.0; Win64; x64; rv:133.0) Gecko/20100101 Firefox/133.0" "-"
2a02:8070:2400:: - - [03/Jan/2025:00:20:51 +0100] "GET /wp-content/plugins/newsletter/style.css?ver=8.6.4 HTTP/1.1" 200 7190 solarsolutionsgmbh.com "https://solarsolutionsgmbh.com/" "Mozilla/5.0 (Windows NT 10.0; Win64; x64; rv:133.0) Gecko/20100101 Firefox/133.0" "-"
2a02:8070:2400:: - - [03/Jan/2025:00:20:51 +0100] "GET /wp-content/themes/twentytwentyfour/assets/css/slider.css?ver=6.7.1 HTTP/1.1" 200 591 solarsolutionsgmbh.com "https://solarsolutionsgmbh.com/" "Mozilla/5.0 (Windows NT 10.0; Win64; x64; rv:133.0) Gecko/20100101 Firefox/133.0" "-"
2a02:8070:2400:: - - [03/Jan/2025:00:20:51 +0100] "GET /wp-content/uploads/fonts/UcCO3FwrK3iLTeHuS_nVMrMxCp50SjIw2boKoduKmMEVuGKYMZ1rib2Bg-4.woff2 HTTP/1.1" 200 117608 solarsolutionsgmbh.com "https://solarsolutionsgmbh.com/" "Mozilla/5.0 (Windows NT 10.0; Win64; x64; rv:133.0) Gecko/20100101 Firefox/133.0" "-"
2a02:8070:2400:: - - [03/Jan/2025:00:20:51 +0100] "GET /wp-content/uploads/2024/12/Firmenlogo-150x150.png HTTP/1.1" 200 13771 solarsolutionsgmbh.com "https://solarsolutionsgmbh.com/" "Mozilla/5.0 (Windows NT 10.0; Win64; x64; rv:133.0) Gecko/20100101 Firefox/133.0" "-"
2a02:8070:2400:: - - [03/Jan/2025:00:20:51 +0100] "GET /wp-content/uploads/2024/12/Firmenlogo.png HTTP/1.1" 200 83973 solarsolutionsgmbh.com "https://solarsolutionsgmbh.com/" "Mozilla/5.0 (Windows NT 10.0; Win64; x64; rv:133.0) Gecko/20100101 Firefox/133.0" "-"
2a06:98c0:3600:: - - [03/Jan/2025:00:20:52 +0100] "GET /wp-admin/setup-config.php HTTP/1.1" 409 2670 solarsolutionsgmbh.com "-" "Mozilla/5.0 (Windows NT 10.0; Win64; x64) AppleWebKit/537.36 (KHTML, like Gecko) Chrome/131.0.0.0 Safari/537.36" "-"
2a02:8070:2400:: - - [03/Jan/2025:00:20:53 +0100] "POST /wp-admin/admin-ajax.php HTTP/1.1" 200 98 solarsolutionsgmbh.com "https://solarsolutionsgmbh.com/wp-admin/post.php?post=15&action=edit" "Mozilla/5.0 (Windows NT 10.0; Win64; x64; rv:133.0) Gecko/20100101 Firefox/133.0" "-"
2a02:8070:2400:: - - [03/Jan/2025:00:20:55 +0100] "GET /wp-admin/ HTTP/1.1" 200 94310 solarsolutionsgmbh.com "https://solarsolutionsgmbh.com/" "Mozilla/5.0 (Windows NT 10.0; Win64; x64; rv:133.0) Gecko/20100101 Firefox/133.0" "-"
2a02:8070:2400:: - - [03/Jan/2025:00:20:55 +0100] "GET /wp-content/plugins/polylang/css/build/admin.min.css?ver=3.6.5 HTTP/1.1" 304 - solarsolutionsgmbh.com "https://solarsolutionsgmbh.com/wp-admin/" "Mozilla/5.0 (Windows NT 10.0; Win64; x64; rv:133.0) Gecko/20100101 Firefox/133.0" "-"
2a02:8070:2400:: - - [03/Jan/2025:00:20:55 +0100] "GET /wp-content/plugins/polylang/css/build/dialog.min.css?ver=3.6.5 HTTP/1.1" 304 - solarsolutionsgmbh.com "https://solarsolutionsgmbh.com/wp-admin/" "Mozilla/5.0 (Windows NT 10.0; Win64; x64; rv:133.0) Gecko/20100101 Firefox/133.0" "-"
2a02:8070:2400:: - - [03/Jan/2025:00:20:55 +0100] "GET /wp-content/plugins/newsletter/admin/css/global.css?ver=8.6.4 HTTP/1.1" 304 - solarsolutionsgmbh.com "https://solarsolutionsgmbh.com/wp-admin/" "Mozilla/5.0 (Windows NT 10.0; Win64; x64; rv:133.0) Gecko/20100101 Firefox/133.0" "-"
2a02:8070:2400:: - - [03/Jan/2025:00:20:55 +0100] "GET /wp-includes/js/wp-sanitize.min.js?ver=6.7.1 HTTP/1.1" 200 458 solarsolutionsgmbh.com "https://solarsolutionsgmbh.com/wp-admin/" "Mozilla/5.0 (Windows NT 10.0; Win64; x64; rv:133.0) Gecko/20100101 Firefox/133.0" "-"
2a02:8070:2400:: - - [03/Jan/2025:00:20:55 +0100] "GET /wp-content/plugins/newsletter/admin/images/menu-icon.png HTTP/1.1" 304 - solarsolutionsgmbh.com "https://solarsolutionsgmbh.com/wp-admin/" "Mozilla/5.0 (Windows NT 10.0; Win64; x64; rv:133.0) Gecko/20100101 Firefox/133.0" "-"
2a02:8070:2400:: - - [03/Jan/2025:00:21:01 +0100] "GET /wp-admin/admin.php?page=metaslider HTTP/1.1" 200 169457 solarsolutionsgmbh.com "https://solarsolutionsgmbh.com/wp-admin/" "Mozilla/5.0 (Windows NT 10.0; Win64; x64; rv:133.0) Gecko/20100101 Firefox/133.0" "-"
2a02:8070:2400:: - - [03/Jan/2025:00:21:01 +0100] "GET /wp-content/uploads/2025/01/Photovoltaik-2-150x150.jpg HTTP/1.1" 200 6904 solarsolutionsgmbh.com "https://solarsolutionsgmbh.com/wp-admin/admin.php?page=metaslider" "Mozilla/5.0 (Windows NT 10.0; Win64; x64; rv:133.0) Gecko/20100101 Firefox/133.0" "-"
2a02:8070:2400:: - - [03/Jan/2025:00:21:01 +0100] "GET /wp-content/plugins/ml-slider/admin/images/metaslider_logo3.png HTTP/1.1" 200 5328 solarsolutionsgmbh.com "https://solarsolutionsgmbh.com/wp-admin/admin.php?page=metaslider" "Mozilla/5.0 (Windows NT 10.0; Win64; x64; rv:133.0) Gecko/20100101 Firefox/133.0" "-"
2a02:8070:2400:: - - [03/Jan/2025:00:21:01 +0100] "GET /wp-content/uploads/2025/01/Photovoltaik-3-150x150.png HTTP/1.1" 200 46379 solarsolutionsgmbh.com "https://solarsolutionsgmbh.com/wp-admin/admin.php?page=metaslider" "Mozilla/5.0 (Windows NT 10.0; Win64; x64; rv:133.0) Gecko/20100101 Firefox/133.0" "-"
2a02:8070:2400:: - - [03/Jan/2025:00:21:01 +0100] "GET /wp-content/uploads/2025/01/Photovoltaik-150x150.jpg HTTP/1.1" 200 7170 solarsolutionsgmbh.com "https://solarsolutionsgmbh.com/wp-admin/admin.php?page=metaslider" "Mozilla/5.0 (Windows NT 10.0; Win64; x64; rv:133.0) Gecko/20100101 Firefox/133.0" "-"
2a02:8070:2400:: - - [03/Jan/2025:00:21:01 +0100] "GET /wp-admin/load-styles.php?c=1&dir=ltr&load%5Bchunk_0%5D=dashicons,admin-bar,buttons,media-views,wp-color-picker,common,forms,admin-menu,dashboard,list-tables,edit,revisions,media,theme&load%5Bchunk_1%5D=s,about,nav-menus,wp-pointer,widgets,site-icon,l10n,wp-auth-check,wp-jquery-ui-dialog&ver=6.7.1 HTTP/1.1" 200 453721 solarsolutionsgmbh.com "https://solarsolutionsgmbh.com/wp-admin/admin.php?page=metaslider" "Mozilla/5.0 (Windows NT 10.0; Win64; x64; rv:133.0) Gecko/20100101 Firefox/133.0" "-"
2a02:8070:2400:: - - [03/Jan/2025:00:21:09 +0100] "GET /wp-admin/plugins.php HTTP/1.1" 200 111301 solarsolutionsgmbh.com "https://solarsolutionsgmbh.com/wp-admin/admin.php?page=metaslider" "Mozilla/5.0 (Windows NT 10.0; Win64; x64; rv:133.0) Gecko/20100101 Firefox/133.0" "-"
2a02:8070:2400:: - - [03/Jan/2025:00:21:11 +0100] "GET /wp-admin/tools.php HTTP/1.1" 200 47021 solarsolutionsgmbh.com "https://solarsolutionsgmbh.com/wp-admin/plugins.php" "Mozilla/5.0 (Windows NT 10.0; Win64; x64; rv:133.0) Gecko/20100101 Firefox/133.0" "-"
2a02:8070:2400:: - - [03/Jan/2025:00:21:13 +0100] "GET /wp-admin/admin.php?page=metaslider HTTP/1.1" 200 169457 solarsolutionsgmbh.com "https://solarsolutionsgmbh.com/wp-admin/tools.php" "Mozilla/5.0 (Windows NT 10.0; Win64; x64; rv:133.0) Gecko/20100101 Firefox/133.0" "-"
2a02:8070:2400:: - - [03/Jan/2025:00:21:16 +0100] "GET /wp-admin/admin.php?page=metaslider&id=146 HTTP/1.1" 200 234276 solarsolutionsgmbh.com "https://solarsolutionsgmbh.com/wp-admin/admin.php?page=metaslider" "Mozilla/5.0 (Windows NT 10.0; Win64; x64; rv:133.0) Gecko/20100101 Firefox/133.0" "-"
2a02:8070:2400:: - - [03/Jan/2025:00:21:17 +0100] "GET /wp-content/uploads/2025/01/Photovoltaik-300x150.jpg HTTP/1.1" 200 12955 solarsolutionsgmbh.com "https://solarsolutionsgmbh.com/wp-admin/admin.php?page=metaslider&id=146" "Mozilla/5.0 (Windows NT 10.0; Win64; x64; rv:133.0) Gecko/20100101 Firefox/133.0" "-"
2a02:8070:2400:: - - [03/Jan/2025:00:21:17 +0100] "GET /wp-content/uploads/2025/01/Photovoltaik-2.jpg HTTP/1.1" 200 10452 solarsolutionsgmbh.com "https://solarsolutionsgmbh.com/wp-admin/admin.php?page=metaslider&id=146" "Mozilla/5.0 (Windows NT 10.0; Win64; x64; rv:133.0) Gecko/20100101 Firefox/133.0" "-"
2a02:8070:2400:: - - [03/Jan/2025:00:21:17 +0100] "GET /wp-content/uploads/2025/01/Photovoltaik-3-300x169.png HTTP/1.1" 200 104364 solarsolutionsgmbh.com "https://solarsolutionsgmbh.com/wp-admin/admin.php?page=metaslider&id=146" "Mozilla/5.0 (Windows NT 10.0; Win64; x64; rv:133.0) Gecko/20100101 Firefox/133.0" "-"
2a02:8070:2400:: - - [03/Jan/2025:00:21:17 +0100] "GET /wp-json/metaslider/v1/theme/customization?action=ms_get_theme_customization&slideshow_id=146&theme=simply-dark&type=free HTTP/1.1" 200 6786 solarsolutionsgmbh.com "https://solarsolutionsgmbh.com/wp-admin/admin.php?page=metaslider&id=146" "Mozilla/5.0 (Windows NT 10.0; Win64; x64; rv:133.0) Gecko/20100101 Firefox/133.0" "-"
2a02:8070:2400:: - - [03/Jan/2025:00:21:17 +0100] "GET /wp-json/metaslider/v1/themes/all?action=ms_get_all_free_themes HTTP/1.1" 200 114202 solarsolutionsgmbh.com "https://solarsolutionsgmbh.com/wp-admin/admin.php?page=metaslider&id=146" "Mozilla/5.0 (Windows NT 10.0; Win64; x64; rv:133.0) Gecko/20100101 Firefox/133.0" "-"
2a02:8070:2400:: - - [03/Jan/2025:00:21:17 +0100] "GET /wp-json/metaslider/v1/slideshow/single?action=ms_get_single_slideshow&id=146 HTTP/1.1" 200 3782 solarsolutionsgmbh.com "https://solarsolutionsgmbh.com/wp-admin/admin.php?page=metaslider&id=146" "Mozilla/5.0 (Windows NT 10.0; Win64; x64; rv:133.0) Gecko/20100101 Firefox/133.0" "-"
2a02:8070:2400:: - - [03/Jan/2025:00:21:17 +0100] "GET /wp-json/metaslider/v1/slideshow/all?action=ms_get_slideshows&page=1&count=25 HTTP/1.1" 200 3806 solarsolutionsgmbh.com "https://solarsolutionsgmbh.com/wp-admin/admin.php?page=metaslider&id=146" "Mozilla/5.0 (Windows NT 10.0; Win64; x64; rv:133.0) Gecko/20100101 Firefox/133.0" "-"
2a02:8070:2400:: - - [03/Jan/2025:00:21:18 +0100] "GET /wp-content/plugins/ml-slider/themes/default-base/screenshot.png HTTP/1.1" 200 57233 solarsolutionsgmbh.com "https://solarsolutionsgmbh.com/wp-admin/admin.php?page=metaslider&id=146" "Mozilla/5.0 (Windows NT 10.0; Win64; x64; rv:133.0) Gecko/20100101 Firefox/133.0" "-"
2a02:8070:2400:: - - [03/Jan/2025:00:21:18 +0100] "GET /wp-content/plugins/ml-slider/themes/bitono/screenshot.png HTTP/1.1" 200 34138 solarsolutionsgmbh.com "https://solarsolutionsgmbh.com/wp-admin/admin.php?page=metaslider&id=146" "Mozilla/5.0 (Windows NT 10.0; Win64; x64; rv:133.0) Gecko/20100101 Firefox/133.0" "-"
2a02:8070:2400:: - - [03/Jan/2025:00:21:18 +0100] "GET /wp-content/plugins/ml-slider/themes/databold/screenshot.png HTTP/1.1" 200 35397 solarsolutionsgmbh.com "https://solarsolutionsgmbh.com/wp-admin/admin.php?page=metaslider&id=146" "Mozilla/5.0 (Windows NT 10.0; Win64; x64; rv:133.0) Gecko/20100101 Firefox/133.0" "-"
2a02:8070:2400:: - - [03/Jan/2025:00:21:18 +0100] "GET /wp-content/plugins/ml-slider/themes/clarity/screenshot.png HTTP/1.1" 200 50246 solarsolutionsgmbh.com "https://solarsolutionsgmbh.com/wp-admin/admin.php?page=metaslider&id=146" "Mozilla/5.0 (Windows NT 10.0; Win64; x64; rv:133.0) Gecko/20100101 Firefox/133.0" "-"
2a02:8070:2400:: - - [03/Jan/2025:00:21:18 +0100] "GET /wp-content/plugins/ml-slider/themes/draxler/screenshot.png HTTP/1.1" 200 52617 solarsolutionsgmbh.com "https://solarsolutionsgmbh.com/wp-admin/admin.php?page=metaslider&id=146" "Mozilla/5.0 (Windows NT 10.0; Win64; x64; rv:133.0) Gecko/20100101 Firefox/133.0" "-"
2a02:8070:2400:: - - [03/Jan/2025:00:21:18 +0100] "GET /wp-content/plugins/ml-slider/themes/cubic/screenshot.png HTTP/1.1" 200 156238 solarsolutionsgmbh.com "https://solarsolutionsgmbh.com/wp-admin/admin.php?page=metaslider&id=146" "Mozilla/5.0 (Windows NT 10.0; Win64; x64; rv:133.0) Gecko/20100101 Firefox/133.0" "-"
2a02:8070:2400:: - - [03/Jan/2025:00:21:18 +0100] "GET /wp-content/plugins/ml-slider/themes/nexus/screenshot.png HTTP/1.1" 200 117276 solarsolutionsgmbh.com "https://solarsolutionsgmbh.com/wp-admin/admin.php?page=metaslider&id=146" "Mozilla/5.0 (Windows NT 10.0; Win64; x64; rv:133.0) Gecko/20100101 Firefox/133.0" "-"
2a02:8206:6b00:: - - [03/Jan/2025:00:21:18 +0100] "POST /wp-admin/admin-ajax.php HTTP/1.1" 200 47 solarsolutionsgmbh.com "https://solarsolutionsgmbh.com/wp-admin/site-editor.php?postType=wp_template&postId=twentytwentyfour%2F%2Fhome&canvas=edit" "Mozilla/5.0 (Windows NT 10.0; Win64; x64; rv:133.0) Gecko/20100101 Firefox/133.0" "-"
2a02:8070:2400:: - - [03/Jan/2025:00:21:37 +0100] "POST /wp-json/wp/v2/pages/15/autosaves?_locale=user HTTP/1.1" 200 8023 solarsolutionsgmbh.com "https://solarsolutionsgmbh.com/wp-admin/post.php?post=15&action=edit" "Mozilla/5.0 (Windows NT 10.0; Win64; x64; rv:133.0) Gecko/20100101 Firefox/133.0" "-"
2a02:8070:2400:: - - [03/Jan/2025:00:22:18 +0100] "POST /wp-admin/admin-ajax.php HTTP/1.1" 200 47 solarsolutionsgmbh.com "https://solarsolutionsgmbh.com/wp-admin/admin.php?page=metaslider&id=146" "Mozilla/5.0 (Windows NT 10.0; Win64; x64; rv:133.0) Gecko/20100101 Firefox/133.0" "-"
2a02:8070:2400:: - - [03/Jan/2025:00:22:23 +0100] "POST /wp-json/metaslider/v1/settings/slideshow/save HTTP/1.1" 200 27 solarsolutionsgmbh.com "https://solarsolutionsgmbh.com/wp-admin/admin.php?page=metaslider&id=146" "Mozilla/5.0 (Windows NT 10.0; Win64; x64; rv:133.0) Gecko/20100101 Firefox/133.0" "-"
2a02:8070:2400:: - - [03/Jan/2025:00:22:24 +0100] "POST /wp-json/metaslider/v1/slideshow/save HTTP/1.1" 200 28 solarsolutionsgmbh.com "https://solarsolutionsgmbh.com/wp-admin/admin.php?page=metaslider&id=146" "Mozilla/5.0 (Windows NT 10.0; Win64; x64; rv:133.0) Gecko/20100101 Firefox/133.0" "-"
2a02:8070:2400:: - - [03/Jan/2025:00:22:24 +0100] "POST /wp-admin/admin-ajax.php HTTP/1.1" 200 119 solarsolutionsgmbh.com "https://solarsolutionsgmbh.com/wp-admin/admin.php?page=metaslider&id=146" "Mozilla/5.0 (Windows NT 10.0; Win64; x64; rv:133.0) Gecko/20100101 Firefox/133.0" "-"
2a02:8070:2400:: - - [03/Jan/2025:00:22:24 +0100] "POST /wp-admin/admin-ajax.php HTTP/1.1" 200 129 solarsolutionsgmbh.com "https://solarsolutionsgmbh.com/wp-admin/admin.php?page=metaslider&id=146" "Mozilla/5.0 (Windows NT 10.0; Win64; x64; rv:133.0) Gecko/20100101 Firefox/133.0" "-"
2a02:8070:2400:: - - [03/Jan/2025:00:22:25 +0100] "POST /wp-admin/admin-ajax.php HTTP/1.1" 200 129 solarsolutionsgmbh.com "https://solarsolutionsgmbh.com/wp-admin/admin.php?page=metaslider&id=146" "Mozilla/5.0 (Windows NT 10.0; Win64; x64; rv:133.0) Gecko/20100101 Firefox/133.0" "-"
2a02:8070:2400:: - - [03/Jan/2025:00:22:28 +0100] "GET /Projekte/ HTTP/1.1" 200 79339 solarsolutionsgmbh.com "https://solarsolutionsgmbh.com/Newsletter/" "Mozilla/5.0 (Windows NT 10.0; Win64; x64; rv:133.0) Gecko/20100101 Firefox/133.0" "-"
2a02:8070:2400:: - - [03/Jan/2025:00:22:29 +0100] "GET /wp-content/plugins/newsletter/style.css?ver=8.6.4 HTTP/1.1" 200 7190 solarsolutionsgmbh.com "https://solarsolutionsgmbh.com/Projekte/" "Mozilla/5.0 (Windows NT 10.0; Win64; x64; rv:133.0) Gecko/20100101 Firefox/133.0" "-"
2a02:8070:2400:: - - [03/Jan/2025:00:22:29 +0100] "GET /wp-content/themes/twentytwentyfour/assets/css/slider.css?ver=6.7.1 HTTP/1.1" 200 591 solarsolutionsgmbh.com "https://solarsolutionsgmbh.com/Projekte/" "Mozilla/5.0 (Windows NT 10.0; Win64; x64; rv:133.0) Gecko/20100101 Firefox/133.0" "-"
2a02:8070:2400:: - - [03/Jan/2025:00:22:29 +0100] "GET /wp-content/uploads/2025/01/Photovoltaik-2-284x142.jpg HTTP/1.1" 200 13396 solarsolutionsgmbh.com "https://solarsolutionsgmbh.com/Projekte/" "Mozilla/5.0 (Windows NT 10.0; Win64; x64; rv:133.0) Gecko/20100101 Firefox/133.0" "-"
2a02:8070:2400:: - - [03/Jan/2025:00:22:29 +0100] "GET /wp-content/themes/twentytwentyfour/assets/js/slider.js HTTP/1.1" 304 - solarsolutionsgmbh.com "https://solarsolutionsgmbh.com/Projekte/" "Mozilla/5.0 (Windows NT 10.0; Win64; x64; rv:133.0) Gecko/20100101 Firefox/133.0" "-"
2a02:8070:2400:: - - [03/Jan/2025:00:22:29 +0100] "GET /wp-content/uploads/2025/01/Photovoltaik-3-880x439.png HTTP/1.1" 200 700915 solarsolutionsgmbh.com "https://solarsolutionsgmbh.com/Projekte/" "Mozilla/5.0 (Windows NT 10.0; Win64; x64; rv:133.0) Gecko/20100101 Firefox/133.0" "-"
2a02:8070:2400:: - - [03/Jan/2025:00:22:39 +0100] "POST /wp-admin/admin-ajax.php HTTP/1.1" 200 98 solarsolutionsgmbh.com "https://solarsolutionsgmbh.com/wp-admin/post.php?post=15&action=edit" "Mozilla/5.0 (Windows NT 10.0; Win64; x64; rv:133.0) Gecko/20100101 Firefox/133.0" "-"
2a02:8206:6b00:: - - [03/Jan/2025:00:22:47 +0100] "POST /wp-admin/admin-ajax.php HTTP/1.1" 200 47 solarsolutionsgmbh.com "https://solarsolutionsgmbh.com/wp-admin/site-editor.php?postType=wp_template&postId=twentytwentyfour%2F%2Fhome&canvas=edit" "Mozilla/5.0 (Windows NT 10.0; Win64; x64; rv:133.0) Gecko/20100101 Firefox/133.0" "-"
2a02:8206:6b00:: - - [03/Jan/2025:00:22:48 +0100] "GET / HTTP/1.1" 200 86029 solarsolutionsgmbh.com "https://solarsolutionsgmbh.com/wp-admin/admin.php?page=mlang" "Mozilla/5.0 (Windows NT 10.0; Win64; x64; rv:133.0) Gecko/20100101 Firefox/133.0" "-"
2a02:8070:2400:: - - [03/Jan/2025:00:22:49 +0100] "POST /wp-admin/admin-ajax.php HTTP/1.1" 200 98 solarsolutionsgmbh.com "https://solarsolutionsgmbh.com/wp-admin/post.php?post=15&action=edit" "Mozilla/5.0 (Windows NT 10.0; Win64; x64; rv:133.0) Gecko/20100101 Firefox/133.0" "-"
2a02:8070:2400:: - - [03/Jan/2025:00:22:50 +0100] "POST /wp-json/metaslider/v1/settings/slideshow/save HTTP/1.1" 200 27 solarsolutionsgmbh.com "https://solarsolutionsgmbh.com/wp-admin/admin.php?page=metaslider&id=146" "Mozilla/5.0 (Windows NT 10.0; Win64; x64; rv:133.0) Gecko/20100101 Firefox/133.0" "-"
2a02:8206:6b00:: - - [03/Jan/2025:00:22:50 +0100] "GET /wp-admin/about.php HTTP/1.1" 200 56778 solarsolutionsgmbh.com "https://solarsolutionsgmbh.com/" "Mozilla/5.0 (Windows NT 10.0; Win64; x64; rv:133.0) Gecko/20100101 Firefox/133.0" "-"
2a02:8070:2400:: - - [03/Jan/2025:00:22:50 +0100] "POST /wp-json/metaslider/v1/slideshow/save HTTP/1.1" 200 28 solarsolutionsgmbh.com "https://solarsolutionsgmbh.com/wp-admin/admin.php?page=metaslider&id=146" "Mozilla/5.0 (Windows NT 10.0; Win64; x64; rv:133.0) Gecko/20100101 Firefox/133.0" "-"
2a02:8206:6b00:: - - [03/Jan/2025:00:22:51 +0100] "GET /wp-content/plugins/polylang/css/build/admin.min.css?ver=3.6.5 HTTP/1.1" 304 - solarsolutionsgmbh.com "https://solarsolutionsgmbh.com/wp-admin/about.php" "Mozilla/5.0 (Windows NT 10.0; Win64; x64; rv:133.0) Gecko/20100101 Firefox/133.0" "-"
2a02:8206:6b00:: - - [03/Jan/2025:00:22:51 +0100] "GET /wp-content/plugins/polylang/css/build/dialog.min.css?ver=3.6.5 HTTP/1.1" 304 - solarsolutionsgmbh.com "https://solarsolutionsgmbh.com/wp-admin/about.php" "Mozilla/5.0 (Windows NT 10.0; Win64; x64; rv:133.0) Gecko/20100101 Firefox/133.0" "-"
2a02:8206:6b00:: - - [03/Jan/2025:00:22:51 +0100] "GET /wp-content/plugins/newsletter/admin/css/global.css?ver=8.6.4 HTTP/1.1" 304 - solarsolutionsgmbh.com "https://solarsolutionsgmbh.com/wp-admin/about.php" "Mozilla/5.0 (Windows NT 10.0; Win64; x64; rv:133.0) Gecko/20100101 Firefox/133.0" "-"
2a02:8206:6b00:: - - [03/Jan/2025:00:22:51 +0100] "GET /wp-content/plugins/newsletter/admin/images/menu-icon.png HTTP/1.1" 304 - solarsolutionsgmbh.com "https://solarsolutionsgmbh.com/wp-admin/about.php" "Mozilla/5.0 (Windows NT 10.0; Win64; x64; rv:133.0) Gecko/20100101 Firefox/133.0" "-"
2a02:8070:2400:: - - [03/Jan/2025:00:22:51 +0100] "POST /wp-admin/admin-ajax.php HTTP/1.1" 200 127 solarsolutionsgmbh.com "https://solarsolutionsgmbh.com/wp-admin/admin.php?page=metaslider&id=146" "Mozilla/5.0 (Windows NT 10.0; Win64; x64; rv:133.0) Gecko/20100101 Firefox/133.0" "-"
2a02:8070:2400:: - - [03/Jan/2025:00:22:51 +0100] "POST /wp-admin/admin-ajax.php HTTP/1.1" 200 129 solarsolutionsgmbh.com "https://solarsolutionsgmbh.com/wp-admin/admin.php?page=metaslider&id=146" "Mozilla/5.0 (Windows NT 10.0; Win64; x64; rv:133.0) Gecko/20100101 Firefox/133.0" "-"
2a02:8070:2400:: - - [03/Jan/2025:00:22:52 +0100] "POST /wp-admin/admin-ajax.php HTTP/1.1" 200 129 solarsolutionsgmbh.com "https://solarsolutionsgmbh.com/wp-admin/admin.php?page=metaslider&id=146" "Mozilla/5.0 (Windows NT 10.0; Win64; x64; rv:133.0) Gecko/20100101 Firefox/133.0" "-"
2a02:8070:2400:: - - [03/Jan/2025:00:22:52 +0100] "GET /Projekte/ HTTP/1.1" 200 79347 solarsolutionsgmbh.com "https://solarsolutionsgmbh.com/Newsletter/" "Mozilla/5.0 (Windows NT 10.0; Win64; x64; rv:133.0) Gecko/20100101 Firefox/133.0" "-"
2a02:8070:2400:: - - [03/Jan/2025:00:22:53 +0100] "GET /wp-content/uploads/2025/01/Photovoltaik-2-267x178.jpg HTTP/1.1" 200 13702 solarsolutionsgmbh.com "https://solarsolutionsgmbh.com/Projekte/" "Mozilla/5.0 (Windows NT 10.0; Win64; x64; rv:133.0) Gecko/20100101 Firefox/133.0" "-"
2a02:8070:2400:: - - [03/Jan/2025:00:22:53 +0100] "GET /wp-content/uploads/2025/01/Photovoltaik-600x400.jpg HTTP/1.1" 200 63356 solarsolutionsgmbh.com "https://solarsolutionsgmbh.com/Projekte/" "Mozilla/5.0 (Windows NT 10.0; Win64; x64; rv:133.0) Gecko/20100101 Firefox/133.0" "-"
2a02:8070:2400:: - - [03/Jan/2025:00:22:53 +0100] "GET /wp-content/uploads/2025/01/Photovoltaik-3-742x495.png HTTP/1.1" 200 631495 solarsolutionsgmbh.com "https://solarsolutionsgmbh.com/Projekte/" "Mozilla/5.0 (Windows NT 10.0; Win64; x64; rv:133.0) Gecko/20100101 Firefox/133.0" "-"
2a02:8206:6b00:: - - [03/Jan/2025:00:22:57 +0100] "GET /wp-admin/admin.php?page=mlang HTTP/1.1" 200 296086 solarsolutionsgmbh.com "https://solarsolutionsgmbh.com/wp-admin/about.php" "Mozilla/5.0 (Windows NT 10.0; Win64; x64; rv:133.0) Gecko/20100101 Firefox/133.0" "-"
2a02:8206:6b00:: - - [03/Jan/2025:00:22:58 +0100] "GET /wp-content/plugins/polylang/css/build/selectmenu.min.css?ver=3.6.5 HTTP/1.1" 304 - solarsolutionsgmbh.com "https://solarsolutionsgmbh.com/wp-admin/admin.php?page=mlang" "Mozilla/5.0 (Windows NT 10.0; Win64; x64; rv:133.0) Gecko/20100101 Firefox/133.0" "-"
2a02:8206:6b00:: - - [03/Jan/2025:00:22:58 +0100] "GET /wp-content/plugins/polylang/js/build/admin.min.js?ver=3.6.5 HTTP/1.1" 304 - solarsolutionsgmbh.com "https://solarsolutionsgmbh.com/wp-admin/admin.php?page=mlang" "Mozilla/5.0 (Windows NT 10.0; Win64; x64; rv:133.0) Gecko/20100101 Firefox/133.0" "-"
2a02:8206:6b00:: - - [03/Jan/2025:00:23:02 +0100] "GET /wp-admin/admin.php?page=mlang_settings HTTP/1.1" 200 60612 solarsolutionsgmbh.com "https://solarsolutionsgmbh.com/wp-admin/admin.php?page=mlang" "Mozilla/5.0 (Windows NT 10.0; Win64; x64; rv:133.0) Gecko/20100101 Firefox/133.0" "-"
2003:d2:2f00:: - - [03/Jan/2025:00:23:07 +0100] "GET /Projekte/ HTTP/1.1" 200 79347 solarsolutionsgmbh.com "https://solarsolutionsgmbh.com/" "Mozilla/5.0 (Windows NT 10.0; Win64; x64) AppleWebKit/537.36 (KHTML, like Gecko) Chrome/131.0.0.0 Safari/537.36" "-"
2003:d2:2f00:: - - [03/Jan/2025:00:23:07 +0100] "GET /wp-content/uploads/2025/01/Photovoltaik-600x400.jpg HTTP/1.1" 200 63356 solarsolutionsgmbh.com "https://solarsolutionsgmbh.com/Projekte/" "Mozilla/5.0 (Windows NT 10.0; Win64; x64) AppleWebKit/537.36 (KHTML, like Gecko) Chrome/131.0.0.0 Safari/537.36" "-"
2003:d2:2f00:: - - [03/Jan/2025:00:23:07 +0100] "GET /wp-content/plugins/newsletter/style.css?ver=8.6.4 HTTP/1.1" 304 - solarsolutionsgmbh.com "https://solarsolutionsgmbh.com/Projekte/" "Mozilla/5.0 (Windows NT 10.0; Win64; x64) AppleWebKit/537.36 (KHTML, like Gecko) Chrome/131.0.0.0 Safari/537.36" "-"
2003:d2:2f00:: - - [03/Jan/2025:00:23:07 +0100] "GET /wp-content/uploads/2025/01/Photovoltaik-2-267x178.jpg HTTP/1.1" 200 13702 solarsolutionsgmbh.com "https://solarsolutionsgmbh.com/Projekte/" "Mozilla/5.0 (Windows NT 10.0; Win64; x64) AppleWebKit/537.36 (KHTML, like Gecko) Chrome/131.0.0.0 Safari/537.36" "-"
2003:d2:2f00:: - - [03/Jan/2025:00:23:07 +0100] "GET /wp-content/themes/twentytwentyfour/assets/css/slider.css?ver=6.7.1 HTTP/1.1" 304 - solarsolutionsgmbh.com "https://solarsolutionsgmbh.com/Projekte/" "Mozilla/5.0 (Windows NT 10.0; Win64; x64) AppleWebKit/537.36 (KHTML, like Gecko) Chrome/131.0.0.0 Safari/537.36" "-"
2003:d2:2f00:: - - [03/Jan/2025:00:23:08 +0100] "GET /wp-content/uploads/2025/01/Photovoltaik-3-742x495.png HTTP/1.1" 200 631495 solarsolutionsgmbh.com "https://solarsolutionsgmbh.com/Projekte/" "Mozilla/5.0 (Windows NT 10.0; Win64; x64) AppleWebKit/537.36 (KHTML, like Gecko) Chrome/131.0.0.0 Safari/537.36" "-"
2003:d2:2f00:: - - [03/Jan/2025:00:23:08 +0100] "GET /wp-content/themes/twentytwentyfour/assets/js/slider.js HTTP/1.1" 304 - solarsolutionsgmbh.com "https://solarsolutionsgmbh.com/Projekte/" "Mozilla/5.0 (Windows NT 10.0; Win64; x64) AppleWebKit/537.36 (KHTML, like Gecko) Chrome/131.0.0.0 Safari/537.36" "-"
2003:d2:2f00:: - - [03/Jan/2025:00:23:08 +0100] "GET /Projekte/ HTTP/1.1" 200 79347 solarsolutionsgmbh.com "https://solarsolutionsgmbh.com/Projekte/" "Mozilla/5.0 (Windows NT 10.0; Win64; x64) AppleWebKit/537.36 (KHTML, like Gecko) Chrome/131.0.0.0 Safari/537.36" "-"
2003:d2:2f00:: - - [03/Jan/2025:00:23:09 +0100] "GET /wp-content/uploads/2025/01/Photovoltaik-600x400.jpg HTTP/1.1" 304 - solarsolutionsgmbh.com "https://solarsolutionsgmbh.com/Projekte/" "Mozilla/5.0 (Windows NT 10.0; Win64; x64) AppleWebKit/537.36 (KHTML, like Gecko) Chrome/131.0.0.0 Safari/537.36" "-"
2003:d2:2f00:: - - [03/Jan/2025:00:23:09 +0100] "GET /wp-content/uploads/2025/01/Photovoltaik-3-742x495.png HTTP/1.1" 304 - solarsolutionsgmbh.com "https://solarsolutionsgmbh.com/Projekte/" "Mozilla/5.0 (Windows NT 10.0; Win64; x64) AppleWebKit/537.36 (KHTML, like Gecko) Chrome/131.0.0.0 Safari/537.36" "-"
2003:d2:2f00:: - - [03/Jan/2025:00:23:09 +0100] "GET /wp-content/uploads/2025/01/Photovoltaik-2-267x178.jpg HTTP/1.1" 304 - solarsolutionsgmbh.com "https://solarsolutionsgmbh.com/Projekte/" "Mozilla/5.0 (Windows NT 10.0; Win64; x64) AppleWebKit/537.36 (KHTML, like Gecko) Chrome/131.0.0.0 Safari/537.36" "-"
2a02:8206:6b00:: - - [03/Jan/2025:00:23:15 +0100] "GET /Projekte/ HTTP/1.1" 200 70003 solarsolutionsgmbh.com "https://solarsolutionsgmbh.com/" "Mozilla/5.0 (Linux; Android 10; K) AppleWebKit/537.36 (KHTML, like Gecko) Chrome/131.0.0.0 Mobile Safari/537.36" "-"
2a02:8206:6b00:: - - [03/Jan/2025:00:23:15 +0100] "GET /wp-content/uploads/2025/01/Photovoltaik-2-267x178.jpg HTTP/1.1" 200 13702 solarsolutionsgmbh.com "https://solarsolutionsgmbh.com/Projekte/" "Mozilla/5.0 (Linux; Android 10; K) AppleWebKit/537.36 (KHTML, like Gecko) Chrome/131.0.0.0 Mobile Safari/537.36" "-"
2a02:8206:6b00:: - - [03/Jan/2025:00:23:15 +0100] "GET /wp-content/uploads/2025/01/Photovoltaik-600x400.jpg HTTP/1.1" 200 63356 solarsolutionsgmbh.com "https://solarsolutionsgmbh.com/Projekte/" "Mozilla/5.0 (Linux; Android 10; K) AppleWebKit/537.36 (KHTML, like Gecko) Chrome/131.0.0.0 Mobile Safari/537.36" "-"
2a02:8206:6b00:: - - [03/Jan/2025:00:23:15 +0100] "GET /wp-content/plugins/newsletter/style.css?ver=8.6.4 HTTP/1.1" 304 - solarsolutionsgmbh.com "https://solarsolutionsgmbh.com/Projekte/" "Mozilla/5.0 (Linux; Android 10; K) AppleWebKit/537.36 (KHTML, like Gecko) Chrome/131.0.0.0 Mobile Safari/537.36" "-"
2a02:8206:6b00:: - - [03/Jan/2025:00:23:15 +0100] "GET /wp-content/uploads/2025/01/Photovoltaik-3-742x495.png HTTP/1.1" 200 631495 solarsolutionsgmbh.com "https://solarsolutionsgmbh.com/Projekte/" "Mozilla/5.0 (Linux; Android 10; K) AppleWebKit/537.36 (KHTML, like Gecko) Chrome/131.0.0.0 Mobile Safari/537.36" "-"
2a02:8206:6b00:: - - [03/Jan/2025:00:23:15 +0100] "GET /wp-content/plugins/ml-slider/assets/metaslider/public.css?ver=3.94.0 HTTP/1.1" 304 - solarsolutionsgmbh.com "https://solarsolutionsgmbh.com/Projekte/" "Mozilla/5.0 (Linux; Android 10; K) AppleWebKit/537.36 (KHTML, like Gecko) Chrome/131.0.0.0 Mobile Safari/537.36" "-"
2a02:8206:6b00:: - - [03/Jan/2025:00:23:15 +0100] "GET /wp-content/plugins/ml-slider/assets/sliders/flexslider/flexslider.css?ver=3.94.0 HTTP/1.1" 304 - solarsolutionsgmbh.com "https://solarsolutionsgmbh.com/Projekte/" "Mozilla/5.0 (Linux; Android 10; K) AppleWebKit/537.36 (KHTML, like Gecko) Chrome/131.0.0.0 Mobile Safari/537.36" "-"
2a02:8206:6b00:: - - [03/Jan/2025:00:23:15 +0100] "GET /wp-content/plugins/ml-slider/themes/simply-dark/v1.0.0/style.min.css?ver=1.0.0 HTTP/1.1" 304 - solarsolutionsgmbh.com "https://solarsolutionsgmbh.com/Projekte/" "Mozilla/5.0 (Linux; Android 10; K) AppleWebKit/537.36 (KHTML, like Gecko) Chrome/131.0.0.0 Mobile Safari/537.36" "-"
2a02:8206:6b00:: - - [03/Jan/2025:00:23:15 +0100] "GET /wp-content/themes/twentytwentyfour/assets/css/slider.css?ver=6.7.1 HTTP/1.1" 304 - solarsolutionsgmbh.com "https://solarsolutionsgmbh.com/Projekte/" "Mozilla/5.0 (Linux; Android 10; K) AppleWebKit/537.36 (KHTML, like Gecko) Chrome/131.0.0.0 Mobile Safari/537.36" "-"
2a02:8206:6b00:: - - [03/Jan/2025:00:23:15 +0100] "GET /wp-content/plugins/ml-slider/assets/sliders/flexslider/jquery.flexslider.min.js?ver=3.94.0 HTTP/1.1" 304 - solarsolutionsgmbh.com "https://solarsolutionsgmbh.com/Projekte/" "Mozilla/5.0 (Linux; Android 10; K) AppleWebKit/537.36 (KHTML, like Gecko) Chrome/131.0.0.0 Mobile Safari/537.36" "-"
2a02:8206:6b00:: - - [03/Jan/2025:00:23:15 +0100] "GET /wp-content/plugins/ml-slider/assets/metaslider/script.min.js?ver=3.94.0 HTTP/1.1" 304 - solarsolutionsgmbh.com "https://solarsolutionsgmbh.com/Projekte/" "Mozilla/5.0 (Linux; Android 10; K) AppleWebKit/537.36 (KHTML, like Gecko) Chrome/131.0.0.0 Mobile Safari/537.36" "-"
2a02:8206:6b00:: - - [03/Jan/2025:00:23:15 +0100] "GET /wp-content/plugins/ml-slider/assets/easing/jQuery.easing.min.js?ver=3.94.0 HTTP/1.1" 304 - solarsolutionsgmbh.com "https://solarsolutionsgmbh.com/Projekte/" "Mozilla/5.0 (Linux; Android 10; K) AppleWebKit/537.36 (KHTML, like Gecko) Chrome/131.0.0.0 Mobile Safari/537.36" "-"
2a02:8206:6b00:: - - [03/Jan/2025:00:23:15 +0100] "GET /wp-content/themes/twentytwentyfour/assets/js/slider.js HTTP/1.1" 304 - solarsolutionsgmbh.com "https://solarsolutionsgmbh.com/Projekte/" "Mozilla/5.0 (Linux; Android 10; K) AppleWebKit/537.36 (KHTML, like Gecko) Chrome/131.0.0.0 Mobile Safari/537.36" "-"
2a02:8070:2400:: - - [03/Jan/2025:00:23:19 +0100] "POST /wp-admin/admin-ajax.php HTTP/1.1" 200 47 solarsolutionsgmbh.com "https://solarsolutionsgmbh.com/wp-admin/admin.php?page=metaslider&id=146" "Mozilla/5.0 (Windows NT 10.0; Win64; x64; rv:133.0) Gecko/20100101 Firefox/133.0" "-"
128.199.157.0 - - [03/Jan/2025:00:23:33 +0100] "POST /wp-login.php HTTP/1.1" 200 8977 solarsolutionsgmbh.com "-" "Mozilla/5.0" "-"
128.199.157.0 - - [03/Jan/2025:00:23:42 +0100] "POST /wp-login.php HTTP/1.1" 200 8975 solarsolutionsgmbh.com "-" "Mozilla/5.0" "-"
128.199.157.0 - - [03/Jan/2025:00:23:45 +0100] "POST /wp-login.php HTTP/1.1" 503 299 solarsolutionsgmbh.com "-" "Mozilla/5.0" "-"
2003:d2:2f00:: - - [03/Jan/2025:00:23:53 +0100] "GET / HTTP/1.1" 200 86029 solarsolutionsgmbh.com "https://solarsolutionsgmbh.com/Projekte/" "Mozilla/5.0 (Windows NT 10.0; Win64; x64) AppleWebKit/537.36 (KHTML, like Gecko) Chrome/131.0.0.0 Safari/537.36" "-"
2003:d2:2f00:: - - [03/Jan/2025:00:23:53 +0100] "GET /wp-content/uploads/2025/01/Icon.png HTTP/1.1" 304 - solarsolutionsgmbh.com "https://solarsolutionsgmbh.com/" "Mozilla/5.0 (Windows NT 10.0; Win64; x64) AppleWebKit/537.36 (KHTML, like Gecko) Chrome/131.0.0.0 Safari/537.36" "-"
2003:d2:2f00:: - - [03/Jan/2025:00:23:53 +0100] "GET /wp-content/uploads/2025/01/Icon-1.png HTTP/1.1" 304 - solarsolutionsgmbh.com "https://solarsolutionsgmbh.com/" "Mozilla/5.0 (Windows NT 10.0; Win64; x64) AppleWebKit/537.36 (KHTML, like Gecko) Chrome/131.0.0.0 Safari/537.36" "-"
2003:d2:2f00:: - - [03/Jan/2025:00:23:53 +0100] "GET /wp-content/uploads/2025/01/Icon-2.png HTTP/1.1" 304 - solarsolutionsgmbh.com "https://solarsolutionsgmbh.com/" "Mozilla/5.0 (Windows NT 10.0; Win64; x64) AppleWebKit/537.36 (KHTML, like Gecko) Chrome/131.0.0.0 Safari/537.36" "-"
2a02:8206:6b00:: - - [03/Jan/2025:00:24:03 +0100] "POST /wp-admin/admin-ajax.php HTTP/1.1" 200 47 solarsolutionsgmbh.com "https://solarsolutionsgmbh.com/wp-admin/admin.php?page=mlang_settings" "Mozilla/5.0 (Windows NT 10.0; Win64; x64; rv:133.0) Gecko/20100101 Firefox/133.0" "-"
2a02:8206:6b00:: - - [03/Jan/2025:00:24:06 +0100] "GET /wp-admin/admin.php?page=mlang_wizard HTTP/1.1" 200 90624 solarsolutionsgmbh.com "https://solarsolutionsgmbh.com/wp-admin/admin.php?page=mlang_settings" "Mozilla/5.0 (Windows NT 10.0; Win64; x64; rv:133.0) Gecko/20100101 Firefox/133.0" "-"
2a02:8206:6b00:: - - [03/Jan/2025:00:24:06 +0100] "GET /wp-content/plugins/polylang/css/build/wizard.min.css?ver=3.6.5 HTTP/1.1" 304 - solarsolutionsgmbh.com "https://solarsolutionsgmbh.com/wp-admin/admin.php?page=mlang_wizard" "Mozilla/5.0 (Windows NT 10.0; Win64; x64; rv:133.0) Gecko/20100101 Firefox/133.0" "-"
2a02:8206:6b00:: - - [03/Jan/2025:00:24:06 +0100] "GET /wp-content/plugins/polylang/js/build/languages-step.min.js?ver=3.6.5 HTTP/1.1" 304 - solarsolutionsgmbh.com "https://solarsolutionsgmbh.com/wp-admin/admin.php?page=mlang_wizard" "Mozilla/5.0 (Windows NT 10.0; Win64; x64; rv:133.0) Gecko/20100101 Firefox/133.0" "-"
2a02:8206:6b00:: - - [03/Jan/2025:00:24:06 +0100] "GET /wp-content/plugins/polylang/modules/wizard/images/polylang-logo.png HTTP/1.1" 304 - solarsolutionsgmbh.com "https://solarsolutionsgmbh.com/wp-admin/admin.php?page=mlang_wizard" "Mozilla/5.0 (Windows NT 10.0; Win64; x64; rv:133.0) Gecko/20100101 Firefox/133.0" "-"
2a02:8206:6b00:: - - [03/Jan/2025:00:24:08 +0100] "GET /wp-admin/admin.php?page=mlang_settings HTTP/1.1" 200 60612 solarsolutionsgmbh.com "https://solarsolutionsgmbh.com/wp-admin/admin.php?page=mlang" "Mozilla/5.0 (Windows NT 10.0; Win64; x64; rv:133.0) Gecko/20100101 Firefox/133.0" "-"
2a02:8206:6b00:: - - [03/Jan/2025:00:24:10 +0100] "GET /wp-admin/admin.php?page=mlang_strings HTTP/1.1" 200 59428 solarsolutionsgmbh.com "https://solarsolutionsgmbh.com/wp-admin/admin.php?page=mlang_settings" "Mozilla/5.0 (Windows NT 10.0; Win64; x64; rv:133.0) Gecko/20100101 Firefox/133.0" "-"
2a02:8070:2400:: - - [03/Jan/2025:00:24:24 +0100] "POST /wp-admin/admin-ajax.php HTTP/1.1" 200 47 solarsolutionsgmbh.com "https://solarsolutionsgmbh.com/wp-admin/admin.php?page=metaslider&id=146" "Mozilla/5.0 (Windows NT 10.0; Win64; x64; rv:133.0) Gecko/20100101 Firefox/133.0" "-"
2a02:8206:6b00:: - - [03/Jan/2025:00:24:29 +0100] "GET /wp-admin/admin.php?page=mlang HTTP/1.1" 200 296086 solarsolutionsgmbh.com "https://solarsolutionsgmbh.com/wp-admin/admin.php?page=mlang_strings" "Mozilla/5.0 (Windows NT 10.0; Win64; x64; rv:133.0) Gecko/20100101 Firefox/133.0" "-"
2a02:8070:2400:: - - [03/Jan/2025:00:24:30 +0100] "POST /wp-admin/admin-ajax.php HTTP/1.1" 200 98 solarsolutionsgmbh.com "https://solarsolutionsgmbh.com/wp-admin/post.php?post=15&action=edit" "Mozilla/5.0 (Windows NT 10.0; Win64; x64; rv:133.0) Gecko/20100101 Firefox/133.0" "-"
2a02:8070:2400:: - - [03/Jan/2025:00:24:33 +0100] "POST /wp-admin/admin-ajax.php HTTP/1.1" 200 1 solarsolutionsgmbh.com "https://solarsolutionsgmbh.com/wp-admin/post.php?post=15&action=edit" "Mozilla/5.0 (Windows NT 10.0; Win64; x64; rv:133.0) Gecko/20100101 Firefox/133.0" "-"
2a02:8206:6b00:: - - [03/Jan/2025:00:24:37 +0100] "GET /wp-admin/admin.php?page=mlang&pll_action=default-lang&noheader=true&lang=12&_wpnonce=d207900ed8 HTTP/1.1" 302 - solarsolutionsgmbh.com "https://solarsolutionsgmbh.com/wp-admin/admin.php?page=mlang" "Mozilla/5.0 (Windows NT 10.0; Win64; x64; rv:133.0) Gecko/20100101 Firefox/133.0" "-"
2a02:8206:6b00:: - - [03/Jan/2025:00:24:37 +0100] "GET /wp-admin/admin.php?page=mlang HTTP/1.1" 200 296085 solarsolutionsgmbh.com "https://solarsolutionsgmbh.com/wp-admin/admin.php?page=mlang" "Mozilla/5.0 (Windows NT 10.0; Win64; x64; rv:133.0) Gecko/20100101 Firefox/133.0" "-"
2a02:8070:2400:: - - [03/Jan/2025:00:24:40 +0100] "POST /wp-admin/admin-ajax.php HTTP/1.1" 200 98 solarsolutionsgmbh.com "https://solarsolutionsgmbh.com/wp-admin/post.php?post=15&action=edit" "Mozilla/5.0 (Windows NT 10.0; Win64; x64; rv:133.0) Gecko/20100101 Firefox/133.0" "-"
2a02:8206:6b00:: - - [03/Jan/2025:00:24:40 +0100] "GET /wp-admin/admin.php?page=mlang&pll_action=default-lang&noheader=true&lang=9&_wpnonce=d207900ed8 HTTP/1.1" 302 - solarsolutionsgmbh.com "https://solarsolutionsgmbh.com/wp-admin/admin.php?page=mlang" "Mozilla/5.0 (Windows NT 10.0; Win64; x64; rv:133.0) Gecko/20100101 Firefox/133.0" "-"
2a02:8206:6b00:: - - [03/Jan/2025:00:24:41 +0100] "GET /wp-admin/admin.php?page=mlang HTTP/1.1" 200 296086 solarsolutionsgmbh.com "https://solarsolutionsgmbh.com/wp-admin/admin.php?page=mlang" "Mozilla/5.0 (Windows NT 10.0; Win64; x64; rv:133.0) Gecko/20100101 Firefox/133.0" "-"
2a02:8206:6b00:: - - [03/Jan/2025:00:24:45 +0100] "GET /wp-admin/admin.php?page=mlang&orderby=term_group&order=asc HTTP/1.1" 200 296273 solarsolutionsgmbh.com "https://solarsolutionsgmbh.com/wp-admin/admin.php?page=mlang" "Mozilla/5.0 (Windows NT 10.0; Win64; x64; rv:133.0) Gecko/20100101 Firefox/133.0" "-"
2a02:8206:6b00:: - - [03/Jan/2025:00:24:45 +0100] "GET /wp-content/plugins/polylang/css/build/dialog.min.css?ver=3.6.5 HTTP/1.1" 304 - solarsolutionsgmbh.com "https://solarsolutionsgmbh.com/wp-admin/admin.php?page=mlang&orderby=term_group&order=asc" "Mozilla/5.0 (Windows NT 10.0; Win64; x64; rv:133.0) Gecko/20100101 Firefox/133.0" "-"
2a02:8206:6b00:: - - [03/Jan/2025:00:24:45 +0100] "GET /wp-content/plugins/polylang/css/build/admin.min.css?ver=3.6.5 HTTP/1.1" 304 - solarsolutionsgmbh.com "https://solarsolutionsgmbh.com/wp-admin/admin.php?page=mlang&orderby=term_group&order=asc" "Mozilla/5.0 (Windows NT 10.0; Win64; x64; rv:133.0) Gecko/20100101 Firefox/133.0" "-"
2a02:8070:2400:: - - [03/Jan/2025:00:24:47 +0100] "GET /wp-admin/admin.php?page=mlang HTTP/1.1" 200 296059 solarsolutionsgmbh.com "https://solarsolutionsgmbh.com/wp-admin/admin.php?page=metaslider&id=146" "Mozilla/5.0 (Windows NT 10.0; Win64; x64; rv:133.0) Gecko/20100101 Firefox/133.0" "-"
2a02:8070:2400:: - - [03/Jan/2025:00:24:47 +0100] "GET /wp-content/plugins/polylang/css/build/selectmenu.min.css?ver=3.6.5 HTTP/1.1" 200 4316 solarsolutionsgmbh.com "https://solarsolutionsgmbh.com/wp-admin/admin.php?page=mlang" "Mozilla/5.0 (Windows NT 10.0; Win64; x64; rv:133.0) Gecko/20100101 Firefox/133.0" "-"
2a02:8070:2400:: - - [03/Jan/2025:00:24:47 +0100] "GET /wp-content/plugins/polylang/css/build/admin.min.css?ver=3.6.5 HTTP/1.1" 304 - solarsolutionsgmbh.com "https://solarsolutionsgmbh.com/wp-admin/admin.php?page=mlang" "Mozilla/5.0 (Windows NT 10.0; Win64; x64; rv:133.0) Gecko/20100101 Firefox/133.0" "-"
2a02:8070:2400:: - - [03/Jan/2025:00:24:47 +0100] "GET /wp-content/plugins/polylang/css/build/dialog.min.css?ver=3.6.5 HTTP/1.1" 304 - solarsolutionsgmbh.com "https://solarsolutionsgmbh.com/wp-admin/admin.php?page=mlang" "Mozilla/5.0 (Windows NT 10.0; Win64; x64; rv:133.0) Gecko/20100101 Firefox/133.0" "-"
2a02:8070:2400:: - - [03/Jan/2025:00:24:47 +0100] "GET /wp-content/plugins/ml-slider/admin/assets/css/upgrade.css?ver=3.94.0 HTTP/1.1" 304 - solarsolutionsgmbh.com "https://solarsolutionsgmbh.com/wp-admin/admin.php?page=mlang" "Mozilla/5.0 (Windows NT 10.0; Win64; x64; rv:133.0) Gecko/20100101 Firefox/133.0" "-"
