2a02:3037:400:: - - [20/Jan/2025:09:56:24 +0100] "GET /wp-includes/js/jquery/jquery-migrate.min.js?ver=3.4.1 HTTP/1.1" 200 13577 solarsolutionsgmbh.com "https://solarsolutionsgmbh.com/" "Mozilla/5.0 (Linux; Android 10; K) AppleWebKit/537.36 (KHTML, like Gecko) SamsungBrowser/27.0 Chrome/125.0.0.0 Mobile Safari/537.36" "-"
2a02:3037:400:: - - [20/Jan/2025:09:56:24 +0100] "GET /wp-content/plugins/contact-form-7/includes/css/styles.css?ver=6.0.2 HTTP/1.1" 200 2894 solarsolutionsgmbh.com "https://solarsolutionsgmbh.com/" "Mozilla/5.0 (Linux; Android 10; K) AppleWebKit/537.36 (KHTML, like Gecko) SamsungBrowser/27.0 Chrome/125.0.0.0 Mobile Safari/537.36" "-"
2a02:3037:400:: - - [20/Jan/2025:09:56:24 +0100] "GET /wp-content/uploads/2025/01/Illustration.png HTTP/1.1" 200 19597 solarsolutionsgmbh.com "https://solarsolutionsgmbh.com/" "Mozilla/5.0 (Linux; Android 10; K) AppleWebKit/537.36 (KHTML, like Gecko) SamsungBrowser/27.0 Chrome/125.0.0.0 Mobile Safari/537.36" "-"
2a02:3037:400:: - - [20/Jan/2025:09:56:24 +0100] "GET /wp-includes/js/dist/script-modules/block-library/navigation/view.min.js?ver=8ff192874fc8910a284c HTTP/1.1" 200 3300 solarsolutionsgmbh.com "https://solarsolutionsgmbh.com/" "Mozilla/5.0 (Linux; Android 10; K) AppleWebKit/537.36 (KHTML, like Gecko) SamsungBrowser/27.0 Chrome/125.0.0.0 Mobile Safari/537.36" "-"
2a02:3037:400:: - - [20/Jan/2025:09:56:24 +0100] "GET /wp-includes/js/dist/script-modules/interactivity/index.min.js?ver=06b8f695ef48ab2d9277 HTTP/1.1" 200 36695 solarsolutionsgmbh.com "https://solarsolutionsgmbh.com/" "Mozilla/5.0 (Linux; Android 10; K) AppleWebKit/537.36 (KHTML, like Gecko) SamsungBrowser/27.0 Chrome/125.0.0.0 Mobile Safari/537.36" "-"
2a02:3037:400:: - - [20/Jan/2025:09:56:24 +0100] "GET /wp-content/uploads/2025/01/logo_white-1.png HTTP/1.1" 200 75650 solarsolutionsgmbh.com "https://solarsolutionsgmbh.com/" "Mozilla/5.0 (Linux; Android 10; K) AppleWebKit/537.36 (KHTML, like Gecko) SamsungBrowser/27.0 Chrome/125.0.0.0 Mobile Safari/537.36" "-"
2a02:3037:400:: - - [20/Jan/2025:09:56:24 +0100] "GET /wp-content/uploads/2025/01/logo-300x196.png HTTP/1.1" 200 33937 solarsolutionsgmbh.com "https://solarsolutionsgmbh.com/" "Mozilla/5.0 (Linux; Android 10; K) AppleWebKit/537.36 (KHTML, like Gecko) SamsungBrowser/27.0 Chrome/125.0.0.0 Mobile Safari/537.36" "-"
2a02:3037:400:: - - [20/Jan/2025:09:56:24 +0100] "GET /wp-content/uploads/2025/01/pexels-cristian-rojas-8853501-scaled-e1736841770815.jpg HTTP/1.1" 200 26603 solarsolutionsgmbh.com "https://solarsolutionsgmbh.com/" "Mozilla/5.0 (Linux; Android 10; K) AppleWebKit/537.36 (KHTML, like Gecko) SamsungBrowser/27.0 Chrome/125.0.0.0 Mobile Safari/537.36" "-"
2a02:3037:400:: - - [20/Jan/2025:09:56:24 +0100] "GET /wp-content/uploads/2025/01/pexels-rdne-8293653-scaled-e1736842089834.jpg HTTP/1.1" 200 14360 solarsolutionsgmbh.com "https://solarsolutionsgmbh.com/" "Mozilla/5.0 (Linux; Android 10; K) AppleWebKit/537.36 (KHTML, like Gecko) SamsungBrowser/27.0 Chrome/125.0.0.0 Mobile Safari/537.36" "-"
2a02:3037:400:: - - [20/Jan/2025:09:56:24 +0100] "GET /wp-content/uploads/2025/01/0cea1b925a40798cff672554981f4731.png HTTP/1.1" 200 173689 solarsolutionsgmbh.com "https://solarsolutionsgmbh.com/" "Mozilla/5.0 (Linux; Android 10; K) AppleWebKit/537.36 (KHTML, like Gecko) SamsungBrowser/27.0 Chrome/125.0.0.0 Mobile Safari/537.36" "-"
2a02:3037:400:: - - [20/Jan/2025:09:56:24 +0100] "GET /wp-includes/js/dist/hooks.min.js?ver=4d63a3d491d11ffd8ac6 HTTP/1.1" 200 4776 solarsolutionsgmbh.com "https://solarsolutionsgmbh.com/" "Mozilla/5.0 (Linux; Android 10; K) AppleWebKit/537.36 (KHTML, like Gecko) SamsungBrowser/27.0 Chrome/125.0.0.0 Mobile Safari/537.36" "-"
2a02:3037:400:: - - [20/Jan/2025:09:56:24 +0100] "GET /wp-includes/js/dist/i18n.min.js?ver=5e580eb46a90c2b997e6 HTTP/1.1" 200 9141 solarsolutionsgmbh.com "https://solarsolutionsgmbh.com/" "Mozilla/5.0 (Linux; Android 10; K) AppleWebKit/537.36 (KHTML, like Gecko) SamsungBrowser/27.0 Chrome/125.0.0.0 Mobile Safari/537.36" "-"
2a02:3037:400:: - - [20/Jan/2025:09:56:24 +0100] "GET /wp-content/plugins/contact-form-7/includes/js/index.js?ver=6.0.2 HTTP/1.1" 200 13452 solarsolutionsgmbh.com "https://solarsolutionsgmbh.com/" "Mozilla/5.0 (Linux; Android 10; K) AppleWebKit/537.36 (KHTML, like Gecko) SamsungBrowser/27.0 Chrome/125.0.0.0 Mobile Safari/537.36" "-"
2a02:3037:400:: - - [20/Jan/2025:09:56:24 +0100] "GET /wp-content/plugins/contact-form-7/includes/swv/js/index.js?ver=6.0.2 HTTP/1.1" 200 12512 solarsolutionsgmbh.com "https://solarsolutionsgmbh.com/" "Mozilla/5.0 (Linux; Android 10; K) AppleWebKit/537.36 (KHTML, like Gecko) SamsungBrowser/27.0 Chrome/125.0.0.0 Mobile Safari/537.36" "-"
2a02:3037:400:: - - [20/Jan/2025:09:56:24 +0100] "GET /wp-content/themes/twentytwentyfour/assets/js/slider.js HTTP/1.1" 200 1483 solarsolutionsgmbh.com "https://solarsolutionsgmbh.com/" "Mozilla/5.0 (Linux; Android 10; K) AppleWebKit/537.36 (KHTML, like Gecko) SamsungBrowser/27.0 Chrome/125.0.0.0 Mobile Safari/537.36" "-"
2a02:3037:400:: - - [20/Jan/2025:09:56:24 +0100] "GET /wp-content/plugins/contact-form-7/modules/recaptcha/index.js?ver=6.0.2 HTTP/1.1" 200 934 solarsolutionsgmbh.com "https://solarsolutionsgmbh.com/" "Mozilla/5.0 (Linux; Android 10; K) AppleWebKit/537.36 (KHTML, like Gecko) SamsungBrowser/27.0 Chrome/125.0.0.0 Mobile Safari/537.36" "-"
2a02:3037:400:: - - [20/Jan/2025:09:56:24 +0100] "GET /wp-includes/js/dist/vendor/wp-polyfill.min.js?ver=3.15.0 HTTP/1.1" 200 37931 solarsolutionsgmbh.com "https://solarsolutionsgmbh.com/" "Mozilla/5.0 (Linux; Android 10; K) AppleWebKit/537.36 (KHTML, like Gecko) SamsungBrowser/27.0 Chrome/125.0.0.0 Mobile Safari/537.36" "-"
2a02:3037:400:: - - [20/Jan/2025:09:56:24 +0100] "GET /wp-content/plugins/google-analytics-for-wordpress/assets/js/frontend-gtag.min.js?ver=9.2.4 HTTP/1.1" 200 11894 solarsolutionsgmbh.com "https://solarsolutionsgmbh.com/" "Mozilla/5.0 (Linux; Android 10; K) AppleWebKit/537.36 (KHTML, like Gecko) SamsungBrowser/27.0 Chrome/125.0.0.0 Mobile Safari/537.36" "-"
2a02:3037:400:: - - [20/Jan/2025:09:56:24 +0100] "GET /wp-content/plugins/gtranslate/js/flags.js?ver=6.7.1 HTTP/1.1" 200 14277 solarsolutionsgmbh.com "https://solarsolutionsgmbh.com/" "Mozilla/5.0 (Linux; Android 10; K) AppleWebKit/537.36 (KHTML, like Gecko) SamsungBrowser/27.0 Chrome/125.0.0.0 Mobile Safari/537.36" "-"
2a02:3037:400:: - - [20/Jan/2025:09:56:24 +0100] "GET /wp-content/uploads/2025/01/beratung.png HTTP/1.1" 200 38360 solarsolutionsgmbh.com "https://solarsolutionsgmbh.com/" "Mozilla/5.0 (Linux; Android 10; K) AppleWebKit/537.36 (KHTML, like Gecko) SamsungBrowser/27.0 Chrome/125.0.0.0 Mobile Safari/537.36" "-"
2a02:3037:400:: - - [20/Jan/2025:09:56:24 +0100] "GET /wp-content/uploads/2025/01/planung.png HTTP/1.1" 200 20333 solarsolutionsgmbh.com "https://solarsolutionsgmbh.com/" "Mozilla/5.0 (Linux; Android 10; K) AppleWebKit/537.36 (KHTML, like Gecko) SamsungBrowser/27.0 Chrome/125.0.0.0 Mobile Safari/537.36" "-"
2a02:3037:400:: - - [20/Jan/2025:09:56:24 +0100] "GET /wp-content/uploads/2025/01/montage.png HTTP/1.1" 200 33498 solarsolutionsgmbh.com "https://solarsolutionsgmbh.com/" "Mozilla/5.0 (Linux; Android 10; K) AppleWebKit/537.36 (KHTML, like Gecko) SamsungBrowser/27.0 Chrome/125.0.0.0 Mobile Safari/537.36" "-"
2a02:3037:400:: - - [20/Jan/2025:09:56:24 +0100] "GET /wp-content/uploads/2025/01/wartung.png HTTP/1.1" 200 36653 solarsolutionsgmbh.com "https://solarsolutionsgmbh.com/" "Mozilla/5.0 (Linux; Android 10; K) AppleWebKit/537.36 (KHTML, like Gecko) SamsungBrowser/27.0 Chrome/125.0.0.0 Mobile Safari/537.36" "-"
2a02:3037:400:: - - [20/Jan/2025:09:56:24 +0100] "GET /wp-content/themes/twentytwentyfour/assets/fonts/inter/Inter-VariableFont_slnt,wght.woff2 HTTP/1.1" 200 326628 solarsolutionsgmbh.com "https://solarsolutionsgmbh.com/" "Mozilla/5.0 (Linux; Android 10; K) AppleWebKit/537.36 (KHTML, like Gecko) SamsungBrowser/27.0 Chrome/125.0.0.0 Mobile Safari/537.36" "-"
2a02:3037:400:: - - [20/Jan/2025:09:56:25 +0100] "GET /wp-content/plugins/gtranslate/flags/svg/de.svg HTTP/1.1" 200 238 solarsolutionsgmbh.com "https://solarsolutionsgmbh.com/" "Mozilla/5.0 (Linux; Android 10; K) AppleWebKit/537.36 (KHTML, like Gecko) SamsungBrowser/27.0 Chrome/125.0.0.0 Mobile Safari/537.36" "-"
2a02:3037:400:: - - [20/Jan/2025:09:56:25 +0100] "GET /wp-content/plugins/gtranslate/flags/svg/en.svg HTTP/1.1" 200 862 solarsolutionsgmbh.com "https://solarsolutionsgmbh.com/" "Mozilla/5.0 (Linux; Android 10; K) AppleWebKit/537.36 (KHTML, like Gecko) SamsungBrowser/27.0 Chrome/125.0.0.0 Mobile Safari/537.36" "-"
2a02:3037:400:: - - [20/Jan/2025:09:56:25 +0100] "GET /wp-content/plugins/gtranslate/flags/svg/es.svg HTTP/1.1" 200 48089 solarsolutionsgmbh.com "https://solarsolutionsgmbh.com/" "Mozilla/5.0 (Linux; Android 10; K) AppleWebKit/537.36 (KHTML, like Gecko) SamsungBrowser/27.0 Chrome/125.0.0.0 Mobile Safari/537.36" "-"
2a02:3037:400:: - - [20/Jan/2025:09:56:26 +0100] "GET /wp-content/uploads/2025/01/logo.png HTTP/1.1" 200 76264 solarsolutionsgmbh.com "https://solarsolutionsgmbh.com/" "Mozilla/5.0 (Linux; Android 10; K) AppleWebKit/537.36 (KHTML, like Gecko) SamsungBrowser/27.0 Chrome/125.0.0.0 Mobile Safari/537.36" "-"
43.153.119.0 - - [20/Jan/2025:09:56:27 +0100] "GET / HTTP/1.1" 200 110264 solarsolutionsgmbh.com "https://www.solarsolutionsgmbh.com" "Mozilla/5.0 (iPhone; CPU iPhone OS 13_2_3 like Mac OS X) AppleWebKit/605.1.15 (KHTML, like Gecko) Version/13.0.3 Mobile/15E148 Safari/604.1" "-"
2001:7c0:1b00:: - - [20/Jan/2025:09:56:47 +0100] "POST /wp-admin/admin-ajax.php HTTP/1.1" 200 98 solarsolutionsgmbh.com "https://solarsolutionsgmbh.com/wp-admin/post.php?post=15&action=edit" "Mozilla/5.0 (Windows NT 10.0; Win64; x64; rv:134.0) Gecko/20100101 Firefox/134.0" "-"
2001:7c0:1b00:: - - [20/Jan/2025:09:56:52 +0100] "GET /solarkonfigurator/ HTTP/1.1" 200 142775 solarsolutionsgmbh.com "-" "Mozilla/5.0 (Windows NT 10.0; Win64; x64; rv:134.0) Gecko/20100101 Firefox/134.0" "-"
2001:7c0:1b00:: - - [20/Jan/2025:09:56:55 +0100] "GET /wp-includes/blocks/social-links/style.min.css?ver=6.7.1 HTTP/1.1" 200 11600 solarsolutionsgmbh.com "https://solarsolutionsgmbh.com/solarkonfigurator/" "Mozilla/5.0 (Windows NT 10.0; Win64; x64; rv:134.0) Gecko/20100101 Firefox/134.0" "-"
2001:7c0:1b00:: - - [20/Jan/2025:09:56:58 +0100] "POST /wp-admin/admin-ajax.php HTTP/1.1" 200 98 solarsolutionsgmbh.com "https://solarsolutionsgmbh.com/wp-admin/post.php?post=15&action=edit" "Mozilla/5.0 (Windows NT 10.0; Win64; x64; rv:134.0) Gecko/20100101 Firefox/134.0" "-"
82.165.90.0 - - [20/Jan/2025:09:58:58 +0100] "POST /wp-cron.php?doing_wp_cron=1737363538.7412250041961669921875 HTTP/1.1" 200 - solarsolutionsgmbh.com "-" "WordPress/6.7.1; https://solarsolutionsgmbh.com" "-"
2001:7c0:1b00:: - - [20/Jan/2025:09:58:58 +0100] "POST /wp-admin/admin-ajax.php HTTP/1.1" 200 98 solarsolutionsgmbh.com "https://solarsolutionsgmbh.com/wp-admin/post.php?post=15&action=edit" "Mozilla/5.0 (Windows NT 10.0; Win64; x64; rv:134.0) Gecko/20100101 Firefox/134.0" "-"
2001:7c0:1b00:: - - [20/Jan/2025:10:00:58 +0100] "POST /wp-admin/admin-ajax.php HTTP/1.1" 200 98 solarsolutionsgmbh.com "https://solarsolutionsgmbh.com/wp-admin/post.php?post=15&action=edit" "Mozilla/5.0 (Windows NT 10.0; Win64; x64; rv:134.0) Gecko/20100101 Firefox/134.0" "-"
82.165.90.0 - - [20/Jan/2025:10:01:00 +0100] "POST /wp-cron.php?doing_wp_cron=1737363660.2472040653228759765625 HTTP/1.1" 200 - solarsolutionsgmbh.com "-" "WordPress/6.7.1; https://solarsolutionsgmbh.com" "-"
2001:7c0:1b00:: - - [20/Jan/2025:10:02:58 +0100] "POST /wp-admin/admin-ajax.php HTTP/1.1" 200 98 solarsolutionsgmbh.com "https://solarsolutionsgmbh.com/wp-admin/post.php?post=15&action=edit" "Mozilla/5.0 (Windows NT 10.0; Win64; x64; rv:134.0) Gecko/20100101 Firefox/134.0" "-"
82.165.90.0 - - [20/Jan/2025:10:02:59 +0100] "POST /wp-cron.php?doing_wp_cron=1737363779.9108929634094238281250 HTTP/1.1" 200 - solarsolutionsgmbh.com "-" "WordPress/6.7.1; https://solarsolutionsgmbh.com" "-"
2001:7c0:1b00:: - - [20/Jan/2025:10:04:39 +0100] "POST /wp-admin/admin-ajax.php HTTP/1.1" 200 98 solarsolutionsgmbh.com "https://solarsolutionsgmbh.com/wp-admin/post.php?post=15&action=edit" "Mozilla/5.0 (Windows NT 10.0; Win64; x64; rv:134.0) Gecko/20100101 Firefox/134.0" "-"
82.165.90.0 - - [20/Jan/2025:10:04:39 +0100] "POST /wp-cron.php?doing_wp_cron=1737363879.8504199981689453125000 HTTP/1.1" 200 - solarsolutionsgmbh.com "-" "WordPress/6.7.1; https://solarsolutionsgmbh.com" "-"
2001:7c0:1b00:: - - [20/Jan/2025:10:04:48 +0100] "POST /wp-admin/admin-ajax.php HTTP/1.1" 200 98 solarsolutionsgmbh.com "https://solarsolutionsgmbh.com/wp-admin/post.php?post=15&action=edit" "Mozilla/5.0 (Windows NT 10.0; Win64; x64; rv:134.0) Gecko/20100101 Firefox/134.0" "-"
2001:7c0:1b00:: - - [20/Jan/2025:10:04:58 +0100] "POST /wp-admin/admin-ajax.php HTTP/1.1" 200 98 solarsolutionsgmbh.com "https://solarsolutionsgmbh.com/wp-admin/post.php?post=15&action=edit" "Mozilla/5.0 (Windows NT 10.0; Win64; x64; rv:134.0) Gecko/20100101 Firefox/134.0" "-"
2001:7c0:1b00:: - - [20/Jan/2025:10:04:58 +0100] "GET /wp-admin/site-editor.php?postType=wp_template&postId=twentytwentyfour//page&canvas=edit HTTP/1.1" 200 941514 solarsolutionsgmbh.com "https://solarsolutionsgmbh.com/Projekte/" "Mozilla/5.0 (Windows NT 10.0; Win64; x64; rv:134.0) Gecko/20100101 Firefox/134.0" "-"
82.165.90.0 - - [20/Jan/2025:10:04:59 +0100] "POST /wp-cron.php?doing_wp_cron=1737363899.4961678981781005859375 HTTP/1.1" 200 - solarsolutionsgmbh.com "-" "WordPress/6.7.1; https://solarsolutionsgmbh.com" "-"
2001:7c0:1b00:: - - [20/Jan/2025:10:05:03 +0100] "GET /wp-content/plugins/userfeedback-lite/assets/gutenberg/css/editor.css?ver=1.4.0 HTTP/1.1" 200 1459 solarsolutionsgmbh.com "https://solarsolutionsgmbh.com/wp-admin/site-editor.php?postType=wp_template&postId=twentytwentyfour//page&canvas=edit" "Mozilla/5.0 (Windows NT 10.0; Win64; x64; rv:134.0) Gecko/20100101 Firefox/134.0" "-"
2001:7c0:1b00:: - - [20/Jan/2025:10:05:03 +0100] "GET /wp-content/plugins/wpforms-lite/assets/css/choices.min.css?ver=10.2.0 HTTP/1.1" 200 12388 solarsolutionsgmbh.com "https://solarsolutionsgmbh.com/wp-admin/site-editor.php?postType=wp_template&postId=twentytwentyfour//page&canvas=edit" "Mozilla/5.0 (Windows NT 10.0; Win64; x64; rv:134.0) Gecko/20100101 Firefox/134.0" "-"
2001:7c0:1b00:: - - [20/Jan/2025:10:05:03 +0100] "GET /wp-includes/js/dist/edit-site.min.js?ver=79e90f0c7638bb507b37 HTTP/1.1" 304 - solarsolutionsgmbh.com "https://solarsolutionsgmbh.com/wp-admin/site-editor.php?postType=wp_template&postId=twentytwentyfour//page&canvas=edit" "Mozilla/5.0 (Windows NT 10.0; Win64; x64; rv:134.0) Gecko/20100101 Firefox/134.0" "-"
2001:7c0:1b00:: - - [20/Jan/2025:10:05:05 +0100] "GET /wp-json/wpforms/v1/themes/?_locale=user HTTP/1.1" 200 9111 solarsolutionsgmbh.com "https://solarsolutionsgmbh.com/wp-admin/site-editor.php?postType=wp_template&postId=twentytwentyfour%2F%2Fpage&canvas=edit" "Mozilla/5.0 (Windows NT 10.0; Win64; x64; rv:134.0) Gecko/20100101 Firefox/134.0" "-"
2001:7c0:1b00:: - - [20/Jan/2025:10:05:06 +0100] "OPTIONS /wp-json/wp/v2/settings?_locale=user HTTP/1.1" 200 5640 solarsolutionsgmbh.com "https://solarsolutionsgmbh.com/wp-admin/site-editor.php?postType=wp_template&postId=twentytwentyfour%2F%2Fpage&canvas=edit" "Mozilla/5.0 (Windows NT 10.0; Win64; x64; rv:134.0) Gecko/20100101 Firefox/134.0" "-"
2001:7c0:1b00:: - - [20/Jan/2025:10:05:06 +0100] "POST /wp-admin/admin-ajax.php HTTP/1.1" 200 2188 solarsolutionsgmbh.com "https://solarsolutionsgmbh.com/wp-admin/site-editor.php?postType=wp_template&postId=twentytwentyfour%2F%2Fpage&canvas=edit" "Mozilla/5.0 (Windows NT 10.0; Win64; x64; rv:134.0) Gecko/20100101 Firefox/134.0" "-"
2001:7c0:1b00:: - - [20/Jan/2025:10:05:06 +0100] "GET /wp-json/wp/v2/types?context=view&_locale=user HTTP/1.1" 200 11494 solarsolutionsgmbh.com "https://solarsolutionsgmbh.com/wp-admin/site-editor.php?postType=wp_template&postId=twentytwentyfour%2F%2Fpage&canvas=edit" "Mozilla/5.0 (Windows NT 10.0; Win64; x64; rv:134.0) Gecko/20100101 Firefox/134.0" "-"
2001:7c0:1b00:: - - [20/Jan/2025:10:05:06 +0100] "GET /wp-json/?_fields=description%2Cgmt_offset%2Chome%2Cname%2Csite_icon%2Csite_icon_url%2Csite_logo%2Ctimezone_string%2Curl&_locale=user HTTP/1.1" 200 659 solarsolutionsgmbh.com "https://solarsolutionsgmbh.com/wp-admin/site-editor.php?postType=wp_template&postId=twentytwentyfour%2F%2Fpage&canvas=edit" "Mozilla/5.0 (Windows NT 10.0; Win64; x64; rv:134.0) Gecko/20100101 Firefox/134.0" "-"
2001:7c0:1b00:: - - [20/Jan/2025:10:05:07 +0100] "GET /wp-json/wp/v2/settings?_locale=user HTTP/1.1" 200 505 solarsolutionsgmbh.com "https://solarsolutionsgmbh.com/wp-admin/site-editor.php?postType=wp_template&postId=twentytwentyfour%2F%2Fpage&canvas=edit" "Mozilla/5.0 (Windows NT 10.0; Win64; x64; rv:134.0) Gecko/20100101 Firefox/134.0" "-"
2001:7c0:1b00:: - - [20/Jan/2025:10:05:07 +0100] "OPTIONS /wp-json/wp/v2/settings?_locale=user HTTP/1.1" 200 5640 solarsolutionsgmbh.com "https://solarsolutionsgmbh.com/wp-admin/site-editor.php?postType=wp_template&postId=twentytwentyfour%2F%2Fpage&canvas=edit" "Mozilla/5.0 (Windows NT 10.0; Win64; x64; rv:134.0) Gecko/20100101 Firefox/134.0" "-"
2001:7c0:1b00:: - - [20/Jan/2025:10:05:08 +0100] "GET /wp-includes/css/dist/components/style.min.css?ver=6.7.1 HTTP/1.1" 304 - solarsolutionsgmbh.com "-" "Mozilla/5.0 (Windows NT 10.0; Win64; x64; rv:134.0) Gecko/20100101 Firefox/134.0" "-"
2001:7c0:1b00:: - - [20/Jan/2025:10:05:08 +0100] "GET /wp-includes/css/dist/block-editor/style.min.css?ver=6.7.1 HTTP/1.1" 304 - solarsolutionsgmbh.com "-" "Mozilla/5.0 (Windows NT 10.0; Win64; x64; rv:134.0) Gecko/20100101 Firefox/134.0" "-"
2001:7c0:1b00:: - - [20/Jan/2025:10:05:08 +0100] "GET /wp-includes/css/dist/block-editor/content.min.css?ver=6.7.1 HTTP/1.1" 200 30969 solarsolutionsgmbh.com "-" "Mozilla/5.0 (Windows NT 10.0; Win64; x64; rv:134.0) Gecko/20100101 Firefox/134.0" "-"
2001:7c0:1b00:: - - [20/Jan/2025:10:05:08 +0100] "GET /wp-includes/css/dist/preferences/style.min.css?ver=6.7.1 HTTP/1.1" 304 - solarsolutionsgmbh.com "-" "Mozilla/5.0 (Windows NT 10.0; Win64; x64; rv:134.0) Gecko/20100101 Firefox/134.0" "-"
2001:7c0:1b00:: - - [20/Jan/2025:10:05:08 +0100] "GET /wp-includes/css/dist/reusable-blocks/style.min.css?ver=6.7.1 HTTP/1.1" 304 - solarsolutionsgmbh.com "-" "Mozilla/5.0 (Windows NT 10.0; Win64; x64; rv:134.0) Gecko/20100101 Firefox/134.0" "-"
2001:7c0:1b00:: - - [20/Jan/2025:10:05:08 +0100] "GET /wp-includes/css/dist/block-library/style.min.css?ver=6.7.1 HTTP/1.1" 200 114706 solarsolutionsgmbh.com "-" "Mozilla/5.0 (Windows NT 10.0; Win64; x64; rv:134.0) Gecko/20100101 Firefox/134.0" "-"
2001:7c0:1b00:: - - [20/Jan/2025:10:05:08 +0100] "GET /wp-includes/css/dist/block-library/editor.min.css?ver=6.7.1 HTTP/1.1" 200 70527 solarsolutionsgmbh.com "-" "Mozilla/5.0 (Windows NT 10.0; Win64; x64; rv:134.0) Gecko/20100101 Firefox/134.0" "-"
2001:7c0:1b00:: - - [20/Jan/2025:10:05:08 +0100] "GET /wp-admin/css/forms.min.css?ver=6.7.1 HTTP/1.1" 200 28448 solarsolutionsgmbh.com "-" "Mozilla/5.0 (Windows NT 10.0; Win64; x64; rv:134.0) Gecko/20100101 Firefox/134.0" "-"
2001:7c0:1b00:: - - [20/Jan/2025:10:05:08 +0100] "GET /wp-includes/css/dist/patterns/style.min.css?ver=6.7.1 HTTP/1.1" 304 - solarsolutionsgmbh.com "-" "Mozilla/5.0 (Windows NT 10.0; Win64; x64; rv:134.0) Gecko/20100101 Firefox/134.0" "-"
2001:7c0:1b00:: - - [20/Jan/2025:10:05:08 +0100] "GET /wp-includes/css/dist/editor/style.min.css?ver=6.7.1 HTTP/1.1" 304 - solarsolutionsgmbh.com "-" "Mozilla/5.0 (Windows NT 10.0; Win64; x64; rv:134.0) Gecko/20100101 Firefox/134.0" "-"
2001:7c0:1b00:: - - [20/Jan/2025:10:05:08 +0100] "GET /wp-json/wp/v2/block-patterns/categories?_locale=user HTTP/1.1" 200 2332 solarsolutionsgmbh.com "https://solarsolutionsgmbh.com/wp-admin/site-editor.php?postType=wp_template&postId=twentytwentyfour%2F%2Fpage&canvas=edit" "Mozilla/5.0 (Windows NT 10.0; Win64; x64; rv:134.0) Gecko/20100101 Firefox/134.0" "-"
2001:7c0:1b00:: - - [20/Jan/2025:10:05:08 +0100] "GET /wp-json/wp/v2/users?context=view&who=authors&per_page=50&_fields=id%2Cname&_locale=user HTTP/1.1" 200 149 solarsolutionsgmbh.com "https://solarsolutionsgmbh.com/wp-admin/site-editor.php?postType=wp_template&postId=twentytwentyfour%2F%2Fpage&canvas=edit" "Mozilla/5.0 (Windows NT 10.0; Win64; x64; rv:134.0) Gecko/20100101 Firefox/134.0" "-"
2001:7c0:1b00:: - - [20/Jan/2025:10:05:08 +0100] "GET /wp-json/wp/v2/taxonomies?context=edit&per_page=100&_locale=user HTTP/1.1" 200 9495 solarsolutionsgmbh.com "https://solarsolutionsgmbh.com/wp-admin/site-editor.php?postType=wp_template&postId=twentytwentyfour%2F%2Fpage&canvas=edit" "Mozilla/5.0 (Windows NT 10.0; Win64; x64; rv:134.0) Gecko/20100101 Firefox/134.0" "-"
2001:7c0:1b00:: - - [20/Jan/2025:10:05:08 +0100] "OPTIONS /wp-json/wp/v2/templates?_locale=user HTTP/1.1" 200 5495 solarsolutionsgmbh.com "https://solarsolutionsgmbh.com/wp-admin/site-editor.php?postType=wp_template&postId=twentytwentyfour%2F%2Fpage&canvas=edit" "Mozilla/5.0 (Windows NT 10.0; Win64; x64; rv:134.0) Gecko/20100101 Firefox/134.0" "-"
2001:7c0:1b00:: - - [20/Jan/2025:10:05:08 +0100] "GET /wp-json/wp/v2/taxonomies?context=view&_locale=user HTTP/1.1" 200 1738 solarsolutionsgmbh.com "https://solarsolutionsgmbh.com/wp-admin/site-editor.php?postType=wp_template&postId=twentytwentyfour%2F%2Fpage&canvas=edit" "Mozilla/5.0 (Windows NT 10.0; Win64; x64; rv:134.0) Gecko/20100101 Firefox/134.0" "-"
2001:7c0:1b00:: - - [20/Jan/2025:10:05:08 +0100] "GET /wp-json/wp/v2/blocks?context=edit&per_page=100&_locale=user HTTP/1.1" 200 2 solarsolutionsgmbh.com "https://solarsolutionsgmbh.com/wp-admin/site-editor.php?postType=wp_template&postId=twentytwentyfour%2F%2Fpage&canvas=edit" "Mozilla/5.0 (Windows NT 10.0; Win64; x64; rv:134.0) Gecko/20100101 Firefox/134.0" "-"
2001:7c0:1b00:: - - [20/Jan/2025:10:05:08 +0100] "POST /wp-json/wpforms/v1/themes/custom/?_locale=user HTTP/1.1" 200 15 solarsolutionsgmbh.com "https://solarsolutionsgmbh.com/wp-admin/site-editor.php?postType=wp_template&postId=twentytwentyfour%2F%2Fpage&canvas=edit" "Mozilla/5.0 (Windows NT 10.0; Win64; x64; rv:134.0) Gecko/20100101 Firefox/134.0" "-"
2001:7c0:1b00:: - - [20/Jan/2025:10:05:08 +0100] "GET /wp-json/wp/v2/block-patterns/patterns?_locale=user HTTP/1.1" 200 577840 solarsolutionsgmbh.com "https://solarsolutionsgmbh.com/wp-admin/site-editor.php?postType=wp_template&postId=twentytwentyfour%2F%2Fpage&canvas=edit" "Mozilla/5.0 (Windows NT 10.0; Win64; x64; rv:134.0) Gecko/20100101 Firefox/134.0" "-"
2001:7c0:1b00:: - - [20/Jan/2025:10:05:09 +0100] "GET /wp-json/wp/v2/template-parts/twentytwentyfour//header?context=edit&_locale=user HTTP/1.1" 200 3306 solarsolutionsgmbh.com "https://solarsolutionsgmbh.com/wp-admin/site-editor.php?postType=wp_template&postId=twentytwentyfour%2F%2Fpage&canvas=edit" "Mozilla/5.0 (Windows NT 10.0; Win64; x64; rv:134.0) Gecko/20100101 Firefox/134.0" "-"
2001:7c0:1b00:: - - [20/Jan/2025:10:05:09 +0100] "GET /wp-json/wp/v2/template-parts/twentytwentyfour//footer?context=edit&_locale=user HTTP/1.1" 200 6595 solarsolutionsgmbh.com "https://solarsolutionsgmbh.com/wp-admin/site-editor.php?postType=wp_template&postId=twentytwentyfour%2F%2Fpage&canvas=edit" "Mozilla/5.0 (Windows NT 10.0; Win64; x64; rv:134.0) Gecko/20100101 Firefox/134.0" "-"
2001:7c0:1b00:: - - [20/Jan/2025:10:05:09 +0100] "GET /wp-json/wp/v2/wp_pattern_category?context=view&per_page=100&_fields=id%2Cname%2Cdescription%2Cslug&_locale=user HTTP/1.1" 200 2 solarsolutionsgmbh.com "https://solarsolutionsgmbh.com/wp-admin/site-editor.php?postType=wp_template&postId=twentytwentyfour%2F%2Fpage&canvas=edit" "Mozilla/5.0 (Windows NT 10.0; Win64; x64; rv:134.0) Gecko/20100101 Firefox/134.0" "-"
2001:7c0:1b00:: - - [20/Jan/2025:10:05:09 +0100] "POST /wp-json/wpforms/v1/themes/custom/?_locale=user HTTP/1.1" 200 15 solarsolutionsgmbh.com "https://solarsolutionsgmbh.com/wp-admin/site-editor.php?postType=wp_template&postId=twentytwentyfour%2F%2Fpage&canvas=edit" "Mozilla/5.0 (Windows NT 10.0; Win64; x64; rv:134.0) Gecko/20100101 Firefox/134.0" "-"
2001:7c0:1b00:: - - [20/Jan/2025:10:05:10 +0100] "GET /wp-json/wp/v2/media/406?context=view&_locale=user HTTP/1.1" 200 2981 solarsolutionsgmbh.com "https://solarsolutionsgmbh.com/wp-admin/site-editor.php?postType=wp_template&postId=twentytwentyfour%2F%2Fpage&canvas=edit" "Mozilla/5.0 (Windows NT 10.0; Win64; x64; rv:134.0) Gecko/20100101 Firefox/134.0" "-"
2001:7c0:1b00:: - - [20/Jan/2025:10:05:10 +0100] "GET /wp-json/wp/v2/menus?context=view&per_page=100&_locale=user HTTP/1.1" 200 2 solarsolutionsgmbh.com "https://solarsolutionsgmbh.com/wp-admin/site-editor.php?postType=wp_template&postId=twentytwentyfour%2F%2Fpage&canvas=edit" "Mozilla/5.0 (Windows NT 10.0; Win64; x64; rv:134.0) Gecko/20100101 Firefox/134.0" "-"
2001:7c0:1b00:: - - [20/Jan/2025:10:05:10 +0100] "OPTIONS /wp-json/wp/v2/navigation/4?_locale=user HTTP/1.1" 200 7062 solarsolutionsgmbh.com "https://solarsolutionsgmbh.com/wp-admin/site-editor.php?postType=wp_template&postId=twentytwentyfour%2F%2Fpage&canvas=edit" "Mozilla/5.0 (Windows NT 10.0; Win64; x64; rv:134.0) Gecko/20100101 Firefox/134.0" "-"
2001:7c0:1b00:: - - [20/Jan/2025:10:05:10 +0100] "GET /wp-json/wp/v2/navigation/4?context=edit&_locale=user HTTP/1.1" 200 3196 solarsolutionsgmbh.com "https://solarsolutionsgmbh.com/wp-admin/site-editor.php?postType=wp_template&postId=twentytwentyfour%2F%2Fpage&canvas=edit" "Mozilla/5.0 (Windows NT 10.0; Win64; x64; rv:134.0) Gecko/20100101 Firefox/134.0" "-"
2001:7c0:1b00:: - - [20/Jan/2025:10:05:10 +0100] "OPTIONS /wp-json/wp/v2/navigation/52?_locale=user HTTP/1.1" 200 7062 solarsolutionsgmbh.com "https://solarsolutionsgmbh.com/wp-admin/site-editor.php?postType=wp_template&postId=twentytwentyfour%2F%2Fpage&canvas=edit" "Mozilla/5.0 (Windows NT 10.0; Win64; x64; rv:134.0) Gecko/20100101 Firefox/134.0" "-"
2001:7c0:1b00:: - - [20/Jan/2025:10:05:10 +0100] "GET /wp-json/wp/v2/navigation/52?context=edit&_locale=user HTTP/1.1" 200 2934 solarsolutionsgmbh.com "https://solarsolutionsgmbh.com/wp-admin/site-editor.php?postType=wp_template&postId=twentytwentyfour%2F%2Fpage&canvas=edit" "Mozilla/5.0 (Windows NT 10.0; Win64; x64; rv:134.0) Gecko/20100101 Firefox/134.0" "-"
2001:7c0:1b00:: - - [20/Jan/2025:10:05:10 +0100] "GET /wp-json/wp/v2/pages?context=view&parent=0&order=asc&orderby=id&per_page=100&_locale=user HTTP/1.1" 200 182182 solarsolutionsgmbh.com "https://solarsolutionsgmbh.com/wp-admin/site-editor.php?postType=wp_template&postId=twentytwentyfour%2F%2Fpage&canvas=edit" "Mozilla/5.0 (Windows NT 10.0; Win64; x64; rv:134.0) Gecko/20100101 Firefox/134.0" "-"
2001:7c0:1b00:: - - [20/Jan/2025:10:05:10 +0100] "GET /wp-json/wp/v2/pages/13?context=edit&_locale=user HTTP/1.1" 200 26815 solarsolutionsgmbh.com "https://solarsolutionsgmbh.com/wp-admin/site-editor.php?postType=wp_template&postId=twentytwentyfour%2F%2Fpage&canvas=edit" "Mozilla/5.0 (Windows NT 10.0; Win64; x64; rv:134.0) Gecko/20100101 Firefox/134.0" "-"
2001:7c0:1b00:: - - [20/Jan/2025:10:05:10 +0100] "GET /wp-json/wp/v2/pages/14?context=edit&_locale=user HTTP/1.1" 200 39692 solarsolutionsgmbh.com "https://solarsolutionsgmbh.com/wp-admin/site-editor.php?postType=wp_template&postId=twentytwentyfour%2F%2Fpage&canvas=edit" "Mozilla/5.0 (Windows NT 10.0; Win64; x64; rv:134.0) Gecko/20100101 Firefox/134.0" "-"
2001:7c0:1b00:: - - [20/Jan/2025:10:05:10 +0100] "GET /wp-json/wp/v2/pages/15?context=edit&_locale=user HTTP/1.1" 200 42360 solarsolutionsgmbh.com "https://solarsolutionsgmbh.com/wp-admin/site-editor.php?postType=wp_template&postId=twentytwentyfour%2F%2Fpage&canvas=edit" "Mozilla/5.0 (Windows NT 10.0; Win64; x64; rv:134.0) Gecko/20100101 Firefox/134.0" "-"
2001:7c0:1b00:: - - [20/Jan/2025:10:05:10 +0100] "GET /wp-json/wp/v2/pages/16?context=edit&_locale=user HTTP/1.1" 200 28973 solarsolutionsgmbh.com "https://solarsolutionsgmbh.com/wp-admin/site-editor.php?postType=wp_template&postId=twentytwentyfour%2F%2Fpage&canvas=edit" "Mozilla/5.0 (Windows NT 10.0; Win64; x64; rv:134.0) Gecko/20100101 Firefox/134.0" "-"
2001:7c0:1b00:: - - [20/Jan/2025:10:05:10 +0100] "POST /wp-json/wpforms/v1/themes/custom/?_locale=user HTTP/1.1" 200 15 solarsolutionsgmbh.com "https://solarsolutionsgmbh.com/wp-admin/site-editor.php?postType=wp_template&postId=twentytwentyfour%2F%2Fpage&canvas=edit" "Mozilla/5.0 (Windows NT 10.0; Win64; x64; rv:134.0) Gecko/20100101 Firefox/134.0" "-"
2001:7c0:1b00:: - - [20/Jan/2025:10:05:11 +0100] "GET /wp-json/wp/v2/pages/3?context=edit&_locale=user HTTP/1.1" 200 25692 solarsolutionsgmbh.com "https://solarsolutionsgmbh.com/wp-admin/site-editor.php?postType=wp_template&postId=twentytwentyfour%2F%2Fpage&canvas=edit" "Mozilla/5.0 (Windows NT 10.0; Win64; x64; rv:134.0) Gecko/20100101 Firefox/134.0" "-"
2001:7c0:1b00:: - - [20/Jan/2025:10:05:11 +0100] "GET /wp-json/wp/v2/pages/17?context=edit&_locale=user HTTP/1.1" 200 16624 solarsolutionsgmbh.com "https://solarsolutionsgmbh.com/wp-admin/site-editor.php?postType=wp_template&postId=twentytwentyfour%2F%2Fpage&canvas=edit" "Mozilla/5.0 (Windows NT 10.0; Win64; x64; rv:134.0) Gecko/20100101 Firefox/134.0" "-"
2001:7c0:1b00:: - - [20/Jan/2025:10:05:11 +0100] "POST /wp-json/wpforms/v1/themes/custom/?_locale=user HTTP/1.1" 200 15 solarsolutionsgmbh.com "https://solarsolutionsgmbh.com/wp-admin/site-editor.php?postType=wp_template&postId=twentytwentyfour%2F%2Fpage&canvas=edit" "Mozilla/5.0 (Windows NT 10.0; Win64; x64; rv:134.0) Gecko/20100101 Firefox/134.0" "-"
2001:7c0:1b00:: - - [20/Jan/2025:10:05:12 +0100] "POST /wp-json/wpforms/v1/themes/custom/?_locale=user HTTP/1.1" 200 15 solarsolutionsgmbh.com "https://solarsolutionsgmbh.com/wp-admin/site-editor.php?postType=wp_template&postId=twentytwentyfour%2F%2Fpage&canvas=edit" "Mozilla/5.0 (Windows NT 10.0; Win64; x64; rv:134.0) Gecko/20100101 Firefox/134.0" "-"
82.165.90.0 - - [20/Jan/2025:10:05:13 +0100] "POST /wp-cron.php?doing_wp_cron=1737363913.7606370449066162109375 HTTP/1.1" 200 - solarsolutionsgmbh.com "-" "WordPress/6.7.1; https://solarsolutionsgmbh.com" "-"
2001:7c0:1b00:: - - [20/Jan/2025:10:05:13 +0100] "POST /wp-json/wpforms/v1/themes/custom/?_locale=user HTTP/1.1" 200 15 solarsolutionsgmbh.com "https://solarsolutionsgmbh.com/wp-admin/site-editor.php?postType=wp_template&postId=twentytwentyfour%2F%2Fpage&canvas=edit" "Mozilla/5.0 (Windows NT 10.0; Win64; x64; rv:134.0) Gecko/20100101 Firefox/134.0" "-"
2001:7c0:1b00:: - - [20/Jan/2025:10:05:15 +0100] "GET /wp-json/wp/v2/types/page?context=edit&_locale=user HTTP/1.1" 200 2654 solarsolutionsgmbh.com "https://solarsolutionsgmbh.com/wp-admin/site-editor.php?postType=wp_template&postId=twentytwentyfour%2F%2Fpage&canvas=edit" "Mozilla/5.0 (Windows NT 10.0; Win64; x64; rv:134.0) Gecko/20100101 Firefox/134.0" "-"
2001:7c0:1b00:: - - [20/Jan/2025:10:05:15 +0100] "POST /wp-json/wpforms/v1/themes/custom/?_locale=user HTTP/1.1" 200 15 solarsolutionsgmbh.com "https://solarsolutionsgmbh.com/wp-admin/site-editor.php?postType=wp_template&postId=twentytwentyfour%2F%2Fpage&canvas=edit" "Mozilla/5.0 (Windows NT 10.0; Win64; x64; rv:134.0) Gecko/20100101 Firefox/134.0" "-"
2001:7c0:1b00:: - - [20/Jan/2025:10:05:15 +0100] "GET /wp-json/wp/v2/pages?context=edit&_locale=user HTTP/1.1" 200 231705 solarsolutionsgmbh.com "https://solarsolutionsgmbh.com/wp-admin/site-editor.php?postType=wp_template&postId=twentytwentyfour%2F%2Fpage&canvas=edit" "Mozilla/5.0 (Windows NT 10.0; Win64; x64; rv:134.0) Gecko/20100101 Firefox/134.0" "-"
2001:7c0:1b00:: - - [20/Jan/2025:10:05:15 +0100] "OPTIONS /wp-json/wp/v2/pages/?context=edit&_locale=user HTTP/1.1" 200 15325 solarsolutionsgmbh.com "https://solarsolutionsgmbh.com/wp-admin/site-editor.php?postType=wp_template&postId=twentytwentyfour%2F%2Fpage&canvas=edit" "Mozilla/5.0 (Windows NT 10.0; Win64; x64; rv:134.0) Gecko/20100101 Firefox/134.0" "-"
2001:7c0:1b00:: - - [20/Jan/2025:10:05:15 +0100] "POST /wp-json/wpforms/v1/themes/custom/?_locale=user HTTP/1.1" 200 15 solarsolutionsgmbh.com "https://solarsolutionsgmbh.com/wp-admin/site-editor.php?postType=wp_template&postId=twentytwentyfour%2F%2Fpage&canvas=edit" "Mozilla/5.0 (Windows NT 10.0; Win64; x64; rv:134.0) Gecko/20100101 Firefox/134.0" "-"
2001:7c0:1b00:: - - [20/Jan/2025:10:05:17 +0100] "POST /wp-json/wpforms/v1/themes/custom/?_locale=user HTTP/1.1" 200 15 solarsolutionsgmbh.com "https://solarsolutionsgmbh.com/wp-admin/site-editor.php?postType=wp_template&postId=twentytwentyfour%2F%2Fpage&canvas=edit" "Mozilla/5.0 (Windows NT 10.0; Win64; x64; rv:134.0) Gecko/20100101 Firefox/134.0" "-"
2001:7c0:1b00:: - - [20/Jan/2025:10:05:17 +0100] "POST /wp-json/wpforms/v1/themes/custom/?_locale=user HTTP/1.1" 200 15 solarsolutionsgmbh.com "https://solarsolutionsgmbh.com/wp-admin/site-editor.php?postType=wp_template&postId=twentytwentyfour%2F%2Fpage&canvas=edit" "Mozilla/5.0 (Windows NT 10.0; Win64; x64; rv:134.0) Gecko/20100101 Firefox/134.0" "-"
2001:7c0:1b00:: - - [20/Jan/2025:10:05:18 +0100] "POST /wp-json/wpforms/v1/themes/custom/?_locale=user HTTP/1.1" 200 15 solarsolutionsgmbh.com "https://solarsolutionsgmbh.com/wp-admin/site-editor.php?postType=wp_template&postId=twentytwentyfour%2F%2Fpage&canvas=edit" "Mozilla/5.0 (Windows NT 10.0; Win64; x64; rv:134.0) Gecko/20100101 Firefox/134.0" "-"
2001:7c0:1b00:: - - [20/Jan/2025:10:05:19 +0100] "POST /wp-json/wpforms/v1/themes/custom/?_locale=user HTTP/1.1" 200 15 solarsolutionsgmbh.com "https://solarsolutionsgmbh.com/wp-admin/site-editor.php?postType=wp_template&postId=twentytwentyfour%2F%2Fpage&canvas=edit" "Mozilla/5.0 (Windows NT 10.0; Win64; x64; rv:134.0) Gecko/20100101 Firefox/134.0" "-"
2001:7c0:1b00:: - - [20/Jan/2025:10:06:06 +0100] "POST /wp-admin/admin-ajax.php HTTP/1.1" 200 47 solarsolutionsgmbh.com "https://solarsolutionsgmbh.com/wp-admin/site-editor.php?postType=wp_template&postId=twentytwentyfour%2F%2Fpage&canvas=edit" "Mozilla/5.0 (Windows NT 10.0; Win64; x64; rv:134.0) Gecko/20100101 Firefox/134.0" "-"
2001:7c0:1b00:: - - [20/Jan/2025:10:06:59 +0100] "POST /wp-admin/admin-ajax.php HTTP/1.1" 200 98 solarsolutionsgmbh.com "https://solarsolutionsgmbh.com/wp-admin/post.php?post=15&action=edit" "Mozilla/5.0 (Windows NT 10.0; Win64; x64; rv:134.0) Gecko/20100101 Firefox/134.0" "-"
82.165.90.0 - - [20/Jan/2025:10:07:00 +0100] "POST /wp-cron.php?doing_wp_cron=1737364019.9862849712371826171875 HTTP/1.1" 200 - solarsolutionsgmbh.com "-" "WordPress/6.7.1; https://solarsolutionsgmbh.com" "-"
2001:7c0:1b00:: - - [20/Jan/2025:10:08:06 +0100] "POST /wp-admin/admin-ajax.php HTTP/1.1" 200 47 solarsolutionsgmbh.com "https://solarsolutionsgmbh.com/wp-admin/site-editor.php?postType=wp_template&postId=twentytwentyfour%2F%2Fpage&canvas=edit" "Mozilla/5.0 (Windows NT 10.0; Win64; x64; rv:134.0) Gecko/20100101 Firefox/134.0" "-"
82.165.90.0 - - [20/Jan/2025:10:08:07 +0100] "POST /wp-cron.php?doing_wp_cron=1737364087.0984869003295898437500 HTTP/1.1" 200 - solarsolutionsgmbh.com "-" "WordPress/6.7.1; https://solarsolutionsgmbh.com" "-"
2001:7c0:1b00:: - - [20/Jan/2025:10:08:59 +0100] "POST /wp-admin/admin-ajax.php HTTP/1.1" 200 98 solarsolutionsgmbh.com "https://solarsolutionsgmbh.com/wp-admin/post.php?post=15&action=edit" "Mozilla/5.0 (Windows NT 10.0; Win64; x64; rv:134.0) Gecko/20100101 Firefox/134.0" "-"
82.165.90.0 - - [20/Jan/2025:10:09:00 +0100] "POST /wp-cron.php?doing_wp_cron=1737364140.1545550823211669921875 HTTP/1.1" 200 - solarsolutionsgmbh.com "-" "WordPress/6.7.1; https://solarsolutionsgmbh.com" "-"
2001:7c0:1b00:: - - [20/Jan/2025:10:09:06 +0100] "POST /wp-admin/admin-ajax.php HTTP/1.1" 200 47 solarsolutionsgmbh.com "https://solarsolutionsgmbh.com/wp-admin/site-editor.php?postType=wp_template&postId=twentytwentyfour%2F%2Fpage&canvas=edit" "Mozilla/5.0 (Windows NT 10.0; Win64; x64; rv:134.0) Gecko/20100101 Firefox/134.0" "-"
2001:7c0:1b00:: - - [20/Jan/2025:10:10:59 +0100] "POST /wp-admin/admin-ajax.php HTTP/1.1" 200 98 solarsolutionsgmbh.com "https://solarsolutionsgmbh.com/wp-admin/post.php?post=15&action=edit" "Mozilla/5.0 (Windows NT 10.0; Win64; x64; rv:134.0) Gecko/20100101 Firefox/134.0" "-"
82.165.90.0 - - [20/Jan/2025:10:11:00 +0100] "POST /wp-cron.php?doing_wp_cron=1737364260.5832259654998779296875 HTTP/1.1" 200 - solarsolutionsgmbh.com "-" "WordPress/6.7.1; https://solarsolutionsgmbh.com" "-"
2001:7c0:1b00:: - - [20/Jan/2025:10:11:06 +0100] "POST /wp-admin/admin-ajax.php HTTP/1.1" 200 47 solarsolutionsgmbh.com "https://solarsolutionsgmbh.com/wp-admin/site-editor.php?postType=wp_template&postId=twentytwentyfour%2F%2Fpage&canvas=edit" "Mozilla/5.0 (Windows NT 10.0; Win64; x64; rv:134.0) Gecko/20100101 Firefox/134.0" "-"
82.165.90.0 - - [20/Jan/2025:10:11:57 +0100] "POST /wp-cron.php?doing_wp_cron=1737364317.9555740356445312500000 HTTP/1.1" 200 - solarsolutionsgmbh.com "-" "WordPress/6.7.1; https://solarsolutionsgmbh.com" "-"
43.159.139.0 - - [20/Jan/2025:10:11:57 +0100] "GET /comments/feed/ HTTP/1.1" 200 1783 solarsolutionsgmbh.com "-" "Mozilla/5.0 (iPhone; CPU iPhone OS 13_2_3 like Mac OS X) AppleWebKit/605.1.15 (KHTML, like Gecko) Version/13.0.3 Mobile/15E148 Safari/604.1" "-"
2001:7c0:1b00:: - - [20/Jan/2025:10:13:00 +0100] "POST /wp-admin/admin-ajax.php HTTP/1.1" 200 98 solarsolutionsgmbh.com "https://solarsolutionsgmbh.com/wp-admin/post.php?post=15&action=edit" "Mozilla/5.0 (Windows NT 10.0; Win64; x64; rv:134.0) Gecko/20100101 Firefox/134.0" "-"
82.165.90.0 - - [20/Jan/2025:10:13:01 +0100] "POST /wp-cron.php?doing_wp_cron=1737364381.0267601013183593750000 HTTP/1.1" 200 - solarsolutionsgmbh.com "-" "WordPress/6.7.1; https://solarsolutionsgmbh.com" "-"
2001:7c0:1b00:: - - [20/Jan/2025:10:13:06 +0100] "POST /wp-admin/admin-ajax.php HTTP/1.1" 200 47 solarsolutionsgmbh.com "https://solarsolutionsgmbh.com/wp-admin/site-editor.php?postType=wp_template&postId=twentytwentyfour%2F%2Fpage&canvas=edit" "Mozilla/5.0 (Windows NT 10.0; Win64; x64; rv:134.0) Gecko/20100101 Firefox/134.0" "-"
2001:7c0:1b00:: - - [20/Jan/2025:10:15:06 +0100] "POST /wp-admin/admin-ajax.php HTTP/1.1" 200 47 solarsolutionsgmbh.com "https://solarsolutionsgmbh.com/wp-admin/site-editor.php?postType=wp_template&postId=twentytwentyfour%2F%2Fpage&canvas=edit" "Mozilla/5.0 (Windows NT 10.0; Win64; x64; rv:134.0) Gecko/20100101 Firefox/134.0" "-"
82.165.90.0 - - [20/Jan/2025:10:15:07 +0100] "POST /wp-cron.php?doing_wp_cron=1737364507.3128030300140380859375 HTTP/1.1" 200 - solarsolutionsgmbh.com "-" "WordPress/6.7.1; https://solarsolutionsgmbh.com" "-"
2001:7c0:1b00:: - - [20/Jan/2025:10:17:06 +0100] "POST /wp-admin/admin-ajax.php HTTP/1.1" 200 47 solarsolutionsgmbh.com "https://solarsolutionsgmbh.com/wp-admin/site-editor.php?postType=wp_template&postId=twentytwentyfour%2F%2Fpage&canvas=edit" "Mozilla/5.0 (Windows NT 10.0; Win64; x64; rv:134.0) Gecko/20100101 Firefox/134.0" "-"
82.165.90.0 - - [20/Jan/2025:10:17:07 +0100] "POST /wp-cron.php?doing_wp_cron=1737364627.4675679206848144531250 HTTP/1.1" 200 - solarsolutionsgmbh.com "-" "WordPress/6.7.1; https://solarsolutionsgmbh.com" "-"
43.153.10.0 - - [20/Jan/2025:10:23:49 +0100] "GET /xmlrpc.php?rsd HTTP/1.1" 200 847 solarsolutionsgmbh.com "-" "Mozilla/5.0 (iPhone; CPU iPhone OS 13_2_3 like Mac OS X) AppleWebKit/605.1.15 (KHTML, like Gecko) Version/13.0.3 Mobile/15E148 Safari/604.1" "-"
82.165.90.0 - - [20/Jan/2025:10:23:50 +0100] "POST /wp-cron.php?doing_wp_cron=1737365030.7449750900268554687500 HTTP/1.1" 200 - solarsolutionsgmbh.com "-" "WordPress/6.7.1; https://solarsolutionsgmbh.com" "-"
82.165.90.0 - - [20/Jan/2025:10:26:35 +0100] "POST /wp-cron.php?doing_wp_cron=1737365195.8845570087432861328125 HTTP/1.1" 200 - solarsolutionsgmbh.com "-" "WordPress/6.7.1; https://solarsolutionsgmbh.com" "-"
141.31.93.0 - - [20/Jan/2025:10:26:35 +0100] "POST /Solarkonfigurator/ HTTP/1.1" 200 94200 solarsolutionsgmbh.com "https://solarsolutionsgmbh.com/Solarkonfigurator/" "Mozilla/5.0 (Windows NT 10.0; Win64; x64) AppleWebKit/537.36 (KHTML, like Gecko) Chrome/131.0.0.0 Safari/537.36" "-"
141.31.93.0 - - [20/Jan/2025:10:26:39 +0100] "POST /Solarkonfigurator/ HTTP/1.1" 200 93944 solarsolutionsgmbh.com "https://solarsolutionsgmbh.com/Solarkonfigurator/" "Mozilla/5.0 (Windows NT 10.0; Win64; x64) AppleWebKit/537.36 (KHTML, like Gecko) Chrome/131.0.0.0 Safari/537.36" "-"
141.31.93.0 - - [20/Jan/2025:10:26:43 +0100] "POST /Solarkonfigurator/ HTTP/1.1" 200 94194 solarsolutionsgmbh.com "https://solarsolutionsgmbh.com/Solarkonfigurator/" "Mozilla/5.0 (Windows NT 10.0; Win64; x64) AppleWebKit/537.36 (KHTML, like Gecko) Chrome/131.0.0.0 Safari/537.36" "-"
82.165.90.0 - - [20/Jan/2025:10:27:43 +0100] "POST /wp-cron.php?doing_wp_cron=1737365263.7458100318908691406250 HTTP/1.1" 200 - solarsolutionsgmbh.com "-" "WordPress/6.7.1; https://solarsolutionsgmbh.com" "-"
141.31.93.0 - - [20/Jan/2025:10:27:43 +0100] "POST /Solarkonfigurator/ HTTP/1.1" 200 93944 solarsolutionsgmbh.com "https://solarsolutionsgmbh.com/Solarkonfigurator/" "Mozilla/5.0 (Windows NT 10.0; Win64; x64) AppleWebKit/537.36 (KHTML, like Gecko) Chrome/131.0.0.0 Safari/537.36" "-"
141.31.93.0 - - [20/Jan/2025:10:27:47 +0100] "POST /Solarkonfigurator/ HTTP/1.1" 200 94194 solarsolutionsgmbh.com "https://solarsolutionsgmbh.com/Solarkonfigurator/" "Mozilla/5.0 (Windows NT 10.0; Win64; x64) AppleWebKit/537.36 (KHTML, like Gecko) Chrome/131.0.0.0 Safari/537.36" "-"
141.31.93.0 - - [20/Jan/2025:10:28:16 +0100] "POST /Solarkonfigurator/ HTTP/1.1" 200 93975 solarsolutionsgmbh.com "https://solarsolutionsgmbh.com/Solarkonfigurator/" "Mozilla/5.0 (Windows NT 10.0; Win64; x64) AppleWebKit/537.36 (KHTML, like Gecko) Chrome/131.0.0.0 Safari/537.36" "-"
82.165.90.0 - - [20/Jan/2025:10:28:17 +0100] "POST /wp-cron.php?doing_wp_cron=1737365297.3563129901885986328125 HTTP/1.1" 200 - solarsolutionsgmbh.com "-" "WordPress/6.7.1; https://solarsolutionsgmbh.com" "-"
141.31.93.0 - - [20/Jan/2025:10:28:22 +0100] "POST /Solarkonfigurator/ HTTP/1.1" 200 94239 solarsolutionsgmbh.com "https://solarsolutionsgmbh.com/Solarkonfigurator/" "Mozilla/5.0 (Windows NT 10.0; Win64; x64) AppleWebKit/537.36 (KHTML, like Gecko) Chrome/131.0.0.0 Safari/537.36" "-"
2001:7c0:1b00:: - - [20/Jan/2025:10:30:05 +0100] "POST /wp-admin/admin-ajax.php HTTP/1.1" 200 98 solarsolutionsgmbh.com "https://solarsolutionsgmbh.com/wp-admin/post.php?post=15&action=edit" "Mozilla/5.0 (Windows NT 10.0; Win64; x64; rv:134.0) Gecko/20100101 Firefox/134.0" "-"
82.165.90.0 - - [20/Jan/2025:10:30:06 +0100] "POST /wp-cron.php?doing_wp_cron=1737365406.8322229385375976562500 HTTP/1.1" 200 - solarsolutionsgmbh.com "-" "WordPress/6.7.1; https://solarsolutionsgmbh.com" "-"
2001:7c0:1b00:: - - [20/Jan/2025:10:30:16 +0100] "POST /wp-admin/admin-ajax.php HTTP/1.1" 200 98 solarsolutionsgmbh.com "https://solarsolutionsgmbh.com/wp-admin/post.php?post=15&action=edit" "Mozilla/5.0 (Windows NT 10.0; Win64; x64; rv:134.0) Gecko/20100101 Firefox/134.0" "-"
82.165.90.0 - - [20/Jan/2025:10:30:17 +0100] "POST /wp-cron.php?doing_wp_cron=1737365417.1643741130828857421875 HTTP/1.1" 200 - solarsolutionsgmbh.com "-" "WordPress/6.7.1; https://solarsolutionsgmbh.com" "-"
2001:7c0:1b00:: - - [20/Jan/2025:10:32:16 +0100] "POST /wp-admin/admin-ajax.php HTTP/1.1" 200 98 solarsolutionsgmbh.com "https://solarsolutionsgmbh.com/wp-admin/post.php?post=15&action=edit" "Mozilla/5.0 (Windows NT 10.0; Win64; x64; rv:134.0) Gecko/20100101 Firefox/134.0" "-"
82.165.90.0 - - [20/Jan/2025:10:32:17 +0100] "POST /wp-cron.php?doing_wp_cron=1737365537.1081271171569824218750 HTTP/1.1" 200 - solarsolutionsgmbh.com "-" "WordPress/6.7.1; https://solarsolutionsgmbh.com" "-"
2001:7c0:1b00:: - - [20/Jan/2025:10:32:59 +0100] "GET / HTTP/1.1" 200 110238 solarsolutionsgmbh.com "-" "Mozilla/5.0 (Macintosh; Intel Mac OS X 10_15_7) AppleWebKit/605.1.15 (KHTML, like Gecko) Version/18.1.1 Safari/605.1.15" "-"
82.165.90.0 - - [20/Jan/2025:10:33:00 +0100] "POST /wp-cron.php?doing_wp_cron=1737365580.2264230251312255859375 HTTP/1.1" 200 - solarsolutionsgmbh.com "-" "WordPress/6.7.1; https://solarsolutionsgmbh.com" "-"
2001:7c0:1b00:: - - [20/Jan/2025:10:33:01 +0100] "GET /wp-includes/blocks/social-links/style.min.css?ver=6.7.1 HTTP/1.1" 200 11600 solarsolutionsgmbh.com "http://solarsolutionsgmbh.com/" "Mozilla/5.0 (Macintosh; Intel Mac OS X 10_15_7) AppleWebKit/605.1.15 (KHTML, like Gecko) Version/18.1.1 Safari/605.1.15" "-"
2001:7c0:1b00:: - - [20/Jan/2025:10:33:01 +0100] "GET /wp-content/plugins/solarkonfigurator/design.css?ver=6.7.1 HTTP/1.1" 200 7775 solarsolutionsgmbh.com "http://solarsolutionsgmbh.com/" "Mozilla/5.0 (Macintosh; Intel Mac OS X 10_15_7) AppleWebKit/605.1.15 (KHTML, like Gecko) Version/18.1.1 Safari/605.1.15" "-"
2001:7c0:1b00:: - - [20/Jan/2025:10:33:01 +0100] "GET /wp-includes/blocks/navigation/style.min.css?ver=6.7.1 HTTP/1.1" 200 16384 solarsolutionsgmbh.com "http://solarsolutionsgmbh.com/" "Mozilla/5.0 (Macintosh; Intel Mac OS X 10_15_7) AppleWebKit/605.1.15 (KHTML, like Gecko) Version/18.1.1 Safari/605.1.15" "-"
2001:7c0:1b00:: - - [20/Jan/2025:10:33:01 +0100] "GET /wp-content/themes/twentytwentyfour/assets/css/slider.css?ver=6.7.1 HTTP/1.1" 200 591 solarsolutionsgmbh.com "http://solarsolutionsgmbh.com/" "Mozilla/5.0 (Macintosh; Intel Mac OS X 10_15_7) AppleWebKit/605.1.15 (KHTML, like Gecko) Version/18.1.1 Safari/605.1.15" "-"
2001:7c0:1b00:: - - [20/Jan/2025:10:33:01 +0100] "GET /wp-content/plugins/solarkonfigurator_v2/design_v2.css?ver=6.7.1 HTTP/1.1" 200 6404 solarsolutionsgmbh.com "http://solarsolutionsgmbh.com/" "Mozilla/5.0 (Macintosh; Intel Mac OS X 10_15_7) AppleWebKit/605.1.15 (KHTML, like Gecko) Version/18.1.1 Safari/605.1.15" "-"
2001:7c0:1b00:: - - [20/Jan/2025:10:33:01 +0100] "GET /wp-content/plugins/newsletter/style.css?ver=8.6.4 HTTP/1.1" 200 7190 solarsolutionsgmbh.com "http://solarsolutionsgmbh.com/" "Mozilla/5.0 (Macintosh; Intel Mac OS X 10_15_7) AppleWebKit/605.1.15 (KHTML, like Gecko) Version/18.1.1 Safari/605.1.15" "-"
2001:7c0:1b00:: - - [20/Jan/2025:10:33:01 +0100] "GET /wp-content/plugins/contact-form-7/includes/css/styles.css?ver=6.0.2 HTTP/1.1" 200 2894 solarsolutionsgmbh.com "http://solarsolutionsgmbh.com/" "Mozilla/5.0 (Macintosh; Intel Mac OS X 10_15_7) AppleWebKit/605.1.15 (KHTML, like Gecko) Version/18.1.1 Safari/605.1.15" "-"
2001:7c0:1b00:: - - [20/Jan/2025:10:33:01 +0100] "GET /wp-content/uploads/2025/01/logo_white-1.png HTTP/1.1" 200 75650 solarsolutionsgmbh.com "http://solarsolutionsgmbh.com/" "Mozilla/5.0 (Macintosh; Intel Mac OS X 10_15_7) AppleWebKit/605.1.15 (KHTML, like Gecko) Version/18.1.1 Safari/605.1.15" "-"
2001:7c0:1b00:: - - [20/Jan/2025:10:33:01 +0100] "GET /wp-content/plugins/google-analytics-for-wordpress/assets/js/frontend-gtag.min.js?ver=9.2.4 HTTP/1.1" 200 11894 solarsolutionsgmbh.com "http://solarsolutionsgmbh.com/" "Mozilla/5.0 (Macintosh; Intel Mac OS X 10_15_7) AppleWebKit/605.1.15 (KHTML, like Gecko) Version/18.1.1 Safari/605.1.15" "-"
2001:7c0:1b00:: - - [20/Jan/2025:10:33:01 +0100] "GET /wp-content/plugins/gtranslate/js/flags.js?ver=6.7.1 HTTP/1.1" 200 14277 solarsolutionsgmbh.com "http://solarsolutionsgmbh.com/" "Mozilla/5.0 (Macintosh; Intel Mac OS X 10_15_7) AppleWebKit/605.1.15 (KHTML, like Gecko) Version/18.1.1 Safari/605.1.15" "-"
2001:7c0:1b00:: - - [20/Jan/2025:10:33:01 +0100] "GET /wp-includes/js/jquery/jquery-migrate.min.js?ver=3.4.1 HTTP/1.1" 200 13577 solarsolutionsgmbh.com "http://solarsolutionsgmbh.com/" "Mozilla/5.0 (Macintosh; Intel Mac OS X 10_15_7) AppleWebKit/605.1.15 (KHTML, like Gecko) Version/18.1.1 Safari/605.1.15" "-"
2001:7c0:1b00:: - - [20/Jan/2025:10:33:01 +0100] "GET /wp-content/plugins/contact-form-7/includes/swv/js/index.js?ver=6.0.2 HTTP/1.1" 200 12512 solarsolutionsgmbh.com "http://solarsolutionsgmbh.com/" "Mozilla/5.0 (Macintosh; Intel Mac OS X 10_15_7) AppleWebKit/605.1.15 (KHTML, like Gecko) Version/18.1.1 Safari/605.1.15" "-"
2001:7c0:1b00:: - - [20/Jan/2025:10:33:01 +0100] "GET /wp-includes/js/jquery/jquery.min.js?ver=3.7.1 HTTP/1.1" 200 87553 solarsolutionsgmbh.com "http://solarsolutionsgmbh.com/" "Mozilla/5.0 (Macintosh; Intel Mac OS X 10_15_7) AppleWebKit/605.1.15 (KHTML, like Gecko) Version/18.1.1 Safari/605.1.15" "-"
2001:7c0:1b00:: - - [20/Jan/2025:10:33:01 +0100] "GET /wp-content/plugins/contact-form-7/includes/js/index.js?ver=6.0.2 HTTP/1.1" 200 13452 solarsolutionsgmbh.com "http://solarsolutionsgmbh.com/" "Mozilla/5.0 (Macintosh; Intel Mac OS X 10_15_7) AppleWebKit/605.1.15 (KHTML, like Gecko) Version/18.1.1 Safari/605.1.15" "-"
2001:7c0:1b00:: - - [20/Jan/2025:10:33:01 +0100] "GET /wp-includes/js/dist/hooks.min.js?ver=4d63a3d491d11ffd8ac6 HTTP/1.1" 200 4776 solarsolutionsgmbh.com "http://solarsolutionsgmbh.com/" "Mozilla/5.0 (Macintosh; Intel Mac OS X 10_15_7) AppleWebKit/605.1.15 (KHTML, like Gecko) Version/18.1.1 Safari/605.1.15" "-"
2001:7c0:1b00:: - - [20/Jan/2025:10:33:01 +0100] "GET /wp-includes/js/dist/i18n.min.js?ver=5e580eb46a90c2b997e6 HTTP/1.1" 200 9141 solarsolutionsgmbh.com "http://solarsolutionsgmbh.com/" "Mozilla/5.0 (Macintosh; Intel Mac OS X 10_15_7) AppleWebKit/605.1.15 (KHTML, like Gecko) Version/18.1.1 Safari/605.1.15" "-"
2001:7c0:1b00:: - - [20/Jan/2025:10:33:01 +0100] "GET /wp-content/themes/twentytwentyfour/assets/js/slider.js HTTP/1.1" 200 1483 solarsolutionsgmbh.com "http://solarsolutionsgmbh.com/" "Mozilla/5.0 (Macintosh; Intel Mac OS X 10_15_7) AppleWebKit/605.1.15 (KHTML, like Gecko) Version/18.1.1 Safari/605.1.15" "-"
2001:7c0:1b00:: - - [20/Jan/2025:10:33:01 +0100] "GET /wp-includes/js/dist/script-modules/block-library/navigation/view.min.js?ver=8ff192874fc8910a284c HTTP/1.1" 200 3300 solarsolutionsgmbh.com "http://solarsolutionsgmbh.com/" "Mozilla/5.0 (Macintosh; Intel Mac OS X 10_15_7) AppleWebKit/605.1.15 (KHTML, like Gecko) Version/18.1.1 Safari/605.1.15" "-"
