2a02:8070:2400:: - - [18/Jan/2025:14:17:33 +0100] "GET /wp-admin/post.php?post=14&action=edit&message=4 HTTP/1.1" 200 1256750 solarsolutionsgmbh.com "https://solarsolutionsgmbh.com/wp-admin/post.php?post=14&action=edit" "Mozilla/5.0 (Windows NT 10.0; Win64; x64; rv:134.0) Gecko/20100101 Firefox/134.0" "-"
82.165.90.0 - - [18/Jan/2025:14:17:34 +0100] "GET /wp-admin/admin-ajax.php?_wpnonce=e8ecf0bda1&post_id=14&action=sns_tinymce_styles HTTP/1.1" 200 - solarsolutionsgmbh.com "-" "WordPress/6.7.1; https://solarsolutionsgmbh.com" "-"
2a02:8070:2400:: - - [18/Jan/2025:14:17:35 +0100] "POST /wp-json/wpforms/v1/themes/custom/?_locale=user HTTP/1.1" 200 15 solarsolutionsgmbh.com "https://solarsolutionsgmbh.com/wp-admin/post.php?post=14&action=edit" "Mozilla/5.0 (Windows NT 10.0; Win64; x64; rv:134.0) Gecko/20100101 Firefox/134.0" "-"
2a02:8070:2400:: - - [18/Jan/2025:14:17:39 +0100] "POST /wp-admin/admin-ajax.php HTTP/1.1" 200 98 solarsolutionsgmbh.com "https://solarsolutionsgmbh.com/wp-admin/post.php?post=14&action=edit" "Mozilla/5.0 (Windows NT 10.0; Win64; x64; rv:134.0) Gecko/20100101 Firefox/134.0" "-"
2a02:8070:2400:: - - [18/Jan/2025:14:18:06 +0100] "POST /solarkonfigurator/ HTTP/1.1" 200 137873 solarsolutionsgmbh.com "https://solarsolutionsgmbh.com/solarkonfigurator/" "Mozilla/5.0 (Windows NT 10.0; Win64; x64; rv:134.0) Gecko/20100101 Firefox/134.0" "-"
2a02:8070:2400:: - - [18/Jan/2025:14:18:37 +0100] "POST /solarkonfigurator/ HTTP/1.1" 200 137207 solarsolutionsgmbh.com "https://solarsolutionsgmbh.com/solarkonfigurator/" "Mozilla/5.0 (Windows NT 10.0; Win64; x64; rv:134.0) Gecko/20100101 Firefox/134.0" "-"
82.165.90.0 - - [18/Jan/2025:14:18:38 +0100] "POST /wp-cron.php?doing_wp_cron=1737206318.1804089546203613281250 HTTP/1.1" 200 - solarsolutionsgmbh.com "-" "WordPress/6.7.1; https://solarsolutionsgmbh.com" "-"
2a02:8070:2400:: - - [18/Jan/2025:14:18:45 +0100] "POST /solarkonfigurator/ HTTP/1.1" 200 137673 solarsolutionsgmbh.com "https://solarsolutionsgmbh.com/solarkonfigurator/" "Mozilla/5.0 (Windows NT 10.0; Win64; x64; rv:134.0) Gecko/20100101 Firefox/134.0" "-"
2003:ed:2700:: - - [18/Jan/2025:14:18:49 +0100] "POST /wp-admin/admin-ajax.php HTTP/1.1" 200 47 solarsolutionsgmbh.com "https://solarsolutionsgmbh.com/wp-admin/plugins.php" "Mozilla/5.0 (Windows NT 10.0; Win64; x64) AppleWebKit/537.36 (KHTML, like Gecko) Chrome/128.0.0.0 Safari/537.36 OPR/114.0.0.0" "-"
2a02:8070:2400:: - - [18/Jan/2025:14:18:49 +0100] "POST /solarkonfigurator/ HTTP/1.1" 200 137724 solarsolutionsgmbh.com "https://solarsolutionsgmbh.com/solarkonfigurator/" "Mozilla/5.0 (Windows NT 10.0; Win64; x64; rv:134.0) Gecko/20100101 Firefox/134.0" "-"
2a02:8070:2400:: - - [18/Jan/2025:14:18:59 +0100] "POST /solarkonfigurator/ HTTP/1.1" 200 139009 solarsolutionsgmbh.com "https://solarsolutionsgmbh.com/solarkonfigurator/" "Mozilla/5.0 (Windows NT 10.0; Win64; x64; rv:134.0) Gecko/20100101 Firefox/134.0" "-"
2a02:8070:2400:: - - [18/Jan/2025:14:19:04 +0100] "POST /solarkonfigurator/ HTTP/1.1" 200 139335 solarsolutionsgmbh.com "https://solarsolutionsgmbh.com/solarkonfigurator/" "Mozilla/5.0 (Windows NT 10.0; Win64; x64; rv:134.0) Gecko/20100101 Firefox/134.0" "-"
2a02:8070:2400:: - - [18/Jan/2025:14:19:08 +0100] "POST /solarkonfigurator/ HTTP/1.1" 200 138959 solarsolutionsgmbh.com "https://solarsolutionsgmbh.com/solarkonfigurator/" "Mozilla/5.0 (Windows NT 10.0; Win64; x64; rv:134.0) Gecko/20100101 Firefox/134.0" "-"
2a02:8070:2400:: - - [18/Jan/2025:14:19:14 +0100] "POST /solarkonfigurator/ HTTP/1.1" 200 138457 solarsolutionsgmbh.com "https://solarsolutionsgmbh.com/solarkonfigurator/" "Mozilla/5.0 (Windows NT 10.0; Win64; x64; rv:134.0) Gecko/20100101 Firefox/134.0" "-"
82.165.90.0 - - [18/Jan/2025:14:19:15 +0100] "POST /wp-cron.php?doing_wp_cron=1737206355.3242781162261962890625 HTTP/1.1" 200 - solarsolutionsgmbh.com "-" "WordPress/6.7.1; https://solarsolutionsgmbh.com" "-"
2a02:8070:2400:: - - [18/Jan/2025:14:19:39 +0100] "POST /wp-admin/admin-ajax.php HTTP/1.1" 200 98 solarsolutionsgmbh.com "https://solarsolutionsgmbh.com/wp-admin/post.php?post=14&action=edit" "Mozilla/5.0 (Windows NT 10.0; Win64; x64; rv:134.0) Gecko/20100101 Firefox/134.0" "-"
82.165.90.0 - - [18/Jan/2025:14:19:50 +0100] "POST /wp-cron.php?doing_wp_cron=1737206390.6807041168212890625000 HTTP/1.1" 200 - solarsolutionsgmbh.com "-" "WordPress/6.7.1; https://solarsolutionsgmbh.com" "-"
2003:ed:2700:: - - [18/Jan/2025:14:19:50 +0100] "POST /wp-admin/admin-ajax.php HTTP/1.1" 200 47 solarsolutionsgmbh.com "https://solarsolutionsgmbh.com/wp-admin/plugins.php" "Mozilla/5.0 (Windows NT 10.0; Win64; x64) AppleWebKit/537.36 (KHTML, like Gecko) Chrome/128.0.0.0 Safari/537.36 OPR/114.0.0.0" "-"
2a02:8070:2400:: - - [18/Jan/2025:14:19:59 +0100] "POST /solarkonfigurator/ HTTP/1.1" 200 138975 solarsolutionsgmbh.com "https://solarsolutionsgmbh.com/solarkonfigurator/" "Mozilla/5.0 (Windows NT 10.0; Win64; x64; rv:134.0) Gecko/20100101 Firefox/134.0" "-"
2a02:8070:2400:: - - [18/Jan/2025:14:20:01 +0100] "POST /wp-admin/admin-ajax.php HTTP/1.1" 200 98 solarsolutionsgmbh.com "https://solarsolutionsgmbh.com/wp-admin/post.php?post=14&action=edit" "Mozilla/5.0 (Windows NT 10.0; Win64; x64; rv:134.0) Gecko/20100101 Firefox/134.0" "-"
2a02:8070:2400:: - - [18/Jan/2025:14:20:12 +0100] "POST /wp-admin/admin-ajax.php HTTP/1.1" 200 98 solarsolutionsgmbh.com "https://solarsolutionsgmbh.com/wp-admin/post.php?post=14&action=edit" "Mozilla/5.0 (Windows NT 10.0; Win64; x64; rv:134.0) Gecko/20100101 Firefox/134.0" "-"
82.165.90.0 - - [18/Jan/2025:14:20:13 +0100] "POST /wp-cron.php?doing_wp_cron=1737206413.0273320674896240234375 HTTP/1.1" 200 - solarsolutionsgmbh.com "-" "WordPress/6.7.1; https://solarsolutionsgmbh.com" "-"
2a02:8070:2400:: - - [18/Jan/2025:14:20:39 +0100] "POST /solarkonfigurator/ HTTP/1.1" 200 138975 solarsolutionsgmbh.com "https://solarsolutionsgmbh.com/solarkonfigurator/" "Mozilla/5.0 (Windows NT 10.0; Win64; x64; rv:134.0) Gecko/20100101 Firefox/134.0" "-"
2a02:8070:2400:: - - [18/Jan/2025:14:20:44 +0100] "POST /wp-admin/admin-ajax.php HTTP/1.1" 200 98 solarsolutionsgmbh.com "https://solarsolutionsgmbh.com/wp-admin/post.php?post=14&action=edit" "Mozilla/5.0 (Windows NT 10.0; Win64; x64; rv:134.0) Gecko/20100101 Firefox/134.0" "-"
2a02:8070:2400:: - - [18/Jan/2025:14:20:54 +0100] "POST /wp-admin/admin-ajax.php HTTP/1.1" 200 98 solarsolutionsgmbh.com "https://solarsolutionsgmbh.com/wp-admin/post.php?post=14&action=edit" "Mozilla/5.0 (Windows NT 10.0; Win64; x64; rv:134.0) Gecko/20100101 Firefox/134.0" "-"
82.165.90.0 - - [18/Jan/2025:14:21:51 +0100] "POST /wp-cron.php?doing_wp_cron=1737206511.6817328929901123046875 HTTP/1.1" 200 - solarsolutionsgmbh.com "-" "WordPress/6.7.1; https://solarsolutionsgmbh.com" "-"
2003:ed:2700:: - - [18/Jan/2025:14:21:51 +0100] "POST /wp-admin/admin-ajax.php HTTP/1.1" 200 47 solarsolutionsgmbh.com "https://solarsolutionsgmbh.com/wp-admin/plugins.php" "Mozilla/5.0 (Windows NT 10.0; Win64; x64) AppleWebKit/537.36 (KHTML, like Gecko) Chrome/128.0.0.0 Safari/537.36 OPR/114.0.0.0" "-"
2a02:8070:2400:: - - [18/Jan/2025:14:22:54 +0100] "POST /wp-admin/admin-ajax.php HTTP/1.1" 200 98 solarsolutionsgmbh.com "https://solarsolutionsgmbh.com/wp-admin/post.php?post=14&action=edit" "Mozilla/5.0 (Windows NT 10.0; Win64; x64; rv:134.0) Gecko/20100101 Firefox/134.0" "-"
82.165.90.0 - - [18/Jan/2025:14:22:55 +0100] "POST /wp-cron.php?doing_wp_cron=1737206575.1074440479278564453125 HTTP/1.1" 200 - solarsolutionsgmbh.com "-" "WordPress/6.7.1; https://solarsolutionsgmbh.com" "-"
82.165.90.0 - - [18/Jan/2025:14:23:52 +0100] "POST /wp-cron.php?doing_wp_cron=1737206632.6774630546569824218750 HTTP/1.1" 200 - solarsolutionsgmbh.com "-" "WordPress/6.7.1; https://solarsolutionsgmbh.com" "-"
2003:ed:2700:: - - [18/Jan/2025:14:23:52 +0100] "POST /wp-admin/admin-ajax.php HTTP/1.1" 200 47 solarsolutionsgmbh.com "https://solarsolutionsgmbh.com/wp-admin/plugins.php" "Mozilla/5.0 (Windows NT 10.0; Win64; x64) AppleWebKit/537.36 (KHTML, like Gecko) Chrome/128.0.0.0 Safari/537.36 OPR/114.0.0.0" "-"
2a02:8070:2400:: - - [18/Jan/2025:14:24:16 +0100] "POST /solarkonfigurator/ HTTP/1.1" 200 138906 solarsolutionsgmbh.com "https://solarsolutionsgmbh.com/solarkonfigurator/" "Mozilla/5.0 (Windows NT 10.0; Win64; x64; rv:134.0) Gecko/20100101 Firefox/134.0" "-"
82.165.90.0 - - [18/Jan/2025:14:24:17 +0100] "POST /wp-cron.php?doing_wp_cron=1737206657.4439239501953125000000 HTTP/1.1" 200 - solarsolutionsgmbh.com "-" "WordPress/6.7.1; https://solarsolutionsgmbh.com" "-"
2a02:8070:2400:: - - [18/Jan/2025:14:24:24 +0100] "POST /solarkonfigurator/ HTTP/1.1" 200 138395 solarsolutionsgmbh.com "https://solarsolutionsgmbh.com/solarkonfigurator/" "Mozilla/5.0 (Windows NT 10.0; Win64; x64; rv:134.0) Gecko/20100101 Firefox/134.0" "-"
2a02:8070:2400:: - - [18/Jan/2025:14:24:30 +0100] "POST /solarkonfigurator/ HTTP/1.1" 200 138906 solarsolutionsgmbh.com "https://solarsolutionsgmbh.com/solarkonfigurator/" "Mozilla/5.0 (Windows NT 10.0; Win64; x64; rv:134.0) Gecko/20100101 Firefox/134.0" "-"
2a02:8070:2400:: - - [18/Jan/2025:14:24:33 +0100] "GET /Solarkonfigurator HTTP/1.1" 301 - solarsolutionsgmbh.com "https://solarsolutionsgmbh.com/solarkonfigurator/" "Mozilla/5.0 (Windows NT 10.0; Win64; x64; rv:134.0) Gecko/20100101 Firefox/134.0" "-"
2a02:8070:2400:: - - [18/Jan/2025:14:24:33 +0100] "GET /Solarkonfigurator/ HTTP/1.1" 200 137631 solarsolutionsgmbh.com "https://solarsolutionsgmbh.com/solarkonfigurator/" "Mozilla/5.0 (Windows NT 10.0; Win64; x64; rv:134.0) Gecko/20100101 Firefox/134.0" "-"
51.89.142.0 - - [18/Jan/2025:14:24:39 +0100] "GET / HTTP/1.1" 200 109613 solarsolutionsgmbh.com "-" "Mozilla/5.0 (Windows NT 10.0; Win64; x64) AppleWebKit/537.36 (KHTML, like Gecko) Chrome/51.0.2704.106 Safari/537.36" "-"
2a02:8070:2400:: - - [18/Jan/2025:14:24:54 +0100] "POST /wp-admin/admin-ajax.php HTTP/1.1" 200 98 solarsolutionsgmbh.com "https://solarsolutionsgmbh.com/wp-admin/post.php?post=14&action=edit" "Mozilla/5.0 (Windows NT 10.0; Win64; x64; rv:134.0) Gecko/20100101 Firefox/134.0" "-"
82.165.90.0 - - [18/Jan/2025:14:24:55 +0100] "POST /wp-cron.php?doing_wp_cron=1737206695.2647089958190917968750 HTTP/1.1" 200 - solarsolutionsgmbh.com "-" "WordPress/6.7.1; https://solarsolutionsgmbh.com" "-"
82.165.90.0 - - [18/Jan/2025:14:25:53 +0100] "POST /wp-cron.php?doing_wp_cron=1737206753.6970319747924804687500 HTTP/1.1" 200 - solarsolutionsgmbh.com "-" "WordPress/6.7.1; https://solarsolutionsgmbh.com" "-"
2003:ed:2700:: - - [18/Jan/2025:14:25:53 +0100] "POST /wp-admin/admin-ajax.php HTTP/1.1" 200 47 solarsolutionsgmbh.com "https://solarsolutionsgmbh.com/wp-admin/plugins.php" "Mozilla/5.0 (Windows NT 10.0; Win64; x64) AppleWebKit/537.36 (KHTML, like Gecko) Chrome/128.0.0.0 Safari/537.36 OPR/114.0.0.0" "-"
82.165.90.0 - - [18/Jan/2025:14:26:13 +0100] "POST /wp-cron.php?doing_wp_cron=1737206773.8571848869323730468750 HTTP/1.1" 200 - solarsolutionsgmbh.com "-" "WordPress/6.7.1; https://solarsolutionsgmbh.com" "-"
2a02:8070:2400:: - - [18/Jan/2025:14:26:13 +0100] "POST /wp-admin/admin-ajax.php HTTP/1.1" 200 98 solarsolutionsgmbh.com "https://solarsolutionsgmbh.com/wp-admin/post.php?post=14&action=edit" "Mozilla/5.0 (Windows NT 10.0; Win64; x64; rv:134.0) Gecko/20100101 Firefox/134.0" "-"
2a02:8070:2400:: - - [18/Jan/2025:14:26:15 +0100] "GET /Solarkonfigurator/ HTTP/1.1" 200 137616 solarsolutionsgmbh.com "https://solarsolutionsgmbh.com/solarkonfigurator/" "Mozilla/5.0 (Windows NT 10.0; Win64; x64; rv:134.0) Gecko/20100101 Firefox/134.0" "-"
2a02:8070:2400:: - - [18/Jan/2025:14:26:24 +0100] "POST /wp-admin/admin-ajax.php HTTP/1.1" 200 98 solarsolutionsgmbh.com "https://solarsolutionsgmbh.com/wp-admin/post.php?post=14&action=edit" "Mozilla/5.0 (Windows NT 10.0; Win64; x64; rv:134.0) Gecko/20100101 Firefox/134.0" "-"
2a02:8070:2400:: - - [18/Jan/2025:14:27:06 +0100] "POST /Solarkonfigurator/ HTTP/1.1" 200 137145 solarsolutionsgmbh.com "https://solarsolutionsgmbh.com/Solarkonfigurator/" "Mozilla/5.0 (Windows NT 10.0; Win64; x64; rv:134.0) Gecko/20100101 Firefox/134.0" "-"
82.165.90.0 - - [18/Jan/2025:14:27:13 +0100] "POST /wp-cron.php?doing_wp_cron=1737206833.6160490512847900390625 HTTP/1.1" 200 - solarsolutionsgmbh.com "-" "WordPress/6.7.1; https://solarsolutionsgmbh.com" "-"
2a02:8070:2400:: - - [18/Jan/2025:14:27:13 +0100] "POST /Solarkonfigurator/ HTTP/1.1" 200 137608 solarsolutionsgmbh.com "https://solarsolutionsgmbh.com/Solarkonfigurator/" "Mozilla/5.0 (Windows NT 10.0; Win64; x64; rv:134.0) Gecko/20100101 Firefox/134.0" "-"
2003:ed:2700:: - - [18/Jan/2025:14:27:15 +0100] "POST /wp-admin/admin-ajax.php HTTP/1.1" 200 47 solarsolutionsgmbh.com "https://solarsolutionsgmbh.com/wp-admin/plugins.php" "Mozilla/5.0 (Windows NT 10.0; Win64; x64) AppleWebKit/537.36 (KHTML, like Gecko) Chrome/128.0.0.0 Safari/537.36 OPR/114.0.0.0" "-"
2a02:8070:2400:: - - [18/Jan/2025:14:27:17 +0100] "POST /Solarkonfigurator/ HTTP/1.1" 200 137655 solarsolutionsgmbh.com "https://solarsolutionsgmbh.com/Solarkonfigurator/" "Mozilla/5.0 (Windows NT 10.0; Win64; x64; rv:134.0) Gecko/20100101 Firefox/134.0" "-"
2a02:8070:2400:: - - [18/Jan/2025:14:27:24 +0100] "POST /Solarkonfigurator/ HTTP/1.1" 200 138936 solarsolutionsgmbh.com "https://solarsolutionsgmbh.com/Solarkonfigurator/" "Mozilla/5.0 (Windows NT 10.0; Win64; x64; rv:134.0) Gecko/20100101 Firefox/134.0" "-"
2a02:8070:2400:: - - [18/Jan/2025:14:27:34 +0100] "POST /Solarkonfigurator/ HTTP/1.1" 200 139263 solarsolutionsgmbh.com "https://solarsolutionsgmbh.com/Solarkonfigurator/" "Mozilla/5.0 (Windows NT 10.0; Win64; x64; rv:134.0) Gecko/20100101 Firefox/134.0" "-"
2a02:8070:2400:: - - [18/Jan/2025:14:27:37 +0100] "POST /Solarkonfigurator/ HTTP/1.1" 200 138867 solarsolutionsgmbh.com "https://solarsolutionsgmbh.com/Solarkonfigurator/" "Mozilla/5.0 (Windows NT 10.0; Win64; x64; rv:134.0) Gecko/20100101 Firefox/134.0" "-"
2a02:8070:2400:: - - [18/Jan/2025:14:27:44 +0100] "POST /Solarkonfigurator/ HTTP/1.1" 200 138382 solarsolutionsgmbh.com "https://solarsolutionsgmbh.com/Solarkonfigurator/" "Mozilla/5.0 (Windows NT 10.0; Win64; x64; rv:134.0) Gecko/20100101 Firefox/134.0" "-"
2a02:8070:2400:: - - [18/Jan/2025:14:27:48 +0100] "POST /Solarkonfigurator/ HTTP/1.1" 200 138382 solarsolutionsgmbh.com "https://solarsolutionsgmbh.com/Solarkonfigurator/" "Mozilla/5.0 (Windows NT 10.0; Win64; x64; rv:134.0) Gecko/20100101 Firefox/134.0" "-"
2a02:8070:400:: - - [18/Jan/2025:14:27:52 +0100] "GET / HTTP/1.1" 200 109639 solarsolutionsgmbh.com "-" "Mozilla/5.0 (iPhone; CPU iPhone OS 17_6_1 like Mac OS X) AppleWebKit/605.1.15 (KHTML, like Gecko) Version/17.6 Mobile/15E148 Safari/604.1" "-"
2a02:8070:400:: - - [18/Jan/2025:14:27:52 +0100] "GET /wp-includes/blocks/social-links/style.min.css?ver=6.7.1 HTTP/1.1" 200 11600 solarsolutionsgmbh.com "https://solarsolutionsgmbh.com/" "Mozilla/5.0 (iPhone; CPU iPhone OS 17_6_1 like Mac OS X) AppleWebKit/605.1.15 (KHTML, like Gecko) Version/17.6 Mobile/15E148 Safari/604.1" "-"
2a02:8070:400:: - - [18/Jan/2025:14:27:52 +0100] "GET /wp-content/plugins/solarkonfigurator_v2/design_v2.css?ver=6.7.1 HTTP/1.1" 200 6404 solarsolutionsgmbh.com "https://solarsolutionsgmbh.com/" "Mozilla/5.0 (iPhone; CPU iPhone OS 17_6_1 like Mac OS X) AppleWebKit/605.1.15 (KHTML, like Gecko) Version/17.6 Mobile/15E148 Safari/604.1" "-"
2a02:8070:400:: - - [18/Jan/2025:14:27:52 +0100] "GET /wp-content/plugins/solarkonfigurator/design.css?ver=6.7.1 HTTP/1.1" 200 6439 solarsolutionsgmbh.com "https://solarsolutionsgmbh.com/" "Mozilla/5.0 (iPhone; CPU iPhone OS 17_6_1 like Mac OS X) AppleWebKit/605.1.15 (KHTML, like Gecko) Version/17.6 Mobile/15E148 Safari/604.1" "-"
2a02:8070:400:: - - [18/Jan/2025:14:27:52 +0100] "GET /wp-content/plugins/google-analytics-for-wordpress/assets/js/frontend-gtag.min.js?ver=9.2.4 HTTP/1.1" 200 11894 solarsolutionsgmbh.com "https://solarsolutionsgmbh.com/" "Mozilla/5.0 (iPhone; CPU iPhone OS 17_6_1 like Mac OS X) AppleWebKit/605.1.15 (KHTML, like Gecko) Version/17.6 Mobile/15E148 Safari/604.1" "-"
2a02:8070:400:: - - [18/Jan/2025:14:27:52 +0100] "GET /wp-content/plugins/contact-form-7/includes/css/styles.css?ver=6.0.2 HTTP/1.1" 200 2894 solarsolutionsgmbh.com "https://solarsolutionsgmbh.com/" "Mozilla/5.0 (iPhone; CPU iPhone OS 17_6_1 like Mac OS X) AppleWebKit/605.1.15 (KHTML, like Gecko) Version/17.6 Mobile/15E148 Safari/604.1" "-"
2a02:8070:400:: - - [18/Jan/2025:14:27:52 +0100] "GET /wp-content/plugins/newsletter/style.css?ver=8.6.4 HTTP/1.1" 200 7190 solarsolutionsgmbh.com "https://solarsolutionsgmbh.com/" "Mozilla/5.0 (iPhone; CPU iPhone OS 17_6_1 like Mac OS X) AppleWebKit/605.1.15 (KHTML, like Gecko) Version/17.6 Mobile/15E148 Safari/604.1" "-"
2a02:8070:400:: - - [18/Jan/2025:14:27:52 +0100] "GET /wp-includes/blocks/navigation/style.min.css?ver=6.7.1 HTTP/1.1" 200 16384 solarsolutionsgmbh.com "https://solarsolutionsgmbh.com/" "Mozilla/5.0 (iPhone; CPU iPhone OS 17_6_1 like Mac OS X) AppleWebKit/605.1.15 (KHTML, like Gecko) Version/17.6 Mobile/15E148 Safari/604.1" "-"
2a02:8070:400:: - - [18/Jan/2025:14:27:52 +0100] "GET /wp-content/themes/twentytwentyfour/assets/css/slider.css?ver=6.7.1 HTTP/1.1" 200 591 solarsolutionsgmbh.com "https://solarsolutionsgmbh.com/" "Mozilla/5.0 (iPhone; CPU iPhone OS 17_6_1 like Mac OS X) AppleWebKit/605.1.15 (KHTML, like Gecko) Version/17.6 Mobile/15E148 Safari/604.1" "-"
2a02:8070:400:: - - [18/Jan/2025:14:27:52 +0100] "GET /wp-includes/js/jquery/jquery.min.js?ver=3.7.1 HTTP/1.1" 200 87553 solarsolutionsgmbh.com "https://solarsolutionsgmbh.com/" "Mozilla/5.0 (iPhone; CPU iPhone OS 17_6_1 like Mac OS X) AppleWebKit/605.1.15 (KHTML, like Gecko) Version/17.6 Mobile/15E148 Safari/604.1" "-"
2a02:8070:400:: - - [18/Jan/2025:14:27:52 +0100] "GET /wp-includes/js/jquery/jquery-migrate.min.js?ver=3.4.1 HTTP/1.1" 200 13577 solarsolutionsgmbh.com "https://solarsolutionsgmbh.com/" "Mozilla/5.0 (iPhone; CPU iPhone OS 17_6_1 like Mac OS X) AppleWebKit/605.1.15 (KHTML, like Gecko) Version/17.6 Mobile/15E148 Safari/604.1" "-"
2a02:8070:400:: - - [18/Jan/2025:14:27:52 +0100] "GET /wp-content/uploads/2025/01/logo_white-1.png HTTP/1.1" 200 75650 solarsolutionsgmbh.com "https://solarsolutionsgmbh.com/" "Mozilla/5.0 (iPhone; CPU iPhone OS 17_6_1 like Mac OS X) AppleWebKit/605.1.15 (KHTML, like Gecko) Version/17.6 Mobile/15E148 Safari/604.1" "-"
2a02:8070:400:: - - [18/Jan/2025:14:27:52 +0100] "GET /wp-includes/js/dist/script-modules/block-library/navigation/view.min.js?ver=8ff192874fc8910a284c HTTP/1.1" 200 3300 solarsolutionsgmbh.com "https://solarsolutionsgmbh.com/" "Mozilla/5.0 (iPhone; CPU iPhone OS 17_6_1 like Mac OS X) AppleWebKit/605.1.15 (KHTML, like Gecko) Version/17.6 Mobile/15E148 Safari/604.1" "-"
2a02:8070:400:: - - [18/Jan/2025:14:27:52 +0100] "GET /wp-includes/js/dist/hooks.min.js?ver=4d63a3d491d11ffd8ac6 HTTP/1.1" 200 4776 solarsolutionsgmbh.com "https://solarsolutionsgmbh.com/" "Mozilla/5.0 (iPhone; CPU iPhone OS 17_6_1 like Mac OS X) AppleWebKit/605.1.15 (KHTML, like Gecko) Version/17.6 Mobile/15E148 Safari/604.1" "-"
2a02:8070:400:: - - [18/Jan/2025:14:27:52 +0100] "GET /wp-content/plugins/gtranslate/js/flags.js?ver=6.7.1 HTTP/1.1" 200 14277 solarsolutionsgmbh.com "https://solarsolutionsgmbh.com/" "Mozilla/5.0 (iPhone; CPU iPhone OS 17_6_1 like Mac OS X) AppleWebKit/605.1.15 (KHTML, like Gecko) Version/17.6 Mobile/15E148 Safari/604.1" "-"
2a02:8070:400:: - - [18/Jan/2025:14:27:53 +0100] "GET /wp-includes/js/dist/i18n.min.js?ver=5e580eb46a90c2b997e6 HTTP/1.1" 200 9141 solarsolutionsgmbh.com "https://solarsolutionsgmbh.com/" "Mozilla/5.0 (iPhone; CPU iPhone OS 17_6_1 like Mac OS X) AppleWebKit/605.1.15 (KHTML, like Gecko) Version/17.6 Mobile/15E148 Safari/604.1" "-"
2a02:8070:400:: - - [18/Jan/2025:14:27:53 +0100] "GET /wp-content/plugins/contact-form-7/includes/swv/js/index.js?ver=6.0.2 HTTP/1.1" 200 12512 solarsolutionsgmbh.com "https://solarsolutionsgmbh.com/" "Mozilla/5.0 (iPhone; CPU iPhone OS 17_6_1 like Mac OS X) AppleWebKit/605.1.15 (KHTML, like Gecko) Version/17.6 Mobile/15E148 Safari/604.1" "-"
2a02:8070:400:: - - [18/Jan/2025:14:27:53 +0100] "GET /wp-content/plugins/contact-form-7/includes/js/index.js?ver=6.0.2 HTTP/1.1" 200 13452 solarsolutionsgmbh.com "https://solarsolutionsgmbh.com/" "Mozilla/5.0 (iPhone; CPU iPhone OS 17_6_1 like Mac OS X) AppleWebKit/605.1.15 (KHTML, like Gecko) Version/17.6 Mobile/15E148 Safari/604.1" "-"
2a02:8070:400:: - - [18/Jan/2025:14:27:53 +0100] "GET /wp-content/themes/twentytwentyfour/assets/js/slider.js HTTP/1.1" 200 1483 solarsolutionsgmbh.com "https://solarsolutionsgmbh.com/" "Mozilla/5.0 (iPhone; CPU iPhone OS 17_6_1 like Mac OS X) AppleWebKit/605.1.15 (KHTML, like Gecko) Version/17.6 Mobile/15E148 Safari/604.1" "-"
2a02:8070:400:: - - [18/Jan/2025:14:27:53 +0100] "GET /wp-includes/js/dist/vendor/wp-polyfill.min.js?ver=3.15.0 HTTP/1.1" 200 37931 solarsolutionsgmbh.com "https://solarsolutionsgmbh.com/" "Mozilla/5.0 (iPhone; CPU iPhone OS 17_6_1 like Mac OS X) AppleWebKit/605.1.15 (KHTML, like Gecko) Version/17.6 Mobile/15E148 Safari/604.1" "-"
2a02:8070:400:: - - [18/Jan/2025:14:27:53 +0100] "GET /wp-content/plugins/contact-form-7/modules/recaptcha/index.js?ver=6.0.2 HTTP/1.1" 200 934 solarsolutionsgmbh.com "https://solarsolutionsgmbh.com/" "Mozilla/5.0 (iPhone; CPU iPhone OS 17_6_1 like Mac OS X) AppleWebKit/605.1.15 (KHTML, like Gecko) Version/17.6 Mobile/15E148 Safari/604.1" "-"
2a02:8070:400:: - - [18/Jan/2025:14:27:53 +0100] "GET /wp-includes/js/dist/script-modules/interactivity/index.min.js?ver=06b8f695ef48ab2d9277 HTTP/1.1" 200 36695 solarsolutionsgmbh.com "https://solarsolutionsgmbh.com/" "Mozilla/5.0 (iPhone; CPU iPhone OS 17_6_1 like Mac OS X) AppleWebKit/605.1.15 (KHTML, like Gecko) Version/17.6 Mobile/15E148 Safari/604.1" "-"
2a02:8070:400:: - - [18/Jan/2025:14:27:53 +0100] "GET /wp-content/themes/twentytwentyfour/assets/fonts/inter/Inter-VariableFont_slnt,wght.woff2 HTTP/1.1" 200 326628 solarsolutionsgmbh.com "https://solarsolutionsgmbh.com/" "Mozilla/5.0 (iPhone; CPU iPhone OS 17_6_1 like Mac OS X) AppleWebKit/605.1.15 (KHTML, like Gecko) Version/17.6 Mobile/15E148 Safari/604.1" "-"
2a02:8070:400:: - - [18/Jan/2025:14:27:53 +0100] "GET /wp-content/uploads/2025/01/logo.png HTTP/1.1" 200 76264 solarsolutionsgmbh.com "https://solarsolutionsgmbh.com/" "Mozilla/5.0 (iPhone; CPU iPhone OS 17_6_1 like Mac OS X) AppleWebKit/605.1.15 (KHTML, like Gecko) Version/17.6 Mobile/15E148 Safari/604.1" "-"
2a02:8070:400:: - - [18/Jan/2025:14:27:53 +0100] "GET /wp-content/uploads/fonts/UcCO3FwrK3iLTeHuS_nVMrMxCp50SjIw2boKoduKmMEVuGKYMZ1rib2Bg-4.woff2 HTTP/1.1" 200 117608 solarsolutionsgmbh.com "https://solarsolutionsgmbh.com/" "Mozilla/5.0 (iPhone; CPU iPhone OS 17_6_1 like Mac OS X) AppleWebKit/605.1.15 (KHTML, like Gecko) Version/17.6 Mobile/15E148 Safari/604.1" "-"
2a02:8070:400:: - - [18/Jan/2025:14:27:53 +0100] "GET /wp-content/uploads/2025/01/Illustration.png HTTP/1.1" 200 19597 solarsolutionsgmbh.com "https://solarsolutionsgmbh.com/" "Mozilla/5.0 (iPhone; CPU iPhone OS 17_6_1 like Mac OS X) AppleWebKit/605.1.15 (KHTML, like Gecko) Version/17.6 Mobile/15E148 Safari/604.1" "-"
2a02:8070:400:: - - [18/Jan/2025:14:27:53 +0100] "GET /wp-content/plugins/gtranslate/flags/svg/es.svg HTTP/1.1" 200 48089 solarsolutionsgmbh.com "https://solarsolutionsgmbh.com/" "Mozilla/5.0 (iPhone; CPU iPhone OS 17_6_1 like Mac OS X) AppleWebKit/605.1.15 (KHTML, like Gecko) Version/17.6 Mobile/15E148 Safari/604.1" "-"
2a02:8070:400:: - - [18/Jan/2025:14:27:53 +0100] "GET /wp-content/plugins/gtranslate/flags/svg/en.svg HTTP/1.1" 200 862 solarsolutionsgmbh.com "https://solarsolutionsgmbh.com/" "Mozilla/5.0 (iPhone; CPU iPhone OS 17_6_1 like Mac OS X) AppleWebKit/605.1.15 (KHTML, like Gecko) Version/17.6 Mobile/15E148 Safari/604.1" "-"
2a02:8070:400:: - - [18/Jan/2025:14:27:53 +0100] "GET /wp-content/plugins/gtranslate/flags/svg/de.svg HTTP/1.1" 200 238 solarsolutionsgmbh.com "https://solarsolutionsgmbh.com/" "Mozilla/5.0 (iPhone; CPU iPhone OS 17_6_1 like Mac OS X) AppleWebKit/605.1.15 (KHTML, like Gecko) Version/17.6 Mobile/15E148 Safari/604.1" "-"
2a02:8070:400:: - - [18/Jan/2025:14:27:54 +0100] "GET /wp-content/uploads/2025/01/pexels-rdne-8293653-scaled-e1736842089834.jpg HTTP/1.1" 200 14360 solarsolutionsgmbh.com "https://solarsolutionsgmbh.com/" "Mozilla/5.0 (iPhone; CPU iPhone OS 17_6_1 like Mac OS X) AppleWebKit/605.1.15 (KHTML, like Gecko) Version/17.6 Mobile/15E148 Safari/604.1" "-"
2a02:8070:400:: - - [18/Jan/2025:14:27:54 +0100] "GET /wp-content/uploads/2025/01/pexels-cristian-rojas-8853501-scaled-e1736841770815.jpg HTTP/1.1" 200 26603 solarsolutionsgmbh.com "https://solarsolutionsgmbh.com/" "Mozilla/5.0 (iPhone; CPU iPhone OS 17_6_1 like Mac OS X) AppleWebKit/605.1.15 (KHTML, like Gecko) Version/17.6 Mobile/15E148 Safari/604.1" "-"
2a02:8070:400:: - - [18/Jan/2025:14:27:54 +0100] "GET /wp-content/uploads/2025/01/planung.png HTTP/1.1" 200 20333 solarsolutionsgmbh.com "https://solarsolutionsgmbh.com/" "Mozilla/5.0 (iPhone; CPU iPhone OS 17_6_1 like Mac OS X) AppleWebKit/605.1.15 (KHTML, like Gecko) Version/17.6 Mobile/15E148 Safari/604.1" "-"
2a02:8070:400:: - - [18/Jan/2025:14:27:54 +0100] "GET /wp-content/uploads/2025/01/beratung.png HTTP/1.1" 200 38360 solarsolutionsgmbh.com "https://solarsolutionsgmbh.com/" "Mozilla/5.0 (iPhone; CPU iPhone OS 17_6_1 like Mac OS X) AppleWebKit/605.1.15 (KHTML, like Gecko) Version/17.6 Mobile/15E148 Safari/604.1" "-"
2a02:8070:400:: - - [18/Jan/2025:14:27:54 +0100] "GET /wp-content/uploads/2025/01/0cea1b925a40798cff672554981f4731.png HTTP/1.1" 200 173689 solarsolutionsgmbh.com "https://solarsolutionsgmbh.com/" "Mozilla/5.0 (iPhone; CPU iPhone OS 17_6_1 like Mac OS X) AppleWebKit/605.1.15 (KHTML, like Gecko) Version/17.6 Mobile/15E148 Safari/604.1" "-"
2a02:8070:400:: - - [18/Jan/2025:14:27:55 +0100] "GET /wp-content/uploads/2025/01/logo-150x150.png HTTP/1.1" 200 17909 solarsolutionsgmbh.com "https://solarsolutionsgmbh.com/" "Mozilla/5.0 (iPhone; CPU iPhone OS 17_6_1 like Mac OS X) AppleWebKit/605.1.15 (KHTML, like Gecko) Version/17.6 Mobile/15E148 Safari/604.1" "-"
2a02:8070:400:: - - [18/Jan/2025:14:27:55 +0100] "GET /wp-content/uploads/2025/01/logo.png HTTP/1.1" 200 76264 solarsolutionsgmbh.com "https://solarsolutionsgmbh.com/" "Mozilla/5.0 (iPhone; CPU iPhone OS 17_6_1 like Mac OS X) AppleWebKit/605.1.15 (KHTML, like Gecko) Version/17.6 Mobile/15E148 Safari/604.1" "-"
82.165.90.0 - - [18/Jan/2025:14:27:57 +0100] "GET /wp-content/uploads/2025/01/logo.png HTTP/1.1" 200 76264 solarsolutionsgmbh.com "-" "-" "-"
2a02:8070:2400:: - - [18/Jan/2025:14:27:57 +0100] "POST /Solarkonfigurator/ HTTP/1.1" 200 73214 solarsolutionsgmbh.com "https://solarsolutionsgmbh.com/Solarkonfigurator/" "Mozilla/5.0 (Windows NT 10.0; Win64; x64; rv:134.0) Gecko/20100101 Firefox/134.0" "-"
2a02:8070:2400:: - - [18/Jan/2025:14:28:00 +0100] "POST /Solarkonfigurator/ HTTP/1.1" 200 138475 solarsolutionsgmbh.com "https://solarsolutionsgmbh.com/Solarkonfigurator/" "Mozilla/5.0 (Windows NT 10.0; Win64; x64; rv:134.0) Gecko/20100101 Firefox/134.0" "-"
2a02:8070:400:: - - [18/Jan/2025:14:28:02 +0100] "GET /solarkonfigurator HTTP/1.1" 301 - solarsolutionsgmbh.com "https://solarsolutionsgmbh.com/" "Mozilla/5.0 (iPhone; CPU iPhone OS 17_6_1 like Mac OS X) AppleWebKit/605.1.15 (KHTML, like Gecko) Version/17.6 Mobile/15E148 Safari/604.1" "-"
2a02:8070:400:: - - [18/Jan/2025:14:28:03 +0100] "GET /solarkonfigurator/ HTTP/1.1" 200 90500 solarsolutionsgmbh.com "https://solarsolutionsgmbh.com/" "Mozilla/5.0 (iPhone; CPU iPhone OS 17_6_1 like Mac OS X) AppleWebKit/605.1.15 (KHTML, like Gecko) Version/17.6 Mobile/15E148 Safari/604.1" "-"
2a02:8070:400:: - - [18/Jan/2025:14:28:03 +0100] "GET /wp-content/uploads/2025/01/logo.png HTTP/1.1" 200 76264 solarsolutionsgmbh.com "https://solarsolutionsgmbh.com/solarkonfigurator/" "Mozilla/5.0 (iPhone; CPU iPhone OS 17_6_1 like Mac OS X) AppleWebKit/605.1.15 (KHTML, like Gecko) Version/17.6 Mobile/15E148 Safari/604.1" "-"
2a02:8070:400:: - - [18/Jan/2025:14:28:04 +0100] "GET /wp-content/uploads/2025/01/logo.png HTTP/1.1" 200 76264 solarsolutionsgmbh.com "https://solarsolutionsgmbh.com/solarkonfigurator/" "Mozilla/5.0 (iPhone; CPU iPhone OS 17_6_1 like Mac OS X) AppleWebKit/605.1.15 (KHTML, like Gecko) Version/17.6 Mobile/15E148 Safari/604.1" "-"
2a02:8070:400:: - - [18/Jan/2025:14:28:07 +0100] "GET /kontakt/ HTTP/1.1" 200 98830 solarsolutionsgmbh.com "https://solarsolutionsgmbh.com/solarkonfigurator/" "Mozilla/5.0 (iPhone; CPU iPhone OS 17_6_1 like Mac OS X) AppleWebKit/605.1.15 (KHTML, like Gecko) Version/17.6 Mobile/15E148 Safari/604.1" "-"
2a02:8070:400:: - - [18/Jan/2025:14:28:08 +0100] "GET /wp-content/uploads/2025/01/logo.png HTTP/1.1" 200 76264 solarsolutionsgmbh.com "https://solarsolutionsgmbh.com/kontakt/" "Mozilla/5.0 (iPhone; CPU iPhone OS 17_6_1 like Mac OS X) AppleWebKit/605.1.15 (KHTML, like Gecko) Version/17.6 Mobile/15E148 Safari/604.1" "-"
2a02:8070:400:: - - [18/Jan/2025:14:28:08 +0100] "GET /wp-json/contact-form-7/v1/contact-forms/368/feedback/schema HTTP/1.1" 200 1150 solarsolutionsgmbh.com "https://solarsolutionsgmbh.com/kontakt/" "Mozilla/5.0 (iPhone; CPU iPhone OS 17_6_1 like Mac OS X) AppleWebKit/605.1.15 (KHTML, like Gecko) Version/17.6 Mobile/15E148 Safari/604.1" "-"
2a02:8070:400:: - - [18/Jan/2025:14:28:09 +0100] "GET /Solarkonfigurator HTTP/1.1" 301 - solarsolutionsgmbh.com "https://solarsolutionsgmbh.com/kontakt/" "Mozilla/5.0 (iPhone; CPU iPhone OS 17_6_1 like Mac OS X) AppleWebKit/605.1.15 (KHTML, like Gecko) Version/17.6 Mobile/15E148 Safari/604.1" "-"
2003:ed:2700:: - - [18/Jan/2025:14:28:15 +0100] "POST /wp-admin/admin-ajax.php HTTP/1.1" 200 47 solarsolutionsgmbh.com "https://solarsolutionsgmbh.com/wp-admin/plugins.php" "Mozilla/5.0 (Windows NT 10.0; Win64; x64) AppleWebKit/537.36 (KHTML, like Gecko) Chrome/128.0.0.0 Safari/537.36 OPR/114.0.0.0" "-"
82.165.90.0 - - [18/Jan/2025:14:28:16 +0100] "POST /wp-cron.php?doing_wp_cron=1737206896.1631929874420166015625 HTTP/1.1" 200 - solarsolutionsgmbh.com "-" "WordPress/6.7.1; https://solarsolutionsgmbh.com" "-"
2a02:8070:400:: - - [18/Jan/2025:14:28:17 +0100] "GET /Solarkonfigurator/ HTTP/1.1" 200 90509 solarsolutionsgmbh.com "https://solarsolutionsgmbh.com/kontakt/" "Mozilla/5.0 (iPhone; CPU iPhone OS 17_6_1 like Mac OS X) AppleWebKit/605.1.15 (KHTML, like Gecko) Version/17.6 Mobile/15E148 Safari/604.1" "-"
2a02:8070:400:: - - [18/Jan/2025:14:28:18 +0100] "GET /wp-content/plugins/solarkonfigurator/design.css?ver=6.7.1 HTTP/1.1" 304 - solarsolutionsgmbh.com "https://solarsolutionsgmbh.com/Solarkonfigurator/" "Mozilla/5.0 (iPhone; CPU iPhone OS 17_6_1 like Mac OS X) AppleWebKit/605.1.15 (KHTML, like Gecko) Version/17.6 Mobile/15E148 Safari/604.1" "-"
2a02:8070:400:: - - [18/Jan/2025:14:28:19 +0100] "GET /wp-content/uploads/2025/01/logo.png HTTP/1.1" 200 76264 solarsolutionsgmbh.com "https://solarsolutionsgmbh.com/Solarkonfigurator/" "Mozilla/5.0 (iPhone; CPU iPhone OS 17_6_1 like Mac OS X) AppleWebKit/605.1.15 (KHTML, like Gecko) Version/17.6 Mobile/15E148 Safari/604.1" "-"
2a02:8070:2400:: - - [18/Jan/2025:14:28:24 +0100] "POST /wp-admin/admin-ajax.php HTTP/1.1" 200 98 solarsolutionsgmbh.com "https://solarsolutionsgmbh.com/wp-admin/post.php?post=14&action=edit" "Mozilla/5.0 (Windows NT 10.0; Win64; x64; rv:134.0) Gecko/20100101 Firefox/134.0" "-"
2a02:8070:400:: - - [18/Jan/2025:14:28:35 +0100] "POST /Solarkonfigurator/ HTTP/1.1" 200 90018 solarsolutionsgmbh.com "https://solarsolutionsgmbh.com/Solarkonfigurator/" "Mozilla/5.0 (iPhone; CPU iPhone OS 17_6_1 like Mac OS X) AppleWebKit/605.1.15 (KHTML, like Gecko) Version/17.6 Mobile/15E148 Safari/604.1" "-"
2a02:8070:400:: - - [18/Jan/2025:14:28:35 +0100] "GET /wp-content/uploads/2025/01/logo.png HTTP/1.1" 200 76264 solarsolutionsgmbh.com "https://solarsolutionsgmbh.com/Solarkonfigurator/" "Mozilla/5.0 (iPhone; CPU iPhone OS 17_6_1 like Mac OS X) AppleWebKit/605.1.15 (KHTML, like Gecko) Version/17.6 Mobile/15E148 Safari/604.1" "-"
2a02:8070:400:: - - [18/Jan/2025:14:28:48 +0100] "POST /Solarkonfigurator/ HTTP/1.1" 200 90474 solarsolutionsgmbh.com "https://solarsolutionsgmbh.com/Solarkonfigurator/" "Mozilla/5.0 (iPhone; CPU iPhone OS 17_6_1 like Mac OS X) AppleWebKit/605.1.15 (KHTML, like Gecko) Version/17.6 Mobile/15E148 Safari/604.1" "-"
2a02:8070:400:: - - [18/Jan/2025:14:28:49 +0100] "GET /wp-content/plugins/solarkonfigurator/design.css?ver=6.7.1 HTTP/1.1" 304 - solarsolutionsgmbh.com "https://solarsolutionsgmbh.com/Solarkonfigurator/" "Mozilla/5.0 (iPhone; CPU iPhone OS 17_6_1 like Mac OS X) AppleWebKit/605.1.15 (KHTML, like Gecko) Version/17.6 Mobile/15E148 Safari/604.1" "-"
2a02:8070:400:: - - [18/Jan/2025:14:28:53 +0100] "POST /Solarkonfigurator/ HTTP/1.1" 200 90522 solarsolutionsgmbh.com "https://solarsolutionsgmbh.com/Solarkonfigurator/" "Mozilla/5.0 (iPhone; CPU iPhone OS 17_6_1 like Mac OS X) AppleWebKit/605.1.15 (KHTML, like Gecko) Version/17.6 Mobile/15E148 Safari/604.1" "-"
2a02:8070:400:: - - [18/Jan/2025:14:29:03 +0100] "POST /Solarkonfigurator/ HTTP/1.1" 200 91803 solarsolutionsgmbh.com "https://solarsolutionsgmbh.com/Solarkonfigurator/" "Mozilla/5.0 (iPhone; CPU iPhone OS 17_6_1 like Mac OS X) AppleWebKit/605.1.15 (KHTML, like Gecko) Version/17.6 Mobile/15E148 Safari/604.1" "-"
17.241.227.0 - - [18/Jan/2025:14:29:07 +0100] "GET /robots.txt HTTP/1.1" 200 126 solarsolutionsgmbh.com "-" "Mozilla/5.0 (Macintosh; Intel Mac OS X 10_15_7) AppleWebKit/605.1.15 (KHTML, like Gecko) Version/17.4 Safari/605.1.15 (Applebot/0.1; +http://www.apple.com/go/applebot)" "-"
17.241.227.0 - - [18/Jan/2025:14:29:08 +0100] "GET /wp-content/uploads/2025/01/pexels-rdne-8293653-scaled-e1736842089834.jpg HTTP/1.1" 200 14360 solarsolutionsgmbh.com "-" "Mozilla/5.0 (Macintosh; Intel Mac OS X 10_15_7) AppleWebKit/605.1.15 (KHTML, like Gecko) Version/17.4 Safari/605.1.15 (Applebot/0.1; +http://www.apple.com/go/applebot)" "-"
82.165.90.0 - - [18/Jan/2025:14:29:14 +0100] "POST /wp-cron.php?doing_wp_cron=1737206954.7294769287109375000000 HTTP/1.1" 200 - solarsolutionsgmbh.com "-" "WordPress/6.7.1; https://solarsolutionsgmbh.com" "-"
2a02:8070:400:: - - [18/Jan/2025:14:29:14 +0100] "POST /Solarkonfigurator/ HTTP/1.1" 200 92131 solarsolutionsgmbh.com "https://solarsolutionsgmbh.com/Solarkonfigurator/" "Mozilla/5.0 (iPhone; CPU iPhone OS 17_6_1 like Mac OS X) AppleWebKit/605.1.15 (KHTML, like Gecko) Version/17.6 Mobile/15E148 Safari/604.1" "-"
2a02:8070:400:: - - [18/Jan/2025:14:29:18 +0100] "POST /Solarkonfigurator/ HTTP/1.1" 200 91704 solarsolutionsgmbh.com "https://solarsolutionsgmbh.com/Solarkonfigurator/" "Mozilla/5.0 (iPhone; CPU iPhone OS 17_6_1 like Mac OS X) AppleWebKit/605.1.15 (KHTML, like Gecko) Version/17.6 Mobile/15E148 Safari/604.1" "-"
2a02:8070:400:: - - [18/Jan/2025:14:29:19 +0100] "GET /wp-content/plugins/solarkonfigurator/design.css?ver=6.7.1 HTTP/1.1" 304 - solarsolutionsgmbh.com "https://solarsolutionsgmbh.com/Solarkonfigurator/" "Mozilla/5.0 (iPhone; CPU iPhone OS 17_6_1 like Mac OS X) AppleWebKit/605.1.15 (KHTML, like Gecko) Version/17.6 Mobile/15E148 Safari/604.1" "-"
2a02:8070:400:: - - [18/Jan/2025:14:29:26 +0100] "POST /Solarkonfigurator/ HTTP/1.1" 200 92138 solarsolutionsgmbh.com "https://solarsolutionsgmbh.com/Solarkonfigurator/" "Mozilla/5.0 (iPhone; CPU iPhone OS 17_6_1 like Mac OS X) AppleWebKit/605.1.15 (KHTML, like Gecko) Version/17.6 Mobile/15E148 Safari/604.1" "-"
2a02:8070:400:: - - [18/Jan/2025:14:29:29 +0100] "POST /Solarkonfigurator/ HTTP/1.1" 200 91844 solarsolutionsgmbh.com "https://solarsolutionsgmbh.com/Solarkonfigurator/" "Mozilla/5.0 (iPhone; CPU iPhone OS 17_6_1 like Mac OS X) AppleWebKit/605.1.15 (KHTML, like Gecko) Version/17.6 Mobile/15E148 Safari/604.1" "-"
2a02:8070:400:: - - [18/Jan/2025:14:29:33 +0100] "POST /Solarkonfigurator/ HTTP/1.1" 200 90527 solarsolutionsgmbh.com "https://solarsolutionsgmbh.com/Solarkonfigurator/" "Mozilla/5.0 (iPhone; CPU iPhone OS 17_6_1 like Mac OS X) AppleWebKit/605.1.15 (KHTML, like Gecko) Version/17.6 Mobile/15E148 Safari/604.1" "-"
2a02:8070:400:: - - [18/Jan/2025:14:29:37 +0100] "POST /Solarkonfigurator/ HTTP/1.1" 200 90482 solarsolutionsgmbh.com "https://solarsolutionsgmbh.com/Solarkonfigurator/" "Mozilla/5.0 (iPhone; CPU iPhone OS 17_6_1 like Mac OS X) AppleWebKit/605.1.15 (KHTML, like Gecko) Version/17.6 Mobile/15E148 Safari/604.1" "-"
2a02:8070:2400:: - - [18/Jan/2025:14:29:38 +0100] "POST /wp-admin/admin-ajax.php HTTP/1.1" 200 98 solarsolutionsgmbh.com "https://solarsolutionsgmbh.com/wp-admin/post.php?post=14&action=edit" "Mozilla/5.0 (Windows NT 10.0; Win64; x64; rv:134.0) Gecko/20100101 Firefox/134.0" "-"
2a02:8070:400:: - - [18/Jan/2025:14:29:40 +0100] "POST /Solarkonfigurator/ HTTP/1.1" 200 90025 solarsolutionsgmbh.com "https://solarsolutionsgmbh.com/Solarkonfigurator/" "Mozilla/5.0 (iPhone; CPU iPhone OS 17_6_1 like Mac OS X) AppleWebKit/605.1.15 (KHTML, like Gecko) Version/17.6 Mobile/15E148 Safari/604.1" "-"
2a02:8070:400:: - - [18/Jan/2025:14:29:42 +0100] "POST /Solarkonfigurator/ HTTP/1.1" 200 90473 solarsolutionsgmbh.com "https://solarsolutionsgmbh.com/Solarkonfigurator/" "Mozilla/5.0 (iPhone; CPU iPhone OS 17_6_1 like Mac OS X) AppleWebKit/605.1.15 (KHTML, like Gecko) Version/17.6 Mobile/15E148 Safari/604.1" "-"
2a02:8070:2400:: - - [18/Jan/2025:14:29:49 +0100] "POST /wp-admin/admin-ajax.php HTTP/1.1" 200 98 solarsolutionsgmbh.com "https://solarsolutionsgmbh.com/wp-admin/post.php?post=14&action=edit" "Mozilla/5.0 (Windows NT 10.0; Win64; x64; rv:134.0) Gecko/20100101 Firefox/134.0" "-"
2a02:8070:400:: - - [18/Jan/2025:14:29:55 +0100] "POST /Solarkonfigurator/ HTTP/1.1" 200 90026 solarsolutionsgmbh.com "https://solarsolutionsgmbh.com/Solarkonfigurator/" "Mozilla/5.0 (iPhone; CPU iPhone OS 17_6_1 like Mac OS X) AppleWebKit/605.1.15 (KHTML, like Gecko) Version/17.6 Mobile/15E148 Safari/604.1" "-"
82.165.90.0 - - [18/Jan/2025:14:29:56 +0100] "POST /wp-cron.php?doing_wp_cron=1737206996.4076368808746337890625 HTTP/1.1" 200 - solarsolutionsgmbh.com "-" "WordPress/6.7.1; https://solarsolutionsgmbh.com" "-"
2a02:8070:400:: - - [18/Jan/2025:14:29:57 +0100] "GET /wp-content/plugins/solarkonfigurator/design.css?ver=6.7.1 HTTP/1.1" 304 - solarsolutionsgmbh.com "https://solarsolutionsgmbh.com/Solarkonfigurator/" "Mozilla/5.0 (iPhone; CPU iPhone OS 17_6_1 like Mac OS X) AppleWebKit/605.1.15 (KHTML, like Gecko) Version/17.6 Mobile/15E148 Safari/604.1" "-"
2a02:8070:2400:: - - [18/Jan/2025:14:29:59 +0100] "POST /wp-admin/admin-ajax.php HTTP/1.1" 200 98 solarsolutionsgmbh.com "https://solarsolutionsgmbh.com/wp-admin/post.php?post=14&action=edit" "Mozilla/5.0 (Windows NT 10.0; Win64; x64; rv:134.0) Gecko/20100101 Firefox/134.0" "-"
2a02:8070:400:: - - [18/Jan/2025:14:30:09 +0100] "POST /Solarkonfigurator/ HTTP/1.1" 200 90483 solarsolutionsgmbh.com "https://solarsolutionsgmbh.com/Solarkonfigurator/" "Mozilla/5.0 (iPhone; CPU iPhone OS 17_6_1 like Mac OS X) AppleWebKit/605.1.15 (KHTML, like Gecko) Version/17.6 Mobile/15E148 Safari/604.1" "-"
2a02:8070:400:: - - [18/Jan/2025:14:30:12 +0100] "POST /Solarkonfigurator/ HTTP/1.1" 200 90530 solarsolutionsgmbh.com "https://solarsolutionsgmbh.com/Solarkonfigurator/" "Mozilla/5.0 (iPhone; CPU iPhone OS 17_6_1 like Mac OS X) AppleWebKit/605.1.15 (KHTML, like Gecko) Version/17.6 Mobile/15E148 Safari/604.1" "-"
82.165.90.0 - - [18/Jan/2025:14:30:13 +0100] "POST /wp-cron.php?doing_wp_cron=1737207013.0545639991760253906250 HTTP/1.1" 200 - solarsolutionsgmbh.com "-" "WordPress/6.7.1; https://solarsolutionsgmbh.com" "-"
2003:ed:2700:: - - [18/Jan/2025:14:30:16 +0100] "POST /wp-admin/admin-ajax.php HTTP/1.1" 200 47 solarsolutionsgmbh.com "https://solarsolutionsgmbh.com/wp-admin/plugins.php" "Mozilla/5.0 (Windows NT 10.0; Win64; x64) AppleWebKit/537.36 (KHTML, like Gecko) Chrome/128.0.0.0 Safari/537.36 OPR/114.0.0.0" "-"
2a02:8070:400:: - - [18/Jan/2025:14:30:20 +0100] "POST /Solarkonfigurator/ HTTP/1.1" 200 91810 solarsolutionsgmbh.com "https://solarsolutionsgmbh.com/Solarkonfigurator/" "Mozilla/5.0 (iPhone; CPU iPhone OS 17_6_1 like Mac OS X) AppleWebKit/605.1.15 (KHTML, like Gecko) Version/17.6 Mobile/15E148 Safari/604.1" "-"
82.165.90.0 - - [18/Jan/2025:14:31:25 +0100] "POST /wp-cron.php?doing_wp_cron=1737207085.6393458843231201171875 HTTP/1.1" 200 - solarsolutionsgmbh.com "-" "WordPress/6.7.1; https://solarsolutionsgmbh.com" "-"
2a02:8070:400:: - - [18/Jan/2025:14:31:25 +0100] "POST /Solarkonfigurator/ HTTP/1.1" 200 92136 solarsolutionsgmbh.com "https://solarsolutionsgmbh.com/Solarkonfigurator/" "Mozilla/5.0 (iPhone; CPU iPhone OS 17_6_1 like Mac OS X) AppleWebKit/605.1.15 (KHTML, like Gecko) Version/17.6 Mobile/15E148 Safari/604.1" "-"
2a02:8070:400:: - - [18/Jan/2025:14:31:26 +0100] "GET /wp-content/plugins/solarkonfigurator/design.css?ver=6.7.1 HTTP/1.1" 304 - solarsolutionsgmbh.com "https://solarsolutionsgmbh.com/Solarkonfigurator/" "Mozilla/5.0 (iPhone; CPU iPhone OS 17_6_1 like Mac OS X) AppleWebKit/605.1.15 (KHTML, like Gecko) Version/17.6 Mobile/15E148 Safari/604.1" "-"
2a02:8070:400:: - - [18/Jan/2025:14:31:27 +0100] "GET /wp-content/uploads/2025/01/logo.png HTTP/1.1" 200 76264 solarsolutionsgmbh.com "https://solarsolutionsgmbh.com/Solarkonfigurator/" "Mozilla/5.0 (iPhone; CPU iPhone OS 17_6_1 like Mac OS X) AppleWebKit/605.1.15 (KHTML, like Gecko) Version/17.6 Mobile/15E148 Safari/604.1" "-"
2a02:8070:2400:: - - [18/Jan/2025:14:31:29 +0100] "POST /Solarkonfigurator/ HTTP/1.1" 200 138867 solarsolutionsgmbh.com "https://solarsolutionsgmbh.com/Solarkonfigurator/" "Mozilla/5.0 (Windows NT 10.0; Win64; x64; rv:134.0) Gecko/20100101 Firefox/134.0" "-"
2a02:8070:400:: - - [18/Jan/2025:14:31:29 +0100] "POST /Solarkonfigurator/ HTTP/1.1" 200 91701 solarsolutionsgmbh.com "https://solarsolutionsgmbh.com/Solarkonfigurator/" "Mozilla/5.0 (iPhone; CPU iPhone OS 17_6_1 like Mac OS X) AppleWebKit/605.1.15 (KHTML, like Gecko) Version/17.6 Mobile/15E148 Safari/604.1" "-"
2a02:8070:400:: - - [18/Jan/2025:14:31:30 +0100] "GET /wp-content/uploads/2025/01/logo.png HTTP/1.1" 200 76264 solarsolutionsgmbh.com "https://solarsolutionsgmbh.com/Solarkonfigurator/" "Mozilla/5.0 (iPhone; CPU iPhone OS 17_6_1 like Mac OS X) AppleWebKit/605.1.15 (KHTML, like Gecko) Version/17.6 Mobile/15E148 Safari/604.1" "-"
2a02:8070:400:: - - [18/Jan/2025:14:31:33 +0100] "POST /Solarkonfigurator/ HTTP/1.1" 200 91255 solarsolutionsgmbh.com "https://solarsolutionsgmbh.com/Solarkonfigurator/" "Mozilla/5.0 (iPhone; CPU iPhone OS 17_6_1 like Mac OS X) AppleWebKit/605.1.15 (KHTML, like Gecko) Version/17.6 Mobile/15E148 Safari/604.1" "-"
2a02:8070:2400:: - - [18/Jan/2025:14:32:00 +0100] "POST /wp-admin/admin-ajax.php HTTP/1.1" 200 98 solarsolutionsgmbh.com "https://solarsolutionsgmbh.com/wp-admin/post.php?post=14&action=edit" "Mozilla/5.0 (Windows NT 10.0; Win64; x64; rv:134.0) Gecko/20100101 Firefox/134.0" "-"
82.165.90.0 - - [18/Jan/2025:14:32:04 +0100] "GET /wp-content/uploads/2025/01/logo.png HTTP/1.1" 200 76264 solarsolutionsgmbh.com "-" "-" "-"
2a02:8070:400:: - - [18/Jan/2025:14:32:04 +0100] "POST /Solarkonfigurator/ HTTP/1.1" 200 73188 solarsolutionsgmbh.com "https://solarsolutionsgmbh.com/Solarkonfigurator/" "Mozilla/5.0 (iPhone; CPU iPhone OS 17_6_1 like Mac OS X) AppleWebKit/605.1.15 (KHTML, like Gecko) Version/17.6 Mobile/15E148 Safari/604.1" "-"
2a02:8070:400:: - - [18/Jan/2025:14:32:05 +0100] "GET /favicon.ico HTTP/1.1" 302 - solarsolutionsgmbh.com "-" "Mozilla/5.0 (iPhone; CPU iPhone OS 17_6_1 like Mac OS X) AppleWebKit/605.1.15 (KHTML, like Gecko) Version/17.6 Mobile/15E148 Safari/604.1" "-"
2a02:8070:400:: - - [18/Jan/2025:14:32:05 +0100] "GET /wp-content/uploads/2025/01/logo-150x150.png HTTP/1.1" 200 17909 solarsolutionsgmbh.com "-" "Mozilla/5.0 (iPhone; CPU iPhone OS 17_6_1 like Mac OS X) AppleWebKit/605.1.15 (KHTML, like Gecko) Version/17.6 Mobile/15E148 Safari/604.1" "-"
2a02:8070:400:: - - [18/Jan/2025:14:32:12 +0100] "POST /Solarkonfigurator/ HTTP/1.1" 200 91348 solarsolutionsgmbh.com "https://solarsolutionsgmbh.com/Solarkonfigurator/" "Mozilla/5.0 (iPhone; CPU iPhone OS 17_6_1 like Mac OS X) AppleWebKit/605.1.15 (KHTML, like Gecko) Version/17.6 Mobile/15E148 Safari/604.1" "-"
82.165.90.0 - - [18/Jan/2025:14:32:13 +0100] "POST /wp-cron.php?doing_wp_cron=1737207133.2586069107055664062500 HTTP/1.1" 200 - solarsolutionsgmbh.com "-" "WordPress/6.7.1; https://solarsolutionsgmbh.com" "-"
2a02:8070:400:: - - [18/Jan/2025:14:32:15 +0100] "GET /wp-content/plugins/solarkonfigurator/design.css?ver=6.7.1 HTTP/1.1" 304 - solarsolutionsgmbh.com "https://solarsolutionsgmbh.com/Solarkonfigurator/" "Mozilla/5.0 (iPhone; CPU iPhone OS 17_6_1 like Mac OS X) AppleWebKit/605.1.15 (KHTML, like Gecko) Version/17.6 Mobile/15E148 Safari/604.1" "-"
2003:ed:2700:: - - [18/Jan/2025:14:32:17 +0100] "POST /wp-admin/admin-ajax.php HTTP/1.1" 200 47 solarsolutionsgmbh.com "https://solarsolutionsgmbh.com/wp-admin/plugins.php" "Mozilla/5.0 (Windows NT 10.0; Win64; x64) AppleWebKit/537.36 (KHTML, like Gecko) Chrome/128.0.0.0 Safari/537.36 OPR/114.0.0.0" "-"
2a02:8070:400:: - - [18/Jan/2025:14:32:17 +0100] "POST /Solarkonfigurator/ HTTP/1.1" 200 91255 solarsolutionsgmbh.com "https://solarsolutionsgmbh.com/Solarkonfigurator/" "Mozilla/5.0 (iPhone; CPU iPhone OS 17_6_1 like Mac OS X) AppleWebKit/605.1.15 (KHTML, like Gecko) Version/17.6 Mobile/15E148 Safari/604.1" "-"
2a02:8070:400:: - - [18/Jan/2025:14:32:23 +0100] "POST /Solarkonfigurator/ HTTP/1.1" 200 91255 solarsolutionsgmbh.com "https://solarsolutionsgmbh.com/Solarkonfigurator/" "Mozilla/5.0 (iPhone; CPU iPhone OS 17_6_1 like Mac OS X) AppleWebKit/605.1.15 (KHTML, like Gecko) Version/17.6 Mobile/15E148 Safari/604.1" "-"
2a02:8070:400:: - - [18/Jan/2025:14:32:27 +0100] "POST /Solarkonfigurator/ HTTP/1.1" 200 91255 solarsolutionsgmbh.com "https://solarsolutionsgmbh.com/Solarkonfigurator/" "Mozilla/5.0 (iPhone; CPU iPhone OS 17_6_1 like Mac OS X) AppleWebKit/605.1.15 (KHTML, like Gecko) Version/17.6 Mobile/15E148 Safari/604.1" "-"
82.165.90.0 - - [18/Jan/2025:14:34:00 +0100] "POST /wp-cron.php?doing_wp_cron=1737207240.8459079265594482421875 HTTP/1.1" 200 - solarsolutionsgmbh.com "-" "WordPress/6.7.1; https://solarsolutionsgmbh.com" "-"
2a02:8070:2400:: - - [18/Jan/2025:14:34:00 +0100] "POST /wp-admin/admin-ajax.php HTTP/1.1" 200 98 solarsolutionsgmbh.com "https://solarsolutionsgmbh.com/wp-admin/post.php?post=14&action=edit" "Mozilla/5.0 (Windows NT 10.0; Win64; x64; rv:134.0) Gecko/20100101 Firefox/134.0" "-"
82.165.90.0 - - [18/Jan/2025:14:34:18 +0100] "POST /wp-cron.php?doing_wp_cron=1737207258.6773679256439208984375 HTTP/1.1" 200 - solarsolutionsgmbh.com "-" "WordPress/6.7.1; https://solarsolutionsgmbh.com" "-"
2003:ed:2700:: - - [18/Jan/2025:14:34:18 +0100] "POST /wp-admin/admin-ajax.php HTTP/1.1" 200 47 solarsolutionsgmbh.com "https://solarsolutionsgmbh.com/wp-admin/plugins.php" "Mozilla/5.0 (Windows NT 10.0; Win64; x64) AppleWebKit/537.36 (KHTML, like Gecko) Chrome/128.0.0.0 Safari/537.36 OPR/114.0.0.0" "-"
2a02:8070:2400:: - - [18/Jan/2025:14:34:53 +0100] "POST /Solarkonfigurator/ HTTP/1.1" 200 139270 solarsolutionsgmbh.com "https://solarsolutionsgmbh.com/Solarkonfigurator/" "Mozilla/5.0 (Windows NT 10.0; Win64; x64; rv:134.0) Gecko/20100101 Firefox/134.0" "-"
82.165.90.0 - - [18/Jan/2025:14:34:54 +0100] "POST /wp-cron.php?doing_wp_cron=1737207294.1956689357757568359375 HTTP/1.1" 200 - solarsolutionsgmbh.com "-" "WordPress/6.7.1; https://solarsolutionsgmbh.com" "-"
2a02:8070:2400:: - - [18/Jan/2025:14:34:57 +0100] "POST /Solarkonfigurator/ HTTP/1.1" 200 138977 solarsolutionsgmbh.com "https://solarsolutionsgmbh.com/Solarkonfigurator/" "Mozilla/5.0 (Windows NT 10.0; Win64; x64; rv:134.0) Gecko/20100101 Firefox/134.0" "-"
2a02:8070:2400:: - - [18/Jan/2025:14:35:01 +0100] "POST /Solarkonfigurator/ HTTP/1.1" 200 137660 solarsolutionsgmbh.com "https://solarsolutionsgmbh.com/Solarkonfigurator/" "Mozilla/5.0 (Windows NT 10.0; Win64; x64; rv:134.0) Gecko/20100101 Firefox/134.0" "-"
2a02:8070:2400:: - - [18/Jan/2025:14:35:03 +0100] "POST /Solarkonfigurator/ HTTP/1.1" 200 137616 solarsolutionsgmbh.com "https://solarsolutionsgmbh.com/Solarkonfigurator/" "Mozilla/5.0 (Windows NT 10.0; Win64; x64; rv:134.0) Gecko/20100101 Firefox/134.0" "-"
2a02:8070:2400:: - - [18/Jan/2025:14:35:07 +0100] "POST /Solarkonfigurator/ HTTP/1.1" 200 137159 solarsolutionsgmbh.com "https://solarsolutionsgmbh.com/Solarkonfigurator/" "Mozilla/5.0 (Windows NT 10.0; Win64; x64; rv:134.0) Gecko/20100101 Firefox/134.0" "-"
2a02:8070:2400:: - - [18/Jan/2025:14:36:00 +0100] "POST /wp-admin/admin-ajax.php HTTP/1.1" 200 98 solarsolutionsgmbh.com "https://solarsolutionsgmbh.com/wp-admin/post.php?post=14&action=edit" "Mozilla/5.0 (Windows NT 10.0; Win64; x64; rv:134.0) Gecko/20100101 Firefox/134.0" "-"
82.165.90.0 - - [18/Jan/2025:14:36:01 +0100] "POST /wp-cron.php?doing_wp_cron=1737207361.1687400341033935546875 HTTP/1.1" 200 - solarsolutionsgmbh.com "-" "WordPress/6.7.1; https://solarsolutionsgmbh.com" "-"
82.165.90.0 - - [18/Jan/2025:14:36:19 +0100] "POST /wp-cron.php?doing_wp_cron=1737207379.6966249942779541015625 HTTP/1.1" 200 - solarsolutionsgmbh.com "-" "WordPress/6.7.1; https://solarsolutionsgmbh.com" "-"
2003:ed:2700:: - - [18/Jan/2025:14:36:19 +0100] "POST /wp-admin/admin-ajax.php HTTP/1.1" 200 47 solarsolutionsgmbh.com "https://solarsolutionsgmbh.com/wp-admin/plugins.php" "Mozilla/5.0 (Windows NT 10.0; Win64; x64) AppleWebKit/537.36 (KHTML, like Gecko) Chrome/128.0.0.0 Safari/537.36 OPR/114.0.0.0" "-"
2a02:8070:2400:: - - [18/Jan/2025:14:38:00 +0100] "POST /wp-admin/admin-ajax.php HTTP/1.1" 200 98 solarsolutionsgmbh.com "https://solarsolutionsgmbh.com/wp-admin/post.php?post=14&action=edit" "Mozilla/5.0 (Windows NT 10.0; Win64; x64; rv:134.0) Gecko/20100101 Firefox/134.0" "-"
82.165.90.0 - - [18/Jan/2025:14:38:01 +0100] "POST /wp-cron.php?doing_wp_cron=1737207481.1554350852966308593750 HTTP/1.1" 200 - solarsolutionsgmbh.com "-" "WordPress/6.7.1; https://solarsolutionsgmbh.com" "-"
