2a02:8206:6b00:: - - [03/Jan/2025:00:28:43 +0100] "GET /wp-json/wp/v2/taxonomies/category?context=edit&_locale=user HTTP/1.1" 200 2316 solarsolutionsgmbh.com "https://solarsolutionsgmbh.com/wp-admin/site-editor.php?postType=wp_template&postId=twentytwentyfour%2F%2Fhome&canvas=edit" "Mozilla/5.0 (Windows NT 10.0; Win64; x64; rv:133.0) Gecko/20100101 Firefox/133.0" "-"
2a02:8206:6b00:: - - [03/Jan/2025:00:28:43 +0100] "GET /wp-json/wp/v2/categories?context=view&per_page=100&lang=de&_locale=user HTTP/1.1" 200 698 solarsolutionsgmbh.com "https://solarsolutionsgmbh.com/wp-admin/site-editor.php?postType=wp_template&postId=twentytwentyfour%2F%2Fhome&canvas=edit" "Mozilla/5.0 (Windows NT 10.0; Win64; x64; rv:133.0) Gecko/20100101 Firefox/133.0" "-"
2a02:8070:2400:: - - [03/Jan/2025:00:28:44 +0100] "GET /wp-admin/plugins.php?_wpnonce=85bc8d7169&action=activate&plugin=soliloquy-lite/soliloquy-lite.php HTTP/1.1" 302 - solarsolutionsgmbh.com "https://solarsolutionsgmbh.com/wp-admin/plugin-install.php?s=slider&tab=search&type=term" "Mozilla/5.0 (Windows NT 10.0; Win64; x64; rv:133.0) Gecko/20100101 Firefox/133.0" "-"
2a02:8070:2400:: - - [03/Jan/2025:00:28:45 +0100] "GET /wp-admin/plugins.php?activate=true&plugin_status=all&paged=1&s= HTTP/1.1" 200 115737 solarsolutionsgmbh.com "https://solarsolutionsgmbh.com/wp-admin/plugin-install.php?s=slider&tab=search&type=term" "Mozilla/5.0 (Windows NT 10.0; Win64; x64; rv:133.0) Gecko/20100101 Firefox/133.0" "-"
2a02:8070:2400:: - - [03/Jan/2025:00:28:45 +0100] "GET /wp-content/plugins/soliloquy-lite/assets/css/images/menu-icon@2x.png HTTP/1.1" 200 692 solarsolutionsgmbh.com "https://solarsolutionsgmbh.com/wp-admin/plugins.php?activate=true&plugin_status=all&paged=1&s=" "Mozilla/5.0 (Windows NT 10.0; Win64; x64; rv:133.0) Gecko/20100101 Firefox/133.0" "-"
2a02:8070:2400:: - - [03/Jan/2025:00:28:45 +0100] "GET /wp-content/plugins/polylang/css/build/admin.min.css?ver=3.6.5 HTTP/1.1" 304 - solarsolutionsgmbh.com "https://solarsolutionsgmbh.com/wp-admin/plugins.php?activate=true&plugin_status=all&paged=1&s=" "Mozilla/5.0 (Windows NT 10.0; Win64; x64; rv:133.0) Gecko/20100101 Firefox/133.0" "-"
2a02:8070:2400:: - - [03/Jan/2025:00:28:45 +0100] "GET /wp-content/plugins/polylang/css/build/dialog.min.css?ver=3.6.5 HTTP/1.1" 304 - solarsolutionsgmbh.com "https://solarsolutionsgmbh.com/wp-admin/plugins.php?activate=true&plugin_status=all&paged=1&s=" "Mozilla/5.0 (Windows NT 10.0; Win64; x64; rv:133.0) Gecko/20100101 Firefox/133.0" "-"
2a02:8070:2400:: - - [03/Jan/2025:00:28:45 +0100] "GET /wp-content/plugins/newsletter/admin/css/global.css?ver=8.6.4 HTTP/1.1" 304 - solarsolutionsgmbh.com "https://solarsolutionsgmbh.com/wp-admin/plugins.php?activate=true&plugin_status=all&paged=1&s=" "Mozilla/5.0 (Windows NT 10.0; Win64; x64; rv:133.0) Gecko/20100101 Firefox/133.0" "-"
2a02:8070:2400:: - - [03/Jan/2025:00:28:45 +0100] "GET /wp-content/plugins/newsletter/admin/images/menu-icon.png HTTP/1.1" 304 - solarsolutionsgmbh.com "https://solarsolutionsgmbh.com/wp-admin/plugins.php?plugin_status=all&paged=1&s" "Mozilla/5.0 (Windows NT 10.0; Win64; x64; rv:133.0) Gecko/20100101 Firefox/133.0" "-"
2a02:8206:6b00:: - - [03/Jan/2025:00:29:04 +0100] "GET /wp-json/wp/v2/block-renderer/core/calendar?context=edit&_locale=user HTTP/1.1" 200 1473 solarsolutionsgmbh.com "https://solarsolutionsgmbh.com/wp-admin/site-editor.php?postType=wp_template&postId=twentytwentyfour%2F%2Fhome&canvas=edit" "Mozilla/5.0 (Windows NT 10.0; Win64; x64; rv:133.0) Gecko/20100101 Firefox/133.0" "-"
128.199.157.0 - - [03/Jan/2025:00:29:10 +0100] "POST /wp-login.php HTTP/1.1" 200 9884 solarsolutionsgmbh.com "-" "Mozilla/5.0" "-"
2a02:8206:6b00:: - - [03/Jan/2025:00:29:14 +0100] "POST /wp-admin/admin-ajax.php HTTP/1.1" 200 47 solarsolutionsgmbh.com "https://solarsolutionsgmbh.com/wp-admin/site-editor.php?postType=wp_template&postId=twentytwentyfour%2F%2Fhome&canvas=edit" "Mozilla/5.0 (Windows NT 10.0; Win64; x64; rv:133.0) Gecko/20100101 Firefox/133.0" "-"
82.165.90.0 - - [03/Jan/2025:00:29:26 +0100] "POST /wp-cron.php?doing_wp_cron=1735860566.4828360080718994140625 HTTP/1.1" 200 - solarsolutionsgmbh.com "-" "WordPress/6.7.1; https://solarsolutionsgmbh.com" "-"
2a02:8206:6b00:: - - [03/Jan/2025:00:29:26 +0100] "GET / HTTP/1.1" 200 86068 solarsolutionsgmbh.com "https://solarsolutionsgmbh.com/wp-admin/admin.php?page=mlang" "Mozilla/5.0 (Windows NT 10.0; Win64; x64; rv:133.0) Gecko/20100101 Firefox/133.0" "-"
2a02:8206:6b00:: - - [03/Jan/2025:00:29:28 +0100] "GET /wp-admin/admin.php?page=mlang HTTP/1.1" 200 297934 solarsolutionsgmbh.com "https://solarsolutionsgmbh.com/wp-admin/plugins.php?plugin_status=all&paged=1&s" "Mozilla/5.0 (Windows NT 10.0; Win64; x64; rv:133.0) Gecko/20100101 Firefox/133.0" "-"
2a02:8206:6b00:: - - [03/Jan/2025:00:29:29 +0100] "GET /wp-content/plugins/soliloquy-lite/assets/css/images/menu-icon@2x.png HTTP/1.1" 200 692 solarsolutionsgmbh.com "https://solarsolutionsgmbh.com/wp-admin/admin.php?page=mlang" "Mozilla/5.0 (Windows NT 10.0; Win64; x64; rv:133.0) Gecko/20100101 Firefox/133.0" "-"
2a02:8206:6b00:: - - [03/Jan/2025:00:29:37 +0100] "GET /wp-admin/admin.php?page=mlang&pll_action=edit&lang=9 HTTP/1.1" 200 298528 solarsolutionsgmbh.com "https://solarsolutionsgmbh.com/wp-admin/admin.php?page=mlang" "Mozilla/5.0 (Windows NT 10.0; Win64; x64; rv:133.0) Gecko/20100101 Firefox/133.0" "-"
2a02:8206:6b00:: - - [03/Jan/2025:00:29:38 +0100] "GET /wp-content/plugins/polylang/css/build/selectmenu.min.css?ver=3.6.5 HTTP/1.1" 304 - solarsolutionsgmbh.com "https://solarsolutionsgmbh.com/wp-admin/admin.php?page=mlang&pll_action=edit&lang=9" "Mozilla/5.0 (Windows NT 10.0; Win64; x64; rv:133.0) Gecko/20100101 Firefox/133.0" "-"
2a02:8206:6b00:: - - [03/Jan/2025:00:29:38 +0100] "GET /wp-content/plugins/polylang/css/build/admin.min.css?ver=3.6.5 HTTP/1.1" 304 - solarsolutionsgmbh.com "https://solarsolutionsgmbh.com/wp-admin/admin.php?page=mlang&pll_action=edit&lang=9" "Mozilla/5.0 (Windows NT 10.0; Win64; x64; rv:133.0) Gecko/20100101 Firefox/133.0" "-"
2a02:8206:6b00:: - - [03/Jan/2025:00:29:38 +0100] "GET /wp-content/plugins/polylang/css/build/dialog.min.css?ver=3.6.5 HTTP/1.1" 304 - solarsolutionsgmbh.com "https://solarsolutionsgmbh.com/wp-admin/admin.php?page=mlang&pll_action=edit&lang=9" "Mozilla/5.0 (Windows NT 10.0; Win64; x64; rv:133.0) Gecko/20100101 Firefox/133.0" "-"
2a02:8206:6b00:: - - [03/Jan/2025:00:29:38 +0100] "GET /wp-content/plugins/newsletter/admin/css/global.css?ver=8.6.4 HTTP/1.1" 304 - solarsolutionsgmbh.com "https://solarsolutionsgmbh.com/wp-admin/admin.php?page=mlang&pll_action=edit&lang=9" "Mozilla/5.0 (Windows NT 10.0; Win64; x64; rv:133.0) Gecko/20100101 Firefox/133.0" "-"
2a02:8206:6b00:: - - [03/Jan/2025:00:29:38 +0100] "GET /wp-content/plugins/polylang/js/build/admin.min.js?ver=3.6.5 HTTP/1.1" 304 - solarsolutionsgmbh.com "https://solarsolutionsgmbh.com/wp-admin/admin.php?page=mlang&pll_action=edit&lang=9" "Mozilla/5.0 (Windows NT 10.0; Win64; x64; rv:133.0) Gecko/20100101 Firefox/133.0" "-"
2a02:8206:6b00:: - - [03/Jan/2025:00:29:38 +0100] "GET /wp-content/plugins/newsletter/admin/images/menu-icon.png HTTP/1.1" 304 - solarsolutionsgmbh.com "https://solarsolutionsgmbh.com/wp-admin/admin.php?page=mlang&pll_action=edit&lang=9" "Mozilla/5.0 (Windows NT 10.0; Win64; x64; rv:133.0) Gecko/20100101 Firefox/133.0" "-"
2a02:8070:2400:: - - [03/Jan/2025:00:29:38 +0100] "GET /wp-admin/edit.php?post_type=soliloquy HTTP/1.1" 200 65220 solarsolutionsgmbh.com "https://solarsolutionsgmbh.com/wp-admin/plugins.php?plugin_status=all&paged=1&s" "Mozilla/5.0 (Windows NT 10.0; Win64; x64; rv:133.0) Gecko/20100101 Firefox/133.0" "-"
2a02:8070:2400:: - - [03/Jan/2025:00:29:38 +0100] "GET /wp-content/plugins/soliloquy-lite/assets/css/admin.css?ver=2.7.9 HTTP/1.1" 200 11692 solarsolutionsgmbh.com "https://solarsolutionsgmbh.com/wp-admin/edit.php?post_type=soliloquy" "Mozilla/5.0 (Windows NT 10.0; Win64; x64; rv:133.0) Gecko/20100101 Firefox/133.0" "-"
2a02:8070:2400:: - - [03/Jan/2025:00:29:38 +0100] "GET /wp-content/plugins/soliloquy-lite/assets/images/logo-color.png HTTP/1.1" 200 4084 solarsolutionsgmbh.com "https://solarsolutionsgmbh.com/wp-admin/edit.php?post_type=soliloquy" "Mozilla/5.0 (Windows NT 10.0; Win64; x64; rv:133.0) Gecko/20100101 Firefox/133.0" "-"
2a02:8070:2400:: - - [03/Jan/2025:00:29:38 +0100] "GET /wp-content/plugins/soliloquy-lite/assets/css/overview.css?ver=2.7.9 HTTP/1.1" 200 18644 solarsolutionsgmbh.com "https://solarsolutionsgmbh.com/wp-admin/edit.php?post_type=soliloquy" "Mozilla/5.0 (Windows NT 10.0; Win64; x64; rv:133.0) Gecko/20100101 Firefox/133.0" "-"
2a02:8070:2400:: - - [03/Jan/2025:00:29:38 +0100] "GET /wp-content/plugins/soliloquy-lite/assets/js/min/admin-min.js?ver=2.7.9 HTTP/1.1" 200 80453 solarsolutionsgmbh.com "https://solarsolutionsgmbh.com/wp-admin/edit.php?post_type=soliloquy" "Mozilla/5.0 (Windows NT 10.0; Win64; x64; rv:133.0) Gecko/20100101 Firefox/133.0" "-"
2a02:8070:2400:: - - [03/Jan/2025:00:29:38 +0100] "GET /wp-content/plugins/soliloquy-lite/assets/js/min/chosen.jquery-min.js?ver=2.7.9 HTTP/1.1" 200 27360 solarsolutionsgmbh.com "https://solarsolutionsgmbh.com/wp-admin/edit.php?post_type=soliloquy" "Mozilla/5.0 (Windows NT 10.0; Win64; x64; rv:133.0) Gecko/20100101 Firefox/133.0" "-"
2a02:8070:2400:: - - [03/Jan/2025:00:29:38 +0100] "GET /wp-content/plugins/soliloquy-lite/assets/js/min/clipboard-min.js?ver=2.7.9 HTTP/1.1" 200 9745 solarsolutionsgmbh.com "https://solarsolutionsgmbh.com/wp-admin/edit.php?post_type=soliloquy" "Mozilla/5.0 (Windows NT 10.0; Win64; x64; rv:133.0) Gecko/20100101 Firefox/133.0" "-"
2a02:8070:2400:: - - [03/Jan/2025:00:29:38 +0100] "GET /wp-content/plugins/soliloquy-lite/assets/js/min/overview-min.js?ver=2.7.9 HTTP/1.1" 200 749 solarsolutionsgmbh.com "https://solarsolutionsgmbh.com/wp-admin/edit.php?post_type=soliloquy" "Mozilla/5.0 (Windows NT 10.0; Win64; x64; rv:133.0) Gecko/20100101 Firefox/133.0" "-"
2a02:8070:2400:: - - [03/Jan/2025:00:29:38 +0100] "GET /wp-admin/load-scripts.php?c=1&load%5Bchunk_0%5D=jquery-core,jquery-migrate,utils,clipboard&ver=6.7.1 HTTP/1.1" 200 112007 solarsolutionsgmbh.com "https://solarsolutionsgmbh.com/wp-admin/edit.php?post_type=soliloquy" "Mozilla/5.0 (Windows NT 10.0; Win64; x64; rv:133.0) Gecko/20100101 Firefox/133.0" "-"
2a02:8070:2400:: - - [03/Jan/2025:00:29:38 +0100] "GET /wp-content/plugins/soliloquy-lite/assets/css/images/menu-icon@2x.png HTTP/1.1" 304 - solarsolutionsgmbh.com "https://solarsolutionsgmbh.com/wp-admin/edit.php?post_type=soliloquy" "Mozilla/5.0 (Windows NT 10.0; Win64; x64; rv:133.0) Gecko/20100101 Firefox/133.0" "-"
2a02:8070:2400:: - - [03/Jan/2025:00:29:39 +0100] "GET /wp-content/plugins/soliloquy-lite/assets/fonts/soliloquy.woff HTTP/1.1" 200 4336 solarsolutionsgmbh.com "https://solarsolutionsgmbh.com/wp-content/plugins/soliloquy-lite/assets/css/overview.css?ver=2.7.9" "Mozilla/5.0 (Windows NT 10.0; Win64; x64; rv:133.0) Gecko/20100101 Firefox/133.0" "-"
82.165.90.0 - - [03/Jan/2025:00:29:39 +0100] "POST /wp-cron.php?doing_wp_cron=1735860579.3916170597076416015625 HTTP/1.1" 200 - solarsolutionsgmbh.com "-" "WordPress/6.7.1; https://solarsolutionsgmbh.com" "-"
2a02:8070:2400:: - - [03/Jan/2025:00:29:39 +0100] "POST /wp-admin/admin-ajax.php HTTP/1.1" 200 47 solarsolutionsgmbh.com "https://solarsolutionsgmbh.com/wp-admin/edit.php?post_type=soliloquy" "Mozilla/5.0 (Windows NT 10.0; Win64; x64; rv:133.0) Gecko/20100101 Firefox/133.0" "-"
2a02:8070:2400:: - - [03/Jan/2025:00:29:47 +0100] "GET /wp-admin/post-new.php?post_type=soliloquy HTTP/1.1" 200 199048 solarsolutionsgmbh.com "https://solarsolutionsgmbh.com/wp-admin/edit.php?post_type=soliloquy" "Mozilla/5.0 (Windows NT 10.0; Win64; x64; rv:133.0) Gecko/20100101 Firefox/133.0" "-"
2a02:8070:2400:: - - [03/Jan/2025:00:29:47 +0100] "GET /wp-content/plugins/soliloquy-lite/assets/css/codemirror.css?ver=2.7.9 HTTP/1.1" 200 6660 solarsolutionsgmbh.com "https://solarsolutionsgmbh.com/wp-admin/post-new.php?post_type=soliloquy" "Mozilla/5.0 (Windows NT 10.0; Win64; x64; rv:133.0) Gecko/20100101 Firefox/133.0" "-"
2a02:8070:2400:: - - [03/Jan/2025:00:29:47 +0100] "GET /wp-content/plugins/soliloquy-lite/assets/css/metabox.css?ver=2.7.9 HTTP/1.1" 200 74401 solarsolutionsgmbh.com "https://solarsolutionsgmbh.com/wp-admin/post-new.php?post_type=soliloquy" "Mozilla/5.0 (Windows NT 10.0; Win64; x64; rv:133.0) Gecko/20100101 Firefox/133.0" "-"
2a02:8070:2400:: - - [03/Jan/2025:00:29:47 +0100] "GET /wp-includes/js/plupload/handlers.min.js?ver=6.7.1 HTTP/1.1" 200 11934 solarsolutionsgmbh.com "https://solarsolutionsgmbh.com/wp-admin/post-new.php?post_type=soliloquy" "Mozilla/5.0 (Windows NT 10.0; Win64; x64; rv:133.0) Gecko/20100101 Firefox/133.0" "-"
2a02:8070:2400:: - - [03/Jan/2025:00:29:47 +0100] "GET /wp-admin/load-styles.php?c=1&dir=ltr&load%5Bchunk_0%5D=dashicons,admin-bar,common,forms,admin-menu,dashboard,list-tables,edit,revisions,media,themes,about,nav-menus,wp-pointer,widgets&load%5Bchunk_1%5D=,site-icon,l10n,buttons,wp-auth-check,wp-jquery-ui-dialog,media-views&ver=6.7.1 HTTP/1.1" 200 450594 solarsolutionsgmbh.com "https://solarsolutionsgmbh.com/wp-admin/post-new.php?post_type=soliloquy" "Mozilla/5.0 (Windows NT 10.0; Win64; x64; rv:133.0) Gecko/20100101 Firefox/133.0" "-"
2a02:8070:2400:: - - [03/Jan/2025:00:29:48 +0100] "GET /wp-includes/js/autosave.min.js?ver=6.7.1 HTTP/1.1" 200 5807 solarsolutionsgmbh.com "https://solarsolutionsgmbh.com/wp-admin/post-new.php?post_type=soliloquy" "Mozilla/5.0 (Windows NT 10.0; Win64; x64; rv:133.0) Gecko/20100101 Firefox/133.0" "-"
2a02:8070:2400:: - - [03/Jan/2025:00:29:48 +0100] "GET /wp-includes/js/jquery/suggest.min.js?ver=1.1-20110113 HTTP/1.1" 200 2993 solarsolutionsgmbh.com "https://solarsolutionsgmbh.com/wp-admin/post-new.php?post_type=soliloquy" "Mozilla/5.0 (Windows NT 10.0; Win64; x64; rv:133.0) Gecko/20100101 Firefox/133.0" "-"
2a02:8070:2400:: - - [03/Jan/2025:00:29:48 +0100] "GET /wp-admin/images/spinner-2x.gif HTTP/1.1" 304 - solarsolutionsgmbh.com "https://solarsolutionsgmbh.com/wp-admin/post-new.php?post_type=soliloquy" "Mozilla/5.0 (Windows NT 10.0; Win64; x64; rv:133.0) Gecko/20100101 Firefox/133.0" "-"
2a02:8070:2400:: - - [03/Jan/2025:00:29:48 +0100] "GET /wp-admin/js/tags-box.min.js?ver=6.7.1 HTTP/1.1" 200 3077 solarsolutionsgmbh.com "https://solarsolutionsgmbh.com/wp-admin/post-new.php?post_type=soliloquy" "Mozilla/5.0 (Windows NT 10.0; Win64; x64; rv:133.0) Gecko/20100101 Firefox/133.0" "-"
2a02:8070:2400:: - - [03/Jan/2025:00:29:48 +0100] "GET /wp-admin/js/word-count.min.js?ver=6.7.1 HTTP/1.1" 200 1530 solarsolutionsgmbh.com "https://solarsolutionsgmbh.com/wp-admin/post-new.php?post_type=soliloquy" "Mozilla/5.0 (Windows NT 10.0; Win64; x64; rv:133.0) Gecko/20100101 Firefox/133.0" "-"
2a02:8070:2400:: - - [03/Jan/2025:00:29:48 +0100] "GET /wp-admin/js/post.min.js?ver=6.7.1 HTTP/1.1" 200 18822 solarsolutionsgmbh.com "https://solarsolutionsgmbh.com/wp-admin/post-new.php?post_type=soliloquy" "Mozilla/5.0 (Windows NT 10.0; Win64; x64; rv:133.0) Gecko/20100101 Firefox/133.0" "-"
2a02:8070:2400:: - - [03/Jan/2025:00:29:48 +0100] "GET /wp-content/plugins/soliloquy-lite/assets/js/lib/codemirror.js?ver=2.7.9 HTTP/1.1" 200 202564 solarsolutionsgmbh.com "https://solarsolutionsgmbh.com/wp-admin/post-new.php?post_type=soliloquy" "Mozilla/5.0 (Windows NT 10.0; Win64; x64; rv:133.0) Gecko/20100101 Firefox/133.0" "-"
2a02:8070:2400:: - - [03/Jan/2025:00:29:48 +0100] "GET /wp-content/plugins/soliloquy-lite/assets/js/min/jquery.form-conditionals-min.js?ver=2.7.9 HTTP/1.1" 200 836 solarsolutionsgmbh.com "https://solarsolutionsgmbh.com/wp-admin/post-new.php?post_type=soliloquy" "Mozilla/5.0 (Windows NT 10.0; Win64; x64; rv:133.0) Gecko/20100101 Firefox/133.0" "-"
2a02:8070:2400:: - - [03/Jan/2025:00:29:48 +0100] "GET /wp-content/plugins/soliloquy-lite/assets/js/min/metabox-min.js?ver=2.7.9 HTTP/1.1" 200 22989 solarsolutionsgmbh.com "https://solarsolutionsgmbh.com/wp-admin/post-new.php?post_type=soliloquy" "Mozilla/5.0 (Windows NT 10.0; Win64; x64; rv:133.0) Gecko/20100101 Firefox/133.0" "-"
82.165.90.0 - - [03/Jan/2025:00:29:50 +0100] "POST /wp-cron.php?doing_wp_cron=1735860590.8612160682678222656250 HTTP/1.1" 200 - solarsolutionsgmbh.com "-" "WordPress/6.7.1; https://solarsolutionsgmbh.com" "-"
2a02:8206:6b00:: - - [03/Jan/2025:00:29:50 +0100] "POST /wp-admin/admin.php?page=mlang&noheader=true HTTP/1.1" 302 - solarsolutionsgmbh.com "https://solarsolutionsgmbh.com/wp-admin/admin.php?page=mlang&pll_action=edit&lang=9" "Mozilla/5.0 (Windows NT 10.0; Win64; x64; rv:133.0) Gecko/20100101 Firefox/133.0" "-"
2a02:8206:6b00:: - - [03/Jan/2025:00:29:51 +0100] "GET /wp-admin/admin.php?page=mlang&settings-updated=1 HTTP/1.1" 200 298479 solarsolutionsgmbh.com "https://solarsolutionsgmbh.com/wp-admin/admin.php?page=mlang&pll_action=edit&lang=9" "Mozilla/5.0 (Windows NT 10.0; Win64; x64; rv:133.0) Gecko/20100101 Firefox/133.0" "-"
2a02:8206:6b00:: - - [03/Jan/2025:00:29:51 +0100] "GET /wp-content/plugins/soliloquy-lite/assets/css/images/menu-icon@2x.png HTTP/1.1" 304 - solarsolutionsgmbh.com "https://solarsolutionsgmbh.com/wp-admin/admin.php?page=mlang" "Mozilla/5.0 (Windows NT 10.0; Win64; x64; rv:133.0) Gecko/20100101 Firefox/133.0" "-"
2a02:8206:6b00:: - - [03/Jan/2025:00:29:54 +0100] "GET /wp-admin/admin.php?page=mlang&pll_action=edit&lang=12 HTTP/1.1" 200 298535 solarsolutionsgmbh.com "https://solarsolutionsgmbh.com/wp-admin/admin.php?page=mlang" "Mozilla/5.0 (Windows NT 10.0; Win64; x64; rv:133.0) Gecko/20100101 Firefox/133.0" "-"
2a02:8070:2400:: - - [03/Jan/2025:00:29:58 +0100] "POST /wp-admin/admin-ajax.php HTTP/1.1" 200 98 solarsolutionsgmbh.com "https://solarsolutionsgmbh.com/wp-admin/post-new.php?post_type=soliloquy" "Mozilla/5.0 (Windows NT 10.0; Win64; x64; rv:133.0) Gecko/20100101 Firefox/133.0" "-"
2a02:8206:6b00:: - - [03/Jan/2025:00:29:59 +0100] "POST /wp-admin/admin.php?page=mlang&noheader=true HTTP/1.1" 302 - solarsolutionsgmbh.com "https://solarsolutionsgmbh.com/wp-admin/admin.php?page=mlang&pll_action=edit&lang=12" "Mozilla/5.0 (Windows NT 10.0; Win64; x64; rv:133.0) Gecko/20100101 Firefox/133.0" "-"
2a02:8206:6b00:: - - [03/Jan/2025:00:29:59 +0100] "GET /wp-admin/admin.php?page=mlang&settings-updated=1 HTTP/1.1" 200 298479 solarsolutionsgmbh.com "https://solarsolutionsgmbh.com/wp-admin/admin.php?page=mlang&pll_action=edit&lang=12" "Mozilla/5.0 (Windows NT 10.0; Win64; x64; rv:133.0) Gecko/20100101 Firefox/133.0" "-"
2a02:8070:2400:: - - [03/Jan/2025:00:30:01 +0100] "POST /wp-admin/admin-ajax.php HTTP/1.1" 200 26 solarsolutionsgmbh.com "https://solarsolutionsgmbh.com/wp-admin/post-new.php?post_type=soliloquy" "Mozilla/5.0 (Windows NT 10.0; Win64; x64; rv:133.0) Gecko/20100101 Firefox/133.0" "-"
2a02:8206:6b00:: - - [03/Jan/2025:00:30:04 +0100] "GET /wp-admin/admin.php?page=mlang&pll_action=edit&lang=16 HTTP/1.1" 200 298536 solarsolutionsgmbh.com "https://solarsolutionsgmbh.com/wp-admin/admin.php?page=mlang" "Mozilla/5.0 (Windows NT 10.0; Win64; x64; rv:133.0) Gecko/20100101 Firefox/133.0" "-"
2a02:8070:2400:: - - [03/Jan/2025:00:30:08 +0100] "POST /wp-admin/admin-ajax.php HTTP/1.1" 200 98 solarsolutionsgmbh.com "https://solarsolutionsgmbh.com/wp-admin/post-new.php?post_type=soliloquy" "Mozilla/5.0 (Windows NT 10.0; Win64; x64; rv:133.0) Gecko/20100101 Firefox/133.0" "-"
2a02:8206:6b00:: - - [03/Jan/2025:00:30:08 +0100] "POST /wp-admin/admin.php?page=mlang&noheader=true HTTP/1.1" 302 - solarsolutionsgmbh.com "https://solarsolutionsgmbh.com/wp-admin/admin.php?page=mlang&pll_action=edit&lang=16" "Mozilla/5.0 (Windows NT 10.0; Win64; x64; rv:133.0) Gecko/20100101 Firefox/133.0" "-"
2a02:8206:6b00:: - - [03/Jan/2025:00:30:09 +0100] "GET /wp-admin/admin.php?page=mlang&settings-updated=1 HTTP/1.1" 200 298479 solarsolutionsgmbh.com "https://solarsolutionsgmbh.com/wp-admin/admin.php?page=mlang&pll_action=edit&lang=16" "Mozilla/5.0 (Windows NT 10.0; Win64; x64; rv:133.0) Gecko/20100101 Firefox/133.0" "-"
2a02:8206:6b00:: - - [03/Jan/2025:00:30:17 +0100] "GET / HTTP/1.1" 200 86068 solarsolutionsgmbh.com "https://solarsolutionsgmbh.com/wp-admin/admin.php?page=mlang" "Mozilla/5.0 (Windows NT 10.0; Win64; x64; rv:133.0) Gecko/20100101 Firefox/133.0" "-"
2a02:8206:6b00:: - - [03/Jan/2025:00:30:17 +0100] "GET /wp-content/themes/twentytwentyfour/assets/css/slider.css?ver=6.7.1 HTTP/1.1" 304 - solarsolutionsgmbh.com "https://solarsolutionsgmbh.com/" "Mozilla/5.0 (Windows NT 10.0; Win64; x64; rv:133.0) Gecko/20100101 Firefox/133.0" "-"
2a02:8206:6b00:: - - [03/Jan/2025:00:30:17 +0100] "GET /wp-content/themes/twentytwentyfour/assets/js/slider.js HTTP/1.1" 304 - solarsolutionsgmbh.com "https://solarsolutionsgmbh.com/" "Mozilla/5.0 (Windows NT 10.0; Win64; x64; rv:133.0) Gecko/20100101 Firefox/133.0" "-"
2a02:8070:2400:: - - [03/Jan/2025:00:30:18 +0100] "POST /wp-admin/admin-ajax.php HTTP/1.1" 200 98 solarsolutionsgmbh.com "https://solarsolutionsgmbh.com/wp-admin/post-new.php?post_type=soliloquy" "Mozilla/5.0 (Windows NT 10.0; Win64; x64; rv:133.0) Gecko/20100101 Firefox/133.0" "-"
2a02:8206:6b00:: - - [03/Jan/2025:00:30:22 +0100] "GET /wp-admin/site-editor.php?postType=wp_template&postId=twentytwentyfour//home&canvas=edit HTTP/1.1" 200 765872 solarsolutionsgmbh.com "https://solarsolutionsgmbh.com/" "Mozilla/5.0 (Windows NT 10.0; Win64; x64; rv:133.0) Gecko/20100101 Firefox/133.0" "-"
2a02:8206:6b00:: - - [03/Jan/2025:00:30:22 +0100] "GET /wp-content/plugins/soliloquy-lite/blocks/soliloquy/style-main.css?ver=0.1.0 HTTP/1.1" 200 1 solarsolutionsgmbh.com "https://solarsolutionsgmbh.com/wp-admin/site-editor.php?postType=wp_template&postId=twentytwentyfour//home&canvas=edit" "Mozilla/5.0 (Windows NT 10.0; Win64; x64; rv:133.0) Gecko/20100101 Firefox/133.0" "-"
2a02:8206:6b00:: - - [03/Jan/2025:00:30:22 +0100] "GET /wp-content/plugins/soliloquy-lite/blocks/soliloquy/main.css?ver=0.1.0 HTTP/1.1" 200 2477 solarsolutionsgmbh.com "https://solarsolutionsgmbh.com/wp-admin/site-editor.php?postType=wp_template&postId=twentytwentyfour//home&canvas=edit" "Mozilla/5.0 (Windows NT 10.0; Win64; x64; rv:133.0) Gecko/20100101 Firefox/133.0" "-"
2a02:8206:6b00:: - - [03/Jan/2025:00:30:22 +0100] "GET /wp-content/plugins/soliloquy-lite/blocks/soliloquy/index.js?ver=cd67d9fae790a4db851a HTTP/1.1" 200 29877 solarsolutionsgmbh.com "https://solarsolutionsgmbh.com/wp-admin/site-editor.php?postType=wp_template&postId=twentytwentyfour//home&canvas=edit" "Mozilla/5.0 (Windows NT 10.0; Win64; x64; rv:133.0) Gecko/20100101 Firefox/133.0" "-"
2a02:8206:6b00:: - - [03/Jan/2025:00:30:22 +0100] "GET /wp-content/plugins/polylang/js/build/block-editor.min.js?ver=3.6.5 HTTP/1.1" 304 - solarsolutionsgmbh.com "https://solarsolutionsgmbh.com/wp-admin/site-editor.php?postType=wp_template&postId=twentytwentyfour//home&canvas=edit" "Mozilla/5.0 (Windows NT 10.0; Win64; x64; rv:133.0) Gecko/20100101 Firefox/133.0" "-"
2a02:8206:6b00:: - - [03/Jan/2025:00:30:22 +0100] "GET /wp-content/plugins/soliloquy-lite/assets/css/images/menu-icon@2x.png HTTP/1.1" 200 692 solarsolutionsgmbh.com "https://solarsolutionsgmbh.com/wp-admin/site-editor.php?postType=wp_template&postId=twentytwentyfour%2F%2Fhome&canvas=edit" "Mozilla/5.0 (Windows NT 10.0; Win64; x64; rv:133.0) Gecko/20100101 Firefox/133.0" "-"
2a02:8206:6b00:: - - [03/Jan/2025:00:30:23 +0100] "GET /wp-content/uploads/2024/12/Firmenlogo-150x150.png HTTP/1.1" 200 13771 solarsolutionsgmbh.com "https://solarsolutionsgmbh.com/wp-admin/site-editor.php?postType=wp_template&postId=twentytwentyfour%2F%2Fhome&canvas=edit" "Mozilla/5.0 (Windows NT 10.0; Win64; x64; rv:133.0) Gecko/20100101 Firefox/133.0" "-"
2a02:8206:6b00:: - - [03/Jan/2025:00:30:23 +0100] "GET /wp-content/uploads/2024/12/Firmenlogo.png HTTP/1.1" 200 83973 solarsolutionsgmbh.com "https://solarsolutionsgmbh.com/wp-admin/site-editor.php?postType=wp_template&postId=twentytwentyfour%2F%2Fhome&canvas=edit" "Mozilla/5.0 (Windows NT 10.0; Win64; x64; rv:133.0) Gecko/20100101 Firefox/133.0" "-"
2a02:8206:6b00:: - - [03/Jan/2025:00:30:23 +0100] "OPTIONS /wp-json/wp/v2/settings?_locale=user HTTP/1.1" 200 5202 solarsolutionsgmbh.com "https://solarsolutionsgmbh.com/wp-admin/site-editor.php?postType=wp_template&postId=twentytwentyfour%2F%2Fhome&canvas=edit" "Mozilla/5.0 (Windows NT 10.0; Win64; x64; rv:133.0) Gecko/20100101 Firefox/133.0" "-"
2a02:8206:6b00:: - - [03/Jan/2025:00:30:23 +0100] "GET /wp-json/wp/v2/types?context=view&_locale=user HTTP/1.1" 200 6312 solarsolutionsgmbh.com "https://solarsolutionsgmbh.com/wp-admin/site-editor.php?postType=wp_template&postId=twentytwentyfour%2F%2Fhome&canvas=edit" "Mozilla/5.0 (Windows NT 10.0; Win64; x64; rv:133.0) Gecko/20100101 Firefox/133.0" "-"
2a02:8206:6b00:: - - [03/Jan/2025:00:30:23 +0100] "GET /wp-json/wp/v2/types?context=view&_locale=user HTTP/1.1" 200 6312 solarsolutionsgmbh.com "https://solarsolutionsgmbh.com/wp-admin/site-editor.php?postType=wp_template&postId=twentytwentyfour%2F%2Fhome&canvas=edit" "Mozilla/5.0 (Windows NT 10.0; Win64; x64; rv:133.0) Gecko/20100101 Firefox/133.0" "-"
2a02:8206:6b00:: - - [03/Jan/2025:00:30:23 +0100] "GET /wp-json/?_fields=description%2Cgmt_offset%2Chome%2Cname%2Csite_icon%2Csite_icon_url%2Csite_logo%2Ctimezone_string%2Curl&_locale=user HTTP/1.1" 200 617 solarsolutionsgmbh.com "https://solarsolutionsgmbh.com/wp-admin/site-editor.php?postType=wp_template&postId=twentytwentyfour%2F%2Fhome&canvas=edit" "Mozilla/5.0 (Windows NT 10.0; Win64; x64; rv:133.0) Gecko/20100101 Firefox/133.0" "-"
2a02:8206:6b00:: - - [03/Jan/2025:00:30:23 +0100] "GET /wp-json/wp/v2/settings?_locale=user HTTP/1.1" 200 459 solarsolutionsgmbh.com "https://solarsolutionsgmbh.com/wp-admin/site-editor.php?postType=wp_template&postId=twentytwentyfour%2F%2Fhome&canvas=edit" "Mozilla/5.0 (Windows NT 10.0; Win64; x64; rv:133.0) Gecko/20100101 Firefox/133.0" "-"
2a02:8206:6b00:: - - [03/Jan/2025:00:30:24 +0100] "GET /wp-content/uploads/2024/12/Firmenlogo.png HTTP/1.1" 200 83973 solarsolutionsgmbh.com "https://solarsolutionsgmbh.com/wp-admin/site-editor.php?postType=wp_template&postId=twentytwentyfour%2F%2Fhome&canvas=edit" "Mozilla/5.0 (Windows NT 10.0; Win64; x64; rv:133.0) Gecko/20100101 Firefox/133.0" "-"
2a02:8206:6b00:: - - [03/Jan/2025:00:30:24 +0100] "OPTIONS /wp-json/wp/v2/settings?_locale=user HTTP/1.1" 200 5202 solarsolutionsgmbh.com "https://solarsolutionsgmbh.com/wp-admin/site-editor.php?postType=wp_template&postId=twentytwentyfour%2F%2Fhome&canvas=edit" "Mozilla/5.0 (Windows NT 10.0; Win64; x64; rv:133.0) Gecko/20100101 Firefox/133.0" "-"
2a02:8206:6b00:: - - [03/Jan/2025:00:30:24 +0100] "OPTIONS /wp-json/wp/v2/media?lang=de&_locale=user HTTP/1.1" 200 11976 solarsolutionsgmbh.com "https://solarsolutionsgmbh.com/wp-admin/site-editor.php?postType=wp_template&postId=twentytwentyfour%2F%2Fhome&canvas=edit" "Mozilla/5.0 (Windows NT 10.0; Win64; x64; rv:133.0) Gecko/20100101 Firefox/133.0" "-"
2a02:8206:6b00:: - - [03/Jan/2025:00:30:24 +0100] "OPTIONS /wp-json/wp/v2/pages?lang=de&_locale=user HTTP/1.1" 200 12628 solarsolutionsgmbh.com "https://solarsolutionsgmbh.com/wp-admin/site-editor.php?postType=wp_template&postId=twentytwentyfour%2F%2Fhome&canvas=edit" "Mozilla/5.0 (Windows NT 10.0; Win64; x64; rv:133.0) Gecko/20100101 Firefox/133.0" "-"
2a02:8206:6b00:: - - [03/Jan/2025:00:30:24 +0100] "GET /wp-json/wp/v2/block-patterns/categories?_locale=user HTTP/1.1" 200 2041 solarsolutionsgmbh.com "https://solarsolutionsgmbh.com/wp-admin/site-editor.php?postType=wp_template&postId=twentytwentyfour%2F%2Fhome&canvas=edit" "Mozilla/5.0 (Windows NT 10.0; Win64; x64; rv:133.0) Gecko/20100101 Firefox/133.0" "-"
2a02:8206:6b00:: - - [03/Jan/2025:00:30:24 +0100] "GET /wp-json/wp/v2/users?context=view&who=authors&per_page=50&_fields=id%2Cname&_locale=user HTTP/1.1" 200 124 solarsolutionsgmbh.com "https://solarsolutionsgmbh.com/wp-admin/site-editor.php?postType=wp_template&postId=twentytwentyfour%2F%2Fhome&canvas=edit" "Mozilla/5.0 (Windows NT 10.0; Win64; x64; rv:133.0) Gecko/20100101 Firefox/133.0" "-"
2a02:8206:6b00:: - - [03/Jan/2025:00:30:24 +0100] "OPTIONS /wp-json/wp/v2/templates?_locale=user HTTP/1.1" 200 5192 solarsolutionsgmbh.com "https://solarsolutionsgmbh.com/wp-admin/site-editor.php?postType=wp_template&postId=twentytwentyfour%2F%2Fhome&canvas=edit" "Mozilla/5.0 (Windows NT 10.0; Win64; x64; rv:133.0) Gecko/20100101 Firefox/133.0" "-"
2a02:8206:6b00:: - - [03/Jan/2025:00:30:24 +0100] "GET /wp-json/wp/v2/taxonomies?context=edit&per_page=100&_locale=user HTTP/1.1" 200 9486 solarsolutionsgmbh.com "https://solarsolutionsgmbh.com/wp-admin/site-editor.php?postType=wp_template&postId=twentytwentyfour%2F%2Fhome&canvas=edit" "Mozilla/5.0 (Windows NT 10.0; Win64; x64; rv:133.0) Gecko/20100101 Firefox/133.0" "-"
2a02:8206:6b00:: - - [03/Jan/2025:00:30:24 +0100] "GET /wp-json/wp/v2/block-patterns/patterns?_locale=user HTTP/1.1" 200 576689 solarsolutionsgmbh.com "https://solarsolutionsgmbh.com/wp-admin/site-editor.php?postType=wp_template&postId=twentytwentyfour%2F%2Fhome&canvas=edit" "Mozilla/5.0 (Windows NT 10.0; Win64; x64; rv:133.0) Gecko/20100101 Firefox/133.0" "-"
2a02:8206:6b00:: - - [03/Jan/2025:00:30:24 +0100] "GET /wp-json/wp/v2/taxonomies?context=view&_locale=user HTTP/1.1" 200 1719 solarsolutionsgmbh.com "https://solarsolutionsgmbh.com/wp-admin/site-editor.php?postType=wp_template&postId=twentytwentyfour%2F%2Fhome&canvas=edit" "Mozilla/5.0 (Windows NT 10.0; Win64; x64; rv:133.0) Gecko/20100101 Firefox/133.0" "-"
2a02:8206:6b00:: - - [03/Jan/2025:00:30:24 +0100] "GET /wp-json/wp/v2/template-parts/twentytwentyfour//footer?context=edit&_locale=user HTTP/1.1" 200 6125 solarsolutionsgmbh.com "https://solarsolutionsgmbh.com/wp-admin/site-editor.php?postType=wp_template&postId=twentytwentyfour%2F%2Fhome&canvas=edit" "Mozilla/5.0 (Windows NT 10.0; Win64; x64; rv:133.0) Gecko/20100101 Firefox/133.0" "-"
2a02:8206:6b00:: - - [03/Jan/2025:00:30:24 +0100] "GET /wp-json/wp/v2/template-parts/twentytwentyfour//header?context=edit&_locale=user HTTP/1.1" 200 3284 solarsolutionsgmbh.com "https://solarsolutionsgmbh.com/wp-admin/site-editor.php?postType=wp_template&postId=twentytwentyfour%2F%2Fhome&canvas=edit" "Mozilla/5.0 (Windows NT 10.0; Win64; x64; rv:133.0) Gecko/20100101 Firefox/133.0" "-"
2a02:8206:6b00:: - - [03/Jan/2025:00:30:24 +0100] "GET /wp-json/wp/v2/blocks?context=edit&per_page=100&lang=de&_locale=user HTTP/1.1" 200 2 solarsolutionsgmbh.com "https://solarsolutionsgmbh.com/wp-admin/site-editor.php?postType=wp_template&postId=twentytwentyfour%2F%2Fhome&canvas=edit" "Mozilla/5.0 (Windows NT 10.0; Win64; x64; rv:133.0) Gecko/20100101 Firefox/133.0" "-"
2a02:8206:6b00:: - - [03/Jan/2025:00:30:25 +0100] "GET /wp-json/wp/v2/wp_pattern_category?context=view&per_page=100&_fields=id%2Cname%2Cdescription%2Cslug&_locale=user HTTP/1.1" 200 2 solarsolutionsgmbh.com "https://solarsolutionsgmbh.com/wp-admin/site-editor.php?postType=wp_template&postId=twentytwentyfour%2F%2Fhome&canvas=edit" "Mozilla/5.0 (Windows NT 10.0; Win64; x64; rv:133.0) Gecko/20100101 Firefox/133.0" "-"
2a02:8206:6b00:: - - [03/Jan/2025:00:30:25 +0100] "GET /wp-json/wp/v2/media/45?context=view&_locale=user HTTP/1.1" 200 3139 solarsolutionsgmbh.com "https://solarsolutionsgmbh.com/wp-admin/site-editor.php?postType=wp_template&postId=twentytwentyfour%2F%2Fhome&canvas=edit" "Mozilla/5.0 (Windows NT 10.0; Win64; x64; rv:133.0) Gecko/20100101 Firefox/133.0" "-"
2a02:8206:6b00:: - - [03/Jan/2025:00:30:25 +0100] "GET /wp-json/wp/v2/menus?context=view&per_page=100&_locale=user HTTP/1.1" 200 2 solarsolutionsgmbh.com "https://solarsolutionsgmbh.com/wp-admin/site-editor.php?postType=wp_template&postId=twentytwentyfour%2F%2Fhome&canvas=edit" "Mozilla/5.0 (Windows NT 10.0; Win64; x64; rv:133.0) Gecko/20100101 Firefox/133.0" "-"
2a02:8206:6b00:: - - [03/Jan/2025:00:30:25 +0100] "OPTIONS /wp-json/wp/v2/navigation/4?_locale=user HTTP/1.1" 200 6411 solarsolutionsgmbh.com "https://solarsolutionsgmbh.com/wp-admin/site-editor.php?postType=wp_template&postId=twentytwentyfour%2F%2Fhome&canvas=edit" "Mozilla/5.0 (Windows NT 10.0; Win64; x64; rv:133.0) Gecko/20100101 Firefox/133.0" "-"
2a02:8206:6b00:: - - [03/Jan/2025:00:30:25 +0100] "GET /wp-json/wp/v2/navigation/4?context=edit&_locale=user HTTP/1.1" 200 3196 solarsolutionsgmbh.com "https://solarsolutionsgmbh.com/wp-admin/site-editor.php?postType=wp_template&postId=twentytwentyfour%2F%2Fhome&canvas=edit" "Mozilla/5.0 (Windows NT 10.0; Win64; x64; rv:133.0) Gecko/20100101 Firefox/133.0" "-"
2a02:8206:6b00:: - - [03/Jan/2025:00:30:25 +0100] "GET /wp-json/wp/v2/pages?context=view&parent=0&order=asc&orderby=id&per_page=100&lang=de&_locale=user HTTP/1.1" 200 46448 solarsolutionsgmbh.com "https://solarsolutionsgmbh.com/wp-admin/site-editor.php?postType=wp_template&postId=twentytwentyfour%2F%2Fhome&canvas=edit" "Mozilla/5.0 (Windows NT 10.0; Win64; x64; rv:133.0) Gecko/20100101 Firefox/133.0" "-"
2a02:8206:6b00:: - - [03/Jan/2025:00:30:25 +0100] "GET /wp-json/wp/v2/pages/13?context=edit&_locale=user HTTP/1.1" 200 9086 solarsolutionsgmbh.com "https://solarsolutionsgmbh.com/wp-admin/site-editor.php?postType=wp_template&postId=twentytwentyfour%2F%2Fhome&canvas=edit" "Mozilla/5.0 (Windows NT 10.0; Win64; x64; rv:133.0) Gecko/20100101 Firefox/133.0" "-"
2a02:8206:6b00:: - - [03/Jan/2025:00:30:25 +0100] "GET /wp-json/wp/v2/pages/14?context=edit&_locale=user HTTP/1.1" 200 19780 solarsolutionsgmbh.com "https://solarsolutionsgmbh.com/wp-admin/site-editor.php?postType=wp_template&postId=twentytwentyfour%2F%2Fhome&canvas=edit" "Mozilla/5.0 (Windows NT 10.0; Win64; x64; rv:133.0) Gecko/20100101 Firefox/133.0" "-"
2a02:8206:6b00:: - - [03/Jan/2025:00:30:25 +0100] "GET /wp-json/wp/v2/pages/15?context=edit&_locale=user HTTP/1.1" 200 9566 solarsolutionsgmbh.com "https://solarsolutionsgmbh.com/wp-admin/site-editor.php?postType=wp_template&postId=twentytwentyfour%2F%2Fhome&canvas=edit" "Mozilla/5.0 (Windows NT 10.0; Win64; x64; rv:133.0) Gecko/20100101 Firefox/133.0" "-"
2a02:8206:6b00:: - - [03/Jan/2025:00:30:25 +0100] "GET /wp-json/wp/v2/pages/3?context=edit&_locale=user HTTP/1.1" 200 15124 solarsolutionsgmbh.com "https://solarsolutionsgmbh.com/wp-admin/site-editor.php?postType=wp_template&postId=twentytwentyfour%2F%2Fhome&canvas=edit" "Mozilla/5.0 (Windows NT 10.0; Win64; x64; rv:133.0) Gecko/20100101 Firefox/133.0" "-"
2a02:8206:6b00:: - - [03/Jan/2025:00:30:25 +0100] "GET /wp-json/wp/v2/pages/17?context=edit&_locale=user HTTP/1.1" 200 2300 solarsolutionsgmbh.com "https://solarsolutionsgmbh.com/wp-admin/site-editor.php?postType=wp_template&postId=twentytwentyfour%2F%2Fhome&canvas=edit" "Mozilla/5.0 (Windows NT 10.0; Win64; x64; rv:133.0) Gecko/20100101 Firefox/133.0" "-"
2a02:8206:6b00:: - - [03/Jan/2025:00:30:25 +0100] "GET /wp-json/wp/v2/pages/16?context=edit&_locale=user HTTP/1.1" 200 20395 solarsolutionsgmbh.com "https://solarsolutionsgmbh.com/wp-admin/site-editor.php?postType=wp_template&postId=twentytwentyfour%2F%2Fhome&canvas=edit" "Mozilla/5.0 (Windows NT 10.0; Win64; x64; rv:133.0) Gecko/20100101 Firefox/133.0" "-"
2a02:8206:6b00:: - - [03/Jan/2025:00:30:31 +0100] "GET /wp-json/wp/v2/posts?context=edit&status=publish&per_page=1&lang=de&_locale=user HTTP/1.1" 200 3230 solarsolutionsgmbh.com "https://solarsolutionsgmbh.com/wp-admin/site-editor.php?postType=wp_template&postId=twentytwentyfour%2F%2Fhome&canvas=edit" "Mozilla/5.0 (Windows NT 10.0; Win64; x64; rv:133.0) Gecko/20100101 Firefox/133.0" "-"
2a02:8206:6b00:: - - [03/Jan/2025:00:30:32 +0100] "GET /wp-json/wp/v2/block-renderer/core/calendar?context=edit&_locale=user HTTP/1.1" 200 1473 solarsolutionsgmbh.com "https://solarsolutionsgmbh.com/wp-admin/site-editor.php?postType=wp_template&postId=twentytwentyfour%2F%2Fhome&canvas=edit" "Mozilla/5.0 (Windows NT 10.0; Win64; x64; rv:133.0) Gecko/20100101 Firefox/133.0" "-"
2a02:8206:6b00:: - - [03/Jan/2025:00:30:33 +0100] "GET /wp-json/wp/v2/block-renderer/core/calendar?context=edit&_locale=user HTTP/1.1" 200 1473 solarsolutionsgmbh.com "https://solarsolutionsgmbh.com/wp-admin/site-editor.php?postType=wp_template&postId=twentytwentyfour%2F%2Fhome&canvas=edit" "Mozilla/5.0 (Windows NT 10.0; Win64; x64; rv:133.0) Gecko/20100101 Firefox/133.0" "-"
2a02:8206:6b00:: - - [03/Jan/2025:00:30:35 +0100] "GET /wp-json/wp/v2/soliloquy?per_page=20&search=&_locale=user HTTP/1.1" 200 2 solarsolutionsgmbh.com "https://solarsolutionsgmbh.com/wp-admin/site-editor.php?postType=wp_template&postId=twentytwentyfour%2F%2Fhome&canvas=edit" "Mozilla/5.0 (Windows NT 10.0; Win64; x64; rv:133.0) Gecko/20100101 Firefox/133.0" "-"
2a02:8206:6b00:: - - [03/Jan/2025:00:30:39 +0100] "GET /wp-json/wp/v2/soliloquy?per_page=20&search=&_locale=user HTTP/1.1" 200 2 solarsolutionsgmbh.com "https://solarsolutionsgmbh.com/wp-admin/site-editor.php?postType=wp_template&postId=twentytwentyfour%2F%2Fhome&canvas=edit" "Mozilla/5.0 (Windows NT 10.0; Win64; x64; rv:133.0) Gecko/20100101 Firefox/133.0" "-"
2a02:8206:6b00:: - - [03/Jan/2025:00:30:39 +0100] "GET /wp-json/wp/v2/soliloquy?per_page=20&search=&_locale=user HTTP/1.1" 200 2 solarsolutionsgmbh.com "https://solarsolutionsgmbh.com/wp-admin/site-editor.php?postType=wp_template&postId=twentytwentyfour%2F%2Fhome&canvas=edit" "Mozilla/5.0 (Windows NT 10.0; Win64; x64; rv:133.0) Gecko/20100101 Firefox/133.0" "-"
2a02:8070:2400:: - - [03/Jan/2025:00:30:40 +0100] "POST /wp-admin/admin-ajax.php HTTP/1.1" 200 98 solarsolutionsgmbh.com "https://solarsolutionsgmbh.com/wp-admin/post.php?post=15&action=edit" "Mozilla/5.0 (Windows NT 10.0; Win64; x64; rv:133.0) Gecko/20100101 Firefox/133.0" "-"
2a02:8206:6b00:: - - [03/Jan/2025:00:30:44 +0100] "GET /wp-json/wp/v2/soliloquy?per_page=20&search=&_locale=user HTTP/1.1" 200 2 solarsolutionsgmbh.com "https://solarsolutionsgmbh.com/wp-admin/site-editor.php?postType=wp_template&postId=twentytwentyfour%2F%2Fhome&canvas=edit" "Mozilla/5.0 (Windows NT 10.0; Win64; x64; rv:133.0) Gecko/20100101 Firefox/133.0" "-"
2a02:8070:2400:: - - [03/Jan/2025:00:30:45 +0100] "POST /wp-admin/async-upload.php HTTP/1.1" 200 3 solarsolutionsgmbh.com "https://solarsolutionsgmbh.com/wp-admin/post-new.php?post_type=soliloquy" "Mozilla/5.0 (Windows NT 10.0; Win64; x64; rv:133.0) Gecko/20100101 Firefox/133.0" "-"
2a02:8206:6b00:: - - [03/Jan/2025:00:30:46 +0100] "GET /wp-json/wp/v2/soliloquy?per_page=20&search=&_locale=user HTTP/1.1" 200 2 solarsolutionsgmbh.com "https://solarsolutionsgmbh.com/wp-admin/site-editor.php?postType=wp_template&postId=twentytwentyfour%2F%2Fhome&canvas=edit" "Mozilla/5.0 (Windows NT 10.0; Win64; x64; rv:133.0) Gecko/20100101 Firefox/133.0" "-"
2a02:8070:2400:: - - [03/Jan/2025:00:30:47 +0100] "POST /wp-admin/admin-ajax.php HTTP/1.1" 200 98 solarsolutionsgmbh.com "https://solarsolutionsgmbh.com/wp-admin/post-new.php?post_type=soliloquy" "Mozilla/5.0 (Windows NT 10.0; Win64; x64; rv:133.0) Gecko/20100101 Firefox/133.0" "-"
2a02:8070:2400:: - - [03/Jan/2025:00:30:48 +0100] "POST /wp-admin/admin-ajax.php HTTP/1.1" 200 1311 solarsolutionsgmbh.com "https://solarsolutionsgmbh.com/wp-admin/post-new.php?post_type=soliloquy" "Mozilla/5.0 (Windows NT 10.0; Win64; x64; rv:133.0) Gecko/20100101 Firefox/133.0" "-"
2a02:8070:2400:: - - [03/Jan/2025:00:30:48 +0100] "GET /wp-content/uploads/2025/01/full-black-module-150x150.png HTTP/1.1" 200 36278 solarsolutionsgmbh.com "https://solarsolutionsgmbh.com/wp-admin/post-new.php?post_type=soliloquy" "Mozilla/5.0 (Windows NT 10.0; Win64; x64; rv:133.0) Gecko/20100101 Firefox/133.0" "-"
2a02:8070:2400:: - - [03/Jan/2025:00:30:57 +0100] "POST /wp-admin/admin-ajax.php HTTP/1.1" 200 98 solarsolutionsgmbh.com "https://solarsolutionsgmbh.com/wp-admin/post-new.php?post_type=soliloquy" "Mozilla/5.0 (Windows NT 10.0; Win64; x64; rv:133.0) Gecko/20100101 Firefox/133.0" "-"
2a02:8206:6b00:: - - [03/Jan/2025:00:30:58 +0100] "OPTIONS /wp-json/wp/v2/blocks?lang=de&_locale=user HTTP/1.1" 200 11790 solarsolutionsgmbh.com "https://solarsolutionsgmbh.com/wp-admin/site-editor.php?postType=wp_template&postId=twentytwentyfour%2F%2Fhome&canvas=edit" "Mozilla/5.0 (Windows NT 10.0; Win64; x64; rv:133.0) Gecko/20100101 Firefox/133.0" "-"
2a02:8206:6b00:: - - [03/Jan/2025:00:31:00 +0100] "GET /wp-content/plugins/soliloquy-lite/blocks/soliloquy/style-main.css?ver=0.1.0 HTTP/1.1" 304 - solarsolutionsgmbh.com "-" "Mozilla/5.0 (Windows NT 10.0; Win64; x64; rv:133.0) Gecko/20100101 Firefox/133.0" "-"
2a02:8206:6b00:: - - [03/Jan/2025:00:31:00 +0100] "GET /wp-content/plugins/soliloquy-lite/blocks/soliloquy/main.css?ver=0.1.0 HTTP/1.1" 304 - solarsolutionsgmbh.com "-" "Mozilla/5.0 (Windows NT 10.0; Win64; x64; rv:133.0) Gecko/20100101 Firefox/133.0" "-"
2a02:8206:6b00:: - - [03/Jan/2025:00:31:00 +0100] "OPTIONS /wp-json/wp/v2/navigation?_locale=user HTTP/1.1" 200 8445 solarsolutionsgmbh.com "https://solarsolutionsgmbh.com/wp-admin/site-editor.php?postType=wp_template&postId=twentytwentyfour%2F%2Fhome&canvas=edit" "Mozilla/5.0 (Windows NT 10.0; Win64; x64; rv:133.0) Gecko/20100101 Firefox/133.0" "-"
2a02:8206:6b00:: - - [03/Jan/2025:00:31:00 +0100] "GET /wp-json/wp-block-editor/v1/navigation-fallback?_embed=true&_locale=user HTTP/1.1" 200 1555 solarsolutionsgmbh.com "https://solarsolutionsgmbh.com/wp-admin/site-editor.php?postType=wp_template&postId=twentytwentyfour%2F%2Fhome&canvas=edit" "Mozilla/5.0 (Windows NT 10.0; Win64; x64; rv:133.0) Gecko/20100101 Firefox/133.0" "-"
2a02:8206:6b00:: - - [03/Jan/2025:00:31:00 +0100] "GET /wp-json/wp/v2/navigation?context=edit&_locale=user HTTP/1.1" 200 7926 solarsolutionsgmbh.com "https://solarsolutionsgmbh.com/wp-admin/site-editor.php?postType=wp_template&postId=twentytwentyfour%2F%2Fhome&canvas=edit" "Mozilla/5.0 (Windows NT 10.0; Win64; x64; rv:133.0) Gecko/20100101 Firefox/133.0" "-"
2a02:8206:6b00:: - - [03/Jan/2025:00:31:04 +0100] "GET /wp-json/wp/v2/block-renderer/core/latest-comments?context=edit&attributes%5BcommentsToShow%5D=5&attributes%5BdisplayAvatar%5D=true&attributes%5BdisplayDate%5D=true&attributes%5BdisplayExcerpt%5D=true&_locale=site HTTP/1.1" 200 1211 solarsolutionsgmbh.com "https://solarsolutionsgmbh.com/wp-admin/site-editor.php?postType=wp_template&postId=twentytwentyfour%2F%2Fhome&canvas=edit" "Mozilla/5.0 (Windows NT 10.0; Win64; x64; rv:133.0) Gecko/20100101 Firefox/133.0" "-"
2a02:8206:6b00:: - - [03/Jan/2025:00:31:04 +0100] "GET /wp-json/wp/v2/block-renderer/core/rss?context=edit&attributes%5Bcolumns%5D=2&attributes%5BblockLayout%5D=list&attributes%5BfeedURL%5D=https%3A%2F%2Fwordpress.org&attributes%5BitemsToShow%5D=5&attributes%5BdisplayExcerpt%5D=false&attributes%5BdisplayAuthor%5D=false&attributes%5BdisplayDate%5D=false&attributes%5BexcerptLength%5D=55&_locale=user HTTP/1.1" 200 1160 solarsolutionsgmbh.com "https://solarsolutionsgmbh.com/wp-admin/site-editor.php?postType=wp_template&postId=twentytwentyfour%2F%2Fhome&canvas=edit" "Mozilla/5.0 (Windows NT 10.0; Win64; x64; rv:133.0) Gecko/20100101 Firefox/133.0" "-"
2a02:8206:6b00:: - - [03/Jan/2025:00:31:05 +0100] "GET /wp-json/wp/v2/block-renderer/core/latest-comments?context=edit&attributes%5BcommentsToShow%5D=5&attributes%5BdisplayAvatar%5D=true&attributes%5BdisplayDate%5D=true&attributes%5BdisplayExcerpt%5D=true&_locale=site HTTP/1.1" 200 1211 solarsolutionsgmbh.com "https://solarsolutionsgmbh.com/wp-admin/site-editor.php?postType=wp_template&postId=twentytwentyfour%2F%2Fhome&canvas=edit" "Mozilla/5.0 (Windows NT 10.0; Win64; x64; rv:133.0) Gecko/20100101 Firefox/133.0" "-"
2a02:8070:2400:: - - [03/Jan/2025:00:31:07 +0100] "POST /wp-admin/admin-ajax.php HTTP/1.1" 200 98 solarsolutionsgmbh.com "https://solarsolutionsgmbh.com/wp-admin/post-new.php?post_type=soliloquy" "Mozilla/5.0 (Windows NT 10.0; Win64; x64; rv:133.0) Gecko/20100101 Firefox/133.0" "-"
2a02:8206:6b00:: - - [03/Jan/2025:00:31:11 +0100] "OPTIONS /wp-json/wp/v2/block-directory/search?_locale=user HTTP/1.1" 200 2343 solarsolutionsgmbh.com "https://solarsolutionsgmbh.com/wp-admin/site-editor.php?postType=wp_template&postId=twentytwentyfour%2F%2Fhome&canvas=edit" "Mozilla/5.0 (Windows NT 10.0; Win64; x64; rv:133.0) Gecko/20100101 Firefox/133.0" "-"
2a02:8206:6b00:: - - [03/Jan/2025:00:31:12 +0100] "GET /wp-json/wp/v2/block-directory/search?term=sprach&_locale=user HTTP/1.1" 200 2 solarsolutionsgmbh.com "https://solarsolutionsgmbh.com/wp-admin/site-editor.php?postType=wp_template&postId=twentytwentyfour%2F%2Fhome&canvas=edit" "Mozilla/5.0 (Windows NT 10.0; Win64; x64; rv:133.0) Gecko/20100101 Firefox/133.0" "-"
2a02:8070:2400:: - - [03/Jan/2025:00:31:14 +0100] "GET /wp-admin/plugins.php HTTP/1.1" 200 115455 solarsolutionsgmbh.com "https://solarsolutionsgmbh.com/wp-admin/post-new.php?post_type=soliloquy" "Mozilla/5.0 (Windows NT 10.0; Win64; x64; rv:133.0) Gecko/20100101 Firefox/133.0" "-"
2a02:8070:2400:: - - [03/Jan/2025:00:31:14 +0100] "GET /wp-content/plugins/polylang/css/build/admin.min.css?ver=3.6.5 HTTP/1.1" 304 - solarsolutionsgmbh.com "https://solarsolutionsgmbh.com/wp-admin/plugins.php" "Mozilla/5.0 (Windows NT 10.0; Win64; x64; rv:133.0) Gecko/20100101 Firefox/133.0" "-"
2a02:8070:2400:: - - [03/Jan/2025:00:31:14 +0100] "GET /wp-content/plugins/polylang/css/build/dialog.min.css?ver=3.6.5 HTTP/1.1" 304 - solarsolutionsgmbh.com "https://solarsolutionsgmbh.com/wp-admin/plugins.php" "Mozilla/5.0 (Windows NT 10.0; Win64; x64; rv:133.0) Gecko/20100101 Firefox/133.0" "-"
2a02:8070:2400:: - - [03/Jan/2025:00:31:14 +0100] "GET /wp-content/plugins/soliloquy-lite/assets/css/images/menu-icon@2x.png HTTP/1.1" 304 - solarsolutionsgmbh.com "https://solarsolutionsgmbh.com/wp-admin/plugins.php" "Mozilla/5.0 (Windows NT 10.0; Win64; x64; rv:133.0) Gecko/20100101 Firefox/133.0" "-"
2a02:8070:2400:: - - [03/Jan/2025:00:31:20 +0100] "GET /wp-admin/plugins.php?action=deactivate&plugin=soliloquy-lite%2Fsoliloquy-lite.php&plugin_status=all&paged=1&s&_wpnonce=8cdde8bd82 HTTP/1.1" 302 - solarsolutionsgmbh.com "https://solarsolutionsgmbh.com/wp-admin/plugins.php" "Mozilla/5.0 (Windows NT 10.0; Win64; x64; rv:133.0) Gecko/20100101 Firefox/133.0" "-"
2a02:8070:2400:: - - [03/Jan/2025:00:31:20 +0100] "GET /wp-admin/plugins.php?deactivate=true&plugin_status=all&paged=1&s= HTTP/1.1" 200 114251 solarsolutionsgmbh.com "https://solarsolutionsgmbh.com/wp-admin/plugins.php" "Mozilla/5.0 (Windows NT 10.0; Win64; x64; rv:133.0) Gecko/20100101 Firefox/133.0" "-"
2a02:8206:6b00:: - - [03/Jan/2025:00:31:25 +0100] "POST /wp-admin/admin-ajax.php HTTP/1.1" 200 47 solarsolutionsgmbh.com "https://solarsolutionsgmbh.com/wp-admin/site-editor.php?postType=wp_template&postId=twentytwentyfour%2F%2Fhome&canvas=edit" "Mozilla/5.0 (Windows NT 10.0; Win64; x64; rv:133.0) Gecko/20100101 Firefox/133.0" "-"
2a02:8206:6b00:: - - [03/Jan/2025:00:31:25 +0100] "GET / HTTP/1.1" 200 86068 solarsolutionsgmbh.com "https://solarsolutionsgmbh.com/wp-admin/admin.php?page=mlang" "Mozilla/5.0 (Windows NT 10.0; Win64; x64; rv:133.0) Gecko/20100101 Firefox/133.0" "-"
2a02:8206:6b00:: - - [03/Jan/2025:00:31:27 +0100] "GET /wp-admin/about.php HTTP/1.1" 200 56778 solarsolutionsgmbh.com "https://solarsolutionsgmbh.com/" "Mozilla/5.0 (Windows NT 10.0; Win64; x64; rv:133.0) Gecko/20100101 Firefox/133.0" "-"
2a02:8206:6b00:: - - [03/Jan/2025:00:31:31 +0100] "GET /wp-admin/admin.php?page=mlang HTTP/1.1" 200 296086 solarsolutionsgmbh.com "https://solarsolutionsgmbh.com/wp-admin/about.php" "Mozilla/5.0 (Windows NT 10.0; Win64; x64; rv:133.0) Gecko/20100101 Firefox/133.0" "-"
2a02:8070:2400:: - - [03/Jan/2025:00:32:21 +0100] "POST /wp-admin/admin-ajax.php HTTP/1.1" 200 47 solarsolutionsgmbh.com "https://solarsolutionsgmbh.com/wp-admin/plugins.php?plugin_status=all&paged=1&s" "Mozilla/5.0 (Windows NT 10.0; Win64; x64; rv:133.0) Gecko/20100101 Firefox/133.0" "-"
2a02:8206:6b00:: - - [03/Jan/2025:00:32:27 +0100] "GET /wp-admin/about.php HTTP/1.1" 200 56778 solarsolutionsgmbh.com "https://solarsolutionsgmbh.com/datenschutz/" "Mozilla/5.0 (Windows NT 10.0; Win64; x64; rv:133.0) Gecko/20100101 Firefox/133.0" "-"
2a02:8206:6b00:: - - [03/Jan/2025:00:32:28 +0100] "GET /wp-content/plugins/polylang/css/build/admin.min.css?ver=3.6.5 HTTP/1.1" 304 - solarsolutionsgmbh.com "https://solarsolutionsgmbh.com/wp-admin/about.php" "Mozilla/5.0 (Windows NT 10.0; Win64; x64; rv:133.0) Gecko/20100101 Firefox/133.0" "-"
2a02:8206:6b00:: - - [03/Jan/2025:00:32:28 +0100] "GET /wp-content/plugins/polylang/css/build/dialog.min.css?ver=3.6.5 HTTP/1.1" 304 - solarsolutionsgmbh.com "https://solarsolutionsgmbh.com/wp-admin/about.php" "Mozilla/5.0 (Windows NT 10.0; Win64; x64; rv:133.0) Gecko/20100101 Firefox/133.0" "-"
2a02:8206:6b00:: - - [03/Jan/2025:00:32:31 +0100] "GET /wp-admin/themes.php HTTP/1.1" 200 89307 solarsolutionsgmbh.com "https://solarsolutionsgmbh.com/wp-admin/about.php" "Mozilla/5.0 (Windows NT 10.0; Win64; x64; rv:133.0) Gecko/20100101 Firefox/133.0" "-"
2a02:8206:6b00:: - - [03/Jan/2025:00:32:35 +0100] "GET /wp-admin/themes.php?lang=de HTTP/1.1" 200 89435 solarsolutionsgmbh.com "https://solarsolutionsgmbh.com/wp-admin/themes.php" "Mozilla/5.0 (Windows NT 10.0; Win64; x64; rv:133.0) Gecko/20100101 Firefox/133.0" "-"
2a02:8070:2400:: - - [03/Jan/2025:00:32:41 +0100] "POST /wp-admin/admin-ajax.php HTTP/1.1" 200 98 solarsolutionsgmbh.com "https://solarsolutionsgmbh.com/wp-admin/post.php?post=15&action=edit" "Mozilla/5.0 (Windows NT 10.0; Win64; x64; rv:133.0) Gecko/20100101 Firefox/133.0" "-"
2a02:8206:6b00:: - - [03/Jan/2025:00:32:52 +0100] "GET /wp-admin/edit-comments.php HTTP/1.1" 200 78048 solarsolutionsgmbh.com "https://solarsolutionsgmbh.com/wp-admin/themes.php?lang=de" "Mozilla/5.0 (Windows NT 10.0; Win64; x64; rv:133.0) Gecko/20100101 Firefox/133.0" "-"
2a02:8206:6b00:: - - [03/Jan/2025:00:32:57 +0100] "GET /wp-admin/themes.php HTTP/1.1" 200 89307 solarsolutionsgmbh.com "https://solarsolutionsgmbh.com/wp-admin/edit-comments.php" "Mozilla/5.0 (Windows NT 10.0; Win64; x64; rv:133.0) Gecko/20100101 Firefox/133.0" "-"
