2001:7c0:1b00:: - - [17/Jan/2025:09:31:49 +0100] "POST /Solarkonfigurator/ HTTP/1.1" 200 72405 solarsolutionsgmbh.com "https://solarsolutionsgmbh.com/Solarkonfigurator/" "Mozilla/5.0 (Windows NT 10.0; Win64; x64; rv:134.0) Gecko/20100101 Firefox/134.0" "-"
141.31.93.0 - - [17/Jan/2025:09:31:49 +0100] "POST /wp-admin/admin-ajax.php HTTP/1.1" 200 142 solarsolutionsgmbh.com "https://solarsolutionsgmbh.com/wp-admin/" "Mozilla/5.0 (Windows NT 10.0; Win64; x64; rv:133.0) Gecko/20100101 Firefox/133.0" "-"
2001:7c0:1b00:: - - [17/Jan/2025:09:32:45 +0100] "POST /wp-admin/admin-ajax.php HTTP/1.1" 200 47 solarsolutionsgmbh.com "https://solarsolutionsgmbh.com/wp-admin/upload.php" "Mozilla/5.0 (Windows NT 10.0; Win64; x64; rv:134.0) Gecko/20100101 Firefox/134.0" "-"
82.165.90.0 - - [17/Jan/2025:09:32:46 +0100] "POST /wp-cron.php?doing_wp_cron=1737102766.1434359550476074218750 HTTP/1.1" 200 - solarsolutionsgmbh.com "-" "WordPress/6.7.1; https://solarsolutionsgmbh.com" "-"
2001:7c0:1b00:: - - [17/Jan/2025:09:34:45 +0100] "POST /wp-admin/admin-ajax.php HTTP/1.1" 200 47 solarsolutionsgmbh.com "https://solarsolutionsgmbh.com/wp-admin/upload.php" "Mozilla/5.0 (Windows NT 10.0; Win64; x64; rv:134.0) Gecko/20100101 Firefox/134.0" "-"
82.165.90.0 - - [17/Jan/2025:09:34:46 +0100] "POST /wp-cron.php?doing_wp_cron=1737102886.2407810688018798828125 HTTP/1.1" 200 - solarsolutionsgmbh.com "-" "WordPress/6.7.1; https://solarsolutionsgmbh.com" "-"
82.165.90.0 - - [17/Jan/2025:09:35:04 +0100] "POST /wp-cron.php?doing_wp_cron=1737102904.9069690704345703125000 HTTP/1.1" 200 - solarsolutionsgmbh.com "-" "WordPress/6.7.1; https://solarsolutionsgmbh.com" "-"
2001:7c0:1b00:: - - [17/Jan/2025:09:35:04 +0100] "POST /Solarkonfigurator/ HTTP/1.1" 200 72403 solarsolutionsgmbh.com "https://solarsolutionsgmbh.com/Solarkonfigurator/" "Mozilla/5.0 (Windows NT 10.0; Win64; x64; rv:134.0) Gecko/20100101 Firefox/134.0" "-"
82.165.90.0 - - [17/Jan/2025:09:35:05 +0100] "GET /wp-content/uploads/2025/01/logo_white-1.png HTTP/1.1" 200 75650 solarsolutionsgmbh.com "-" "-" "-"
2001:7c0:1b00:: - - [17/Jan/2025:09:35:50 +0100] "POST /Solarkonfigurator/ HTTP/1.1" 200 72398 solarsolutionsgmbh.com "https://solarsolutionsgmbh.com/Solarkonfigurator/" "Mozilla/5.0 (Windows NT 10.0; Win64; x64; rv:134.0) Gecko/20100101 Firefox/134.0" "-"
82.165.90.0 - - [17/Jan/2025:09:35:51 +0100] "POST /wp-cron.php?doing_wp_cron=1737102951.1876070499420166015625 HTTP/1.1" 200 - solarsolutionsgmbh.com "-" "WordPress/6.7.1; https://solarsolutionsgmbh.com" "-"
82.165.90.0 - - [17/Jan/2025:09:35:51 +0100] "GET /wp-content/uploads/2025/01/logo_white-1.png HTTP/1.1" 200 75650 solarsolutionsgmbh.com "-" "-" "-"
141.31.93.0 - - [17/Jan/2025:09:35:57 +0100] "POST /wp-admin/admin-ajax.php HTTP/1.1" 200 142 solarsolutionsgmbh.com "https://solarsolutionsgmbh.com/wp-admin/" "Mozilla/5.0 (Windows NT 10.0; Win64; x64; rv:133.0) Gecko/20100101 Firefox/133.0" "-"
141.31.93.0 - - [17/Jan/2025:09:36:02 +0100] "POST /wp-admin/admin-ajax.php HTTP/1.1" 200 142 solarsolutionsgmbh.com "https://solarsolutionsgmbh.com/wp-admin/" "Mozilla/5.0 (Windows NT 10.0; Win64; x64; rv:133.0) Gecko/20100101 Firefox/133.0" "-"
141.31.93.0 - - [17/Jan/2025:09:36:08 +0100] "POST /wp-admin/admin-ajax.php HTTP/1.1" 200 142 solarsolutionsgmbh.com "https://solarsolutionsgmbh.com/wp-admin/" "Mozilla/5.0 (Windows NT 10.0; Win64; x64; rv:133.0) Gecko/20100101 Firefox/133.0" "-"
141.31.93.0 - - [17/Jan/2025:09:36:14 +0100] "POST /wp-json/wpforms/v1/themes/custom/?_locale=user HTTP/1.1" 200 15 solarsolutionsgmbh.com "https://solarsolutionsgmbh.com/wp-admin/site-editor.php?postType=wp_template&postId=twentytwentyfour%2F%2Fhome&canvas=edit" "Mozilla/5.0 (Windows NT 10.0; Win64; x64; rv:133.0) Gecko/20100101 Firefox/133.0" "-"
141.31.93.0 - - [17/Jan/2025:09:36:14 +0100] "POST /wp-admin/admin-ajax.php HTTP/1.1" 200 142 solarsolutionsgmbh.com "https://solarsolutionsgmbh.com/wp-admin/" "Mozilla/5.0 (Windows NT 10.0; Win64; x64; rv:133.0) Gecko/20100101 Firefox/133.0" "-"
82.165.90.0 - - [17/Jan/2025:09:36:14 +0100] "POST /wp-cron.php?doing_wp_cron=1737102974.6802990436553955078125 HTTP/1.1" 200 - solarsolutionsgmbh.com "-" "WordPress/6.7.1; https://solarsolutionsgmbh.com" "-"
141.31.93.0 - - [17/Jan/2025:09:36:14 +0100] "POST /wp-admin/admin-ajax.php HTTP/1.1" 200 104 solarsolutionsgmbh.com "https://solarsolutionsgmbh.com/wp-admin/site-editor.php?postType=wp_template&postId=twentytwentyfour%2F%2Fhome&canvas=edit" "Mozilla/5.0 (Windows NT 10.0; Win64; x64; rv:133.0) Gecko/20100101 Firefox/133.0" "-"
141.31.93.0 - - [17/Jan/2025:09:36:15 +0100] "POST /wp-json/wpforms/v1/themes/custom/?_locale=user HTTP/1.1" 200 15 solarsolutionsgmbh.com "https://solarsolutionsgmbh.com/wp-admin/site-editor.php?postType=wp_template&postId=twentytwentyfour%2F%2Fhome&canvas=edit" "Mozilla/5.0 (Windows NT 10.0; Win64; x64; rv:133.0) Gecko/20100101 Firefox/133.0" "-"
141.31.93.0 - - [17/Jan/2025:09:36:17 +0100] "POST /wp-json/wpforms/v1/themes/custom/?_locale=user HTTP/1.1" 200 15 solarsolutionsgmbh.com "https://solarsolutionsgmbh.com/wp-admin/site-editor.php?postType=wp_template&postId=twentytwentyfour%2F%2Fhome&canvas=edit" "Mozilla/5.0 (Windows NT 10.0; Win64; x64; rv:133.0) Gecko/20100101 Firefox/133.0" "-"
141.31.93.0 - - [17/Jan/2025:09:36:19 +0100] "POST /wp-admin/admin-ajax.php HTTP/1.1" 200 142 solarsolutionsgmbh.com "https://solarsolutionsgmbh.com/wp-admin/" "Mozilla/5.0 (Windows NT 10.0; Win64; x64; rv:133.0) Gecko/20100101 Firefox/133.0" "-"
141.31.93.0 - - [17/Jan/2025:09:36:25 +0100] "POST /wp-json/wpforms/v1/themes/custom/?_locale=user HTTP/1.1" 200 15 solarsolutionsgmbh.com "https://solarsolutionsgmbh.com/wp-admin/site-editor.php?postType=wp_template&postId=twentytwentyfour%2F%2Fhome&canvas=edit" "Mozilla/5.0 (Windows NT 10.0; Win64; x64; rv:133.0) Gecko/20100101 Firefox/133.0" "-"
141.31.93.0 - - [17/Jan/2025:09:36:25 +0100] "POST /wp-admin/admin-ajax.php HTTP/1.1" 200 142 solarsolutionsgmbh.com "https://solarsolutionsgmbh.com/wp-admin/" "Mozilla/5.0 (Windows NT 10.0; Win64; x64; rv:133.0) Gecko/20100101 Firefox/133.0" "-"
141.31.93.0 - - [17/Jan/2025:09:36:30 +0100] "POST /wp-json/wpforms/v1/themes/custom/?_locale=user HTTP/1.1" 200 15 solarsolutionsgmbh.com "https://solarsolutionsgmbh.com/wp-admin/site-editor.php?postType=wp_template&postId=twentytwentyfour%2F%2Fhome&canvas=edit" "Mozilla/5.0 (Windows NT 10.0; Win64; x64; rv:133.0) Gecko/20100101 Firefox/133.0" "-"
141.31.93.0 - - [17/Jan/2025:09:36:30 +0100] "POST /wp-json/wpforms/v1/themes/custom/?_locale=user HTTP/1.1" 200 15 solarsolutionsgmbh.com "https://solarsolutionsgmbh.com/wp-admin/site-editor.php?postType=wp_template&postId=twentytwentyfour%2F%2Fhome&canvas=edit" "Mozilla/5.0 (Windows NT 10.0; Win64; x64; rv:133.0) Gecko/20100101 Firefox/133.0" "-"
141.31.93.0 - - [17/Jan/2025:09:36:31 +0100] "POST /wp-admin/admin-ajax.php HTTP/1.1" 200 142 solarsolutionsgmbh.com "https://solarsolutionsgmbh.com/wp-admin/" "Mozilla/5.0 (Windows NT 10.0; Win64; x64; rv:133.0) Gecko/20100101 Firefox/133.0" "-"
141.31.93.0 - - [17/Jan/2025:09:36:32 +0100] "POST /wp-json/wpforms/v1/themes/custom/?_locale=user HTTP/1.1" 200 15 solarsolutionsgmbh.com "https://solarsolutionsgmbh.com/wp-admin/site-editor.php?postType=wp_template&postId=twentytwentyfour%2F%2Fhome&canvas=edit" "Mozilla/5.0 (Windows NT 10.0; Win64; x64; rv:133.0) Gecko/20100101 Firefox/133.0" "-"
141.31.93.0 - - [17/Jan/2025:09:36:33 +0100] "POST /wp-json/wpforms/v1/themes/custom/?_locale=user HTTP/1.1" 200 15 solarsolutionsgmbh.com "https://solarsolutionsgmbh.com/wp-admin/site-editor.php?postType=wp_template&postId=twentytwentyfour%2F%2Fhome&canvas=edit" "Mozilla/5.0 (Windows NT 10.0; Win64; x64; rv:133.0) Gecko/20100101 Firefox/133.0" "-"
141.31.93.0 - - [17/Jan/2025:09:36:34 +0100] "POST /wp-json/wpforms/v1/themes/custom/?_locale=user HTTP/1.1" 200 15 solarsolutionsgmbh.com "https://solarsolutionsgmbh.com/wp-admin/site-editor.php?postType=wp_template&postId=twentytwentyfour%2F%2Fhome&canvas=edit" "Mozilla/5.0 (Windows NT 10.0; Win64; x64; rv:133.0) Gecko/20100101 Firefox/133.0" "-"
141.31.93.0 - - [17/Jan/2025:09:36:35 +0100] "POST /wp-json/wpforms/v1/themes/custom/?_locale=user HTTP/1.1" 200 15 solarsolutionsgmbh.com "https://solarsolutionsgmbh.com/wp-admin/site-editor.php?postType=wp_template&postId=twentytwentyfour%2F%2Fhome&canvas=edit" "Mozilla/5.0 (Windows NT 10.0; Win64; x64; rv:133.0) Gecko/20100101 Firefox/133.0" "-"
141.31.93.0 - - [17/Jan/2025:09:36:36 +0100] "POST /wp-json/wpforms/v1/themes/custom/?_locale=user HTTP/1.1" 200 15 solarsolutionsgmbh.com "https://solarsolutionsgmbh.com/wp-admin/site-editor.php?postType=wp_template&postId=twentytwentyfour%2F%2Fhome&canvas=edit" "Mozilla/5.0 (Windows NT 10.0; Win64; x64; rv:133.0) Gecko/20100101 Firefox/133.0" "-"
141.31.93.0 - - [17/Jan/2025:09:36:37 +0100] "POST /wp-admin/admin-ajax.php HTTP/1.1" 200 142 solarsolutionsgmbh.com "https://solarsolutionsgmbh.com/wp-admin/" "Mozilla/5.0 (Windows NT 10.0; Win64; x64; rv:133.0) Gecko/20100101 Firefox/133.0" "-"
141.31.93.0 - - [17/Jan/2025:09:36:37 +0100] "POST /wp-json/wpforms/v1/themes/custom/?_locale=user HTTP/1.1" 200 15 solarsolutionsgmbh.com "https://solarsolutionsgmbh.com/wp-admin/site-editor.php?postType=wp_template&postId=twentytwentyfour%2F%2Fhome&canvas=edit" "Mozilla/5.0 (Windows NT 10.0; Win64; x64; rv:133.0) Gecko/20100101 Firefox/133.0" "-"
141.31.93.0 - - [17/Jan/2025:09:36:39 +0100] "POST /wp-json/wpforms/v1/themes/custom/?_locale=user HTTP/1.1" 200 15 solarsolutionsgmbh.com "https://solarsolutionsgmbh.com/wp-admin/site-editor.php?postType=wp_template&postId=twentytwentyfour%2F%2Fhome&canvas=edit" "Mozilla/5.0 (Windows NT 10.0; Win64; x64; rv:133.0) Gecko/20100101 Firefox/133.0" "-"
141.31.93.0 - - [17/Jan/2025:09:36:42 +0100] "POST /wp-json/wpforms/v1/themes/custom/?_locale=user HTTP/1.1" 200 15 solarsolutionsgmbh.com "https://solarsolutionsgmbh.com/wp-admin/site-editor.php?postType=wp_template&postId=twentytwentyfour%2F%2Fhome&canvas=edit" "Mozilla/5.0 (Windows NT 10.0; Win64; x64; rv:133.0) Gecko/20100101 Firefox/133.0" "-"
141.31.93.0 - - [17/Jan/2025:09:36:42 +0100] "POST /wp-admin/admin-ajax.php HTTP/1.1" 200 142 solarsolutionsgmbh.com "https://solarsolutionsgmbh.com/wp-admin/" "Mozilla/5.0 (Windows NT 10.0; Win64; x64; rv:133.0) Gecko/20100101 Firefox/133.0" "-"
141.31.93.0 - - [17/Jan/2025:09:36:43 +0100] "POST /wp-json/wpforms/v1/themes/custom/?_locale=user HTTP/1.1" 200 15 solarsolutionsgmbh.com "https://solarsolutionsgmbh.com/wp-admin/site-editor.php?postType=wp_template&postId=twentytwentyfour%2F%2Fhome&canvas=edit" "Mozilla/5.0 (Windows NT 10.0; Win64; x64; rv:133.0) Gecko/20100101 Firefox/133.0" "-"
2001:7c0:1b00:: - - [17/Jan/2025:09:36:45 +0100] "POST /wp-admin/admin-ajax.php HTTP/1.1" 200 47 solarsolutionsgmbh.com "https://solarsolutionsgmbh.com/wp-admin/upload.php" "Mozilla/5.0 (Windows NT 10.0; Win64; x64; rv:134.0) Gecko/20100101 Firefox/134.0" "-"
141.31.93.0 - - [17/Jan/2025:09:36:46 +0100] "POST /wp-json/wpforms/v1/themes/custom/?_locale=user HTTP/1.1" 200 15 solarsolutionsgmbh.com "https://solarsolutionsgmbh.com/wp-admin/site-editor.php?postType=wp_template&postId=twentytwentyfour%2F%2Fhome&canvas=edit" "Mozilla/5.0 (Windows NT 10.0; Win64; x64; rv:133.0) Gecko/20100101 Firefox/133.0" "-"
141.31.93.0 - - [17/Jan/2025:09:36:48 +0100] "POST /wp-admin/admin-ajax.php HTTP/1.1" 200 142 solarsolutionsgmbh.com "https://solarsolutionsgmbh.com/wp-admin/" "Mozilla/5.0 (Windows NT 10.0; Win64; x64; rv:133.0) Gecko/20100101 Firefox/133.0" "-"
141.31.93.0 - - [17/Jan/2025:09:36:54 +0100] "POST /wp-admin/admin-ajax.php HTTP/1.1" 200 142 solarsolutionsgmbh.com "https://solarsolutionsgmbh.com/wp-admin/" "Mozilla/5.0 (Windows NT 10.0; Win64; x64; rv:133.0) Gecko/20100101 Firefox/133.0" "-"
141.31.93.0 - - [17/Jan/2025:09:37:00 +0100] "POST /wp-admin/admin-ajax.php HTTP/1.1" 200 142 solarsolutionsgmbh.com "https://solarsolutionsgmbh.com/wp-admin/" "Mozilla/5.0 (Windows NT 10.0; Win64; x64; rv:133.0) Gecko/20100101 Firefox/133.0" "-"
141.31.93.0 - - [17/Jan/2025:09:37:05 +0100] "POST /wp-admin/admin-ajax.php HTTP/1.1" 200 142 solarsolutionsgmbh.com "https://solarsolutionsgmbh.com/wp-admin/" "Mozilla/5.0 (Windows NT 10.0; Win64; x64; rv:133.0) Gecko/20100101 Firefox/133.0" "-"
141.31.93.0 - - [17/Jan/2025:09:37:11 +0100] "POST /wp-admin/admin-ajax.php HTTP/1.1" 200 142 solarsolutionsgmbh.com "https://solarsolutionsgmbh.com/wp-admin/" "Mozilla/5.0 (Windows NT 10.0; Win64; x64; rv:133.0) Gecko/20100101 Firefox/133.0" "-"
141.31.93.0 - - [17/Jan/2025:09:37:14 +0100] "POST /wp-admin/admin-ajax.php HTTP/1.1" 200 47 solarsolutionsgmbh.com "https://solarsolutionsgmbh.com/wp-admin/site-editor.php?postType=wp_template&postId=twentytwentyfour%2F%2Fhome&canvas=edit" "Mozilla/5.0 (Windows NT 10.0; Win64; x64; rv:133.0) Gecko/20100101 Firefox/133.0" "-"
82.165.90.0 - - [17/Jan/2025:09:37:15 +0100] "POST /wp-cron.php?doing_wp_cron=1737103035.5387859344482421875000 HTTP/1.1" 200 - solarsolutionsgmbh.com "-" "WordPress/6.7.1; https://solarsolutionsgmbh.com" "-"
141.31.93.0 - - [17/Jan/2025:09:37:17 +0100] "POST /wp-admin/admin-ajax.php HTTP/1.1" 200 142 solarsolutionsgmbh.com "https://solarsolutionsgmbh.com/wp-admin/" "Mozilla/5.0 (Windows NT 10.0; Win64; x64; rv:133.0) Gecko/20100101 Firefox/133.0" "-"
141.31.93.0 - - [17/Jan/2025:09:37:23 +0100] "POST /wp-admin/admin-ajax.php HTTP/1.1" 200 142 solarsolutionsgmbh.com "https://solarsolutionsgmbh.com/wp-admin/" "Mozilla/5.0 (Windows NT 10.0; Win64; x64; rv:133.0) Gecko/20100101 Firefox/133.0" "-"
141.31.93.0 - - [17/Jan/2025:09:37:28 +0100] "POST /wp-admin/admin-ajax.php HTTP/1.1" 200 142 solarsolutionsgmbh.com "https://solarsolutionsgmbh.com/wp-admin/" "Mozilla/5.0 (Windows NT 10.0; Win64; x64; rv:133.0) Gecko/20100101 Firefox/133.0" "-"
141.31.93.0 - - [17/Jan/2025:09:37:34 +0100] "POST /wp-admin/admin-ajax.php HTTP/1.1" 200 142 solarsolutionsgmbh.com "https://solarsolutionsgmbh.com/wp-admin/" "Mozilla/5.0 (Windows NT 10.0; Win64; x64; rv:133.0) Gecko/20100101 Firefox/133.0" "-"
141.31.93.0 - - [17/Jan/2025:09:37:40 +0100] "POST /wp-admin/admin-ajax.php HTTP/1.1" 200 142 solarsolutionsgmbh.com "https://solarsolutionsgmbh.com/wp-admin/" "Mozilla/5.0 (Windows NT 10.0; Win64; x64; rv:133.0) Gecko/20100101 Firefox/133.0" "-"
141.31.93.0 - - [17/Jan/2025:09:37:46 +0100] "POST /wp-admin/admin-ajax.php HTTP/1.1" 200 142 solarsolutionsgmbh.com "https://solarsolutionsgmbh.com/wp-admin/" "Mozilla/5.0 (Windows NT 10.0; Win64; x64; rv:133.0) Gecko/20100101 Firefox/133.0" "-"
141.31.93.0 - - [17/Jan/2025:09:37:52 +0100] "POST /wp-admin/admin-ajax.php HTTP/1.1" 200 142 solarsolutionsgmbh.com "https://solarsolutionsgmbh.com/wp-admin/" "Mozilla/5.0 (Windows NT 10.0; Win64; x64; rv:133.0) Gecko/20100101 Firefox/133.0" "-"
141.31.93.0 - - [17/Jan/2025:09:37:58 +0100] "POST /wp-admin/admin-ajax.php HTTP/1.1" 200 142 solarsolutionsgmbh.com "https://solarsolutionsgmbh.com/wp-admin/" "Mozilla/5.0 (Windows NT 10.0; Win64; x64; rv:133.0) Gecko/20100101 Firefox/133.0" "-"
141.31.93.0 - - [17/Jan/2025:09:38:03 +0100] "POST /wp-admin/admin-ajax.php HTTP/1.1" 200 142 solarsolutionsgmbh.com "https://solarsolutionsgmbh.com/wp-admin/" "Mozilla/5.0 (Windows NT 10.0; Win64; x64; rv:133.0) Gecko/20100101 Firefox/133.0" "-"
141.31.93.0 - - [17/Jan/2025:09:38:09 +0100] "POST /wp-admin/admin-ajax.php HTTP/1.1" 200 142 solarsolutionsgmbh.com "https://solarsolutionsgmbh.com/wp-admin/" "Mozilla/5.0 (Windows NT 10.0; Win64; x64; rv:133.0) Gecko/20100101 Firefox/133.0" "-"
82.165.90.0 - - [17/Jan/2025:09:38:15 +0100] "POST /wp-cron.php?doing_wp_cron=1737103095.8305740356445312500000 HTTP/1.1" 200 - solarsolutionsgmbh.com "-" "WordPress/6.7.1; https://solarsolutionsgmbh.com" "-"
141.31.93.0 - - [17/Jan/2025:09:38:15 +0100] "POST /wp-admin/admin-ajax.php HTTP/1.1" 200 142 solarsolutionsgmbh.com "https://solarsolutionsgmbh.com/wp-admin/" "Mozilla/5.0 (Windows NT 10.0; Win64; x64; rv:133.0) Gecko/20100101 Firefox/133.0" "-"
141.31.93.0 - - [17/Jan/2025:09:38:21 +0100] "POST /wp-admin/admin-ajax.php HTTP/1.1" 200 142 solarsolutionsgmbh.com "https://solarsolutionsgmbh.com/wp-admin/" "Mozilla/5.0 (Windows NT 10.0; Win64; x64; rv:133.0) Gecko/20100101 Firefox/133.0" "-"
141.31.93.0 - - [17/Jan/2025:09:38:28 +0100] "POST /wp-admin/admin-ajax.php HTTP/1.1" 200 142 solarsolutionsgmbh.com "https://solarsolutionsgmbh.com/wp-admin/" "Mozilla/5.0 (Windows NT 10.0; Win64; x64; rv:133.0) Gecko/20100101 Firefox/133.0" "-"
141.31.93.0 - - [17/Jan/2025:09:38:33 +0100] "POST /wp-admin/admin-ajax.php HTTP/1.1" 200 142 solarsolutionsgmbh.com "https://solarsolutionsgmbh.com/wp-admin/" "Mozilla/5.0 (Windows NT 10.0; Win64; x64; rv:133.0) Gecko/20100101 Firefox/133.0" "-"
141.31.93.0 - - [17/Jan/2025:09:38:39 +0100] "POST /wp-admin/admin-ajax.php HTTP/1.1" 200 142 solarsolutionsgmbh.com "https://solarsolutionsgmbh.com/wp-admin/" "Mozilla/5.0 (Windows NT 10.0; Win64; x64; rv:133.0) Gecko/20100101 Firefox/133.0" "-"
141.31.93.0 - - [17/Jan/2025:09:38:45 +0100] "POST /wp-admin/admin-ajax.php HTTP/1.1" 200 142 solarsolutionsgmbh.com "https://solarsolutionsgmbh.com/wp-admin/" "Mozilla/5.0 (Windows NT 10.0; Win64; x64; rv:133.0) Gecko/20100101 Firefox/133.0" "-"
2001:7c0:1b00:: - - [17/Jan/2025:09:38:45 +0100] "POST /wp-admin/admin-ajax.php HTTP/1.1" 200 47 solarsolutionsgmbh.com "https://solarsolutionsgmbh.com/wp-admin/upload.php" "Mozilla/5.0 (Windows NT 10.0; Win64; x64; rv:134.0) Gecko/20100101 Firefox/134.0" "-"
141.31.93.0 - - [17/Jan/2025:09:38:50 +0100] "POST /wp-admin/admin-ajax.php HTTP/1.1" 200 142 solarsolutionsgmbh.com "https://solarsolutionsgmbh.com/wp-admin/" "Mozilla/5.0 (Windows NT 10.0; Win64; x64; rv:133.0) Gecko/20100101 Firefox/133.0" "-"
141.31.93.0 - - [17/Jan/2025:09:38:56 +0100] "POST /wp-admin/admin-ajax.php HTTP/1.1" 200 142 solarsolutionsgmbh.com "https://solarsolutionsgmbh.com/wp-admin/" "Mozilla/5.0 (Windows NT 10.0; Win64; x64; rv:133.0) Gecko/20100101 Firefox/133.0" "-"
141.31.93.0 - - [17/Jan/2025:09:39:02 +0100] "POST /wp-admin/admin-ajax.php HTTP/1.1" 200 142 solarsolutionsgmbh.com "https://solarsolutionsgmbh.com/wp-admin/" "Mozilla/5.0 (Windows NT 10.0; Win64; x64; rv:133.0) Gecko/20100101 Firefox/133.0" "-"
141.31.93.0 - - [17/Jan/2025:09:39:08 +0100] "POST /wp-admin/admin-ajax.php HTTP/1.1" 200 142 solarsolutionsgmbh.com "https://solarsolutionsgmbh.com/wp-admin/" "Mozilla/5.0 (Windows NT 10.0; Win64; x64; rv:133.0) Gecko/20100101 Firefox/133.0" "-"
141.31.93.0 - - [17/Jan/2025:09:39:13 +0100] "POST /wp-admin/admin-ajax.php HTTP/1.1" 200 142 solarsolutionsgmbh.com "https://solarsolutionsgmbh.com/wp-admin/" "Mozilla/5.0 (Windows NT 10.0; Win64; x64; rv:133.0) Gecko/20100101 Firefox/133.0" "-"
82.165.90.0 - - [17/Jan/2025:09:39:14 +0100] "POST /wp-cron.php?doing_wp_cron=1737103154.4434449672698974609375 HTTP/1.1" 200 - solarsolutionsgmbh.com "-" "WordPress/6.7.1; https://solarsolutionsgmbh.com" "-"
141.31.93.0 - - [17/Jan/2025:09:39:14 +0100] "POST /wp-admin/admin-ajax.php HTTP/1.1" 200 47 solarsolutionsgmbh.com "https://solarsolutionsgmbh.com/wp-admin/site-editor.php?postType=wp_template&postId=twentytwentyfour%2F%2Fhome&canvas=edit" "Mozilla/5.0 (Windows NT 10.0; Win64; x64; rv:133.0) Gecko/20100101 Firefox/133.0" "-"
141.31.93.0 - - [17/Jan/2025:09:39:20 +0100] "POST /wp-admin/admin-ajax.php HTTP/1.1" 200 142 solarsolutionsgmbh.com "https://solarsolutionsgmbh.com/wp-admin/" "Mozilla/5.0 (Windows NT 10.0; Win64; x64; rv:133.0) Gecko/20100101 Firefox/133.0" "-"
141.31.93.0 - - [17/Jan/2025:09:39:25 +0100] "POST /wp-admin/admin-ajax.php HTTP/1.1" 200 142 solarsolutionsgmbh.com "https://solarsolutionsgmbh.com/wp-admin/" "Mozilla/5.0 (Windows NT 10.0; Win64; x64; rv:133.0) Gecko/20100101 Firefox/133.0" "-"
141.31.93.0 - - [17/Jan/2025:09:39:31 +0100] "POST /wp-admin/admin-ajax.php HTTP/1.1" 200 142 solarsolutionsgmbh.com "https://solarsolutionsgmbh.com/wp-admin/" "Mozilla/5.0 (Windows NT 10.0; Win64; x64; rv:133.0) Gecko/20100101 Firefox/133.0" "-"
141.31.93.0 - - [17/Jan/2025:09:39:37 +0100] "POST /wp-admin/admin-ajax.php HTTP/1.1" 200 142 solarsolutionsgmbh.com "https://solarsolutionsgmbh.com/wp-admin/" "Mozilla/5.0 (Windows NT 10.0; Win64; x64; rv:133.0) Gecko/20100101 Firefox/133.0" "-"
141.31.93.0 - - [17/Jan/2025:09:39:43 +0100] "POST /wp-admin/admin-ajax.php HTTP/1.1" 200 142 solarsolutionsgmbh.com "https://solarsolutionsgmbh.com/wp-admin/" "Mozilla/5.0 (Windows NT 10.0; Win64; x64; rv:133.0) Gecko/20100101 Firefox/133.0" "-"
141.31.93.0 - - [17/Jan/2025:09:39:46 +0100] "GET / HTTP/1.1" 200 108586 solarsolutionsgmbh.com "-" "Mozilla/5.0 (Windows NT 10.0; Win64; x64) AppleWebKit/537.36 (KHTML, like Gecko) Chrome/131.0.0.0 Safari/537.36" "-"
141.31.93.0 - - [17/Jan/2025:09:39:47 +0100] "GET /wp-includes/blocks/navigation/style.min.css?ver=6.7.1 HTTP/1.1" 304 - solarsolutionsgmbh.com "https://solarsolutionsgmbh.com/" "Mozilla/5.0 (Windows NT 10.0; Win64; x64) AppleWebKit/537.36 (KHTML, like Gecko) Chrome/131.0.0.0 Safari/537.36" "-"
141.31.93.0 - - [17/Jan/2025:09:39:47 +0100] "GET /wp-includes/blocks/social-links/style.min.css?ver=6.7.1 HTTP/1.1" 304 - solarsolutionsgmbh.com "https://solarsolutionsgmbh.com/" "Mozilla/5.0 (Windows NT 10.0; Win64; x64) AppleWebKit/537.36 (KHTML, like Gecko) Chrome/131.0.0.0 Safari/537.36" "-"
141.31.93.0 - - [17/Jan/2025:09:39:47 +0100] "GET /wp-content/plugins/contact-form-7/includes/css/styles.css?ver=6.0.2 HTTP/1.1" 304 - solarsolutionsgmbh.com "https://solarsolutionsgmbh.com/" "Mozilla/5.0 (Windows NT 10.0; Win64; x64) AppleWebKit/537.36 (KHTML, like Gecko) Chrome/131.0.0.0 Safari/537.36" "-"
141.31.93.0 - - [17/Jan/2025:09:39:47 +0100] "GET /wp-content/plugins/solarkonfigurator_v2/design_v2.css?ver=6.7.1 HTTP/1.1" 304 - solarsolutionsgmbh.com "https://solarsolutionsgmbh.com/" "Mozilla/5.0 (Windows NT 10.0; Win64; x64) AppleWebKit/537.36 (KHTML, like Gecko) Chrome/131.0.0.0 Safari/537.36" "-"
141.31.93.0 - - [17/Jan/2025:09:39:47 +0100] "GET /wp-content/plugins/solarkonfigurator/design.css?ver=6.7.1 HTTP/1.1" 200 6947 solarsolutionsgmbh.com "https://solarsolutionsgmbh.com/" "Mozilla/5.0 (Windows NT 10.0; Win64; x64) AppleWebKit/537.36 (KHTML, like Gecko) Chrome/131.0.0.0 Safari/537.36" "-"
141.31.93.0 - - [17/Jan/2025:09:39:47 +0100] "GET /wp-content/themes/twentytwentyfour/assets/css/slider.css?ver=6.7.1 HTTP/1.1" 304 - solarsolutionsgmbh.com "https://solarsolutionsgmbh.com/" "Mozilla/5.0 (Windows NT 10.0; Win64; x64) AppleWebKit/537.36 (KHTML, like Gecko) Chrome/131.0.0.0 Safari/537.36" "-"
141.31.93.0 - - [17/Jan/2025:09:39:47 +0100] "GET /wp-content/plugins/newsletter/style.css?ver=8.6.4 HTTP/1.1" 304 - solarsolutionsgmbh.com "https://solarsolutionsgmbh.com/" "Mozilla/5.0 (Windows NT 10.0; Win64; x64) AppleWebKit/537.36 (KHTML, like Gecko) Chrome/131.0.0.0 Safari/537.36" "-"
141.31.93.0 - - [17/Jan/2025:09:39:47 +0100] "GET /wp-includes/js/jquery/jquery-migrate.min.js?ver=3.4.1 HTTP/1.1" 304 - solarsolutionsgmbh.com "https://solarsolutionsgmbh.com/" "Mozilla/5.0 (Windows NT 10.0; Win64; x64) AppleWebKit/537.36 (KHTML, like Gecko) Chrome/131.0.0.0 Safari/537.36" "-"
141.31.93.0 - - [17/Jan/2025:09:39:47 +0100] "GET /wp-includes/js/jquery/jquery.min.js?ver=3.7.1 HTTP/1.1" 304 - solarsolutionsgmbh.com "https://solarsolutionsgmbh.com/" "Mozilla/5.0 (Windows NT 10.0; Win64; x64) AppleWebKit/537.36 (KHTML, like Gecko) Chrome/131.0.0.0 Safari/537.36" "-"
141.31.93.0 - - [17/Jan/2025:09:39:47 +0100] "GET /wp-includes/js/dist/script-modules/block-library/navigation/view.min.js?ver=8ff192874fc8910a284c HTTP/1.1" 304 - solarsolutionsgmbh.com "https://solarsolutionsgmbh.com/" "Mozilla/5.0 (Windows NT 10.0; Win64; x64) AppleWebKit/537.36 (KHTML, like Gecko) Chrome/131.0.0.0 Safari/537.36" "-"
141.31.93.0 - - [17/Jan/2025:09:39:47 +0100] "GET /wp-includes/js/dist/script-modules/interactivity/index.min.js?ver=06b8f695ef48ab2d9277 HTTP/1.1" 304 - solarsolutionsgmbh.com "https://solarsolutionsgmbh.com/" "Mozilla/5.0 (Windows NT 10.0; Win64; x64) AppleWebKit/537.36 (KHTML, like Gecko) Chrome/131.0.0.0 Safari/537.36" "-"
141.31.93.0 - - [17/Jan/2025:09:39:47 +0100] "GET /wp-content/uploads/2025/01/logo-300x196.png HTTP/1.1" 304 - solarsolutionsgmbh.com "https://solarsolutionsgmbh.com/" "Mozilla/5.0 (Windows NT 10.0; Win64; x64) AppleWebKit/537.36 (KHTML, like Gecko) Chrome/131.0.0.0 Safari/537.36" "-"
141.31.93.0 - - [17/Jan/2025:09:39:47 +0100] "GET /wp-content/uploads/2025/01/logo_white-1.png HTTP/1.1" 304 - solarsolutionsgmbh.com "https://solarsolutionsgmbh.com/" "Mozilla/5.0 (Windows NT 10.0; Win64; x64) AppleWebKit/537.36 (KHTML, like Gecko) Chrome/131.0.0.0 Safari/537.36" "-"
141.31.93.0 - - [17/Jan/2025:09:39:47 +0100] "GET /wp-content/uploads/2025/01/Illustration.png HTTP/1.1" 304 - solarsolutionsgmbh.com "https://solarsolutionsgmbh.com/" "Mozilla/5.0 (Windows NT 10.0; Win64; x64) AppleWebKit/537.36 (KHTML, like Gecko) Chrome/131.0.0.0 Safari/537.36" "-"
141.31.93.0 - - [17/Jan/2025:09:39:47 +0100] "GET /wp-content/uploads/2025/01/pexels-cristian-rojas-8853501-scaled-e1736841770815.jpg HTTP/1.1" 304 - solarsolutionsgmbh.com "https://solarsolutionsgmbh.com/" "Mozilla/5.0 (Windows NT 10.0; Win64; x64) AppleWebKit/537.36 (KHTML, like Gecko) Chrome/131.0.0.0 Safari/537.36" "-"
141.31.93.0 - - [17/Jan/2025:09:39:47 +0100] "GET /wp-content/uploads/2025/01/pexels-rdne-8293653-scaled-e1736842089834.jpg HTTP/1.1" 304 - solarsolutionsgmbh.com "https://solarsolutionsgmbh.com/" "Mozilla/5.0 (Windows NT 10.0; Win64; x64) AppleWebKit/537.36 (KHTML, like Gecko) Chrome/131.0.0.0 Safari/537.36" "-"
141.31.93.0 - - [17/Jan/2025:09:39:47 +0100] "GET /wp-content/uploads/2025/01/0cea1b925a40798cff672554981f4731.png HTTP/1.1" 304 - solarsolutionsgmbh.com "https://solarsolutionsgmbh.com/" "Mozilla/5.0 (Windows NT 10.0; Win64; x64) AppleWebKit/537.36 (KHTML, like Gecko) Chrome/131.0.0.0 Safari/537.36" "-"
141.31.93.0 - - [17/Jan/2025:09:39:47 +0100] "GET /wp-includes/js/dist/hooks.min.js?ver=4d63a3d491d11ffd8ac6 HTTP/1.1" 304 - solarsolutionsgmbh.com "https://solarsolutionsgmbh.com/" "Mozilla/5.0 (Windows NT 10.0; Win64; x64) AppleWebKit/537.36 (KHTML, like Gecko) Chrome/131.0.0.0 Safari/537.36" "-"
141.31.93.0 - - [17/Jan/2025:09:39:47 +0100] "GET /wp-includes/js/dist/i18n.min.js?ver=5e580eb46a90c2b997e6 HTTP/1.1" 304 - solarsolutionsgmbh.com "https://solarsolutionsgmbh.com/" "Mozilla/5.0 (Windows NT 10.0; Win64; x64) AppleWebKit/537.36 (KHTML, like Gecko) Chrome/131.0.0.0 Safari/537.36" "-"
141.31.93.0 - - [17/Jan/2025:09:39:47 +0100] "GET /wp-content/plugins/contact-form-7/includes/swv/js/index.js?ver=6.0.2 HTTP/1.1" 304 - solarsolutionsgmbh.com "https://solarsolutionsgmbh.com/" "Mozilla/5.0 (Windows NT 10.0; Win64; x64) AppleWebKit/537.36 (KHTML, like Gecko) Chrome/131.0.0.0 Safari/537.36" "-"
141.31.93.0 - - [17/Jan/2025:09:39:47 +0100] "GET /wp-content/plugins/contact-form-7/includes/js/index.js?ver=6.0.2 HTTP/1.1" 304 - solarsolutionsgmbh.com "https://solarsolutionsgmbh.com/" "Mozilla/5.0 (Windows NT 10.0; Win64; x64) AppleWebKit/537.36 (KHTML, like Gecko) Chrome/131.0.0.0 Safari/537.36" "-"
141.31.93.0 - - [17/Jan/2025:09:39:47 +0100] "GET /wp-content/themes/twentytwentyfour/assets/js/slider.js HTTP/1.1" 304 - solarsolutionsgmbh.com "https://solarsolutionsgmbh.com/" "Mozilla/5.0 (Windows NT 10.0; Win64; x64) AppleWebKit/537.36 (KHTML, like Gecko) Chrome/131.0.0.0 Safari/537.36" "-"
141.31.93.0 - - [17/Jan/2025:09:39:47 +0100] "GET /wp-includes/js/dist/vendor/wp-polyfill.min.js?ver=3.15.0 HTTP/1.1" 304 - solarsolutionsgmbh.com "https://solarsolutionsgmbh.com/" "Mozilla/5.0 (Windows NT 10.0; Win64; x64) AppleWebKit/537.36 (KHTML, like Gecko) Chrome/131.0.0.0 Safari/537.36" "-"
141.31.93.0 - - [17/Jan/2025:09:39:47 +0100] "GET /wp-content/plugins/contact-form-7/modules/recaptcha/index.js?ver=6.0.2 HTTP/1.1" 304 - solarsolutionsgmbh.com "https://solarsolutionsgmbh.com/" "Mozilla/5.0 (Windows NT 10.0; Win64; x64) AppleWebKit/537.36 (KHTML, like Gecko) Chrome/131.0.0.0 Safari/537.36" "-"
141.31.93.0 - - [17/Jan/2025:09:39:47 +0100] "GET /wp-content/uploads/2025/01/beratung.png HTTP/1.1" 304 - solarsolutionsgmbh.com "https://solarsolutionsgmbh.com/" "Mozilla/5.0 (Windows NT 10.0; Win64; x64) AppleWebKit/537.36 (KHTML, like Gecko) Chrome/131.0.0.0 Safari/537.36" "-"
141.31.93.0 - - [17/Jan/2025:09:39:47 +0100] "GET /wp-content/uploads/2025/01/planung.png HTTP/1.1" 304 - solarsolutionsgmbh.com "https://solarsolutionsgmbh.com/" "Mozilla/5.0 (Windows NT 10.0; Win64; x64) AppleWebKit/537.36 (KHTML, like Gecko) Chrome/131.0.0.0 Safari/537.36" "-"
141.31.93.0 - - [17/Jan/2025:09:39:47 +0100] "GET /wp-content/plugins/google-analytics-for-wordpress/assets/js/frontend-gtag.min.js?ver=9.2.4 HTTP/1.1" 304 - solarsolutionsgmbh.com "https://solarsolutionsgmbh.com/" "Mozilla/5.0 (Windows NT 10.0; Win64; x64) AppleWebKit/537.36 (KHTML, like Gecko) Chrome/131.0.0.0 Safari/537.36" "-"
141.31.93.0 - - [17/Jan/2025:09:39:47 +0100] "GET /wp-content/uploads/2025/01/montage.png HTTP/1.1" 304 - solarsolutionsgmbh.com "https://solarsolutionsgmbh.com/" "Mozilla/5.0 (Windows NT 10.0; Win64; x64) AppleWebKit/537.36 (KHTML, like Gecko) Chrome/131.0.0.0 Safari/537.36" "-"
141.31.93.0 - - [17/Jan/2025:09:39:47 +0100] "GET /wp-content/uploads/2025/01/wartung.png HTTP/1.1" 304 - solarsolutionsgmbh.com "https://solarsolutionsgmbh.com/" "Mozilla/5.0 (Windows NT 10.0; Win64; x64) AppleWebKit/537.36 (KHTML, like Gecko) Chrome/131.0.0.0 Safari/537.36" "-"
141.31.93.0 - - [17/Jan/2025:09:39:47 +0100] "GET /wp-content/plugins/gtranslate/js/flags.js?ver=6.7.1 HTTP/1.1" 304 - solarsolutionsgmbh.com "https://solarsolutionsgmbh.com/" "Mozilla/5.0 (Windows NT 10.0; Win64; x64) AppleWebKit/537.36 (KHTML, like Gecko) Chrome/131.0.0.0 Safari/537.36" "-"
141.31.93.0 - - [17/Jan/2025:09:39:47 +0100] "GET /wp-content/plugins/gtranslate/flags/svg/en.svg HTTP/1.1" 304 - solarsolutionsgmbh.com "https://solarsolutionsgmbh.com/" "Mozilla/5.0 (Windows NT 10.0; Win64; x64) AppleWebKit/537.36 (KHTML, like Gecko) Chrome/131.0.0.0 Safari/537.36" "-"
141.31.93.0 - - [17/Jan/2025:09:39:48 +0100] "GET /wp-content/plugins/gtranslate/flags/svg/es.svg HTTP/1.1" 304 - solarsolutionsgmbh.com "https://solarsolutionsgmbh.com/" "Mozilla/5.0 (Windows NT 10.0; Win64; x64) AppleWebKit/537.36 (KHTML, like Gecko) Chrome/131.0.0.0 Safari/537.36" "-"
141.31.93.0 - - [17/Jan/2025:09:39:48 +0100] "GET /wp-content/plugins/gtranslate/flags/svg/de.svg HTTP/1.1" 304 - solarsolutionsgmbh.com "https://solarsolutionsgmbh.com/" "Mozilla/5.0 (Windows NT 10.0; Win64; x64) AppleWebKit/537.36 (KHTML, like Gecko) Chrome/131.0.0.0 Safari/537.36" "-"
141.31.93.0 - - [17/Jan/2025:09:39:48 +0100] "GET /wp-content/themes/twentytwentyfour/assets/fonts/inter/Inter-VariableFont_slnt,wght.woff2 HTTP/1.1" 304 - solarsolutionsgmbh.com "https://solarsolutionsgmbh.com/" "Mozilla/5.0 (Windows NT 10.0; Win64; x64) AppleWebKit/537.36 (KHTML, like Gecko) Chrome/131.0.0.0 Safari/537.36" "-"
141.31.93.0 - - [17/Jan/2025:09:39:48 +0100] "POST /wp-admin/admin-ajax.php HTTP/1.1" 200 142 solarsolutionsgmbh.com "https://solarsolutionsgmbh.com/wp-admin/" "Mozilla/5.0 (Windows NT 10.0; Win64; x64; rv:133.0) Gecko/20100101 Firefox/133.0" "-"
141.31.93.0 - - [17/Jan/2025:09:39:54 +0100] "POST /wp-admin/admin-ajax.php HTTP/1.1" 200 142 solarsolutionsgmbh.com "https://solarsolutionsgmbh.com/wp-admin/" "Mozilla/5.0 (Windows NT 10.0; Win64; x64; rv:133.0) Gecko/20100101 Firefox/133.0" "-"
82.165.90.0 - - [17/Jan/2025:09:39:55 +0100] "POST /wp-cron.php?doing_wp_cron=1737103195.0461170673370361328125 HTTP/1.1" 200 - solarsolutionsgmbh.com "-" "WordPress/6.7.1; https://solarsolutionsgmbh.com" "-"
141.31.93.0 - - [17/Jan/2025:09:40:00 +0100] "POST /wp-admin/admin-ajax.php HTTP/1.1" 200 142 solarsolutionsgmbh.com "https://solarsolutionsgmbh.com/wp-admin/" "Mozilla/5.0 (Windows NT 10.0; Win64; x64; rv:133.0) Gecko/20100101 Firefox/133.0" "-"
141.31.93.0 - - [17/Jan/2025:09:40:06 +0100] "POST /wp-admin/admin-ajax.php HTTP/1.1" 200 142 solarsolutionsgmbh.com "https://solarsolutionsgmbh.com/wp-admin/" "Mozilla/5.0 (Windows NT 10.0; Win64; x64; rv:133.0) Gecko/20100101 Firefox/133.0" "-"
141.31.93.0 - - [17/Jan/2025:09:40:12 +0100] "POST /wp-admin/admin-ajax.php HTTP/1.1" 200 142 solarsolutionsgmbh.com "https://solarsolutionsgmbh.com/wp-admin/" "Mozilla/5.0 (Windows NT 10.0; Win64; x64; rv:133.0) Gecko/20100101 Firefox/133.0" "-"
141.31.93.0 - - [17/Jan/2025:09:40:17 +0100] "POST /wp-admin/admin-ajax.php HTTP/1.1" 200 142 solarsolutionsgmbh.com "https://solarsolutionsgmbh.com/wp-admin/" "Mozilla/5.0 (Windows NT 10.0; Win64; x64; rv:133.0) Gecko/20100101 Firefox/133.0" "-"
82.165.90.0 - - [17/Jan/2025:09:40:18 +0100] "POST /wp-cron.php?doing_wp_cron=1737103218.4395189285278320312500 HTTP/1.1" 200 - solarsolutionsgmbh.com "-" "WordPress/6.7.1; https://solarsolutionsgmbh.com" "-"
141.31.93.0 - - [17/Jan/2025:09:40:24 +0100] "POST /wp-admin/admin-ajax.php HTTP/1.1" 200 142 solarsolutionsgmbh.com "https://solarsolutionsgmbh.com/wp-admin/" "Mozilla/5.0 (Windows NT 10.0; Win64; x64; rv:133.0) Gecko/20100101 Firefox/133.0" "-"
141.31.93.0 - - [17/Jan/2025:09:40:29 +0100] "POST /wp-admin/admin-ajax.php HTTP/1.1" 200 142 solarsolutionsgmbh.com "https://solarsolutionsgmbh.com/wp-admin/" "Mozilla/5.0 (Windows NT 10.0; Win64; x64; rv:133.0) Gecko/20100101 Firefox/133.0" "-"
141.31.93.0 - - [17/Jan/2025:09:40:35 +0100] "POST /wp-admin/admin-ajax.php HTTP/1.1" 200 142 solarsolutionsgmbh.com "https://solarsolutionsgmbh.com/wp-admin/" "Mozilla/5.0 (Windows NT 10.0; Win64; x64; rv:133.0) Gecko/20100101 Firefox/133.0" "-"
141.31.93.0 - - [17/Jan/2025:09:40:41 +0100] "POST /wp-admin/admin-ajax.php HTTP/1.1" 200 142 solarsolutionsgmbh.com "https://solarsolutionsgmbh.com/wp-admin/" "Mozilla/5.0 (Windows NT 10.0; Win64; x64; rv:133.0) Gecko/20100101 Firefox/133.0" "-"
2001:7c0:1b00:: - - [17/Jan/2025:09:40:45 +0100] "POST /wp-admin/admin-ajax.php HTTP/1.1" 200 47 solarsolutionsgmbh.com "https://solarsolutionsgmbh.com/wp-admin/upload.php" "Mozilla/5.0 (Windows NT 10.0; Win64; x64; rv:134.0) Gecko/20100101 Firefox/134.0" "-"
141.31.93.0 - - [17/Jan/2025:09:40:46 +0100] "POST /wp-admin/admin-ajax.php HTTP/1.1" 200 142 solarsolutionsgmbh.com "https://solarsolutionsgmbh.com/wp-admin/" "Mozilla/5.0 (Windows NT 10.0; Win64; x64; rv:133.0) Gecko/20100101 Firefox/133.0" "-"
141.31.93.0 - - [17/Jan/2025:09:40:47 +0100] "POST /wp-admin/admin-ajax.php HTTP/1.1" 200 47 solarsolutionsgmbh.com "https://solarsolutionsgmbh.com/wp-admin/site-editor.php?postType=wp_template&postId=twentytwentyfour%2F%2Fhome&canvas=edit" "Mozilla/5.0 (Windows NT 10.0; Win64; x64; rv:133.0) Gecko/20100101 Firefox/133.0" "-"
141.31.93.0 - - [17/Jan/2025:09:40:48 +0100] "POST /wp-json/wpforms/v1/themes/custom/?_locale=user HTTP/1.1" 200 15 solarsolutionsgmbh.com "https://solarsolutionsgmbh.com/wp-admin/site-editor.php?postType=wp_template&postId=twentytwentyfour%2F%2Fhome&canvas=edit" "Mozilla/5.0 (Windows NT 10.0; Win64; x64; rv:133.0) Gecko/20100101 Firefox/133.0" "-"
141.31.93.0 - - [17/Jan/2025:09:40:48 +0100] "POST /wp-json/wpforms/v1/themes/custom/?_locale=user HTTP/1.1" 200 15 solarsolutionsgmbh.com "https://solarsolutionsgmbh.com/wp-admin/site-editor.php?postType=wp_template&postId=twentytwentyfour%2F%2Fhome&canvas=edit" "Mozilla/5.0 (Windows NT 10.0; Win64; x64; rv:133.0) Gecko/20100101 Firefox/133.0" "-"
141.31.93.0 - - [17/Jan/2025:09:40:50 +0100] "POST /wp-json/wpforms/v1/themes/custom/?_locale=user HTTP/1.1" 200 15 solarsolutionsgmbh.com "https://solarsolutionsgmbh.com/wp-admin/site-editor.php?postType=wp_template&postId=twentytwentyfour%2F%2Fhome&canvas=edit" "Mozilla/5.0 (Windows NT 10.0; Win64; x64; rv:133.0) Gecko/20100101 Firefox/133.0" "-"
141.31.93.0 - - [17/Jan/2025:09:40:50 +0100] "POST /wp-json/wpforms/v1/themes/custom/?_locale=user HTTP/1.1" 200 15 solarsolutionsgmbh.com "https://solarsolutionsgmbh.com/wp-admin/site-editor.php?postType=wp_template&postId=twentytwentyfour%2F%2Fhome&canvas=edit" "Mozilla/5.0 (Windows NT 10.0; Win64; x64; rv:133.0) Gecko/20100101 Firefox/133.0" "-"
2001:7c0:1b00:: - - [17/Jan/2025:09:40:50 +0100] "POST /Solarkonfigurator/ HTTP/1.1" 200 72405 solarsolutionsgmbh.com "https://solarsolutionsgmbh.com/Solarkonfigurator/" "Mozilla/5.0 (Windows NT 10.0; Win64; x64; rv:134.0) Gecko/20100101 Firefox/134.0" "-"
82.165.90.0 - - [17/Jan/2025:09:40:51 +0100] "GET /wp-content/uploads/2025/01/logo_white-1.png HTTP/1.1" 200 75650 solarsolutionsgmbh.com "-" "-" "-"
141.31.93.0 - - [17/Jan/2025:09:40:52 +0100] "POST /wp-json/wpforms/v1/themes/custom/?_locale=user HTTP/1.1" 200 15 solarsolutionsgmbh.com "https://solarsolutionsgmbh.com/wp-admin/site-editor.php?postType=wp_template&postId=twentytwentyfour%2F%2Fhome&canvas=edit" "Mozilla/5.0 (Windows NT 10.0; Win64; x64; rv:133.0) Gecko/20100101 Firefox/133.0" "-"
141.31.93.0 - - [17/Jan/2025:09:40:52 +0100] "POST /wp-admin/admin-ajax.php HTTP/1.1" 200 142 solarsolutionsgmbh.com "https://solarsolutionsgmbh.com/wp-admin/" "Mozilla/5.0 (Windows NT 10.0; Win64; x64; rv:133.0) Gecko/20100101 Firefox/133.0" "-"
141.31.93.0 - - [17/Jan/2025:09:40:52 +0100] "POST /wp-json/wpforms/v1/themes/custom/?_locale=user HTTP/1.1" 200 15 solarsolutionsgmbh.com "https://solarsolutionsgmbh.com/wp-admin/site-editor.php?postType=wp_template&postId=twentytwentyfour%2F%2Fhome&canvas=edit" "Mozilla/5.0 (Windows NT 10.0; Win64; x64; rv:133.0) Gecko/20100101 Firefox/133.0" "-"
141.31.93.0 - - [17/Jan/2025:09:40:53 +0100] "POST /wp-json/wpforms/v1/themes/custom/?_locale=user HTTP/1.1" 200 15 solarsolutionsgmbh.com "https://solarsolutionsgmbh.com/wp-admin/site-editor.php?postType=wp_template&postId=twentytwentyfour%2F%2Fhome&canvas=edit" "Mozilla/5.0 (Windows NT 10.0; Win64; x64; rv:133.0) Gecko/20100101 Firefox/133.0" "-"
141.31.93.0 - - [17/Jan/2025:09:40:54 +0100] "POST /wp-json/wpforms/v1/themes/custom/?_locale=user HTTP/1.1" 200 15 solarsolutionsgmbh.com "https://solarsolutionsgmbh.com/wp-admin/site-editor.php?postType=wp_template&postId=twentytwentyfour%2F%2Fhome&canvas=edit" "Mozilla/5.0 (Windows NT 10.0; Win64; x64; rv:133.0) Gecko/20100101 Firefox/133.0" "-"
141.31.93.0 - - [17/Jan/2025:09:40:55 +0100] "POST /wp-json/wpforms/v1/themes/custom/?_locale=user HTTP/1.1" 200 15 solarsolutionsgmbh.com "https://solarsolutionsgmbh.com/wp-admin/site-editor.php?postType=wp_template&postId=twentytwentyfour%2F%2Fhome&canvas=edit" "Mozilla/5.0 (Windows NT 10.0; Win64; x64; rv:133.0) Gecko/20100101 Firefox/133.0" "-"
141.31.93.0 - - [17/Jan/2025:09:40:57 +0100] "POST /wp-json/wpforms/v1/themes/custom/?_locale=user HTTP/1.1" 200 15 solarsolutionsgmbh.com "https://solarsolutionsgmbh.com/wp-admin/site-editor.php?postType=wp_template&postId=twentytwentyfour%2F%2Fhome&canvas=edit" "Mozilla/5.0 (Windows NT 10.0; Win64; x64; rv:133.0) Gecko/20100101 Firefox/133.0" "-"
141.31.93.0 - - [17/Jan/2025:09:40:58 +0100] "POST /wp-json/wpforms/v1/themes/custom/?_locale=user HTTP/1.1" 200 15 solarsolutionsgmbh.com "https://solarsolutionsgmbh.com/wp-admin/site-editor.php?postType=wp_template&postId=twentytwentyfour%2F%2Fhome&canvas=edit" "Mozilla/5.0 (Windows NT 10.0; Win64; x64; rv:133.0) Gecko/20100101 Firefox/133.0" "-"
141.31.93.0 - - [17/Jan/2025:09:40:58 +0100] "POST /wp-admin/admin-ajax.php HTTP/1.1" 200 142 solarsolutionsgmbh.com "https://solarsolutionsgmbh.com/wp-admin/" "Mozilla/5.0 (Windows NT 10.0; Win64; x64; rv:133.0) Gecko/20100101 Firefox/133.0" "-"
141.31.93.0 - - [17/Jan/2025:09:41:00 +0100] "POST /wp-json/wpforms/v1/themes/custom/?_locale=user HTTP/1.1" 200 15 solarsolutionsgmbh.com "https://solarsolutionsgmbh.com/wp-admin/site-editor.php?postType=wp_template&postId=twentytwentyfour%2F%2Fhome&canvas=edit" "Mozilla/5.0 (Windows NT 10.0; Win64; x64; rv:133.0) Gecko/20100101 Firefox/133.0" "-"
141.31.93.0 - - [17/Jan/2025:09:41:03 +0100] "POST /wp-json/wpforms/v1/themes/custom/?_locale=user HTTP/1.1" 200 15 solarsolutionsgmbh.com "https://solarsolutionsgmbh.com/wp-admin/site-editor.php?postType=wp_template&postId=twentytwentyfour%2F%2Fhome&canvas=edit" "Mozilla/5.0 (Windows NT 10.0; Win64; x64; rv:133.0) Gecko/20100101 Firefox/133.0" "-"
141.31.93.0 - - [17/Jan/2025:09:41:04 +0100] "POST /wp-admin/admin-ajax.php HTTP/1.1" 200 142 solarsolutionsgmbh.com "https://solarsolutionsgmbh.com/wp-admin/" "Mozilla/5.0 (Windows NT 10.0; Win64; x64; rv:133.0) Gecko/20100101 Firefox/133.0" "-"
141.31.93.0 - - [17/Jan/2025:09:41:04 +0100] "POST /wp-json/wpforms/v1/themes/custom/?_locale=user HTTP/1.1" 200 15 solarsolutionsgmbh.com "https://solarsolutionsgmbh.com/wp-admin/site-editor.php?postType=wp_template&postId=twentytwentyfour%2F%2Fhome&canvas=edit" "Mozilla/5.0 (Windows NT 10.0; Win64; x64; rv:133.0) Gecko/20100101 Firefox/133.0" "-"
141.31.93.0 - - [17/Jan/2025:09:41:05 +0100] "POST /wp-json/wpforms/v1/themes/custom/?_locale=user HTTP/1.1" 200 15 solarsolutionsgmbh.com "https://solarsolutionsgmbh.com/wp-admin/site-editor.php?postType=wp_template&postId=twentytwentyfour%2F%2Fhome&canvas=edit" "Mozilla/5.0 (Windows NT 10.0; Win64; x64; rv:133.0) Gecko/20100101 Firefox/133.0" "-"
141.31.93.0 - - [17/Jan/2025:09:41:05 +0100] "POST /wp-json/wpforms/v1/themes/custom/?_locale=user HTTP/1.1" 200 15 solarsolutionsgmbh.com "https://solarsolutionsgmbh.com/wp-admin/site-editor.php?postType=wp_template&postId=twentytwentyfour%2F%2Fhome&canvas=edit" "Mozilla/5.0 (Windows NT 10.0; Win64; x64; rv:133.0) Gecko/20100101 Firefox/133.0" "-"
141.31.93.0 - - [17/Jan/2025:09:41:07 +0100] "POST /wp-json/wpforms/v1/themes/custom/?_locale=user HTTP/1.1" 200 15 solarsolutionsgmbh.com "https://solarsolutionsgmbh.com/wp-admin/site-editor.php?postType=wp_template&postId=twentytwentyfour%2F%2Fhome&canvas=edit" "Mozilla/5.0 (Windows NT 10.0; Win64; x64; rv:133.0) Gecko/20100101 Firefox/133.0" "-"
141.31.93.0 - - [17/Jan/2025:09:41:08 +0100] "POST /wp-json/wpforms/v1/themes/custom/?_locale=user HTTP/1.1" 200 15 solarsolutionsgmbh.com "https://solarsolutionsgmbh.com/wp-admin/site-editor.php?postType=wp_template&postId=twentytwentyfour%2F%2Fhome&canvas=edit" "Mozilla/5.0 (Windows NT 10.0; Win64; x64; rv:133.0) Gecko/20100101 Firefox/133.0" "-"
141.31.93.0 - - [17/Jan/2025:09:41:09 +0100] "POST /wp-json/wpforms/v1/themes/custom/?_locale=user HTTP/1.1" 200 15 solarsolutionsgmbh.com "https://solarsolutionsgmbh.com/wp-admin/site-editor.php?postType=wp_template&postId=twentytwentyfour%2F%2Fhome&canvas=edit" "Mozilla/5.0 (Windows NT 10.0; Win64; x64; rv:133.0) Gecko/20100101 Firefox/133.0" "-"
141.31.93.0 - - [17/Jan/2025:09:41:09 +0100] "POST /wp-json/wpforms/v1/themes/custom/?_locale=user HTTP/1.1" 200 15 solarsolutionsgmbh.com "https://solarsolutionsgmbh.com/wp-admin/site-editor.php?postType=wp_template&postId=twentytwentyfour%2F%2Fhome&canvas=edit" "Mozilla/5.0 (Windows NT 10.0; Win64; x64; rv:133.0) Gecko/20100101 Firefox/133.0" "-"
141.31.93.0 - - [17/Jan/2025:09:41:10 +0100] "POST /wp-admin/admin-ajax.php HTTP/1.1" 200 142 solarsolutionsgmbh.com "https://solarsolutionsgmbh.com/wp-admin/" "Mozilla/5.0 (Windows NT 10.0; Win64; x64; rv:133.0) Gecko/20100101 Firefox/133.0" "-"
141.31.93.0 - - [17/Jan/2025:09:41:10 +0100] "POST /wp-json/wpforms/v1/themes/custom/?_locale=user HTTP/1.1" 200 15 solarsolutionsgmbh.com "https://solarsolutionsgmbh.com/wp-admin/site-editor.php?postType=wp_template&postId=twentytwentyfour%2F%2Fhome&canvas=edit" "Mozilla/5.0 (Windows NT 10.0; Win64; x64; rv:133.0) Gecko/20100101 Firefox/133.0" "-"
141.31.93.0 - - [17/Jan/2025:09:41:11 +0100] "POST /wp-json/wpforms/v1/themes/custom/?_locale=user HTTP/1.1" 200 15 solarsolutionsgmbh.com "https://solarsolutionsgmbh.com/wp-admin/site-editor.php?postType=wp_template&postId=twentytwentyfour%2F%2Fhome&canvas=edit" "Mozilla/5.0 (Windows NT 10.0; Win64; x64; rv:133.0) Gecko/20100101 Firefox/133.0" "-"
141.31.93.0 - - [17/Jan/2025:09:41:12 +0100] "POST /wp-json/wpforms/v1/themes/custom/?_locale=user HTTP/1.1" 200 15 solarsolutionsgmbh.com "https://solarsolutionsgmbh.com/wp-admin/site-editor.php?postType=wp_template&postId=twentytwentyfour%2F%2Fhome&canvas=edit" "Mozilla/5.0 (Windows NT 10.0; Win64; x64; rv:133.0) Gecko/20100101 Firefox/133.0" "-"
82.165.90.0 - - [17/Jan/2025:09:41:13 +0100] "POST /wp-cron.php?doing_wp_cron=1737103273.7847919464111328125000 HTTP/1.1" 200 - solarsolutionsgmbh.com "-" "WordPress/6.7.1; https://solarsolutionsgmbh.com" "-"
141.31.93.0 - - [17/Jan/2025:09:41:13 +0100] "POST /wp-json/wpforms/v1/themes/custom/?_locale=user HTTP/1.1" 200 15 solarsolutionsgmbh.com "https://solarsolutionsgmbh.com/wp-admin/site-editor.php?postType=wp_template&postId=twentytwentyfour%2F%2Fhome&canvas=edit" "Mozilla/5.0 (Windows NT 10.0; Win64; x64; rv:133.0) Gecko/20100101 Firefox/133.0" "-"
141.31.93.0 - - [17/Jan/2025:09:41:15 +0100] "POST /wp-admin/admin-ajax.php HTTP/1.1" 200 142 solarsolutionsgmbh.com "https://solarsolutionsgmbh.com/wp-admin/" "Mozilla/5.0 (Windows NT 10.0; Win64; x64; rv:133.0) Gecko/20100101 Firefox/133.0" "-"
141.31.93.0 - - [17/Jan/2025:09:41:18 +0100] "POST /wp-json/wpforms/v1/themes/custom/?_locale=user HTTP/1.1" 200 15 solarsolutionsgmbh.com "https://solarsolutionsgmbh.com/wp-admin/site-editor.php?postType=wp_template&postId=twentytwentyfour%2F%2Fhome&canvas=edit" "Mozilla/5.0 (Windows NT 10.0; Win64; x64; rv:133.0) Gecko/20100101 Firefox/133.0" "-"
141.31.93.0 - - [17/Jan/2025:09:41:21 +0100] "POST /wp-admin/admin-ajax.php HTTP/1.1" 200 142 solarsolutionsgmbh.com "https://solarsolutionsgmbh.com/wp-admin/" "Mozilla/5.0 (Windows NT 10.0; Win64; x64; rv:133.0) Gecko/20100101 Firefox/133.0" "-"
141.31.93.0 - - [17/Jan/2025:09:41:23 +0100] "POST /wp-json/wpforms/v1/themes/custom/?_locale=user HTTP/1.1" 200 15 solarsolutionsgmbh.com "https://solarsolutionsgmbh.com/wp-admin/site-editor.php?postType=wp_template&postId=twentytwentyfour%2F%2Fhome&canvas=edit" "Mozilla/5.0 (Windows NT 10.0; Win64; x64; rv:133.0) Gecko/20100101 Firefox/133.0" "-"
141.31.93.0 - - [17/Jan/2025:09:41:24 +0100] "POST /wp-json/wpforms/v1/themes/custom/?_locale=user HTTP/1.1" 200 15 solarsolutionsgmbh.com "https://solarsolutionsgmbh.com/wp-admin/site-editor.php?postType=wp_template&postId=twentytwentyfour%2F%2Fhome&canvas=edit" "Mozilla/5.0 (Windows NT 10.0; Win64; x64; rv:133.0) Gecko/20100101 Firefox/133.0" "-"
141.31.93.0 - - [17/Jan/2025:09:41:26 +0100] "POST /wp-json/wpforms/v1/themes/custom/?_locale=user HTTP/1.1" 200 15 solarsolutionsgmbh.com "https://solarsolutionsgmbh.com/wp-admin/site-editor.php?postType=wp_template&postId=twentytwentyfour%2F%2Fhome&canvas=edit" "Mozilla/5.0 (Windows NT 10.0; Win64; x64; rv:133.0) Gecko/20100101 Firefox/133.0" "-"
141.31.93.0 - - [17/Jan/2025:09:41:27 +0100] "POST /wp-admin/admin-ajax.php HTTP/1.1" 200 142 solarsolutionsgmbh.com "https://solarsolutionsgmbh.com/wp-admin/" "Mozilla/5.0 (Windows NT 10.0; Win64; x64; rv:133.0) Gecko/20100101 Firefox/133.0" "-"
141.31.93.0 - - [17/Jan/2025:09:41:27 +0100] "POST /wp-json/wpforms/v1/themes/custom/?_locale=user HTTP/1.1" 200 15 solarsolutionsgmbh.com "https://solarsolutionsgmbh.com/wp-admin/site-editor.php?postType=wp_template&postId=twentytwentyfour%2F%2Fhome&canvas=edit" "Mozilla/5.0 (Windows NT 10.0; Win64; x64; rv:133.0) Gecko/20100101 Firefox/133.0" "-"
141.31.93.0 - - [17/Jan/2025:09:41:28 +0100] "POST /wp-json/wpforms/v1/themes/custom/?_locale=user HTTP/1.1" 200 15 solarsolutionsgmbh.com "https://solarsolutionsgmbh.com/wp-admin/site-editor.php?postType=wp_template&postId=twentytwentyfour%2F%2Fhome&canvas=edit" "Mozilla/5.0 (Windows NT 10.0; Win64; x64; rv:133.0) Gecko/20100101 Firefox/133.0" "-"
141.31.93.0 - - [17/Jan/2025:09:41:30 +0100] "POST /wp-json/wpforms/v1/themes/custom/?_locale=user HTTP/1.1" 200 15 solarsolutionsgmbh.com "https://solarsolutionsgmbh.com/wp-admin/site-editor.php?postType=wp_template&postId=twentytwentyfour%2F%2Fhome&canvas=edit" "Mozilla/5.0 (Windows NT 10.0; Win64; x64; rv:133.0) Gecko/20100101 Firefox/133.0" "-"
141.31.93.0 - - [17/Jan/2025:09:41:31 +0100] "POST /wp-json/wpforms/v1/themes/custom/?_locale=user HTTP/1.1" 200 15 solarsolutionsgmbh.com "https://solarsolutionsgmbh.com/wp-admin/site-editor.php?postType=wp_template&postId=twentytwentyfour%2F%2Fhome&canvas=edit" "Mozilla/5.0 (Windows NT 10.0; Win64; x64; rv:133.0) Gecko/20100101 Firefox/133.0" "-"
141.31.93.0 - - [17/Jan/2025:09:41:32 +0100] "POST /wp-json/wpforms/v1/themes/custom/?_locale=user HTTP/1.1" 200 15 solarsolutionsgmbh.com "https://solarsolutionsgmbh.com/wp-admin/site-editor.php?postType=wp_template&postId=twentytwentyfour%2F%2Fhome&canvas=edit" "Mozilla/5.0 (Windows NT 10.0; Win64; x64; rv:133.0) Gecko/20100101 Firefox/133.0" "-"
141.31.93.0 - - [17/Jan/2025:09:41:33 +0100] "POST /wp-admin/admin-ajax.php HTTP/1.1" 200 142 solarsolutionsgmbh.com "https://solarsolutionsgmbh.com/wp-admin/" "Mozilla/5.0 (Windows NT 10.0; Win64; x64; rv:133.0) Gecko/20100101 Firefox/133.0" "-"
141.31.93.0 - - [17/Jan/2025:09:41:33 +0100] "POST /wp-json/wpforms/v1/themes/custom/?_locale=user HTTP/1.1" 200 15 solarsolutionsgmbh.com "https://solarsolutionsgmbh.com/wp-admin/site-editor.php?postType=wp_template&postId=twentytwentyfour%2F%2Fhome&canvas=edit" "Mozilla/5.0 (Windows NT 10.0; Win64; x64; rv:133.0) Gecko/20100101 Firefox/133.0" "-"
141.31.93.0 - - [17/Jan/2025:09:41:34 +0100] "POST /wp-json/wpforms/v1/themes/custom/?_locale=user HTTP/1.1" 200 15 solarsolutionsgmbh.com "https://solarsolutionsgmbh.com/wp-admin/site-editor.php?postType=wp_template&postId=twentytwentyfour%2F%2Fhome&canvas=edit" "Mozilla/5.0 (Windows NT 10.0; Win64; x64; rv:133.0) Gecko/20100101 Firefox/133.0" "-"
141.31.93.0 - - [17/Jan/2025:09:41:38 +0100] "POST /wp-admin/admin-ajax.php HTTP/1.1" 200 142 solarsolutionsgmbh.com "https://solarsolutionsgmbh.com/wp-admin/" "Mozilla/5.0 (Windows NT 10.0; Win64; x64; rv:133.0) Gecko/20100101 Firefox/133.0" "-"
